2026-07-13 00:15:05 - INFO - Logging initialized. Log file: pb2b/logs/bybit_scraper_20260713.log
2026-07-13 00:15:07 - INFO - DataSaver logging initialized. Log file: pb2b/logs/data_saver_20260713.log
2026-07-13 00:15:07 - INFO - Connected to SQLite database: pb2b/p2p_listings.db
2026-07-13 00:15:07 - INFO - Database tables created successfully
2026-07-13 00:15:07 - INFO - Attempt 1/10: Loading https://www.bybit.com/fiat/trade/otc?actionType=1&token=USDT&fiat=NGN
2026-07-13 00:15:16 - INFO - Screenshot saved as 'pb2b/screenshots/bybit_page_20260713_001516.png'
2026-07-13 00:15:16 - WARNING - Error parsing row: Message: no such element: Unable to locate element: {"method":"css selector","selector":"td:nth-child(2)"}
  (Session info: chrome=150.0.7871.114); For documentation on this error, please visit: https://www.selenium.dev/documentation/webdriver/troubleshooting/errors#nosuchelementexception
Stacktrace:
#0 0x564562ab40fa <unknown>
#1 0x56456248d939 <unknown>
#2 0x5645624e2f52 <unknown>
#3 0x5645624e31a1 <unknown>
#4 0x5645624d7e96 <unknown>
#5 0x5645624d7d77 <unknown>
#6 0x56456252b30d <unknown>
#7 0x5645624d649f <unknown>
#8 0x5645624d7301 <unknown>
#9 0x564562a7a167 <unknown>
#10 0x564562a78948 <unknown>
#11 0x564562a63dc6 <unknown>
#12 0x564562a7950a <unknown>
#13 0x564562a4be70 <unknown>
#14 0x564562a9fc38 <unknown>
#15 0x564562a9fdd5 <unknown>
#16 0x564562ab2cae <unknown>
#17 0x7f54b4e9caa4 <unknown>
#18 0x7f54b4f29c6c <unknown>

2026-07-13 00:15:17 - INFO - Fetching BUY listings for USDT/EUR
2026-07-13 00:15:17 - INFO - Data successfully saved to SQLite database. New listings - Bybit: 3, Binance: 6
2026-07-13 00:15:17 - INFO - Browser session closed
2026-07-13 00:15:17 - INFO - SQLite database connection closed
2026-07-13 04:07:07 - INFO - Logging initialized. Log file: pb2b/logs/bybit_scraper_20260713.log
2026-07-13 04:07:07 - INFO - DataSaver logging initialized. Log file: pb2b/logs/data_saver_20260713.log
2026-07-13 04:07:07 - INFO - Connected to SQLite database: pb2b/p2p_listings.db
2026-07-13 04:07:07 - INFO - Database tables created successfully
2026-07-13 04:07:07 - INFO - Attempt 1/10: Loading https://www.bybit.com/fiat/trade/otc?actionType=1&token=USDT&fiat=NGN
2026-07-13 04:07:17 - INFO - Screenshot saved as 'pb2b/screenshots/bybit_page_20260713_040716.png'
2026-07-13 04:07:17 - WARNING - Error parsing row: Message: no such element: Unable to locate element: {"method":"css selector","selector":"td:nth-child(2)"}
  (Session info: chrome=150.0.7871.114); For documentation on this error, please visit: https://www.selenium.dev/documentation/webdriver/troubleshooting/errors#nosuchelementexception
Stacktrace:
#0 0x55fe8b0780fa <unknown>
#1 0x55fe8aa51939 <unknown>
#2 0x55fe8aaa6f52 <unknown>
#3 0x55fe8aaa71a1 <unknown>
#4 0x55fe8aa9be96 <unknown>
#5 0x55fe8aa9bd77 <unknown>
#6 0x55fe8aaef30d <unknown>
#7 0x55fe8aa9a49f <unknown>
#8 0x55fe8aa9b301 <unknown>
#9 0x55fe8b03e167 <unknown>
#10 0x55fe8b03c948 <unknown>
#11 0x55fe8b027dc6 <unknown>
#12 0x55fe8b03d50a <unknown>
#13 0x55fe8b00fe70 <unknown>
#14 0x55fe8b063c38 <unknown>
#15 0x55fe8b063dd5 <unknown>
#16 0x55fe8b076cae <unknown>
#17 0x7f080809caa4 <unknown>
#18 0x7f0808129c6c <unknown>

2026-07-13 04:07:17 - INFO - Fetching BUY listings for USDT/EUR
2026-07-13 04:07:18 - INFO - Data successfully saved to SQLite database. New listings - Bybit: 2, Binance: 6
2026-07-13 04:07:18 - INFO - Browser session closed
2026-07-13 04:07:18 - INFO - SQLite database connection closed
2026-07-13 07:39:14 - INFO - Logging initialized. Log file: pb2b/logs/bybit_scraper_20260713.log
2026-07-13 07:39:15 - INFO - DataSaver logging initialized. Log file: pb2b/logs/data_saver_20260713.log
2026-07-13 07:39:15 - INFO - Connected to SQLite database: pb2b/p2p_listings.db
2026-07-13 07:39:15 - INFO - Database tables created successfully
2026-07-13 07:39:15 - INFO - Attempt 1/10: Loading https://www.bybit.com/fiat/trade/otc?actionType=1&token=USDT&fiat=NGN
2026-07-13 07:39:23 - INFO - Screenshot saved as 'pb2b/screenshots/bybit_page_20260713_073923.png'
2026-07-13 07:39:23 - WARNING - Error parsing row: Message: no such element: Unable to locate element: {"method":"css selector","selector":"td:nth-child(2)"}
  (Session info: chrome=150.0.7871.114); For documentation on this error, please visit: https://www.selenium.dev/documentation/webdriver/troubleshooting/errors#nosuchelementexception
Stacktrace:
#0 0x557db36850fa <unknown>
#1 0x557db305e939 <unknown>
#2 0x557db30b3f52 <unknown>
#3 0x557db30b41a1 <unknown>
#4 0x557db30a8e96 <unknown>
#5 0x557db30a8d77 <unknown>
#6 0x557db30fc30d <unknown>
#7 0x557db30a749f <unknown>
#8 0x557db30a8301 <unknown>
#9 0x557db364b167 <unknown>
#10 0x557db3649948 <unknown>
#11 0x557db3634dc6 <unknown>
#12 0x557db364a50a <unknown>
#13 0x557db361ce70 <unknown>
#14 0x557db3670c38 <unknown>
#15 0x557db3670dd5 <unknown>
#16 0x557db3683cae <unknown>
#17 0x7fa7c769caa4 <unknown>
#18 0x7fa7c7729c6c <unknown>

2026-07-13 07:39:24 - INFO - Fetching BUY listings for USDT/EUR
2026-07-13 07:39:24 - INFO - Data successfully saved to SQLite database. New listings - Bybit: 2, Binance: 6
2026-07-13 07:39:24 - INFO - Browser session closed
2026-07-13 07:39:24 - INFO - SQLite database connection closed
2026-07-13 10:47:21 - INFO - Logging initialized. Log file: pb2b/logs/bybit_scraper_20260713.log
2026-07-13 10:47:22 - INFO - DataSaver logging initialized. Log file: pb2b/logs/data_saver_20260713.log
2026-07-13 10:47:22 - INFO - Connected to SQLite database: pb2b/p2p_listings.db
2026-07-13 10:47:22 - INFO - Database tables created successfully
2026-07-13 10:47:22 - INFO - Attempt 1/10: Loading https://www.bybit.com/fiat/trade/otc?actionType=1&token=USDT&fiat=NGN
2026-07-13 10:47:30 - INFO - Screenshot saved as 'pb2b/screenshots/bybit_page_20260713_104729.png'
2026-07-13 10:47:30 - WARNING - Error parsing row: Message: no such element: Unable to locate element: {"method":"css selector","selector":"td:nth-child(2)"}
  (Session info: chrome=150.0.7871.114); For documentation on this error, please visit: https://www.selenium.dev/documentation/webdriver/troubleshooting/errors#nosuchelementexception
Stacktrace:
#0 0x55ad7ed830fa <unknown>
#1 0x55ad7e75c939 <unknown>
#2 0x55ad7e7b1f52 <unknown>
#3 0x55ad7e7b21a1 <unknown>
#4 0x55ad7e7a6e96 <unknown>
#5 0x55ad7e7a6d77 <unknown>
#6 0x55ad7e7fa30d <unknown>
#7 0x55ad7e7a549f <unknown>
#8 0x55ad7e7a6301 <unknown>
#9 0x55ad7ed49167 <unknown>
#10 0x55ad7ed47948 <unknown>
#11 0x55ad7ed32dc6 <unknown>
#12 0x55ad7ed4850a <unknown>
#13 0x55ad7ed1ae70 <unknown>
#14 0x55ad7ed6ec38 <unknown>
#15 0x55ad7ed6edd5 <unknown>
#16 0x55ad7ed81cae <unknown>
#17 0x7fb42729caa4 <unknown>
#18 0x7fb427329c6c <unknown>

2026-07-13 10:47:30 - INFO - Fetching BUY listings for USDT/EUR
2026-07-13 10:47:31 - INFO - Data successfully saved to SQLite database. New listings - Bybit: 3, Binance: 6
2026-07-13 10:47:31 - INFO - Browser session closed
2026-07-13 10:47:31 - INFO - SQLite database connection closed
