2026-06-22 00:09:28 - INFO - Logging initialized. Log file: pb2b/logs/bybit_scraper_20260622.log
2026-06-22 00:09:29 - INFO - DataSaver logging initialized. Log file: pb2b/logs/data_saver_20260622.log
2026-06-22 00:09:29 - INFO - Connected to SQLite database: pb2b/p2p_listings.db
2026-06-22 00:09:29 - INFO - Database tables created successfully
2026-06-22 00:09:29 - INFO - Attempt 1/10: Loading https://www.bybit.com/fiat/trade/otc?actionType=1&token=USDT&fiat=NGN
2026-06-22 00:09:38 - INFO - Screenshot saved as 'pb2b/screenshots/bybit_page_20260622_000938.png'
2026-06-22 00:09:39 - INFO - Fetching BUY listings for USDT/EUR
2026-06-22 00:09:40 - INFO - Data successfully saved to SQLite database. New listings - Bybit: 5, Binance: 6
2026-06-22 00:09:40 - INFO - Browser session closed
2026-06-22 00:09:40 - INFO - SQLite database connection closed
2026-06-22 05:33:33 - INFO - Logging initialized. Log file: pb2b/logs/bybit_scraper_20260622.log
2026-06-22 05:33:34 - INFO - DataSaver logging initialized. Log file: pb2b/logs/data_saver_20260622.log
2026-06-22 05:33:34 - INFO - Connected to SQLite database: pb2b/p2p_listings.db
2026-06-22 05:33:34 - INFO - Database tables created successfully
2026-06-22 05:33:34 - INFO - Attempt 1/10: Loading https://www.bybit.com/fiat/trade/otc?actionType=1&token=USDT&fiat=NGN
2026-06-22 05:33:42 - INFO - Screenshot saved as 'pb2b/screenshots/bybit_page_20260622_053342.png'
2026-06-22 05:33:43 - INFO - Fetching BUY listings for USDT/EUR
2026-06-22 05:33:44 - INFO - Data successfully saved to SQLite database. New listings - Bybit: 5, Binance: 6
2026-06-22 05:33:44 - INFO - Browser session closed
2026-06-22 05:33:44 - INFO - SQLite database connection closed
2026-06-22 11:23:23 - INFO - Logging initialized. Log file: pb2b/logs/bybit_scraper_20260622.log
2026-06-22 11:23:24 - INFO - DataSaver logging initialized. Log file: pb2b/logs/data_saver_20260622.log
2026-06-22 11:23:24 - INFO - Connected to SQLite database: pb2b/p2p_listings.db
2026-06-22 11:23:24 - INFO - Database tables created successfully
2026-06-22 11:23:24 - INFO - Attempt 1/10: Loading https://www.bybit.com/fiat/trade/otc?actionType=1&token=USDT&fiat=NGN
2026-06-22 11:23:32 - INFO - Screenshot saved as 'pb2b/screenshots/bybit_page_20260622_112331.png'
2026-06-22 11:23:32 - INFO - Fetching BUY listings for USDT/EUR
2026-06-22 11:23:33 - INFO - Data successfully saved to SQLite database. New listings - Bybit: 5, Binance: 6
2026-06-22 11:23:33 - INFO - Browser session closed
2026-06-22 11:23:33 - INFO - SQLite database connection closed
