2026-05-21 01:54:57 - INFO - Logging initialized. Log file: pb2b/logs/bybit_scraper_20260521.log
2026-05-21 01:54:58 - INFO - DataSaver logging initialized. Log file: pb2b/logs/data_saver_20260521.log
2026-05-21 01:54:58 - INFO - Connected to SQLite database: pb2b/p2p_listings.db
2026-05-21 01:54:58 - INFO - Database tables created successfully
2026-05-21 01:54:58 - INFO - Attempt 1/10: Loading https://www.bybit.com/fiat/trade/otc?actionType=1&token=USDT&fiat=NGN
2026-05-21 01:55:06 - INFO - Screenshot saved as 'pb2b/screenshots/bybit_page_20260521_015506.png'
2026-05-21 01:55:07 - INFO - Fetching BUY listings for USDT/EUR
2026-05-21 01:55:07 - INFO - Data successfully saved to SQLite database. New listings - Bybit: 5, Binance: 6
2026-05-21 01:55:07 - INFO - Browser session closed
2026-05-21 01:55:07 - INFO - SQLite database connection closed
2026-05-21 06:06:20 - INFO - Logging initialized. Log file: pb2b/logs/bybit_scraper_20260521.log
2026-05-21 06:06:22 - INFO - DataSaver logging initialized. Log file: pb2b/logs/data_saver_20260521.log
2026-05-21 06:06:22 - INFO - Connected to SQLite database: pb2b/p2p_listings.db
2026-05-21 06:06:22 - INFO - Database tables created successfully
2026-05-21 06:06:22 - INFO - Attempt 1/10: Loading https://www.bybit.com/fiat/trade/otc?actionType=1&token=USDT&fiat=NGN
2026-05-21 06:06:31 - INFO - Screenshot saved as 'pb2b/screenshots/bybit_page_20260521_060631.png'
2026-05-21 06:06:32 - INFO - Fetching BUY listings for USDT/EUR
2026-05-21 06:06:32 - INFO - Data successfully saved to SQLite database. New listings - Bybit: 5, Binance: 6
2026-05-21 06:06:32 - INFO - Browser session closed
2026-05-21 06:06:32 - INFO - SQLite database connection closed
2026-05-21 10:06:10 - INFO - Logging initialized. Log file: pb2b/logs/bybit_scraper_20260521.log
2026-05-21 10:06:11 - INFO - DataSaver logging initialized. Log file: pb2b/logs/data_saver_20260521.log
2026-05-21 10:06:11 - INFO - Connected to SQLite database: pb2b/p2p_listings.db
2026-05-21 10:06:11 - INFO - Database tables created successfully
2026-05-21 10:06:11 - INFO - Attempt 1/10: Loading https://www.bybit.com/fiat/trade/otc?actionType=1&token=USDT&fiat=NGN
2026-05-21 10:06:19 - INFO - Screenshot saved as 'pb2b/screenshots/bybit_page_20260521_100618.png'
2026-05-21 10:06:19 - INFO - Fetching BUY listings for USDT/EUR
2026-05-21 10:06:20 - INFO - Data successfully saved to SQLite database. New listings - Bybit: 5, Binance: 6
2026-05-21 10:06:20 - INFO - Browser session closed
2026-05-21 10:06:20 - INFO - SQLite database connection closed
2026-05-21 13:34:37 - INFO - Logging initialized. Log file: pb2b/logs/bybit_scraper_20260521.log
2026-05-21 13:34:38 - INFO - DataSaver logging initialized. Log file: pb2b/logs/data_saver_20260521.log
2026-05-21 13:34:38 - INFO - Connected to SQLite database: pb2b/p2p_listings.db
2026-05-21 13:34:38 - INFO - Database tables created successfully
2026-05-21 13:34:38 - INFO - Attempt 1/10: Loading https://www.bybit.com/fiat/trade/otc?actionType=1&token=USDT&fiat=NGN
2026-05-21 13:34:46 - INFO - Screenshot saved as 'pb2b/screenshots/bybit_page_20260521_133446.png'
2026-05-21 13:34:46 - INFO - Fetching BUY listings for USDT/EUR
2026-05-21 13:34:47 - INFO - Data successfully saved to SQLite database. New listings - Bybit: 5, Binance: 6
2026-05-21 13:34:47 - INFO - Browser session closed
2026-05-21 13:34:47 - INFO - SQLite database connection closed
