2026-07-25 01:22:05 - INFO - Logging initialized. Log file: pb2b/logs/bybit_scraper_20260725.log
2026-07-25 01:22:06 - INFO - DataSaver logging initialized. Log file: pb2b/logs/data_saver_20260725.log
2026-07-25 01:22:06 - INFO - Connected to SQLite database: pb2b/p2p_listings.db
2026-07-25 01:22:06 - INFO - Database tables created successfully
2026-07-25 01:22:06 - INFO - Attempt 1/10: Loading https://www.bybit.com/fiat/trade/otc?actionType=1&token=USDT&fiat=NGN
2026-07-25 01:22:16 - INFO - Screenshot saved as 'pb2b/screenshots/bybit_page_20260725_012215.png'
2026-07-25 01:22:16 - WARNING - Error parsing row: Message: no such element: Unable to locate element: {"method":"css selector","selector":"td:nth-child(2)"}
  (Session info: chrome=150.0.7871.186); For documentation on this error, please visit: https://www.selenium.dev/documentation/webdriver/troubleshooting/errors#nosuchelementexception
Stacktrace:
#0 0x55b5808d844a <unknown>
#1 0x55b5802b08c9 <unknown>
#2 0x55b580305f32 <unknown>
#3 0x55b580306181 <unknown>
#4 0x55b5802fadf6 <unknown>
#5 0x55b5802facd7 <unknown>
#6 0x55b58034e55d <unknown>
#7 0x55b5802f93ff <unknown>
#8 0x55b5802fa261 <unknown>
#9 0x55b58089dcc7 <unknown>
#10 0x55b58089c4a8 <unknown>
#11 0x55b580887196 <unknown>
#12 0x55b58089d06a <unknown>
#13 0x55b58086f020 <unknown>
#14 0x55b5808c3b98 <unknown>
#15 0x55b5808c3d35 <unknown>
#16 0x55b5808d6ffe <unknown>
#17 0x7f8216c9caa4 <unknown>
#18 0x7f8216d29c6c <unknown>

2026-07-25 01:22:16 - INFO - Fetching BUY listings for USDT/EUR
2026-07-25 01:22:17 - INFO - Data successfully saved to SQLite database. New listings - Bybit: 3, Binance: 6
2026-07-25 01:22:17 - INFO - Browser session closed
2026-07-25 01:22:17 - INFO - SQLite database connection closed
2026-07-25 04:39:30 - INFO - Logging initialized. Log file: pb2b/logs/bybit_scraper_20260725.log
2026-07-25 04:39:32 - INFO - DataSaver logging initialized. Log file: pb2b/logs/data_saver_20260725.log
2026-07-25 04:39:32 - INFO - Connected to SQLite database: pb2b/p2p_listings.db
2026-07-25 04:39:32 - INFO - Database tables created successfully
2026-07-25 04:39:32 - INFO - Attempt 1/10: Loading https://www.bybit.com/fiat/trade/otc?actionType=1&token=USDT&fiat=NGN
2026-07-25 04:39:40 - INFO - Screenshot saved as 'pb2b/screenshots/bybit_page_20260725_043940.png'
2026-07-25 04:39:40 - WARNING - Error parsing row: Message: no such element: Unable to locate element: {"method":"css selector","selector":"td:nth-child(2)"}
  (Session info: chrome=150.0.7871.186); For documentation on this error, please visit: https://www.selenium.dev/documentation/webdriver/troubleshooting/errors#nosuchelementexception
Stacktrace:
#0 0x5558f096e44a <unknown>
#1 0x5558f03468c9 <unknown>
#2 0x5558f039bf32 <unknown>
#3 0x5558f039c181 <unknown>
#4 0x5558f0390df6 <unknown>
#5 0x5558f0390cd7 <unknown>
#6 0x5558f03e455d <unknown>
#7 0x5558f038f3ff <unknown>
#8 0x5558f0390261 <unknown>
#9 0x5558f0933cc7 <unknown>
#10 0x5558f09324a8 <unknown>
#11 0x5558f091d196 <unknown>
#12 0x5558f093306a <unknown>
#13 0x5558f0905020 <unknown>
#14 0x5558f0959b98 <unknown>
#15 0x5558f0959d35 <unknown>
#16 0x5558f096cffe <unknown>
#17 0x7fdad649caa4 <unknown>
#18 0x7fdad6529c6c <unknown>

2026-07-25 04:39:41 - INFO - Fetching BUY listings for USDT/EUR
2026-07-25 04:39:42 - INFO - Data successfully saved to SQLite database. New listings - Bybit: 3, Binance: 6
2026-07-25 04:39:42 - INFO - Browser session closed
2026-07-25 04:39:42 - INFO - SQLite database connection closed
2026-07-25 07:06:51 - INFO - Logging initialized. Log file: pb2b/logs/bybit_scraper_20260725.log
2026-07-25 07:06:53 - INFO - DataSaver logging initialized. Log file: pb2b/logs/data_saver_20260725.log
2026-07-25 07:06:53 - INFO - Connected to SQLite database: pb2b/p2p_listings.db
2026-07-25 07:06:53 - INFO - Database tables created successfully
2026-07-25 07:06:53 - INFO - Attempt 1/10: Loading https://www.bybit.com/fiat/trade/otc?actionType=1&token=USDT&fiat=NGN
2026-07-25 07:07:00 - INFO - Screenshot saved as 'pb2b/screenshots/bybit_page_20260725_070700.png'
2026-07-25 07:07:00 - WARNING - Error parsing row: Message: no such element: Unable to locate element: {"method":"css selector","selector":"td:nth-child(2)"}
  (Session info: chrome=150.0.7871.186); For documentation on this error, please visit: https://www.selenium.dev/documentation/webdriver/troubleshooting/errors#nosuchelementexception
Stacktrace:
#0 0x55f71c93e44a <unknown>
#1 0x55f71c3168c9 <unknown>
#2 0x55f71c36bf32 <unknown>
#3 0x55f71c36c181 <unknown>
#4 0x55f71c360df6 <unknown>
#5 0x55f71c360cd7 <unknown>
#6 0x55f71c3b455d <unknown>
#7 0x55f71c35f3ff <unknown>
#8 0x55f71c360261 <unknown>
#9 0x55f71c903cc7 <unknown>
#10 0x55f71c9024a8 <unknown>
#11 0x55f71c8ed196 <unknown>
#12 0x55f71c90306a <unknown>
#13 0x55f71c8d5020 <unknown>
#14 0x55f71c929b98 <unknown>
#15 0x55f71c929d35 <unknown>
#16 0x55f71c93cffe <unknown>
#17 0x7f61ee09caa4 <unknown>
#18 0x7f61ee129c6c <unknown>

2026-07-25 07:07:01 - INFO - Fetching BUY listings for USDT/EUR
2026-07-25 07:07:02 - INFO - Data successfully saved to SQLite database. New listings - Bybit: 3, Binance: 6
2026-07-25 07:07:02 - INFO - Browser session closed
2026-07-25 07:07:02 - INFO - SQLite database connection closed
2026-07-25 09:14:18 - INFO - Logging initialized. Log file: pb2b/logs/bybit_scraper_20260725.log
2026-07-25 09:14:20 - INFO - DataSaver logging initialized. Log file: pb2b/logs/data_saver_20260725.log
2026-07-25 09:14:20 - INFO - Connected to SQLite database: pb2b/p2p_listings.db
2026-07-25 09:14:20 - INFO - Database tables created successfully
2026-07-25 09:14:20 - INFO - Attempt 1/10: Loading https://www.bybit.com/fiat/trade/otc?actionType=1&token=USDT&fiat=NGN
2026-07-25 09:14:30 - INFO - Screenshot saved as 'pb2b/screenshots/bybit_page_20260725_091430.png'
2026-07-25 09:14:30 - WARNING - Error parsing row: Message: no such element: Unable to locate element: {"method":"css selector","selector":"td:nth-child(2)"}
  (Session info: chrome=150.0.7871.186); For documentation on this error, please visit: https://www.selenium.dev/documentation/webdriver/troubleshooting/errors#nosuchelementexception
Stacktrace:
#0 0x55d90266544a <unknown>
#1 0x55d90203d8c9 <unknown>
#2 0x55d902092f32 <unknown>
#3 0x55d902093181 <unknown>
#4 0x55d902087df6 <unknown>
#5 0x55d902087cd7 <unknown>
#6 0x55d9020db55d <unknown>
#7 0x55d9020863ff <unknown>
#8 0x55d902087261 <unknown>
#9 0x55d90262acc7 <unknown>
#10 0x55d9026294a8 <unknown>
#11 0x55d902614196 <unknown>
#12 0x55d90262a06a <unknown>
#13 0x55d9025fc020 <unknown>
#14 0x55d902650b98 <unknown>
#15 0x55d902650d35 <unknown>
#16 0x55d902663ffe <unknown>
#17 0x7f12d2e9caa4 <unknown>
#18 0x7f12d2f29c6c <unknown>

2026-07-25 09:14:30 - INFO - Fetching BUY listings for USDT/EUR
2026-07-25 09:14:31 - INFO - Data successfully saved to SQLite database. New listings - Bybit: 2, Binance: 6
2026-07-25 09:14:31 - INFO - Browser session closed
2026-07-25 09:14:31 - INFO - SQLite database connection closed
