2026-08-12 00:00:17 - INFO - Logging initialized. Log file: pb2b/logs/bybit_scraper_20260812.log
2026-08-12 00:00:19 - INFO - DataSaver logging initialized. Log file: pb2b/logs/data_saver_20260812.log
2026-08-12 00:00:19 - INFO - Connected to SQLite database: pb2b/p2p_listings.db
2026-08-12 00:00:19 - INFO - Database tables created successfully
2026-08-12 00:00:19 - INFO - Attempt 1/10: Loading https://www.bybit.com/fiat/trade/otc?actionType=1&token=USDT&fiat=NGN
2026-08-12 00:00:31 - INFO - Screenshot saved as 'pb2b/screenshots/bybit_page_20260812_000031.png'
2026-08-12 00:00:31 - WARNING - Error parsing row: Message: no such element: Unable to locate element: {"method":"css selector","selector":"td:nth-child(2)"}
  (Session info: chrome=151.0.7922.108); For documentation on this error, please visit: https://www.selenium.dev/documentation/webdriver/troubleshooting/errors#nosuchelementexception
Stacktrace:
#0 0x561a8f44882a <unknown>
#1 0x561a8edbbfc9 <unknown>
#2 0x561a8ee118a2 <unknown>
#3 0x561a8ee11af1 <unknown>
#4 0x561a8ee06746 <unknown>
#5 0x561a8ee06627 <unknown>
#6 0x561a8ee5a1a3 <unknown>
#7 0x561a8ee04d32 <unknown>
#8 0x561a8ee05bb1 <unknown>
#9 0x561a8f40dbb0 <unknown>
#10 0x561a8f40c22a <unknown>
#11 0x561a8f3f6c55 <unknown>
#12 0x561a8f40ceea <unknown>
#13 0x561a8f3deb50 <unknown>
#14 0x561a8f434208 <unknown>
#15 0x561a8f4343a5 <unknown>
#16 0x561a8f4473de <unknown>
#17 0x7efca209cb84 <unknown>
#18 0x7efca2129d6c <unknown>

2026-08-12 00:00:31 - INFO - Fetching BUY listings for USDT/EUR
2026-08-12 00:00:32 - INFO - Data successfully saved to SQLite database. New listings - Bybit: 2, Binance: 6
2026-08-12 00:00:32 - INFO - Browser session closed
2026-08-12 00:00:32 - INFO - SQLite database connection closed
2026-08-12 08:49:48 - INFO - Logging initialized. Log file: pb2b/logs/bybit_scraper_20260812.log
2026-08-12 08:49:49 - INFO - DataSaver logging initialized. Log file: pb2b/logs/data_saver_20260812.log
2026-08-12 08:49:49 - INFO - Connected to SQLite database: pb2b/p2p_listings.db
2026-08-12 08:49:49 - INFO - Database tables created successfully
2026-08-12 08:49:49 - INFO - Attempt 1/10: Loading https://www.bybit.com/fiat/trade/otc?actionType=1&token=USDT&fiat=NGN
2026-08-12 08:49:57 - INFO - Screenshot saved as 'pb2b/screenshots/bybit_page_20260812_084957.png'
2026-08-12 08:49:58 - INFO - Fetching BUY listings for USDT/EUR
2026-08-12 08:49:59 - INFO - Data successfully saved to SQLite database. New listings - Bybit: 5, Binance: 6
2026-08-12 08:49:59 - INFO - Browser session closed
2026-08-12 08:49:59 - INFO - SQLite database connection closed
2026-08-12 11:43:43 - INFO - Logging initialized. Log file: pb2b/logs/bybit_scraper_20260812.log
2026-08-12 11:43:44 - INFO - DataSaver logging initialized. Log file: pb2b/logs/data_saver_20260812.log
2026-08-12 11:43:44 - INFO - Connected to SQLite database: pb2b/p2p_listings.db
2026-08-12 11:43:44 - INFO - Database tables created successfully
2026-08-12 11:43:44 - INFO - Attempt 1/10: Loading https://www.bybit.com/fiat/trade/otc?actionType=1&token=USDT&fiat=NGN
2026-08-12 11:43:53 - INFO - Screenshot saved as 'pb2b/screenshots/bybit_page_20260812_114353.png'
2026-08-12 11:43:54 - INFO - Fetching BUY listings for USDT/EUR
2026-08-12 11:43:55 - INFO - Data successfully saved to SQLite database. New listings - Bybit: 4, Binance: 6
2026-08-12 11:43:55 - INFO - Browser session closed
2026-08-12 11:43:55 - INFO - SQLite database connection closed
