2026-08-07 05:23:48 - INFO - Logging initialized. Log file: pb2b/logs/bybit_scraper_20260807.log
2026-08-07 05:23:49 - INFO - DataSaver logging initialized. Log file: pb2b/logs/data_saver_20260807.log
2026-08-07 05:23:49 - INFO - Connected to SQLite database: pb2b/p2p_listings.db
2026-08-07 05:23:49 - INFO - Database tables created successfully
2026-08-07 05:23:49 - INFO - Attempt 1/10: Loading https://www.bybit.com/fiat/trade/otc?actionType=1&token=USDT&fiat=NGN
2026-08-07 05:23:58 - INFO - Screenshot saved as 'pb2b/screenshots/bybit_page_20260807_052358.png'
2026-08-07 05:23:58 - WARNING - Error parsing row: Message: no such element: Unable to locate element: {"method":"css selector","selector":"td:nth-child(2)"}
  (Session info: chrome=151.0.7922.108); For documentation on this error, please visit: https://www.selenium.dev/documentation/webdriver/troubleshooting/errors#nosuchelementexception
Stacktrace:
#0 0x56150753e75a <unknown>
#1 0x561506eb1fc9 <unknown>
#2 0x561506f078a2 <unknown>
#3 0x561506f07af1 <unknown>
#4 0x561506efc746 <unknown>
#5 0x561506efc627 <unknown>
#6 0x561506f501a3 <unknown>
#7 0x561506efad32 <unknown>
#8 0x561506efbbb1 <unknown>
#9 0x561507503ae0 <unknown>
#10 0x56150750215a <unknown>
#11 0x5615074ecb85 <unknown>
#12 0x561507502e1a <unknown>
#13 0x5615074d4a80 <unknown>
#14 0x56150752a138 <unknown>
#15 0x56150752a2d5 <unknown>
#16 0x56150753d30e <unknown>
#17 0x7f34fb49cb84 <unknown>
#18 0x7f34fb529d6c <unknown>

2026-08-07 05:23:58 - INFO - Fetching BUY listings for USDT/EUR
2026-08-07 05:23:59 - INFO - Data successfully saved to SQLite database. New listings - Bybit: 3, Binance: 6
2026-08-07 05:24:00 - INFO - Browser session closed
2026-08-07 05:24:00 - INFO - SQLite database connection closed
