2026-05-24 00:19:03 - INFO - Logging initialized. Log file: pb2b/logs/bybit_scraper_20260524.log
2026-05-24 00:19:06 - INFO - DataSaver logging initialized. Log file: pb2b/logs/data_saver_20260524.log
2026-05-24 00:19:06 - INFO - Connected to SQLite database: pb2b/p2p_listings.db
2026-05-24 00:19:06 - INFO - Database tables created successfully
2026-05-24 00:19:06 - INFO - Attempt 1/10: Loading https://www.bybit.com/fiat/trade/otc?actionType=1&token=USDT&fiat=NGN
2026-05-24 00:19:15 - INFO - Screenshot saved as 'pb2b/screenshots/bybit_page_20260524_001915.png'
2026-05-24 00:19:15 - INFO - Fetching BUY listings for USDT/EUR
2026-05-24 00:19:16 - INFO - Data successfully saved to SQLite database. New listings - Bybit: 4, Binance: 6
2026-05-24 00:19:16 - INFO - Browser session closed
2026-05-24 00:19:16 - INFO - SQLite database connection closed
2026-05-24 04:47:27 - INFO - Logging initialized. Log file: pb2b/logs/bybit_scraper_20260524.log
2026-05-24 04:47:28 - INFO - DataSaver logging initialized. Log file: pb2b/logs/data_saver_20260524.log
2026-05-24 04:47:28 - INFO - Connected to SQLite database: pb2b/p2p_listings.db
2026-05-24 04:47:28 - INFO - Database tables created successfully
2026-05-24 04:47:28 - INFO - Attempt 1/10: Loading https://www.bybit.com/fiat/trade/otc?actionType=1&token=USDT&fiat=NGN
2026-05-24 04:47:35 - INFO - Screenshot saved as 'pb2b/screenshots/bybit_page_20260524_044735.png'
2026-05-24 04:47:36 - INFO - Fetching BUY listings for USDT/EUR
2026-05-24 04:47:36 - INFO - Data successfully saved to SQLite database. New listings - Bybit: 5, Binance: 6
2026-05-24 04:47:36 - INFO - Browser session closed
2026-05-24 04:47:36 - INFO - SQLite database connection closed
2026-05-24 07:49:27 - INFO - Logging initialized. Log file: pb2b/logs/bybit_scraper_20260524.log
2026-05-24 07:49:33 - INFO - DataSaver logging initialized. Log file: pb2b/logs/data_saver_20260524.log
2026-05-24 07:49:33 - INFO - Connected to SQLite database: pb2b/p2p_listings.db
2026-05-24 07:49:33 - INFO - Database tables created successfully
2026-05-24 07:49:33 - INFO - Attempt 1/10: Loading https://www.bybit.com/fiat/trade/otc?actionType=1&token=USDT&fiat=NGN
2026-05-24 07:49:40 - INFO - Screenshot saved as 'pb2b/screenshots/bybit_page_20260524_074940.png'
2026-05-24 07:49:41 - INFO - Fetching BUY listings for USDT/EUR
2026-05-24 07:49:42 - INFO - Data successfully saved to SQLite database. New listings - Bybit: 5, Binance: 6
2026-05-24 07:49:42 - INFO - Browser session closed
2026-05-24 07:49:42 - INFO - SQLite database connection closed
2026-05-24 09:39:47 - INFO - Logging initialized. Log file: pb2b/logs/bybit_scraper_20260524.log
2026-05-24 09:39:48 - INFO - DataSaver logging initialized. Log file: pb2b/logs/data_saver_20260524.log
2026-05-24 09:39:48 - INFO - Connected to SQLite database: pb2b/p2p_listings.db
2026-05-24 09:39:48 - INFO - Database tables created successfully
2026-05-24 09:39:48 - INFO - Attempt 1/10: Loading https://www.bybit.com/fiat/trade/otc?actionType=1&token=USDT&fiat=NGN
2026-05-24 09:39:56 - INFO - Screenshot saved as 'pb2b/screenshots/bybit_page_20260524_093956.png'
2026-05-24 09:39:56 - WARNING - Error parsing row: Message: no such element: Unable to locate element: {"method":"css selector","selector":"td:nth-child(2)"}
  (Session info: chrome=148.0.7778.178); For documentation on this error, please visit: https://www.selenium.dev/documentation/webdriver/troubleshooting/errors#nosuchelementexception
Stacktrace:
#0 0x55dcbc14722a <unknown>
#1 0x55dcbbb45ab9 <unknown>
#2 0x55dcbbb9a046 <unknown>
#3 0x55dcbbb9a281 <unknown>
#4 0x55dcbbb8efe6 <unknown>
#5 0x55dcbbb8eec7 <unknown>
#6 0x55dcbbbe2116 <unknown>
#7 0x55dcbbb8d662 <unknown>
#8 0x55dcbbb8e451 <unknown>
#9 0x55dcbc10ad8b <unknown>
#10 0x55dcbc10dc65 <unknown>
#11 0x55dcbc0f7458 <unknown>
#12 0x55dcbc10e7f0 <unknown>
#13 0x55dcbc0de1c0 <unknown>
#14 0x55dcbc134168 <unknown>
#15 0x55dcbc134305 <unknown>
#16 0x55dcbc145c5e <unknown>
#17 0x7fec5469caa4 <unknown>
#18 0x7fec54729c6c <unknown>

2026-05-24 09:39:57 - INFO - Fetching BUY listings for USDT/EUR
2026-05-24 09:39:57 - INFO - Data successfully saved to SQLite database. New listings - Bybit: 3, Binance: 6
2026-05-24 09:39:57 - INFO - Browser session closed
2026-05-24 09:39:57 - INFO - SQLite database connection closed
