2026-05-25 01:34:42 - INFO - Logging initialized. Log file: pb2b/logs/bybit_scraper_20260525.log
2026-05-25 01:34:44 - INFO - DataSaver logging initialized. Log file: pb2b/logs/data_saver_20260525.log
2026-05-25 01:34:44 - INFO - Connected to SQLite database: pb2b/p2p_listings.db
2026-05-25 01:34:44 - INFO - Database tables created successfully
2026-05-25 01:34:44 - INFO - Attempt 1/10: Loading https://www.bybit.com/fiat/trade/otc?actionType=1&token=USDT&fiat=NGN
2026-05-25 01:34:52 - INFO - Screenshot saved as 'pb2b/screenshots/bybit_page_20260525_013452.png'
2026-05-25 01:34:53 - INFO - Fetching BUY listings for USDT/EUR
2026-05-25 01:34:53 - INFO - Data successfully saved to SQLite database. New listings - Bybit: 5, Binance: 6
2026-05-25 01:34:53 - INFO - Browser session closed
2026-05-25 01:34:53 - INFO - SQLite database connection closed
2026-05-25 06:10:30 - INFO - Logging initialized. Log file: pb2b/logs/bybit_scraper_20260525.log
2026-05-25 06:10:31 - INFO - DataSaver logging initialized. Log file: pb2b/logs/data_saver_20260525.log
2026-05-25 06:10:31 - INFO - Connected to SQLite database: pb2b/p2p_listings.db
2026-05-25 06:10:31 - INFO - Database tables created successfully
2026-05-25 06:10:31 - INFO - Attempt 1/10: Loading https://www.bybit.com/fiat/trade/otc?actionType=1&token=USDT&fiat=NGN
2026-05-25 06:10:39 - INFO - Screenshot saved as 'pb2b/screenshots/bybit_page_20260525_061039.png'
2026-05-25 06:10:39 - INFO - Fetching BUY listings for USDT/EUR
2026-05-25 06:10:40 - INFO - Data successfully saved to SQLite database. New listings - Bybit: 5, Binance: 6
2026-05-25 06:10:40 - INFO - Browser session closed
2026-05-25 06:10:40 - INFO - SQLite database connection closed
2026-05-25 10:52:41 - INFO - Logging initialized. Log file: pb2b/logs/bybit_scraper_20260525.log
2026-05-25 10:52:42 - INFO - DataSaver logging initialized. Log file: pb2b/logs/data_saver_20260525.log
2026-05-25 10:52:42 - INFO - Connected to SQLite database: pb2b/p2p_listings.db
2026-05-25 10:52:42 - INFO - Database tables created successfully
2026-05-25 10:52:42 - INFO - Attempt 1/10: Loading https://www.bybit.com/fiat/trade/otc?actionType=1&token=USDT&fiat=NGN
2026-05-25 10:52:51 - INFO - Screenshot saved as 'pb2b/screenshots/bybit_page_20260525_105250.png'
2026-05-25 10:52:51 - WARNING - Error parsing row: Message: no such element: Unable to locate element: {"method":"css selector","selector":"td:nth-child(2)"}
  (Session info: chrome=148.0.7778.178); For documentation on this error, please visit: https://www.selenium.dev/documentation/webdriver/troubleshooting/errors#nosuchelementexception
Stacktrace:
#0 0x55c7d818422a <unknown>
#1 0x55c7d7b82ab9 <unknown>
#2 0x55c7d7bd7046 <unknown>
#3 0x55c7d7bd7281 <unknown>
#4 0x55c7d7bcbfe6 <unknown>
#5 0x55c7d7bcbec7 <unknown>
#6 0x55c7d7c1f116 <unknown>
#7 0x55c7d7bca662 <unknown>
#8 0x55c7d7bcb451 <unknown>
#9 0x55c7d8147d8b <unknown>
#10 0x55c7d814ac65 <unknown>
#11 0x55c7d8134458 <unknown>
#12 0x55c7d814b7f0 <unknown>
#13 0x55c7d811b1c0 <unknown>
#14 0x55c7d8171168 <unknown>
#15 0x55c7d8171305 <unknown>
#16 0x55c7d8182c5e <unknown>
#17 0x7fc62ee9caa4 <unknown>
#18 0x7fc62ef29c6c <unknown>

2026-05-25 10:52:51 - INFO - Fetching BUY listings for USDT/EUR
2026-05-25 10:52:53 - INFO - Data successfully saved to SQLite database. New listings - Bybit: 3, Binance: 6
2026-05-25 10:52:53 - INFO - Browser session closed
2026-05-25 10:52:53 - INFO - SQLite database connection closed
