2026-08-21 00:05:14 - INFO - Logging initialized. Log file: pb2b/logs/bybit_scraper_20260821.log
2026-08-21 00:05:15 - INFO - DataSaver logging initialized. Log file: pb2b/logs/data_saver_20260821.log
2026-08-21 00:05:15 - INFO - Connected to SQLite database: pb2b/p2p_listings.db
2026-08-21 00:05:15 - INFO - Database tables created successfully
2026-08-21 00:05:15 - INFO - Attempt 1/10: Loading https://www.bybit.com/fiat/trade/otc?actionType=1&token=USDT&fiat=NGN
2026-08-21 00:05:23 - INFO - Screenshot saved as 'pb2b/screenshots/bybit_page_20260821_000522.png'
2026-08-21 00:05:23 - INFO - Fetching BUY listings for USDT/EUR
2026-08-21 00:05:24 - INFO - Data successfully saved to SQLite database. New listings - Bybit: 5, Binance: 6
2026-08-21 00:05:24 - INFO - Browser session closed
2026-08-21 00:05:24 - INFO - SQLite database connection closed
2026-08-21 01:58:39 - INFO - Logging initialized. Log file: pb2b/logs/bybit_scraper_20260821.log
2026-08-21 01:58:40 - INFO - DataSaver logging initialized. Log file: pb2b/logs/data_saver_20260821.log
2026-08-21 01:58:40 - INFO - Connected to SQLite database: pb2b/p2p_listings.db
2026-08-21 01:58:40 - INFO - Database tables created successfully
2026-08-21 01:58:40 - INFO - Attempt 1/10: Loading https://www.bybit.com/fiat/trade/otc?actionType=1&token=USDT&fiat=NGN
2026-08-21 01:58:50 - INFO - Screenshot saved as 'pb2b/screenshots/bybit_page_20260821_015850.png'
2026-08-21 01:58:50 - INFO - Fetching BUY listings for USDT/EUR
2026-08-21 01:58:51 - INFO - Data successfully saved to SQLite database. New listings - Bybit: 5, Binance: 6
2026-08-21 01:58:51 - INFO - Browser session closed
2026-08-21 01:58:51 - INFO - SQLite database connection closed
2026-08-21 03:06:56 - INFO - Logging initialized. Log file: pb2b/logs/bybit_scraper_20260821.log
2026-08-21 03:06:57 - INFO - DataSaver logging initialized. Log file: pb2b/logs/data_saver_20260821.log
2026-08-21 03:06:57 - INFO - Connected to SQLite database: pb2b/p2p_listings.db
2026-08-21 03:06:57 - INFO - Database tables created successfully
2026-08-21 03:06:57 - INFO - Attempt 1/10: Loading https://www.bybit.com/fiat/trade/otc?actionType=1&token=USDT&fiat=NGN
2026-08-21 03:07:06 - INFO - Screenshot saved as 'pb2b/screenshots/bybit_page_20260821_030706.png'
2026-08-21 03:07:06 - INFO - Fetching BUY listings for USDT/EUR
2026-08-21 03:07:07 - INFO - Data successfully saved to SQLite database. New listings - Bybit: 5, Binance: 6
2026-08-21 03:07:07 - INFO - Browser session closed
2026-08-21 03:07:07 - INFO - SQLite database connection closed
2026-08-21 04:02:55 - INFO - Logging initialized. Log file: pb2b/logs/bybit_scraper_20260821.log
2026-08-21 04:02:57 - INFO - DataSaver logging initialized. Log file: pb2b/logs/data_saver_20260821.log
2026-08-21 04:02:57 - INFO - Connected to SQLite database: pb2b/p2p_listings.db
2026-08-21 04:02:57 - INFO - Database tables created successfully
2026-08-21 04:02:57 - INFO - Attempt 1/10: Loading https://www.bybit.com/fiat/trade/otc?actionType=1&token=USDT&fiat=NGN
2026-08-21 04:03:05 - INFO - Screenshot saved as 'pb2b/screenshots/bybit_page_20260821_040305.png'
2026-08-21 04:03:05 - INFO - Fetching BUY listings for USDT/EUR
2026-08-21 04:03:06 - INFO - Data successfully saved to SQLite database. New listings - Bybit: 5, Binance: 6
2026-08-21 04:03:06 - INFO - Browser session closed
2026-08-21 04:03:06 - INFO - SQLite database connection closed
2026-08-21 04:54:29 - INFO - Logging initialized. Log file: pb2b/logs/bybit_scraper_20260821.log
2026-08-21 04:54:31 - INFO - DataSaver logging initialized. Log file: pb2b/logs/data_saver_20260821.log
2026-08-21 04:54:31 - INFO - Connected to SQLite database: pb2b/p2p_listings.db
2026-08-21 04:54:31 - INFO - Database tables created successfully
2026-08-21 04:54:31 - INFO - Attempt 1/10: Loading https://www.bybit.com/fiat/trade/otc?actionType=1&token=USDT&fiat=NGN
2026-08-21 04:54:40 - INFO - Screenshot saved as 'pb2b/screenshots/bybit_page_20260821_045440.png'
2026-08-21 04:54:40 - INFO - Fetching BUY listings for USDT/EUR
2026-08-21 04:54:41 - INFO - Data successfully saved to SQLite database. New listings - Bybit: 5, Binance: 6
2026-08-21 04:54:41 - INFO - Browser session closed
2026-08-21 04:54:41 - INFO - SQLite database connection closed
2026-08-21 05:27:48 - INFO - Logging initialized. Log file: pb2b/logs/bybit_scraper_20260821.log
2026-08-21 05:27:49 - INFO - DataSaver logging initialized. Log file: pb2b/logs/data_saver_20260821.log
2026-08-21 05:27:49 - INFO - Connected to SQLite database: pb2b/p2p_listings.db
2026-08-21 05:27:49 - INFO - Database tables created successfully
2026-08-21 05:27:49 - INFO - Attempt 1/10: Loading https://www.bybit.com/fiat/trade/otc?actionType=1&token=USDT&fiat=NGN
2026-08-21 05:27:57 - INFO - Screenshot saved as 'pb2b/screenshots/bybit_page_20260821_052757.png'
2026-08-21 05:27:58 - INFO - Fetching BUY listings for USDT/EUR
2026-08-21 05:27:59 - INFO - Data successfully saved to SQLite database. New listings - Bybit: 5, Binance: 6
2026-08-21 05:27:59 - INFO - Browser session closed
2026-08-21 05:27:59 - INFO - SQLite database connection closed
2026-08-21 06:04:01 - INFO - Logging initialized. Log file: pb2b/logs/bybit_scraper_20260821.log
2026-08-21 06:04:02 - INFO - DataSaver logging initialized. Log file: pb2b/logs/data_saver_20260821.log
2026-08-21 06:04:02 - INFO - Connected to SQLite database: pb2b/p2p_listings.db
2026-08-21 06:04:02 - INFO - Database tables created successfully
2026-08-21 06:04:02 - INFO - Attempt 1/10: Loading https://www.bybit.com/fiat/trade/otc?actionType=1&token=USDT&fiat=NGN
2026-08-21 06:04:10 - INFO - Screenshot saved as 'pb2b/screenshots/bybit_page_20260821_060410.png'
2026-08-21 06:04:11 - INFO - Fetching BUY listings for USDT/EUR
2026-08-21 06:04:11 - INFO - Data successfully saved to SQLite database. New listings - Bybit: 5, Binance: 6
2026-08-21 06:04:11 - INFO - Browser session closed
2026-08-21 06:04:11 - INFO - SQLite database connection closed
2026-08-21 07:06:31 - INFO - Logging initialized. Log file: pb2b/logs/bybit_scraper_20260821.log
2026-08-21 07:06:33 - INFO - DataSaver logging initialized. Log file: pb2b/logs/data_saver_20260821.log
2026-08-21 07:06:33 - INFO - Connected to SQLite database: pb2b/p2p_listings.db
2026-08-21 07:06:33 - INFO - Database tables created successfully
2026-08-21 07:06:33 - INFO - Attempt 1/10: Loading https://www.bybit.com/fiat/trade/otc?actionType=1&token=USDT&fiat=NGN
2026-08-21 07:06:45 - INFO - Screenshot saved as 'pb2b/screenshots/bybit_page_20260821_070645.png'
2026-08-21 07:06:46 - INFO - Fetching BUY listings for USDT/EUR
2026-08-21 07:06:47 - INFO - Data successfully saved to SQLite database. New listings - Bybit: 5, Binance: 6
2026-08-21 07:06:47 - INFO - Browser session closed
2026-08-21 07:06:47 - INFO - SQLite database connection closed
2026-08-21 08:00:06 - INFO - Logging initialized. Log file: pb2b/logs/bybit_scraper_20260821.log
2026-08-21 08:00:08 - INFO - DataSaver logging initialized. Log file: pb2b/logs/data_saver_20260821.log
2026-08-21 08:00:08 - INFO - Connected to SQLite database: pb2b/p2p_listings.db
2026-08-21 08:00:08 - INFO - Database tables created successfully
2026-08-21 08:00:08 - INFO - Attempt 1/10: Loading https://www.bybit.com/fiat/trade/otc?actionType=1&token=USDT&fiat=NGN
2026-08-21 08:00:18 - INFO - Screenshot saved as 'pb2b/screenshots/bybit_page_20260821_080018.png'
2026-08-21 08:00:18 - INFO - Fetching BUY listings for USDT/EUR
2026-08-21 08:00:19 - INFO - Data successfully saved to SQLite database. New listings - Bybit: 5, Binance: 6
2026-08-21 08:00:19 - INFO - Browser session closed
2026-08-21 08:00:19 - INFO - SQLite database connection closed
