2026-07-24 02:37:40 - INFO - Logging initialized. Log file: pb2b/logs/bybit_scraper_20260724.log
2026-07-24 02:37:41 - INFO - DataSaver logging initialized. Log file: pb2b/logs/data_saver_20260724.log
2026-07-24 02:37:41 - INFO - Connected to SQLite database: pb2b/p2p_listings.db
2026-07-24 02:37:41 - INFO - Database tables created successfully
2026-07-24 02:37:41 - INFO - Attempt 1/10: Loading https://www.bybit.com/fiat/trade/otc?actionType=1&token=USDT&fiat=NGN
2026-07-24 02:37:52 - INFO - Screenshot saved as 'pb2b/screenshots/bybit_page_20260724_023752.png'
2026-07-24 02:37:52 - WARNING - Error parsing row: Message: no such element: Unable to locate element: {"method":"css selector","selector":"td:nth-child(2)"}
  (Session info: chrome=150.0.7871.186); For documentation on this error, please visit: https://www.selenium.dev/documentation/webdriver/troubleshooting/errors#nosuchelementexception
Stacktrace:
#0 0x557e47dad44a <unknown>
#1 0x557e477858c9 <unknown>
#2 0x557e477daf32 <unknown>
#3 0x557e477db181 <unknown>
#4 0x557e477cfdf6 <unknown>
#5 0x557e477cfcd7 <unknown>
#6 0x557e4782355d <unknown>
#7 0x557e477ce3ff <unknown>
#8 0x557e477cf261 <unknown>
#9 0x557e47d72cc7 <unknown>
#10 0x557e47d714a8 <unknown>
#11 0x557e47d5c196 <unknown>
#12 0x557e47d7206a <unknown>
#13 0x557e47d44020 <unknown>
#14 0x557e47d98b98 <unknown>
#15 0x557e47d98d35 <unknown>
#16 0x557e47dabffe <unknown>
#17 0x7f2b6e29caa4 <unknown>
#18 0x7f2b6e329c6c <unknown>

2026-07-24 02:37:52 - INFO - Fetching BUY listings for USDT/EUR
2026-07-24 02:37:53 - INFO - Data successfully saved to SQLite database. New listings - Bybit: 3, Binance: 6
2026-07-24 02:37:53 - INFO - Browser session closed
2026-07-24 02:37:53 - INFO - SQLite database connection closed
2026-07-24 05:42:26 - INFO - Logging initialized. Log file: pb2b/logs/bybit_scraper_20260724.log
2026-07-24 05:42:27 - INFO - DataSaver logging initialized. Log file: pb2b/logs/data_saver_20260724.log
2026-07-24 05:42:27 - INFO - Connected to SQLite database: pb2b/p2p_listings.db
2026-07-24 05:42:27 - INFO - Database tables created successfully
2026-07-24 05:42:27 - INFO - Attempt 1/10: Loading https://www.bybit.com/fiat/trade/otc?actionType=1&token=USDT&fiat=NGN
2026-07-24 05:42:36 - INFO - Screenshot saved as 'pb2b/screenshots/bybit_page_20260724_054236.png'
2026-07-24 05:42:36 - WARNING - Error parsing row: Message: no such element: Unable to locate element: {"method":"css selector","selector":"td:nth-child(2)"}
  (Session info: chrome=150.0.7871.186); For documentation on this error, please visit: https://www.selenium.dev/documentation/webdriver/troubleshooting/errors#nosuchelementexception
Stacktrace:
#0 0x55a7dea5244a <unknown>
#1 0x55a7de42a8c9 <unknown>
#2 0x55a7de47ff32 <unknown>
#3 0x55a7de480181 <unknown>
#4 0x55a7de474df6 <unknown>
#5 0x55a7de474cd7 <unknown>
#6 0x55a7de4c855d <unknown>
#7 0x55a7de4733ff <unknown>
#8 0x55a7de474261 <unknown>
#9 0x55a7dea17cc7 <unknown>
#10 0x55a7dea164a8 <unknown>
#11 0x55a7dea01196 <unknown>
#12 0x55a7dea1706a <unknown>
#13 0x55a7de9e9020 <unknown>
#14 0x55a7dea3db98 <unknown>
#15 0x55a7dea3dd35 <unknown>
#16 0x55a7dea50ffe <unknown>
#17 0x7f1c1aa9caa4 <unknown>
#18 0x7f1c1ab29c6c <unknown>

2026-07-24 05:42:37 - INFO - Fetching BUY listings for USDT/EUR
2026-07-24 05:42:38 - INFO - Data successfully saved to SQLite database. New listings - Bybit: 2, Binance: 6
2026-07-24 05:42:38 - INFO - Browser session closed
2026-07-24 05:42:38 - INFO - SQLite database connection closed
