2026-06-01 03:02:01 - INFO - Logging initialized. Log file: pb2b/logs/bybit_scraper_20260601.log
2026-06-01 03:02:02 - INFO - DataSaver logging initialized. Log file: pb2b/logs/data_saver_20260601.log
2026-06-01 03:02:02 - INFO - Connected to SQLite database: pb2b/p2p_listings.db
2026-06-01 03:02:02 - INFO - Database tables created successfully
2026-06-01 03:02:02 - INFO - Attempt 1/10: Loading https://www.bybit.com/fiat/trade/otc?actionType=1&token=USDT&fiat=NGN
2026-06-01 03:02:10 - INFO - Screenshot saved as 'pb2b/screenshots/bybit_page_20260601_030210.png'
2026-06-01 03:02:10 - INFO - Fetching BUY listings for USDT/EUR
2026-06-01 03:02:11 - INFO - Data successfully saved to SQLite database. New listings - Bybit: 5, Binance: 6
2026-06-01 03:02:11 - INFO - Browser session closed
2026-06-01 03:02:11 - INFO - SQLite database connection closed
2026-06-01 08:47:34 - INFO - Logging initialized. Log file: pb2b/logs/bybit_scraper_20260601.log
2026-06-01 08:47:37 - INFO - DataSaver logging initialized. Log file: pb2b/logs/data_saver_20260601.log
2026-06-01 08:47:37 - INFO - Connected to SQLite database: pb2b/p2p_listings.db
2026-06-01 08:47:37 - INFO - Database tables created successfully
2026-06-01 08:47:37 - INFO - Attempt 1/10: Loading https://www.bybit.com/fiat/trade/otc?actionType=1&token=USDT&fiat=NGN
2026-06-01 08:47:45 - INFO - Screenshot saved as 'pb2b/screenshots/bybit_page_20260601_084745.png'
2026-06-01 08:47:46 - INFO - Fetching BUY listings for USDT/EUR
2026-06-01 08:47:48 - INFO - Data successfully saved to SQLite database. New listings - Bybit: 5, Binance: 6
2026-06-01 08:47:48 - INFO - Browser session closed
2026-06-01 08:47:48 - INFO - SQLite database connection closed
2026-06-01 14:45:30 - INFO - Logging initialized. Log file: pb2b/logs/bybit_scraper_20260601.log
2026-06-01 14:45:31 - INFO - DataSaver logging initialized. Log file: pb2b/logs/data_saver_20260601.log
2026-06-01 14:45:31 - INFO - Connected to SQLite database: pb2b/p2p_listings.db
2026-06-01 14:45:31 - INFO - Database tables created successfully
2026-06-01 14:45:31 - INFO - Attempt 1/10: Loading https://www.bybit.com/fiat/trade/otc?actionType=1&token=USDT&fiat=NGN
2026-06-01 14:45:40 - INFO - Screenshot saved as 'pb2b/screenshots/bybit_page_20260601_144540.png'
2026-06-01 14:45:40 - WARNING - Error parsing row: Message: no such element: Unable to locate element: {"method":"css selector","selector":"td:nth-child(2)"}
  (Session info: chrome=148.0.7778.215); For documentation on this error, please visit: https://www.selenium.dev/documentation/webdriver/troubleshooting/errors#nosuchelementexception
Stacktrace:
#0 0x56206e15a16a <unknown>
#1 0x56206db576b9 <unknown>
#2 0x56206dbabc0d <unknown>
#3 0x56206dbabe51 <unknown>
#4 0x56206dba0ba6 <unknown>
#5 0x56206dba0a87 <unknown>
#6 0x56206dbf3cbf <unknown>
#7 0x56206db9f222 <unknown>
#8 0x56206dba0011 <unknown>
#9 0x56206e11fa0b <unknown>
#10 0x56206e12292d <unknown>
#11 0x56206e10c948 <unknown>
#12 0x56206e1234c0 <unknown>
#13 0x56206e0f3560 <unknown>
#14 0x56206e146dd8 <unknown>
#15 0x56206e146f75 <unknown>
#16 0x56206e158bce <unknown>
#17 0x7fe49009caa4 <unknown>
#18 0x7fe490129c6c <unknown>

2026-06-01 14:45:40 - INFO - Fetching BUY listings for USDT/EUR
2026-06-01 14:45:41 - INFO - Data successfully saved to SQLite database. New listings - Bybit: 3, Binance: 6
2026-06-01 14:45:41 - INFO - Browser session closed
2026-06-01 14:45:41 - INFO - SQLite database connection closed
