2026-07-22 01:09:30 - INFO - Logging initialized. Log file: pb2b/logs/bybit_scraper_20260722.log
2026-07-22 01:09:31 - INFO - DataSaver logging initialized. Log file: pb2b/logs/data_saver_20260722.log
2026-07-22 01:09:31 - INFO - Connected to SQLite database: pb2b/p2p_listings.db
2026-07-22 01:09:31 - INFO - Database tables created successfully
2026-07-22 01:09:31 - INFO - Attempt 1/10: Loading https://www.bybit.com/fiat/trade/otc?actionType=1&token=USDT&fiat=NGN
2026-07-22 01:09:40 - INFO - Screenshot saved as 'pb2b/screenshots/bybit_page_20260722_010939.png'
2026-07-22 01:09:40 - WARNING - Error parsing row: Message: no such element: Unable to locate element: {"method":"css selector","selector":"td:nth-child(2)"}
  (Session info: chrome=150.0.7871.181); For documentation on this error, please visit: https://www.selenium.dev/documentation/webdriver/troubleshooting/errors#nosuchelementexception
Stacktrace:
#0 0x55cf9f4ec41a <unknown>
#1 0x55cf9eec4689 <unknown>
#2 0x55cf9ef19cff <unknown>
#3 0x55cf9ef19f51 <unknown>
#4 0x55cf9ef0ebc6 <unknown>
#5 0x55cf9ef0eaa7 <unknown>
#6 0x55cf9ef62329 <unknown>
#7 0x55cf9ef0d1df <unknown>
#8 0x55cf9ef0e031 <unknown>
#9 0x55cf9f4b1bd7 <unknown>
#10 0x55cf9f4b03a8 <unknown>
#11 0x55cf9f49b076 <unknown>
#12 0x55cf9f4b0f7a <unknown>
#13 0x55cf9f482f70 <unknown>
#14 0x55cf9f4d7c38 <unknown>
#15 0x55cf9f4d7dd5 <unknown>
#16 0x55cf9f4eafce <unknown>
#17 0x7f747829caa4 <unknown>
#18 0x7f7478329c6c <unknown>

2026-07-22 01:09:40 - INFO - Fetching BUY listings for USDT/EUR
2026-07-22 01:09:41 - INFO - Data successfully saved to SQLite database. New listings - Bybit: 3, Binance: 6
2026-07-22 01:09:41 - INFO - Browser session closed
2026-07-22 01:09:41 - INFO - SQLite database connection closed
2026-07-22 04:36:19 - INFO - Logging initialized. Log file: pb2b/logs/bybit_scraper_20260722.log
2026-07-22 04:36:21 - INFO - DataSaver logging initialized. Log file: pb2b/logs/data_saver_20260722.log
2026-07-22 04:36:21 - INFO - Connected to SQLite database: pb2b/p2p_listings.db
2026-07-22 04:36:21 - INFO - Database tables created successfully
2026-07-22 04:36:21 - INFO - Attempt 1/10: Loading https://www.bybit.com/fiat/trade/otc?actionType=1&token=USDT&fiat=NGN
2026-07-22 04:36:30 - INFO - Screenshot saved as 'pb2b/screenshots/bybit_page_20260722_043629.png'
2026-07-22 04:36:30 - WARNING - Error parsing row: Message: no such element: Unable to locate element: {"method":"css selector","selector":"td:nth-child(2)"}
  (Session info: chrome=150.0.7871.181); For documentation on this error, please visit: https://www.selenium.dev/documentation/webdriver/troubleshooting/errors#nosuchelementexception
Stacktrace:
#0 0x55c5ca0b041a <unknown>
#1 0x55c5c9a88689 <unknown>
#2 0x55c5c9addcff <unknown>
#3 0x55c5c9addf51 <unknown>
#4 0x55c5c9ad2bc6 <unknown>
#5 0x55c5c9ad2aa7 <unknown>
#6 0x55c5c9b26329 <unknown>
#7 0x55c5c9ad11df <unknown>
#8 0x55c5c9ad2031 <unknown>
#9 0x55c5ca075bd7 <unknown>
#10 0x55c5ca0743a8 <unknown>
#11 0x55c5ca05f076 <unknown>
#12 0x55c5ca074f7a <unknown>
#13 0x55c5ca046f70 <unknown>
#14 0x55c5ca09bc38 <unknown>
#15 0x55c5ca09bdd5 <unknown>
#16 0x55c5ca0aefce <unknown>
#17 0x7f073c09caa4 <unknown>
#18 0x7f073c129c6c <unknown>

2026-07-22 04:36:30 - INFO - Fetching BUY listings for USDT/EUR
2026-07-22 04:36:31 - INFO - Data successfully saved to SQLite database. New listings - Bybit: 2, Binance: 6
2026-07-22 04:36:31 - INFO - Browser session closed
2026-07-22 04:36:31 - INFO - SQLite database connection closed
2026-07-22 07:23:00 - INFO - Logging initialized. Log file: pb2b/logs/bybit_scraper_20260722.log
2026-07-22 07:23:02 - INFO - DataSaver logging initialized. Log file: pb2b/logs/data_saver_20260722.log
2026-07-22 07:23:02 - INFO - Connected to SQLite database: pb2b/p2p_listings.db
2026-07-22 07:23:02 - INFO - Database tables created successfully
2026-07-22 07:23:02 - INFO - Attempt 1/10: Loading https://www.bybit.com/fiat/trade/otc?actionType=1&token=USDT&fiat=NGN
2026-07-22 07:23:11 - INFO - Screenshot saved as 'pb2b/screenshots/bybit_page_20260722_072311.png'
2026-07-22 07:23:11 - WARNING - Error parsing row: Message: no such element: Unable to locate element: {"method":"css selector","selector":"td:nth-child(2)"}
  (Session info: chrome=150.0.7871.181); For documentation on this error, please visit: https://www.selenium.dev/documentation/webdriver/troubleshooting/errors#nosuchelementexception
Stacktrace:
#0 0x565297dbe41a <unknown>
#1 0x565297796689 <unknown>
#2 0x5652977ebcff <unknown>
#3 0x5652977ebf51 <unknown>
#4 0x5652977e0bc6 <unknown>
#5 0x5652977e0aa7 <unknown>
#6 0x565297834329 <unknown>
#7 0x5652977df1df <unknown>
#8 0x5652977e0031 <unknown>
#9 0x565297d83bd7 <unknown>
#10 0x565297d823a8 <unknown>
#11 0x565297d6d076 <unknown>
#12 0x565297d82f7a <unknown>
#13 0x565297d54f70 <unknown>
#14 0x565297da9c38 <unknown>
#15 0x565297da9dd5 <unknown>
#16 0x565297dbcfce <unknown>
#17 0x7f800fc9caa4 <unknown>
#18 0x7f800fd29c6c <unknown>

2026-07-22 07:23:11 - INFO - Fetching BUY listings for USDT/EUR
2026-07-22 07:23:13 - INFO - Data successfully saved to SQLite database. New listings - Bybit: 2, Binance: 6
2026-07-22 07:23:13 - INFO - Browser session closed
2026-07-22 07:23:13 - INFO - SQLite database connection closed
2026-07-22 09:49:43 - INFO - Logging initialized. Log file: pb2b/logs/bybit_scraper_20260722.log
2026-07-22 09:49:45 - INFO - DataSaver logging initialized. Log file: pb2b/logs/data_saver_20260722.log
2026-07-22 09:49:45 - INFO - Connected to SQLite database: pb2b/p2p_listings.db
2026-07-22 09:49:45 - INFO - Database tables created successfully
2026-07-22 09:49:45 - INFO - Attempt 1/10: Loading https://www.bybit.com/fiat/trade/otc?actionType=1&token=USDT&fiat=NGN
2026-07-22 09:49:53 - INFO - Screenshot saved as 'pb2b/screenshots/bybit_page_20260722_094953.png'
2026-07-22 09:49:53 - WARNING - Error parsing row: Message: no such element: Unable to locate element: {"method":"css selector","selector":"td:nth-child(2)"}
  (Session info: chrome=150.0.7871.181); For documentation on this error, please visit: https://www.selenium.dev/documentation/webdriver/troubleshooting/errors#nosuchelementexception
Stacktrace:
#0 0x560b5b0fe41a <unknown>
#1 0x560b5aad6689 <unknown>
#2 0x560b5ab2bcff <unknown>
#3 0x560b5ab2bf51 <unknown>
#4 0x560b5ab20bc6 <unknown>
#5 0x560b5ab20aa7 <unknown>
#6 0x560b5ab74329 <unknown>
#7 0x560b5ab1f1df <unknown>
#8 0x560b5ab20031 <unknown>
#9 0x560b5b0c3bd7 <unknown>
#10 0x560b5b0c23a8 <unknown>
#11 0x560b5b0ad076 <unknown>
#12 0x560b5b0c2f7a <unknown>
#13 0x560b5b094f70 <unknown>
#14 0x560b5b0e9c38 <unknown>
#15 0x560b5b0e9dd5 <unknown>
#16 0x560b5b0fcfce <unknown>
#17 0x7f2d9ea9caa4 <unknown>
#18 0x7f2d9eb29c6c <unknown>

2026-07-22 09:49:53 - INFO - Fetching BUY listings for USDT/EUR
2026-07-22 09:49:54 - INFO - Data successfully saved to SQLite database. New listings - Bybit: 2, Binance: 6
2026-07-22 09:49:54 - INFO - Browser session closed
2026-07-22 09:49:54 - INFO - SQLite database connection closed
2026-07-22 11:39:02 - INFO - Logging initialized. Log file: pb2b/logs/bybit_scraper_20260722.log
2026-07-22 11:39:03 - INFO - DataSaver logging initialized. Log file: pb2b/logs/data_saver_20260722.log
2026-07-22 11:39:03 - INFO - Connected to SQLite database: pb2b/p2p_listings.db
2026-07-22 11:39:03 - INFO - Database tables created successfully
2026-07-22 11:39:03 - INFO - Attempt 1/10: Loading https://www.bybit.com/fiat/trade/otc?actionType=1&token=USDT&fiat=NGN
2026-07-22 11:39:14 - INFO - Screenshot saved as 'pb2b/screenshots/bybit_page_20260722_113914.png'
2026-07-22 11:39:14 - WARNING - Error parsing row: Message: no such element: Unable to locate element: {"method":"css selector","selector":"td:nth-child(2)"}
  (Session info: chrome=150.0.7871.181); For documentation on this error, please visit: https://www.selenium.dev/documentation/webdriver/troubleshooting/errors#nosuchelementexception
Stacktrace:
#0 0x56296116441a <unknown>
#1 0x562960b3c689 <unknown>
#2 0x562960b91cff <unknown>
#3 0x562960b91f51 <unknown>
#4 0x562960b86bc6 <unknown>
#5 0x562960b86aa7 <unknown>
#6 0x562960bda329 <unknown>
#7 0x562960b851df <unknown>
#8 0x562960b86031 <unknown>
#9 0x562961129bd7 <unknown>
#10 0x5629611283a8 <unknown>
#11 0x562961113076 <unknown>
#12 0x562961128f7a <unknown>
#13 0x5629610faf70 <unknown>
#14 0x56296114fc38 <unknown>
#15 0x56296114fdd5 <unknown>
#16 0x562961162fce <unknown>
#17 0x7f652b09caa4 <unknown>
#18 0x7f652b129c6c <unknown>

2026-07-22 11:39:15 - INFO - Fetching BUY listings for USDT/EUR
2026-07-22 11:39:15 - INFO - Data successfully saved to SQLite database. New listings - Bybit: 2, Binance: 6
2026-07-22 11:39:15 - INFO - Browser session closed
2026-07-22 11:39:15 - INFO - SQLite database connection closed
2026-07-22 13:12:32 - INFO - Logging initialized. Log file: pb2b/logs/bybit_scraper_20260722.log
2026-07-22 13:12:33 - INFO - DataSaver logging initialized. Log file: pb2b/logs/data_saver_20260722.log
2026-07-22 13:12:33 - INFO - Connected to SQLite database: pb2b/p2p_listings.db
2026-07-22 13:12:33 - INFO - Database tables created successfully
2026-07-22 13:12:33 - INFO - Attempt 1/10: Loading https://www.bybit.com/fiat/trade/otc?actionType=1&token=USDT&fiat=NGN
2026-07-22 13:12:42 - INFO - Screenshot saved as 'pb2b/screenshots/bybit_page_20260722_131242.png'
2026-07-22 13:12:42 - WARNING - Error parsing row: Message: no such element: Unable to locate element: {"method":"css selector","selector":"td:nth-child(2)"}
  (Session info: chrome=150.0.7871.181); For documentation on this error, please visit: https://www.selenium.dev/documentation/webdriver/troubleshooting/errors#nosuchelementexception
Stacktrace:
#0 0x55b930c3d41a <unknown>
#1 0x55b930615689 <unknown>
#2 0x55b93066acff <unknown>
#3 0x55b93066af51 <unknown>
#4 0x55b93065fbc6 <unknown>
#5 0x55b93065faa7 <unknown>
#6 0x55b9306b3329 <unknown>
#7 0x55b93065e1df <unknown>
#8 0x55b93065f031 <unknown>
#9 0x55b930c02bd7 <unknown>
#10 0x55b930c013a8 <unknown>
#11 0x55b930bec076 <unknown>
#12 0x55b930c01f7a <unknown>
#13 0x55b930bd3f70 <unknown>
#14 0x55b930c28c38 <unknown>
#15 0x55b930c28dd5 <unknown>
#16 0x55b930c3bfce <unknown>
#17 0x7f58c1a9caa4 <unknown>
#18 0x7f58c1b29c6c <unknown>

2026-07-22 13:12:42 - INFO - Fetching BUY listings for USDT/EUR
2026-07-22 13:12:42 - INFO - Data successfully saved to SQLite database. New listings - Bybit: 3, Binance: 6
2026-07-22 13:12:43 - INFO - Browser session closed
2026-07-22 13:12:43 - INFO - SQLite database connection closed
