2026-07-14 01:09:53 - INFO - Logging initialized. Log file: pb2b/logs/bybit_scraper_20260714.log
2026-07-14 01:09:55 - INFO - DataSaver logging initialized. Log file: pb2b/logs/data_saver_20260714.log
2026-07-14 01:09:55 - INFO - Connected to SQLite database: pb2b/p2p_listings.db
2026-07-14 01:09:55 - INFO - Database tables created successfully
2026-07-14 01:09:55 - INFO - Attempt 1/10: Loading https://www.bybit.com/fiat/trade/otc?actionType=1&token=USDT&fiat=NGN
2026-07-14 01:10:03 - INFO - Screenshot saved as 'pb2b/screenshots/bybit_page_20260714_011002.png'
2026-07-14 01:10:03 - WARNING - Error parsing row: Message: no such element: Unable to locate element: {"method":"css selector","selector":"td:nth-child(2)"}
  (Session info: chrome=150.0.7871.114); For documentation on this error, please visit: https://www.selenium.dev/documentation/webdriver/troubleshooting/errors#nosuchelementexception
Stacktrace:
#0 0x562ed2ec60fa <unknown>
#1 0x562ed289f939 <unknown>
#2 0x562ed28f4f52 <unknown>
#3 0x562ed28f51a1 <unknown>
#4 0x562ed28e9e96 <unknown>
#5 0x562ed28e9d77 <unknown>
#6 0x562ed293d30d <unknown>
#7 0x562ed28e849f <unknown>
#8 0x562ed28e9301 <unknown>
#9 0x562ed2e8c167 <unknown>
#10 0x562ed2e8a948 <unknown>
#11 0x562ed2e75dc6 <unknown>
#12 0x562ed2e8b50a <unknown>
#13 0x562ed2e5de70 <unknown>
#14 0x562ed2eb1c38 <unknown>
#15 0x562ed2eb1dd5 <unknown>
#16 0x562ed2ec4cae <unknown>
#17 0x7fc858c9caa4 <unknown>
#18 0x7fc858d29c6c <unknown>

2026-07-14 01:10:03 - INFO - Fetching BUY listings for USDT/EUR
2026-07-14 01:10:04 - INFO - Data successfully saved to SQLite database. New listings - Bybit: 3, Binance: 6
2026-07-14 01:10:04 - INFO - Browser session closed
2026-07-14 01:10:04 - INFO - SQLite database connection closed
