2026-08-13 12:41:13 - INFO - Logging initialized. Log file: pb2b/logs/bybit_scraper_20260813.log
2026-08-13 12:41:15 - INFO - DataSaver logging initialized. Log file: pb2b/logs/data_saver_20260813.log
2026-08-13 12:41:15 - INFO - Connected to SQLite database: pb2b/p2p_listings.db
2026-08-13 12:41:15 - INFO - Database tables created successfully
2026-08-13 12:41:15 - INFO - Attempt 1/10: Loading https://www.bybit.com/fiat/trade/otc?actionType=1&token=USDT&fiat=NGN
2026-08-13 12:41:23 - INFO - Screenshot saved as 'pb2b/screenshots/bybit_page_20260813_124123.png'
2026-08-13 12:41:24 - INFO - Fetching BUY listings for USDT/EUR
2026-08-13 12:41:25 - INFO - Data successfully saved to SQLite database. New listings - Bybit: 5, Binance: 6
2026-08-13 12:41:26 - INFO - Browser session closed
2026-08-13 12:41:26 - INFO - SQLite database connection closed
2026-08-13 14:15:08 - INFO - Logging initialized. Log file: pb2b/logs/bybit_scraper_20260813.log
2026-08-13 14:15:09 - INFO - DataSaver logging initialized. Log file: pb2b/logs/data_saver_20260813.log
2026-08-13 14:15:09 - INFO - Connected to SQLite database: pb2b/p2p_listings.db
2026-08-13 14:15:09 - INFO - Database tables created successfully
2026-08-13 14:15:09 - INFO - Attempt 1/10: Loading https://www.bybit.com/fiat/trade/otc?actionType=1&token=USDT&fiat=NGN
2026-08-13 14:15:18 - INFO - Screenshot saved as 'pb2b/screenshots/bybit_page_20260813_141517.png'
2026-08-13 14:15:19 - INFO - Fetching BUY listings for USDT/EUR
2026-08-13 14:15:23 - INFO - Data successfully saved to SQLite database. New listings - Bybit: 4, Binance: 6
2026-08-13 14:15:23 - INFO - Browser session closed
2026-08-13 14:15:23 - INFO - SQLite database connection closed
2026-08-13 16:03:56 - INFO - Logging initialized. Log file: pb2b/logs/bybit_scraper_20260813.log
2026-08-13 16:03:56 - INFO - DataSaver logging initialized. Log file: pb2b/logs/data_saver_20260813.log
2026-08-13 16:03:56 - INFO - Connected to SQLite database: pb2b/p2p_listings.db
2026-08-13 16:03:56 - INFO - Database tables created successfully
2026-08-13 16:03:56 - INFO - Attempt 1/10: Loading https://www.bybit.com/fiat/trade/otc?actionType=1&token=USDT&fiat=NGN
2026-08-13 16:04:05 - INFO - Screenshot saved as 'pb2b/screenshots/bybit_page_20260813_160405.png'
2026-08-13 16:04:06 - INFO - Fetching BUY listings for USDT/EUR
2026-08-13 16:04:07 - INFO - Data successfully saved to SQLite database. New listings - Bybit: 5, Binance: 6
2026-08-13 16:04:07 - INFO - Browser session closed
2026-08-13 16:04:07 - INFO - SQLite database connection closed
