2026-06-11 01:39:42 - INFO - Logging initialized. Log file: pb2b/logs/bybit_scraper_20260611.log
2026-06-11 01:39:42 - INFO - DataSaver logging initialized. Log file: pb2b/logs/data_saver_20260611.log
2026-06-11 01:39:42 - INFO - Connected to SQLite database: pb2b/p2p_listings.db
2026-06-11 01:39:42 - INFO - Database tables created successfully
2026-06-11 01:39:42 - INFO - Attempt 1/10: Loading https://www.bybit.com/fiat/trade/otc?actionType=1&token=USDT&fiat=NGN
2026-06-11 01:39:50 - INFO - Screenshot saved as 'pb2b/screenshots/bybit_page_20260611_013949.png'
2026-06-11 01:39:50 - INFO - Fetching BUY listings for USDT/EUR
2026-06-11 01:39:51 - INFO - Data successfully saved to SQLite database. New listings - Bybit: 5, Binance: 6
2026-06-11 01:39:51 - INFO - Browser session closed
2026-06-11 01:39:51 - INFO - SQLite database connection closed
2026-06-11 15:09:20 - INFO - Logging initialized. Log file: pb2b/logs/bybit_scraper_20260611.log
2026-06-11 15:09:21 - INFO - DataSaver logging initialized. Log file: pb2b/logs/data_saver_20260611.log
2026-06-11 15:09:21 - INFO - Connected to SQLite database: pb2b/p2p_listings.db
2026-06-11 15:09:21 - INFO - Database tables created successfully
2026-06-11 15:09:21 - INFO - Attempt 1/10: Loading https://www.bybit.com/fiat/trade/otc?actionType=1&token=USDT&fiat=NGN
2026-06-11 15:09:29 - INFO - Screenshot saved as 'pb2b/screenshots/bybit_page_20260611_150929.png'
2026-06-11 15:09:30 - INFO - Fetching BUY listings for USDT/EUR
2026-06-11 15:09:30 - INFO - Data successfully saved to SQLite database. New listings - Bybit: 5, Binance: 6
2026-06-11 15:09:30 - INFO - Browser session closed
2026-06-11 15:09:30 - INFO - SQLite database connection closed
2026-06-11 18:42:51 - INFO - Logging initialized. Log file: pb2b/logs/bybit_scraper_20260611.log
2026-06-11 18:42:52 - INFO - DataSaver logging initialized. Log file: pb2b/logs/data_saver_20260611.log
2026-06-11 18:42:52 - INFO - Connected to SQLite database: pb2b/p2p_listings.db
2026-06-11 18:42:52 - INFO - Database tables created successfully
2026-06-11 18:42:52 - INFO - Attempt 1/10: Loading https://www.bybit.com/fiat/trade/otc?actionType=1&token=USDT&fiat=NGN
2026-06-11 18:43:00 - INFO - Screenshot saved as 'pb2b/screenshots/bybit_page_20260611_184259.png'
2026-06-11 18:43:00 - INFO - Fetching BUY listings for USDT/EUR
2026-06-11 18:43:01 - INFO - Data successfully saved to SQLite database. New listings - Bybit: 5, Binance: 6
2026-06-11 18:43:01 - INFO - Browser session closed
2026-06-11 18:43:01 - INFO - SQLite database connection closed
2026-06-11 20:47:54 - INFO - Logging initialized. Log file: pb2b/logs/bybit_scraper_20260611.log
2026-06-11 20:47:56 - INFO - DataSaver logging initialized. Log file: pb2b/logs/data_saver_20260611.log
2026-06-11 20:47:56 - INFO - Connected to SQLite database: pb2b/p2p_listings.db
2026-06-11 20:47:56 - INFO - Database tables created successfully
2026-06-11 20:47:56 - INFO - Attempt 1/10: Loading https://www.bybit.com/fiat/trade/otc?actionType=1&token=USDT&fiat=NGN
2026-06-11 20:48:05 - INFO - Screenshot saved as 'pb2b/screenshots/bybit_page_20260611_204805.png'
2026-06-11 20:48:06 - INFO - Fetching BUY listings for USDT/EUR
2026-06-11 20:48:06 - INFO - Data successfully saved to SQLite database. New listings - Bybit: 5, Binance: 6
2026-06-11 20:48:07 - INFO - Browser session closed
2026-06-11 20:48:07 - INFO - SQLite database connection closed
