2026-07-27 00:22:59 - INFO - Logging initialized. Log file: pb2b/logs/bybit_scraper_20260727.log
2026-07-27 00:23:00 - INFO - DataSaver logging initialized. Log file: pb2b/logs/data_saver_20260727.log
2026-07-27 00:23:00 - INFO - Connected to SQLite database: pb2b/p2p_listings.db
2026-07-27 00:23:00 - INFO - Database tables created successfully
2026-07-27 00:23:00 - INFO - Attempt 1/10: Loading https://www.bybit.com/fiat/trade/otc?actionType=1&token=USDT&fiat=NGN
2026-07-27 00:23:10 - INFO - Screenshot saved as 'pb2b/screenshots/bybit_page_20260727_002310.png'
2026-07-27 00:23:10 - WARNING - Error parsing row: Message: no such element: Unable to locate element: {"method":"css selector","selector":"td:nth-child(2)"}
  (Session info: chrome=150.0.7871.186); For documentation on this error, please visit: https://www.selenium.dev/documentation/webdriver/troubleshooting/errors#nosuchelementexception
Stacktrace:
#0 0x55771405544a <unknown>
#1 0x557713a2d8c9 <unknown>
#2 0x557713a82f32 <unknown>
#3 0x557713a83181 <unknown>
#4 0x557713a77df6 <unknown>
#5 0x557713a77cd7 <unknown>
#6 0x557713acb55d <unknown>
#7 0x557713a763ff <unknown>
#8 0x557713a77261 <unknown>
#9 0x55771401acc7 <unknown>
#10 0x5577140194a8 <unknown>
#11 0x557714004196 <unknown>
#12 0x55771401a06a <unknown>
#13 0x557713fec020 <unknown>
#14 0x557714040b98 <unknown>
#15 0x557714040d35 <unknown>
#16 0x557714053ffe <unknown>
#17 0x7f6cc249caa4 <unknown>
#18 0x7f6cc2529c6c <unknown>

2026-07-27 00:23:10 - INFO - Fetching BUY listings for USDT/EUR
2026-07-27 00:23:11 - INFO - Data successfully saved to SQLite database. New listings - Bybit: 3, Binance: 6
2026-07-27 00:23:11 - INFO - Browser session closed
2026-07-27 00:23:11 - INFO - SQLite database connection closed
2026-07-27 04:16:29 - INFO - Logging initialized. Log file: pb2b/logs/bybit_scraper_20260727.log
2026-07-27 04:16:31 - INFO - DataSaver logging initialized. Log file: pb2b/logs/data_saver_20260727.log
2026-07-27 04:16:31 - INFO - Connected to SQLite database: pb2b/p2p_listings.db
2026-07-27 04:16:31 - INFO - Database tables created successfully
2026-07-27 04:16:31 - INFO - Attempt 1/10: Loading https://www.bybit.com/fiat/trade/otc?actionType=1&token=USDT&fiat=NGN
2026-07-27 04:16:40 - INFO - Screenshot saved as 'pb2b/screenshots/bybit_page_20260727_041640.png'
2026-07-27 04:16:40 - WARNING - Error parsing row: Message: no such element: Unable to locate element: {"method":"css selector","selector":"td:nth-child(2)"}
  (Session info: chrome=150.0.7871.186); For documentation on this error, please visit: https://www.selenium.dev/documentation/webdriver/troubleshooting/errors#nosuchelementexception
Stacktrace:
#0 0x55c15518844a <unknown>
#1 0x55c154b608c9 <unknown>
#2 0x55c154bb5f32 <unknown>
#3 0x55c154bb6181 <unknown>
#4 0x55c154baadf6 <unknown>
#5 0x55c154baacd7 <unknown>
#6 0x55c154bfe55d <unknown>
#7 0x55c154ba93ff <unknown>
#8 0x55c154baa261 <unknown>
#9 0x55c15514dcc7 <unknown>
#10 0x55c15514c4a8 <unknown>
#11 0x55c155137196 <unknown>
#12 0x55c15514d06a <unknown>
#13 0x55c15511f020 <unknown>
#14 0x55c155173b98 <unknown>
#15 0x55c155173d35 <unknown>
#16 0x55c155186ffe <unknown>
#17 0x7fb95c09caa4 <unknown>
#18 0x7fb95c129c6c <unknown>

2026-07-27 04:16:40 - INFO - Fetching BUY listings for USDT/EUR
2026-07-27 04:16:41 - INFO - Data successfully saved to SQLite database. New listings - Bybit: 3, Binance: 6
2026-07-27 04:16:41 - INFO - Browser session closed
2026-07-27 04:16:41 - INFO - SQLite database connection closed
2026-07-27 07:58:16 - INFO - Logging initialized. Log file: pb2b/logs/bybit_scraper_20260727.log
2026-07-27 07:58:16 - WARNING - Exception managing chrome: error sending request for url (https://googlechromelabs.github.io/chrome-for-testing/known-good-versions-with-downloads.json)
2026-07-27 07:58:18 - INFO - DataSaver logging initialized. Log file: pb2b/logs/data_saver_20260727.log
2026-07-27 07:58:18 - INFO - Connected to SQLite database: pb2b/p2p_listings.db
2026-07-27 07:58:18 - INFO - Database tables created successfully
2026-07-27 07:58:18 - INFO - Attempt 1/10: Loading https://www.bybit.com/fiat/trade/otc?actionType=1&token=USDT&fiat=NGN
2026-07-27 07:58:27 - INFO - Screenshot saved as 'pb2b/screenshots/bybit_page_20260727_075826.png'
2026-07-27 07:58:27 - WARNING - Error parsing row: Message: no such element: Unable to locate element: {"method":"css selector","selector":"td:nth-child(2)"}
  (Session info: chrome=150.0.7871.186); For documentation on this error, please visit: https://www.selenium.dev/documentation/webdriver/troubleshooting/errors#nosuchelementexception
Stacktrace:
#0 0x55c54dee844a <unknown>
#1 0x55c54d8c08c9 <unknown>
#2 0x55c54d915f32 <unknown>
#3 0x55c54d916181 <unknown>
#4 0x55c54d90adf6 <unknown>
#5 0x55c54d90acd7 <unknown>
#6 0x55c54d95e55d <unknown>
#7 0x55c54d9093ff <unknown>
#8 0x55c54d90a261 <unknown>
#9 0x55c54deadcc7 <unknown>
#10 0x55c54deac4a8 <unknown>
#11 0x55c54de97196 <unknown>
#12 0x55c54dead06a <unknown>
#13 0x55c54de7f020 <unknown>
#14 0x55c54ded3b98 <unknown>
#15 0x55c54ded3d35 <unknown>
#16 0x55c54dee6ffe <unknown>
#17 0x7f4763a9caa4 <unknown>
#18 0x7f4763b29c6c <unknown>

2026-07-27 07:58:27 - INFO - Fetching BUY listings for USDT/EUR
2026-07-27 07:58:28 - INFO - Data successfully saved to SQLite database. New listings - Bybit: 3, Binance: 6
2026-07-27 07:58:28 - INFO - Browser session closed
2026-07-27 07:58:28 - INFO - SQLite database connection closed
2026-07-27 11:31:09 - INFO - Logging initialized. Log file: pb2b/logs/bybit_scraper_20260727.log
2026-07-27 11:31:10 - INFO - DataSaver logging initialized. Log file: pb2b/logs/data_saver_20260727.log
2026-07-27 11:31:10 - INFO - Connected to SQLite database: pb2b/p2p_listings.db
2026-07-27 11:31:10 - INFO - Database tables created successfully
2026-07-27 11:31:10 - INFO - Attempt 1/10: Loading https://www.bybit.com/fiat/trade/otc?actionType=1&token=USDT&fiat=NGN
2026-07-27 11:31:20 - INFO - Screenshot saved as 'pb2b/screenshots/bybit_page_20260727_113120.png'
2026-07-27 11:31:20 - WARNING - Error parsing row: Message: no such element: Unable to locate element: {"method":"css selector","selector":"td:nth-child(2)"}
  (Session info: chrome=150.0.7871.186); For documentation on this error, please visit: https://www.selenium.dev/documentation/webdriver/troubleshooting/errors#nosuchelementexception
Stacktrace:
#0 0x56058308744a <unknown>
#1 0x560582a5f8c9 <unknown>
#2 0x560582ab4f32 <unknown>
#3 0x560582ab5181 <unknown>
#4 0x560582aa9df6 <unknown>
#5 0x560582aa9cd7 <unknown>
#6 0x560582afd55d <unknown>
#7 0x560582aa83ff <unknown>
#8 0x560582aa9261 <unknown>
#9 0x56058304ccc7 <unknown>
#10 0x56058304b4a8 <unknown>
#11 0x560583036196 <unknown>
#12 0x56058304c06a <unknown>
#13 0x56058301e020 <unknown>
#14 0x560583072b98 <unknown>
#15 0x560583072d35 <unknown>
#16 0x560583085ffe <unknown>
#17 0x7f4b9629caa4 <unknown>
#18 0x7f4b96329c6c <unknown>

2026-07-27 11:31:21 - INFO - Fetching BUY listings for USDT/EUR
2026-07-27 11:31:21 - INFO - Data successfully saved to SQLite database. New listings - Bybit: 3, Binance: 6
2026-07-27 11:31:22 - INFO - Browser session closed
2026-07-27 11:31:22 - INFO - SQLite database connection closed
