2026-07-16 00:19:30 - INFO - Logging initialized. Log file: pb2b/logs/bybit_scraper_20260716.log
2026-07-16 00:19:31 - INFO - DataSaver logging initialized. Log file: pb2b/logs/data_saver_20260716.log
2026-07-16 00:19:31 - INFO - Connected to SQLite database: pb2b/p2p_listings.db
2026-07-16 00:19:31 - INFO - Database tables created successfully
2026-07-16 00:19:31 - INFO - Attempt 1/10: Loading https://www.bybit.com/fiat/trade/otc?actionType=1&token=USDT&fiat=NGN
2026-07-16 00:19:39 - INFO - Screenshot saved as 'pb2b/screenshots/bybit_page_20260716_001939.png'
2026-07-16 00:19:39 - WARNING - Error parsing row: Message: no such element: Unable to locate element: {"method":"css selector","selector":"td:nth-child(2)"}
  (Session info: chrome=150.0.7871.124); For documentation on this error, please visit: https://www.selenium.dev/documentation/webdriver/troubleshooting/errors#nosuchelementexception
Stacktrace:
#0 0x55a341f1e0fa <unknown>
#1 0x55a3418f7939 <unknown>
#2 0x55a34194cf52 <unknown>
#3 0x55a34194d1a1 <unknown>
#4 0x55a341941e96 <unknown>
#5 0x55a341941d77 <unknown>
#6 0x55a34199530d <unknown>
#7 0x55a34194049f <unknown>
#8 0x55a341941301 <unknown>
#9 0x55a341ee4167 <unknown>
#10 0x55a341ee2948 <unknown>
#11 0x55a341ecddc6 <unknown>
#12 0x55a341ee350a <unknown>
#13 0x55a341eb5e70 <unknown>
#14 0x55a341f09c38 <unknown>
#15 0x55a341f09dd5 <unknown>
#16 0x55a341f1ccae <unknown>
#17 0x7f9ddc09caa4 <unknown>
#18 0x7f9ddc129c6c <unknown>

2026-07-16 00:19:40 - INFO - Fetching BUY listings for USDT/EUR
2026-07-16 00:19:40 - INFO - Data successfully saved to SQLite database. New listings - Bybit: 3, Binance: 6
2026-07-16 00:19:40 - INFO - Browser session closed
2026-07-16 00:19:40 - INFO - SQLite database connection closed
2026-07-16 03:49:19 - INFO - Logging initialized. Log file: pb2b/logs/bybit_scraper_20260716.log
2026-07-16 03:49:22 - INFO - DataSaver logging initialized. Log file: pb2b/logs/data_saver_20260716.log
2026-07-16 03:49:22 - INFO - Connected to SQLite database: pb2b/p2p_listings.db
2026-07-16 03:49:22 - INFO - Database tables created successfully
2026-07-16 03:49:22 - INFO - Attempt 1/10: Loading https://www.bybit.com/fiat/trade/otc?actionType=1&token=USDT&fiat=NGN
2026-07-16 03:49:33 - INFO - Screenshot saved as 'pb2b/screenshots/bybit_page_20260716_034933.png'
2026-07-16 03:49:33 - WARNING - Error parsing row: Message: no such element: Unable to locate element: {"method":"css selector","selector":"td:nth-child(2)"}
  (Session info: chrome=150.0.7871.124); For documentation on this error, please visit: https://www.selenium.dev/documentation/webdriver/troubleshooting/errors#nosuchelementexception
Stacktrace:
#0 0x559d87e0a41a <unknown>
#1 0x559d877e2689 <unknown>
#2 0x559d87837cff <unknown>
#3 0x559d87837f51 <unknown>
#4 0x559d8782cbc6 <unknown>
#5 0x559d8782caa7 <unknown>
#6 0x559d87880329 <unknown>
#7 0x559d8782b1df <unknown>
#8 0x559d8782c031 <unknown>
#9 0x559d87dcfbd7 <unknown>
#10 0x559d87dce3a8 <unknown>
#11 0x559d87db9076 <unknown>
#12 0x559d87dcef7a <unknown>
#13 0x559d87da0f70 <unknown>
#14 0x559d87df5c38 <unknown>
#15 0x559d87df5dd5 <unknown>
#16 0x559d87e08fce <unknown>
#17 0x7f526989caa4 <unknown>
#18 0x7f5269929c6c <unknown>

2026-07-16 03:49:33 - INFO - Fetching BUY listings for USDT/EUR
2026-07-16 03:49:34 - INFO - Data successfully saved to SQLite database. New listings - Bybit: 3, Binance: 6
2026-07-16 03:49:34 - INFO - Browser session closed
2026-07-16 03:49:34 - INFO - SQLite database connection closed
