2026-06-20 00:26:01 - INFO - Logging initialized. Log file: pb2b/logs/bybit_scraper_20260620.log
2026-06-20 00:26:02 - INFO - DataSaver logging initialized. Log file: pb2b/logs/data_saver_20260620.log
2026-06-20 00:26:02 - INFO - Connected to SQLite database: pb2b/p2p_listings.db
2026-06-20 00:26:02 - INFO - Database tables created successfully
2026-06-20 00:26:02 - INFO - Attempt 1/10: Loading https://www.bybit.com/fiat/trade/otc?actionType=1&token=USDT&fiat=NGN
2026-06-20 00:26:11 - INFO - Screenshot saved as 'pb2b/screenshots/bybit_page_20260620_002611.png'
2026-06-20 00:26:11 - INFO - Fetching BUY listings for USDT/EUR
2026-06-20 00:26:11 - INFO - Data successfully saved to SQLite database. New listings - Bybit: 0, Binance: 6
2026-06-20 00:26:11 - INFO - Browser session closed
2026-06-20 00:26:11 - INFO - SQLite database connection closed
2026-06-20 04:54:48 - INFO - Logging initialized. Log file: pb2b/logs/bybit_scraper_20260620.log
2026-06-20 04:54:49 - INFO - DataSaver logging initialized. Log file: pb2b/logs/data_saver_20260620.log
2026-06-20 04:54:49 - INFO - Connected to SQLite database: pb2b/p2p_listings.db
2026-06-20 04:54:49 - INFO - Database tables created successfully
2026-06-20 04:54:49 - INFO - Attempt 1/10: Loading https://www.bybit.com/fiat/trade/otc?actionType=1&token=USDT&fiat=NGN
2026-06-20 04:54:57 - INFO - Screenshot saved as 'pb2b/screenshots/bybit_page_20260620_045457.png'
2026-06-20 04:54:58 - INFO - Fetching BUY listings for USDT/EUR
2026-06-20 04:54:58 - INFO - Data successfully saved to SQLite database. New listings - Bybit: 5, Binance: 6
2026-06-20 04:54:58 - INFO - Browser session closed
2026-06-20 04:54:58 - INFO - SQLite database connection closed
2026-06-20 08:22:13 - INFO - Logging initialized. Log file: pb2b/logs/bybit_scraper_20260620.log
2026-06-20 08:22:15 - INFO - DataSaver logging initialized. Log file: pb2b/logs/data_saver_20260620.log
2026-06-20 08:22:15 - INFO - Connected to SQLite database: pb2b/p2p_listings.db
2026-06-20 08:22:15 - INFO - Database tables created successfully
2026-06-20 08:22:15 - INFO - Attempt 1/10: Loading https://www.bybit.com/fiat/trade/otc?actionType=1&token=USDT&fiat=NGN
2026-06-20 08:22:24 - INFO - Screenshot saved as 'pb2b/screenshots/bybit_page_20260620_082224.png'
2026-06-20 08:22:24 - INFO - Fetching BUY listings for USDT/EUR
2026-06-20 08:22:25 - INFO - Data successfully saved to SQLite database. New listings - Bybit: 0, Binance: 6
2026-06-20 08:22:25 - INFO - Browser session closed
2026-06-20 08:22:25 - INFO - SQLite database connection closed
2026-06-20 10:49:15 - INFO - Logging initialized. Log file: pb2b/logs/bybit_scraper_20260620.log
2026-06-20 10:49:16 - INFO - DataSaver logging initialized. Log file: pb2b/logs/data_saver_20260620.log
2026-06-20 10:49:16 - INFO - Connected to SQLite database: pb2b/p2p_listings.db
2026-06-20 10:49:16 - INFO - Database tables created successfully
2026-06-20 10:49:16 - INFO - Attempt 1/10: Loading https://www.bybit.com/fiat/trade/otc?actionType=1&token=USDT&fiat=NGN
2026-06-20 10:49:24 - INFO - Screenshot saved as 'pb2b/screenshots/bybit_page_20260620_104924.png'
2026-06-20 10:49:25 - INFO - Fetching BUY listings for USDT/EUR
2026-06-20 10:49:26 - INFO - Data successfully saved to SQLite database. New listings - Bybit: 5, Binance: 6
2026-06-20 10:49:26 - INFO - Browser session closed
2026-06-20 10:49:26 - INFO - SQLite database connection closed
2026-06-20 12:27:32 - INFO - Logging initialized. Log file: pb2b/logs/bybit_scraper_20260620.log
2026-06-20 12:27:34 - INFO - DataSaver logging initialized. Log file: pb2b/logs/data_saver_20260620.log
2026-06-20 12:27:34 - INFO - Connected to SQLite database: pb2b/p2p_listings.db
2026-06-20 12:27:34 - INFO - Database tables created successfully
2026-06-20 12:27:34 - INFO - Attempt 1/10: Loading https://www.bybit.com/fiat/trade/otc?actionType=1&token=USDT&fiat=NGN
2026-06-20 12:27:43 - INFO - Screenshot saved as 'pb2b/screenshots/bybit_page_20260620_122743.png'
2026-06-20 12:27:44 - INFO - Fetching BUY listings for USDT/EUR
2026-06-20 12:27:44 - INFO - Data successfully saved to SQLite database. New listings - Bybit: 5, Binance: 6
2026-06-20 12:27:44 - INFO - Browser session closed
2026-06-20 12:27:44 - INFO - SQLite database connection closed
2026-06-20 14:45:29 - INFO - Logging initialized. Log file: pb2b/logs/bybit_scraper_20260620.log
2026-06-20 14:45:32 - INFO - DataSaver logging initialized. Log file: pb2b/logs/data_saver_20260620.log
2026-06-20 14:45:32 - INFO - Connected to SQLite database: pb2b/p2p_listings.db
2026-06-20 14:45:32 - INFO - Database tables created successfully
2026-06-20 14:45:32 - INFO - Attempt 1/10: Loading https://www.bybit.com/fiat/trade/otc?actionType=1&token=USDT&fiat=NGN
2026-06-20 14:45:41 - INFO - Screenshot saved as 'pb2b/screenshots/bybit_page_20260620_144541.png'
2026-06-20 14:45:41 - INFO - Fetching BUY listings for USDT/EUR
2026-06-20 14:45:42 - INFO - Data successfully saved to SQLite database. New listings - Bybit: 0, Binance: 6
2026-06-20 14:45:42 - INFO - Browser session closed
2026-06-20 14:45:42 - INFO - SQLite database connection closed
2026-06-20 16:13:47 - INFO - Logging initialized. Log file: pb2b/logs/bybit_scraper_20260620.log
2026-06-20 16:13:48 - INFO - DataSaver logging initialized. Log file: pb2b/logs/data_saver_20260620.log
2026-06-20 16:13:48 - INFO - Connected to SQLite database: pb2b/p2p_listings.db
2026-06-20 16:13:48 - INFO - Database tables created successfully
2026-06-20 16:13:48 - INFO - Attempt 1/10: Loading https://www.bybit.com/fiat/trade/otc?actionType=1&token=USDT&fiat=NGN
2026-06-20 16:13:56 - INFO - Screenshot saved as 'pb2b/screenshots/bybit_page_20260620_161356.png'
2026-06-20 16:13:57 - INFO - Fetching BUY listings for USDT/EUR
2026-06-20 16:13:57 - INFO - Data successfully saved to SQLite database. New listings - Bybit: 5, Binance: 6
2026-06-20 16:13:57 - INFO - Browser session closed
2026-06-20 16:13:57 - INFO - SQLite database connection closed
2026-06-20 17:53:15 - INFO - Logging initialized. Log file: pb2b/logs/bybit_scraper_20260620.log
2026-06-20 17:53:16 - INFO - DataSaver logging initialized. Log file: pb2b/logs/data_saver_20260620.log
2026-06-20 17:53:16 - INFO - Connected to SQLite database: pb2b/p2p_listings.db
2026-06-20 17:53:16 - INFO - Database tables created successfully
2026-06-20 17:53:16 - INFO - Attempt 1/10: Loading https://www.bybit.com/fiat/trade/otc?actionType=1&token=USDT&fiat=NGN
2026-06-20 17:53:25 - INFO - Screenshot saved as 'pb2b/screenshots/bybit_page_20260620_175325.png'
2026-06-20 17:53:26 - INFO - Fetching BUY listings for USDT/EUR
2026-06-20 17:53:26 - INFO - Data successfully saved to SQLite database. New listings - Bybit: 5, Binance: 6
2026-06-20 17:53:26 - INFO - Browser session closed
2026-06-20 17:53:26 - INFO - SQLite database connection closed
2026-06-20 19:09:06 - INFO - Logging initialized. Log file: pb2b/logs/bybit_scraper_20260620.log
2026-06-20 19:09:07 - INFO - DataSaver logging initialized. Log file: pb2b/logs/data_saver_20260620.log
2026-06-20 19:09:07 - INFO - Connected to SQLite database: pb2b/p2p_listings.db
2026-06-20 19:09:07 - INFO - Database tables created successfully
2026-06-20 19:09:07 - INFO - Attempt 1/10: Loading https://www.bybit.com/fiat/trade/otc?actionType=1&token=USDT&fiat=NGN
2026-06-20 19:09:16 - INFO - Screenshot saved as 'pb2b/screenshots/bybit_page_20260620_190915.png'
2026-06-20 19:09:16 - INFO - Fetching BUY listings for USDT/EUR
2026-06-20 19:09:17 - INFO - Data successfully saved to SQLite database. New listings - Bybit: 5, Binance: 6
2026-06-20 19:09:17 - INFO - Browser session closed
2026-06-20 19:09:17 - INFO - SQLite database connection closed
