2026-07-15 01:05:56 - INFO - Logging initialized. Log file: pb2b/logs/bybit_scraper_20260715.log
2026-07-15 01:05:58 - INFO - DataSaver logging initialized. Log file: pb2b/logs/data_saver_20260715.log
2026-07-15 01:05:58 - INFO - Connected to SQLite database: pb2b/p2p_listings.db
2026-07-15 01:05:58 - INFO - Database tables created successfully
2026-07-15 01:05:58 - INFO - Attempt 1/10: Loading https://www.bybit.com/fiat/trade/otc?actionType=1&token=USDT&fiat=NGN
2026-07-15 01:06:07 - INFO - Screenshot saved as 'pb2b/screenshots/bybit_page_20260715_010606.png'
2026-07-15 01:06:07 - WARNING - Error parsing row: Message: no such element: Unable to locate element: {"method":"css selector","selector":"td:nth-child(2)"}
  (Session info: chrome=150.0.7871.124); For documentation on this error, please visit: https://www.selenium.dev/documentation/webdriver/troubleshooting/errors#nosuchelementexception
Stacktrace:
#0 0x5577fc3340fa <unknown>
#1 0x5577fbd0d939 <unknown>
#2 0x5577fbd62f52 <unknown>
#3 0x5577fbd631a1 <unknown>
#4 0x5577fbd57e96 <unknown>
#5 0x5577fbd57d77 <unknown>
#6 0x5577fbdab30d <unknown>
#7 0x5577fbd5649f <unknown>
#8 0x5577fbd57301 <unknown>
#9 0x5577fc2fa167 <unknown>
#10 0x5577fc2f8948 <unknown>
#11 0x5577fc2e3dc6 <unknown>
#12 0x5577fc2f950a <unknown>
#13 0x5577fc2cbe70 <unknown>
#14 0x5577fc31fc38 <unknown>
#15 0x5577fc31fdd5 <unknown>
#16 0x5577fc332cae <unknown>
#17 0x7f9a67e9caa4 <unknown>
#18 0x7f9a67f29c6c <unknown>

2026-07-15 01:06:07 - INFO - Fetching BUY listings for USDT/EUR
2026-07-15 01:06:08 - INFO - Data successfully saved to SQLite database. New listings - Bybit: 3, Binance: 6
2026-07-15 01:06:08 - INFO - Browser session closed
2026-07-15 01:06:08 - INFO - SQLite database connection closed
2026-07-15 04:23:08 - INFO - Logging initialized. Log file: pb2b/logs/bybit_scraper_20260715.log
2026-07-15 04:23:09 - INFO - DataSaver logging initialized. Log file: pb2b/logs/data_saver_20260715.log
2026-07-15 04:23:09 - INFO - Connected to SQLite database: pb2b/p2p_listings.db
2026-07-15 04:23:09 - INFO - Database tables created successfully
2026-07-15 04:23:09 - INFO - Attempt 1/10: Loading https://www.bybit.com/fiat/trade/otc?actionType=1&token=USDT&fiat=NGN
2026-07-15 04:23:18 - INFO - Screenshot saved as 'pb2b/screenshots/bybit_page_20260715_042318.png'
2026-07-15 04:23:18 - WARNING - Error parsing row: Message: no such element: Unable to locate element: {"method":"css selector","selector":"td:nth-child(2)"}
  (Session info: chrome=150.0.7871.124); For documentation on this error, please visit: https://www.selenium.dev/documentation/webdriver/troubleshooting/errors#nosuchelementexception
Stacktrace:
#0 0x55dc01a070fa <unknown>
#1 0x55dc013e0939 <unknown>
#2 0x55dc01435f52 <unknown>
#3 0x55dc014361a1 <unknown>
#4 0x55dc0142ae96 <unknown>
#5 0x55dc0142ad77 <unknown>
#6 0x55dc0147e30d <unknown>
#7 0x55dc0142949f <unknown>
#8 0x55dc0142a301 <unknown>
#9 0x55dc019cd167 <unknown>
#10 0x55dc019cb948 <unknown>
#11 0x55dc019b6dc6 <unknown>
#12 0x55dc019cc50a <unknown>
#13 0x55dc0199ee70 <unknown>
#14 0x55dc019f2c38 <unknown>
#15 0x55dc019f2dd5 <unknown>
#16 0x55dc01a05cae <unknown>
#17 0x7fa81b69caa4 <unknown>
#18 0x7fa81b729c6c <unknown>

2026-07-15 04:23:19 - INFO - Fetching BUY listings for USDT/EUR
2026-07-15 04:23:20 - INFO - Data successfully saved to SQLite database. New listings - Bybit: 3, Binance: 6
2026-07-15 04:23:20 - INFO - Browser session closed
2026-07-15 04:23:20 - INFO - SQLite database connection closed
2026-07-15 06:37:37 - INFO - Logging initialized. Log file: pb2b/logs/bybit_scraper_20260715.log
2026-07-15 06:37:38 - INFO - DataSaver logging initialized. Log file: pb2b/logs/data_saver_20260715.log
2026-07-15 06:37:38 - INFO - Connected to SQLite database: pb2b/p2p_listings.db
2026-07-15 06:37:38 - INFO - Database tables created successfully
2026-07-15 06:37:38 - INFO - Attempt 1/10: Loading https://www.bybit.com/fiat/trade/otc?actionType=1&token=USDT&fiat=NGN
2026-07-15 06:37:47 - INFO - Screenshot saved as 'pb2b/screenshots/bybit_page_20260715_063747.png'
2026-07-15 06:37:47 - WARNING - Error parsing row: Message: no such element: Unable to locate element: {"method":"css selector","selector":"td:nth-child(2)"}
  (Session info: chrome=150.0.7871.124); For documentation on this error, please visit: https://www.selenium.dev/documentation/webdriver/troubleshooting/errors#nosuchelementexception
Stacktrace:
#0 0x55711dc580fa <unknown>
#1 0x55711d631939 <unknown>
#2 0x55711d686f52 <unknown>
#3 0x55711d6871a1 <unknown>
#4 0x55711d67be96 <unknown>
#5 0x55711d67bd77 <unknown>
#6 0x55711d6cf30d <unknown>
#7 0x55711d67a49f <unknown>
#8 0x55711d67b301 <unknown>
#9 0x55711dc1e167 <unknown>
#10 0x55711dc1c948 <unknown>
#11 0x55711dc07dc6 <unknown>
#12 0x55711dc1d50a <unknown>
#13 0x55711dbefe70 <unknown>
#14 0x55711dc43c38 <unknown>
#15 0x55711dc43dd5 <unknown>
#16 0x55711dc56cae <unknown>
#17 0x7f3952e9caa4 <unknown>
#18 0x7f3952f29c6c <unknown>

2026-07-15 06:37:48 - INFO - Fetching BUY listings for USDT/EUR
2026-07-15 06:37:48 - INFO - Data successfully saved to SQLite database. New listings - Bybit: 3, Binance: 6
2026-07-15 06:37:48 - INFO - Browser session closed
2026-07-15 06:37:48 - INFO - SQLite database connection closed
2026-07-15 09:04:23 - INFO - Logging initialized. Log file: pb2b/logs/bybit_scraper_20260715.log
2026-07-15 09:04:25 - INFO - DataSaver logging initialized. Log file: pb2b/logs/data_saver_20260715.log
2026-07-15 09:04:25 - INFO - Connected to SQLite database: pb2b/p2p_listings.db
2026-07-15 09:04:25 - INFO - Database tables created successfully
2026-07-15 09:04:25 - INFO - Attempt 1/10: Loading https://www.bybit.com/fiat/trade/otc?actionType=1&token=USDT&fiat=NGN
2026-07-15 09:04:32 - INFO - Screenshot saved as 'pb2b/screenshots/bybit_page_20260715_090432.png'
2026-07-15 09:04:32 - WARNING - Error parsing row: Message: no such element: Unable to locate element: {"method":"css selector","selector":"td:nth-child(2)"}
  (Session info: chrome=150.0.7871.124); For documentation on this error, please visit: https://www.selenium.dev/documentation/webdriver/troubleshooting/errors#nosuchelementexception
Stacktrace:
#0 0x55df76de041a <unknown>
#1 0x55df767b8689 <unknown>
#2 0x55df7680dcff <unknown>
#3 0x55df7680df51 <unknown>
#4 0x55df76802bc6 <unknown>
#5 0x55df76802aa7 <unknown>
#6 0x55df76856329 <unknown>
#7 0x55df768011df <unknown>
#8 0x55df76802031 <unknown>
#9 0x55df76da5bd7 <unknown>
#10 0x55df76da43a8 <unknown>
#11 0x55df76d8f076 <unknown>
#12 0x55df76da4f7a <unknown>
#13 0x55df76d76f70 <unknown>
#14 0x55df76dcbc38 <unknown>
#15 0x55df76dcbdd5 <unknown>
#16 0x55df76ddefce <unknown>
#17 0x7f93f269caa4 <unknown>
#18 0x7f93f2729c6c <unknown>

2026-07-15 09:04:33 - INFO - Fetching BUY listings for USDT/EUR
2026-07-15 09:04:33 - INFO - Data successfully saved to SQLite database. New listings - Bybit: 3, Binance: 6
2026-07-15 09:04:33 - INFO - Browser session closed
2026-07-15 09:04:33 - INFO - SQLite database connection closed
2026-07-15 11:04:31 - INFO - Logging initialized. Log file: pb2b/logs/bybit_scraper_20260715.log
2026-07-15 11:04:32 - INFO - DataSaver logging initialized. Log file: pb2b/logs/data_saver_20260715.log
2026-07-15 11:04:32 - INFO - Connected to SQLite database: pb2b/p2p_listings.db
2026-07-15 11:04:32 - INFO - Database tables created successfully
2026-07-15 11:04:32 - INFO - Attempt 1/10: Loading https://www.bybit.com/fiat/trade/otc?actionType=1&token=USDT&fiat=NGN
2026-07-15 11:04:40 - INFO - Screenshot saved as 'pb2b/screenshots/bybit_page_20260715_110439.png'
2026-07-15 11:04:40 - WARNING - Error parsing row: Message: no such element: Unable to locate element: {"method":"css selector","selector":"td:nth-child(2)"}
  (Session info: chrome=150.0.7871.124); For documentation on this error, please visit: https://www.selenium.dev/documentation/webdriver/troubleshooting/errors#nosuchelementexception
Stacktrace:
#0 0x557b362a00fa <unknown>
#1 0x557b35c79939 <unknown>
#2 0x557b35ccef52 <unknown>
#3 0x557b35ccf1a1 <unknown>
#4 0x557b35cc3e96 <unknown>
#5 0x557b35cc3d77 <unknown>
#6 0x557b35d1730d <unknown>
#7 0x557b35cc249f <unknown>
#8 0x557b35cc3301 <unknown>
#9 0x557b36266167 <unknown>
#10 0x557b36264948 <unknown>
#11 0x557b3624fdc6 <unknown>
#12 0x557b3626550a <unknown>
#13 0x557b36237e70 <unknown>
#14 0x557b3628bc38 <unknown>
#15 0x557b3628bdd5 <unknown>
#16 0x557b3629ecae <unknown>
#17 0x7f019029caa4 <unknown>
#18 0x7f0190329c6c <unknown>

2026-07-15 11:04:40 - INFO - Fetching BUY listings for USDT/EUR
2026-07-15 11:04:41 - INFO - Data successfully saved to SQLite database. New listings - Bybit: 3, Binance: 6
2026-07-15 11:04:41 - INFO - Browser session closed
2026-07-15 11:04:41 - INFO - SQLite database connection closed
2026-07-15 12:27:58 - INFO - Logging initialized. Log file: pb2b/logs/bybit_scraper_20260715.log
2026-07-15 12:27:59 - INFO - DataSaver logging initialized. Log file: pb2b/logs/data_saver_20260715.log
2026-07-15 12:27:59 - INFO - Connected to SQLite database: pb2b/p2p_listings.db
2026-07-15 12:27:59 - INFO - Database tables created successfully
2026-07-15 12:27:59 - INFO - Attempt 1/10: Loading https://www.bybit.com/fiat/trade/otc?actionType=1&token=USDT&fiat=NGN
2026-07-15 12:28:07 - INFO - Screenshot saved as 'pb2b/screenshots/bybit_page_20260715_122807.png'
2026-07-15 12:28:07 - WARNING - Error parsing row: Message: no such element: Unable to locate element: {"method":"css selector","selector":"td:nth-child(2)"}
  (Session info: chrome=150.0.7871.124); For documentation on this error, please visit: https://www.selenium.dev/documentation/webdriver/troubleshooting/errors#nosuchelementexception
Stacktrace:
#0 0x55c784f5b0fa <unknown>
#1 0x55c784934939 <unknown>
#2 0x55c784989f52 <unknown>
#3 0x55c78498a1a1 <unknown>
#4 0x55c78497ee96 <unknown>
#5 0x55c78497ed77 <unknown>
#6 0x55c7849d230d <unknown>
#7 0x55c78497d49f <unknown>
#8 0x55c78497e301 <unknown>
#9 0x55c784f21167 <unknown>
#10 0x55c784f1f948 <unknown>
#11 0x55c784f0adc6 <unknown>
#12 0x55c784f2050a <unknown>
#13 0x55c784ef2e70 <unknown>
#14 0x55c784f46c38 <unknown>
#15 0x55c784f46dd5 <unknown>
#16 0x55c784f59cae <unknown>
#17 0x7fc1cc89caa4 <unknown>
#18 0x7fc1cc929c6c <unknown>

2026-07-15 12:28:07 - INFO - Fetching BUY listings for USDT/EUR
2026-07-15 12:28:08 - INFO - Data successfully saved to SQLite database. New listings - Bybit: 3, Binance: 6
2026-07-15 12:28:08 - INFO - Browser session closed
2026-07-15 12:28:08 - INFO - SQLite database connection closed
2026-07-15 14:25:02 - INFO - Logging initialized. Log file: pb2b/logs/bybit_scraper_20260715.log
2026-07-15 14:25:03 - INFO - DataSaver logging initialized. Log file: pb2b/logs/data_saver_20260715.log
2026-07-15 14:25:03 - INFO - Connected to SQLite database: pb2b/p2p_listings.db
2026-07-15 14:25:03 - INFO - Database tables created successfully
2026-07-15 14:25:03 - INFO - Attempt 1/10: Loading https://www.bybit.com/fiat/trade/otc?actionType=1&token=USDT&fiat=NGN
2026-07-15 14:25:11 - INFO - Screenshot saved as 'pb2b/screenshots/bybit_page_20260715_142510.png'
2026-07-15 14:25:11 - WARNING - Error parsing row: Message: no such element: Unable to locate element: {"method":"css selector","selector":"td:nth-child(2)"}
  (Session info: chrome=150.0.7871.124); For documentation on this error, please visit: https://www.selenium.dev/documentation/webdriver/troubleshooting/errors#nosuchelementexception
Stacktrace:
#0 0x555fbe0520fa <unknown>
#1 0x555fbda2b939 <unknown>
#2 0x555fbda80f52 <unknown>
#3 0x555fbda811a1 <unknown>
#4 0x555fbda75e96 <unknown>
#5 0x555fbda75d77 <unknown>
#6 0x555fbdac930d <unknown>
#7 0x555fbda7449f <unknown>
#8 0x555fbda75301 <unknown>
#9 0x555fbe018167 <unknown>
#10 0x555fbe016948 <unknown>
#11 0x555fbe001dc6 <unknown>
#12 0x555fbe01750a <unknown>
#13 0x555fbdfe9e70 <unknown>
#14 0x555fbe03dc38 <unknown>
#15 0x555fbe03ddd5 <unknown>
#16 0x555fbe050cae <unknown>
#17 0x7f0a1309caa4 <unknown>
#18 0x7f0a13129c6c <unknown>

2026-07-15 14:25:11 - INFO - Fetching BUY listings for USDT/EUR
2026-07-15 14:25:12 - INFO - Data successfully saved to SQLite database. New listings - Bybit: 3, Binance: 6
2026-07-15 14:25:12 - INFO - Browser session closed
2026-07-15 14:25:12 - INFO - SQLite database connection closed
2026-07-15 16:06:02 - INFO - Logging initialized. Log file: pb2b/logs/bybit_scraper_20260715.log
2026-07-15 16:06:03 - INFO - DataSaver logging initialized. Log file: pb2b/logs/data_saver_20260715.log
2026-07-15 16:06:03 - INFO - Connected to SQLite database: pb2b/p2p_listings.db
2026-07-15 16:06:03 - INFO - Database tables created successfully
2026-07-15 16:06:03 - INFO - Attempt 1/10: Loading https://www.bybit.com/fiat/trade/otc?actionType=1&token=USDT&fiat=NGN
2026-07-15 16:06:13 - INFO - Screenshot saved as 'pb2b/screenshots/bybit_page_20260715_160613.png'
2026-07-15 16:06:13 - WARNING - Error parsing row: Message: no such element: Unable to locate element: {"method":"css selector","selector":"td:nth-child(2)"}
  (Session info: chrome=150.0.7871.124); For documentation on this error, please visit: https://www.selenium.dev/documentation/webdriver/troubleshooting/errors#nosuchelementexception
Stacktrace:
#0 0x562c5462d41a <unknown>
#1 0x562c54005689 <unknown>
#2 0x562c5405acff <unknown>
#3 0x562c5405af51 <unknown>
#4 0x562c5404fbc6 <unknown>
#5 0x562c5404faa7 <unknown>
#6 0x562c540a3329 <unknown>
#7 0x562c5404e1df <unknown>
#8 0x562c5404f031 <unknown>
#9 0x562c545f2bd7 <unknown>
#10 0x562c545f13a8 <unknown>
#11 0x562c545dc076 <unknown>
#12 0x562c545f1f7a <unknown>
#13 0x562c545c3f70 <unknown>
#14 0x562c54618c38 <unknown>
#15 0x562c54618dd5 <unknown>
#16 0x562c5462bfce <unknown>
#17 0x7f3b15a9caa4 <unknown>
#18 0x7f3b15b29c6c <unknown>

2026-07-15 16:06:13 - INFO - Fetching BUY listings for USDT/EUR
2026-07-15 16:06:15 - INFO - Data successfully saved to SQLite database. New listings - Bybit: 3, Binance: 6
2026-07-15 16:06:15 - INFO - Browser session closed
2026-07-15 16:06:15 - INFO - SQLite database connection closed
