2026-07-20 02:19:09 - INFO - Logging initialized. Log file: pb2b/logs/bybit_scraper_20260720.log
2026-07-20 02:19:10 - INFO - DataSaver logging initialized. Log file: pb2b/logs/data_saver_20260720.log
2026-07-20 02:19:10 - INFO - Connected to SQLite database: pb2b/p2p_listings.db
2026-07-20 02:19:10 - INFO - Database tables created successfully
2026-07-20 02:19:10 - INFO - Attempt 1/10: Loading https://www.bybit.com/fiat/trade/otc?actionType=1&token=USDT&fiat=NGN
2026-07-20 02:19:20 - INFO - Screenshot saved as 'pb2b/screenshots/bybit_page_20260720_021920.png'
2026-07-20 02:19:20 - WARNING - Error parsing row: Message: no such element: Unable to locate element: {"method":"css selector","selector":"td:nth-child(2)"}
  (Session info: chrome=150.0.7871.128); For documentation on this error, please visit: https://www.selenium.dev/documentation/webdriver/troubleshooting/errors#nosuchelementexception
Stacktrace:
#0 0x5638400a441a <unknown>
#1 0x56383fa7c689 <unknown>
#2 0x56383fad1cff <unknown>
#3 0x56383fad1f51 <unknown>
#4 0x56383fac6bc6 <unknown>
#5 0x56383fac6aa7 <unknown>
#6 0x56383fb1a329 <unknown>
#7 0x56383fac51df <unknown>
#8 0x56383fac6031 <unknown>
#9 0x563840069bd7 <unknown>
#10 0x5638400683a8 <unknown>
#11 0x563840053076 <unknown>
#12 0x563840068f7a <unknown>
#13 0x56384003af70 <unknown>
#14 0x56384008fc38 <unknown>
#15 0x56384008fdd5 <unknown>
#16 0x5638400a2fce <unknown>
#17 0x7f17b7a9caa4 <unknown>
#18 0x7f17b7b29c6c <unknown>

2026-07-20 02:19:20 - INFO - Fetching BUY listings for USDT/EUR
2026-07-20 02:19:21 - INFO - Data successfully saved to SQLite database. New listings - Bybit: 3, Binance: 6
2026-07-20 02:19:21 - INFO - Browser session closed
2026-07-20 02:19:21 - INFO - SQLite database connection closed
