2026-10-04 00:50:26 - INFO - Logging initialized. Log file: pb2b/logs/bybit_scraper_20261004.log
2026-10-04 00:50:27 - INFO - DataSaver logging initialized. Log file: pb2b/logs/data_saver_20261004.log
2026-10-04 00:50:27 - INFO - Connected to SQLite database: pb2b/p2p_listings.db
2026-10-04 00:50:27 - INFO - Database tables created successfully
2026-10-04 00:50:27 - INFO - Attempt 1/10: Loading https://www.bybit.com/fiat/trade/otc?actionType=1&token=USDT&fiat=NGN
2026-10-04 00:50:35 - INFO - Screenshot saved as 'pb2b/screenshots/bybit_page_20261004_005035.png'
2026-10-04 00:50:35 - WARNING - Error parsing row: Message: no such element: Unable to locate element: {"method":"css selector","selector":"td:nth-child(2)"}
  (Session info: chrome=154.0.8037.97); For documentation on this error, please visit: https://www.selenium.dev/documentation/webdriver/troubleshooting/errors#nosuchelementexception
Stacktrace:
#0 0x5612772b2e3a <unknown>
#1 0x561276bdce69 <unknown>
#2 0x561276c339ec <unknown>
#3 0x561276c33c61 <unknown>
#4 0x561276c280a6 <unknown>
#5 0x561276c27f87 <unknown>
#6 0x561276c7d7af <unknown>
#7 0x561276c26748 <unknown>
#8 0x561276c27511 <unknown>
#9 0x5612772753c5 <unknown>
#10 0x561277273bd5 <unknown>
#11 0x56127725ec55 <unknown>
#12 0x56127727482a <unknown>
#13 0x561277247329 <unknown>
#14 0x56127729d248 <unknown>
#15 0x56127729d3e5 <unknown>
#16 0x5612772b1783 <unknown>
#17 0x7f3ece09cb84 <unknown>
#18 0x7f3ece129ecc <unknown>

2026-10-04 00:50:35 - INFO - Fetching BUY listings for USDT/EUR
2026-10-04 00:50:36 - INFO - Data successfully saved to SQLite database. New listings - Bybit: 3, Binance: 6
2026-10-04 00:50:36 - INFO - Browser session closed
2026-10-04 00:50:36 - INFO - SQLite database connection closed
2026-10-04 06:33:51 - INFO - Logging initialized. Log file: pb2b/logs/bybit_scraper_20261004.log
2026-10-04 06:33:52 - INFO - DataSaver logging initialized. Log file: pb2b/logs/data_saver_20261004.log
2026-10-04 06:33:52 - INFO - Connected to SQLite database: pb2b/p2p_listings.db
2026-10-04 06:33:52 - INFO - Database tables created successfully
2026-10-04 06:33:52 - INFO - Attempt 1/10: Loading https://www.bybit.com/fiat/trade/otc?actionType=1&token=USDT&fiat=NGN
2026-10-04 06:34:01 - INFO - Screenshot saved as 'pb2b/screenshots/bybit_page_20261004_063401.png'
2026-10-04 06:34:01 - WARNING - Error parsing row: Message: no such element: Unable to locate element: {"method":"css selector","selector":"td:nth-child(2)"}
  (Session info: chrome=154.0.8037.97); For documentation on this error, please visit: https://www.selenium.dev/documentation/webdriver/troubleshooting/errors#nosuchelementexception
Stacktrace:
#0 0x5638dfa7ee3a <unknown>
#1 0x5638df3a8e69 <unknown>
#2 0x5638df3ff9ec <unknown>
#3 0x5638df3ffc61 <unknown>
#4 0x5638df3f40a6 <unknown>
#5 0x5638df3f3f87 <unknown>
#6 0x5638df4497af <unknown>
#7 0x5638df3f2748 <unknown>
#8 0x5638df3f3511 <unknown>
#9 0x5638dfa413c5 <unknown>
#10 0x5638dfa3fbd5 <unknown>
#11 0x5638dfa2ac55 <unknown>
#12 0x5638dfa4082a <unknown>
#13 0x5638dfa13329 <unknown>
#14 0x5638dfa69248 <unknown>
#15 0x5638dfa693e5 <unknown>
#16 0x5638dfa7d783 <unknown>
#17 0x7feea109cb84 <unknown>
#18 0x7feea1129ecc <unknown>

2026-10-04 06:34:02 - INFO - Fetching BUY listings for USDT/EUR
2026-10-04 06:34:02 - INFO - Data successfully saved to SQLite database. New listings - Bybit: 2, Binance: 6
2026-10-04 06:34:02 - INFO - Browser session closed
2026-10-04 06:34:02 - INFO - SQLite database connection closed
2026-10-04 12:54:54 - INFO - Logging initialized. Log file: pb2b/logs/bybit_scraper_20261004.log
2026-10-04 12:54:55 - INFO - DataSaver logging initialized. Log file: pb2b/logs/data_saver_20261004.log
2026-10-04 12:54:55 - INFO - Connected to SQLite database: pb2b/p2p_listings.db
2026-10-04 12:54:55 - INFO - Database tables created successfully
2026-10-04 12:54:55 - INFO - Attempt 1/10: Loading https://www.bybit.com/fiat/trade/otc?actionType=1&token=USDT&fiat=NGN
2026-10-04 12:55:03 - INFO - Screenshot saved as 'pb2b/screenshots/bybit_page_20261004_125503.png'
2026-10-04 12:55:03 - WARNING - Error parsing row: Message: no such element: Unable to locate element: {"method":"css selector","selector":"td:nth-child(2)"}
  (Session info: chrome=154.0.8037.97); For documentation on this error, please visit: https://www.selenium.dev/documentation/webdriver/troubleshooting/errors#nosuchelementexception
Stacktrace:
#0 0x55ec7f5c4e3a <unknown>
#1 0x55ec7eeeee69 <unknown>
#2 0x55ec7ef459ec <unknown>
#3 0x55ec7ef45c61 <unknown>
#4 0x55ec7ef3a0a6 <unknown>
#5 0x55ec7ef39f87 <unknown>
#6 0x55ec7ef8f7af <unknown>
#7 0x55ec7ef38748 <unknown>
#8 0x55ec7ef39511 <unknown>
#9 0x55ec7f5873c5 <unknown>
#10 0x55ec7f585bd5 <unknown>
#11 0x55ec7f570c55 <unknown>
#12 0x55ec7f58682a <unknown>
#13 0x55ec7f559329 <unknown>
#14 0x55ec7f5af248 <unknown>
#15 0x55ec7f5af3e5 <unknown>
#16 0x55ec7f5c3783 <unknown>
#17 0x7f7eee29cb84 <unknown>
#18 0x7f7eee329ecc <unknown>

2026-10-04 12:55:04 - INFO - Fetching BUY listings for USDT/EUR
2026-10-04 12:55:05 - INFO - Data successfully saved to SQLite database. New listings - Bybit: 2, Binance: 6
2026-10-04 12:55:05 - INFO - Browser session closed
2026-10-04 12:55:05 - INFO - SQLite database connection closed
2026-10-04 17:16:51 - INFO - Logging initialized. Log file: pb2b/logs/bybit_scraper_20261004.log
2026-10-04 17:16:51 - INFO - DataSaver logging initialized. Log file: pb2b/logs/data_saver_20261004.log
2026-10-04 17:16:51 - INFO - Connected to SQLite database: pb2b/p2p_listings.db
2026-10-04 17:16:51 - INFO - Database tables created successfully
2026-10-04 17:16:51 - INFO - Attempt 1/10: Loading https://www.bybit.com/fiat/trade/otc?actionType=1&token=USDT&fiat=NGN
2026-10-04 17:17:00 - INFO - Screenshot saved as 'pb2b/screenshots/bybit_page_20261004_171659.png'
2026-10-04 17:17:00 - WARNING - Error parsing row: Message: no such element: Unable to locate element: {"method":"css selector","selector":"td:nth-child(2)"}
  (Session info: chrome=154.0.8037.97); For documentation on this error, please visit: https://www.selenium.dev/documentation/webdriver/troubleshooting/errors#nosuchelementexception
Stacktrace:
#0 0x55ccba52de3a <unknown>
#1 0x55ccb9e57e69 <unknown>
#2 0x55ccb9eae9ec <unknown>
#3 0x55ccb9eaec61 <unknown>
#4 0x55ccb9ea30a6 <unknown>
#5 0x55ccb9ea2f87 <unknown>
#6 0x55ccb9ef87af <unknown>
#7 0x55ccb9ea1748 <unknown>
#8 0x55ccb9ea2511 <unknown>
#9 0x55ccba4f03c5 <unknown>
#10 0x55ccba4eebd5 <unknown>
#11 0x55ccba4d9c55 <unknown>
#12 0x55ccba4ef82a <unknown>
#13 0x55ccba4c2329 <unknown>
#14 0x55ccba518248 <unknown>
#15 0x55ccba5183e5 <unknown>
#16 0x55ccba52c783 <unknown>
#17 0x7f4589e9cb84 <unknown>
#18 0x7f4589f29ecc <unknown>

2026-10-04 17:17:00 - INFO - Fetching BUY listings for USDT/EUR
2026-10-04 17:17:01 - INFO - Data successfully saved to SQLite database. New listings - Bybit: 2, Binance: 6
2026-10-04 17:17:01 - INFO - Browser session closed
2026-10-04 17:17:01 - INFO - SQLite database connection closed
2026-10-04 20:18:05 - INFO - Logging initialized. Log file: pb2b/logs/bybit_scraper_20261004.log
2026-10-04 20:18:06 - INFO - DataSaver logging initialized. Log file: pb2b/logs/data_saver_20261004.log
2026-10-04 20:18:06 - INFO - Connected to SQLite database: pb2b/p2p_listings.db
2026-10-04 20:18:06 - INFO - Database tables created successfully
2026-10-04 20:18:06 - INFO - Attempt 1/10: Loading https://www.bybit.com/fiat/trade/otc?actionType=1&token=USDT&fiat=NGN
2026-10-04 20:18:14 - INFO - Screenshot saved as 'pb2b/screenshots/bybit_page_20261004_201814.png'
2026-10-04 20:18:14 - WARNING - Error parsing row: Message: no such element: Unable to locate element: {"method":"css selector","selector":"td:nth-child(2)"}
  (Session info: chrome=154.0.8037.97); For documentation on this error, please visit: https://www.selenium.dev/documentation/webdriver/troubleshooting/errors#nosuchelementexception
Stacktrace:
#0 0x5625955a8e3a <unknown>
#1 0x562594ed2e69 <unknown>
#2 0x562594f299ec <unknown>
#3 0x562594f29c61 <unknown>
#4 0x562594f1e0a6 <unknown>
#5 0x562594f1df87 <unknown>
#6 0x562594f737af <unknown>
#7 0x562594f1c748 <unknown>
#8 0x562594f1d511 <unknown>
#9 0x56259556b3c5 <unknown>
#10 0x562595569bd5 <unknown>
#11 0x562595554c55 <unknown>
#12 0x56259556a82a <unknown>
#13 0x56259553d329 <unknown>
#14 0x562595593248 <unknown>
#15 0x5625955933e5 <unknown>
#16 0x5625955a7783 <unknown>
#17 0x7ffbbaa9cb84 <unknown>
#18 0x7ffbbab29ecc <unknown>

2026-10-04 20:18:14 - INFO - Fetching BUY listings for USDT/EUR
2026-10-04 20:18:15 - INFO - Data successfully saved to SQLite database. New listings - Bybit: 3, Binance: 6
2026-10-04 20:18:15 - INFO - Browser session closed
2026-10-04 20:18:15 - INFO - SQLite database connection closed
2026-10-04 23:23:35 - INFO - Logging initialized. Log file: pb2b/logs/bybit_scraper_20261004.log
2026-10-04 23:23:36 - INFO - DataSaver logging initialized. Log file: pb2b/logs/data_saver_20261004.log
2026-10-04 23:23:36 - INFO - Connected to SQLite database: pb2b/p2p_listings.db
2026-10-04 23:23:36 - INFO - Database tables created successfully
2026-10-04 23:23:36 - INFO - Attempt 1/10: Loading https://www.bybit.com/fiat/trade/otc?actionType=1&token=USDT&fiat=NGN
2026-10-04 23:23:44 - INFO - Screenshot saved as 'pb2b/screenshots/bybit_page_20261004_232344.png'
2026-10-04 23:23:44 - WARNING - Error parsing row: Message: no such element: Unable to locate element: {"method":"css selector","selector":"td:nth-child(2)"}
  (Session info: chrome=154.0.8037.97); For documentation on this error, please visit: https://www.selenium.dev/documentation/webdriver/troubleshooting/errors#nosuchelementexception
Stacktrace:
#0 0x55c6a8104e3a <unknown>
#1 0x55c6a7a2ee69 <unknown>
#2 0x55c6a7a859ec <unknown>
#3 0x55c6a7a85c61 <unknown>
#4 0x55c6a7a7a0a6 <unknown>
#5 0x55c6a7a79f87 <unknown>
#6 0x55c6a7acf7af <unknown>
#7 0x55c6a7a78748 <unknown>
#8 0x55c6a7a79511 <unknown>
#9 0x55c6a80c73c5 <unknown>
#10 0x55c6a80c5bd5 <unknown>
#11 0x55c6a80b0c55 <unknown>
#12 0x55c6a80c682a <unknown>
#13 0x55c6a8099329 <unknown>
#14 0x55c6a80ef248 <unknown>
#15 0x55c6a80ef3e5 <unknown>
#16 0x55c6a8103783 <unknown>
#17 0x7ff67129cb84 <unknown>
#18 0x7ff671329ecc <unknown>

2026-10-04 23:23:44 - INFO - Fetching BUY listings for USDT/EUR
2026-10-04 23:23:45 - INFO - Data successfully saved to SQLite database. New listings - Bybit: 2, Binance: 6
2026-10-04 23:23:45 - INFO - Browser session closed
2026-10-04 23:23:45 - INFO - SQLite database connection closed
