2026-06-26 00:11:54 - INFO - Logging initialized. Log file: pb2b/logs/bybit_scraper_20260626.log
2026-06-26 00:11:56 - INFO - DataSaver logging initialized. Log file: pb2b/logs/data_saver_20260626.log
2026-06-26 00:11:56 - INFO - Connected to SQLite database: pb2b/p2p_listings.db
2026-06-26 00:11:56 - INFO - Database tables created successfully
2026-06-26 00:11:56 - INFO - Attempt 1/10: Loading https://www.bybit.com/fiat/trade/otc?actionType=1&token=USDT&fiat=NGN
2026-06-26 00:12:04 - INFO - Screenshot saved as 'pb2b/screenshots/bybit_page_20260626_001204.png'
2026-06-26 00:12:05 - INFO - Fetching BUY listings for USDT/EUR
2026-06-26 00:12:05 - INFO - Data successfully saved to SQLite database. New listings - Bybit: 4, Binance: 6
2026-06-26 00:12:05 - INFO - Browser session closed
2026-06-26 00:12:05 - INFO - SQLite database connection closed
2026-06-26 04:44:48 - INFO - Logging initialized. Log file: pb2b/logs/bybit_scraper_20260626.log
2026-06-26 04:44:49 - INFO - DataSaver logging initialized. Log file: pb2b/logs/data_saver_20260626.log
2026-06-26 04:44:49 - INFO - Connected to SQLite database: pb2b/p2p_listings.db
2026-06-26 04:44:49 - INFO - Database tables created successfully
2026-06-26 04:44:49 - INFO - Attempt 1/10: Loading https://www.bybit.com/fiat/trade/otc?actionType=1&token=USDT&fiat=NGN
2026-06-26 04:45:00 - INFO - Screenshot saved as 'pb2b/screenshots/bybit_page_20260626_044500.png'
2026-06-26 04:45:00 - INFO - Fetching BUY listings for USDT/EUR
2026-06-26 04:45:01 - INFO - Data successfully saved to SQLite database. New listings - Bybit: 5, Binance: 6
2026-06-26 04:45:01 - INFO - Browser session closed
2026-06-26 04:45:01 - INFO - SQLite database connection closed
2026-06-26 08:26:42 - INFO - Logging initialized. Log file: pb2b/logs/bybit_scraper_20260626.log
2026-06-26 08:26:44 - INFO - DataSaver logging initialized. Log file: pb2b/logs/data_saver_20260626.log
2026-06-26 08:26:44 - INFO - Connected to SQLite database: pb2b/p2p_listings.db
2026-06-26 08:26:44 - INFO - Database tables created successfully
2026-06-26 08:26:44 - INFO - Attempt 1/10: Loading https://www.bybit.com/fiat/trade/otc?actionType=1&token=USDT&fiat=NGN
2026-06-26 08:26:54 - INFO - Screenshot saved as 'pb2b/screenshots/bybit_page_20260626_082654.png'
2026-06-26 08:26:55 - INFO - Fetching BUY listings for USDT/EUR
2026-06-26 08:26:55 - INFO - Data successfully saved to SQLite database. New listings - Bybit: 5, Binance: 6
2026-06-26 08:26:55 - INFO - Browser session closed
2026-06-26 08:26:55 - INFO - SQLite database connection closed
