2026-05-31 01:43:12 - INFO - Logging initialized. Log file: pb2b/logs/bybit_scraper_20260531.log
2026-05-31 01:43:14 - INFO - DataSaver logging initialized. Log file: pb2b/logs/data_saver_20260531.log
2026-05-31 01:43:14 - INFO - Connected to SQLite database: pb2b/p2p_listings.db
2026-05-31 01:43:14 - INFO - Database tables created successfully
2026-05-31 01:43:14 - INFO - Attempt 1/10: Loading https://www.bybit.com/fiat/trade/otc?actionType=1&token=USDT&fiat=NGN
2026-05-31 01:43:22 - INFO - Screenshot saved as 'pb2b/screenshots/bybit_page_20260531_014322.png'
2026-05-31 01:43:22 - INFO - Fetching BUY listings for USDT/EUR
2026-05-31 01:43:23 - INFO - Data successfully saved to SQLite database. New listings - Bybit: 5, Binance: 6
2026-05-31 01:43:23 - INFO - Browser session closed
2026-05-31 01:43:23 - INFO - SQLite database connection closed
2026-05-31 06:08:11 - INFO - Logging initialized. Log file: pb2b/logs/bybit_scraper_20260531.log
2026-05-31 06:08:13 - INFO - DataSaver logging initialized. Log file: pb2b/logs/data_saver_20260531.log
2026-05-31 06:08:13 - INFO - Connected to SQLite database: pb2b/p2p_listings.db
2026-05-31 06:08:13 - INFO - Database tables created successfully
2026-05-31 06:08:13 - INFO - Attempt 1/10: Loading https://www.bybit.com/fiat/trade/otc?actionType=1&token=USDT&fiat=NGN
2026-05-31 06:08:22 - INFO - Screenshot saved as 'pb2b/screenshots/bybit_page_20260531_060822.png'
2026-05-31 06:08:22 - INFO - Fetching BUY listings for USDT/EUR
2026-05-31 06:08:23 - INFO - Data successfully saved to SQLite database. New listings - Bybit: 5, Binance: 6
2026-05-31 06:08:23 - INFO - Browser session closed
2026-05-31 06:08:23 - INFO - SQLite database connection closed
2026-05-31 09:26:52 - INFO - Logging initialized. Log file: pb2b/logs/bybit_scraper_20260531.log
2026-05-31 09:26:52 - INFO - DataSaver logging initialized. Log file: pb2b/logs/data_saver_20260531.log
2026-05-31 09:26:52 - INFO - Connected to SQLite database: pb2b/p2p_listings.db
2026-05-31 09:26:52 - INFO - Database tables created successfully
2026-05-31 09:26:52 - INFO - Attempt 1/10: Loading https://www.bybit.com/fiat/trade/otc?actionType=1&token=USDT&fiat=NGN
2026-05-31 09:27:02 - INFO - Screenshot saved as 'pb2b/screenshots/bybit_page_20260531_092702.png'
2026-05-31 09:27:02 - INFO - Fetching BUY listings for USDT/EUR
2026-05-31 09:27:03 - INFO - Data successfully saved to SQLite database. New listings - Bybit: 5, Binance: 6
2026-05-31 09:27:03 - INFO - Browser session closed
2026-05-31 09:27:03 - INFO - SQLite database connection closed
2026-05-31 11:20:05 - INFO - Logging initialized. Log file: pb2b/logs/bybit_scraper_20260531.log
2026-05-31 11:20:06 - INFO - DataSaver logging initialized. Log file: pb2b/logs/data_saver_20260531.log
2026-05-31 11:20:06 - INFO - Connected to SQLite database: pb2b/p2p_listings.db
2026-05-31 11:20:06 - INFO - Database tables created successfully
2026-05-31 11:20:06 - INFO - Attempt 1/10: Loading https://www.bybit.com/fiat/trade/otc?actionType=1&token=USDT&fiat=NGN
2026-05-31 11:20:18 - INFO - Screenshot saved as 'pb2b/screenshots/bybit_page_20260531_112018.png'
2026-05-31 11:20:18 - INFO - Fetching BUY listings for USDT/EUR
2026-05-31 11:20:19 - INFO - Data successfully saved to SQLite database. New listings - Bybit: 5, Binance: 6
2026-05-31 11:20:19 - INFO - Browser session closed
2026-05-31 11:20:19 - INFO - SQLite database connection closed
2026-05-31 12:57:00 - INFO - Logging initialized. Log file: pb2b/logs/bybit_scraper_20260531.log
2026-05-31 12:57:01 - INFO - DataSaver logging initialized. Log file: pb2b/logs/data_saver_20260531.log
2026-05-31 12:57:01 - INFO - Connected to SQLite database: pb2b/p2p_listings.db
2026-05-31 12:57:01 - INFO - Database tables created successfully
2026-05-31 12:57:01 - INFO - Attempt 1/10: Loading https://www.bybit.com/fiat/trade/otc?actionType=1&token=USDT&fiat=NGN
2026-05-31 12:57:09 - INFO - Screenshot saved as 'pb2b/screenshots/bybit_page_20260531_125709.png'
2026-05-31 12:57:10 - INFO - Fetching BUY listings for USDT/EUR
2026-05-31 12:57:12 - INFO - Data successfully saved to SQLite database. New listings - Bybit: 5, Binance: 6
2026-05-31 12:57:12 - INFO - Browser session closed
2026-05-31 12:57:12 - INFO - SQLite database connection closed
2026-05-31 14:32:52 - INFO - Logging initialized. Log file: pb2b/logs/bybit_scraper_20260531.log
2026-05-31 14:32:54 - INFO - DataSaver logging initialized. Log file: pb2b/logs/data_saver_20260531.log
2026-05-31 14:32:54 - INFO - Connected to SQLite database: pb2b/p2p_listings.db
2026-05-31 14:32:54 - INFO - Database tables created successfully
2026-05-31 14:32:54 - INFO - Attempt 1/10: Loading https://www.bybit.com/fiat/trade/otc?actionType=1&token=USDT&fiat=NGN
2026-05-31 14:33:01 - INFO - Screenshot saved as 'pb2b/screenshots/bybit_page_20260531_143301.png'
2026-05-31 14:33:02 - INFO - Fetching BUY listings for USDT/EUR
2026-05-31 14:33:02 - INFO - Data successfully saved to SQLite database. New listings - Bybit: 5, Binance: 6
2026-05-31 14:33:02 - INFO - Browser session closed
2026-05-31 14:33:02 - INFO - SQLite database connection closed
