2026-09-08 02:49:33 - INFO - Logging initialized. Log file: pb2b/logs/bybit_scraper_20260908.log
2026-09-08 02:49:35 - INFO - DataSaver logging initialized. Log file: pb2b/logs/data_saver_20260908.log
2026-09-08 02:49:35 - INFO - Connected to SQLite database: pb2b/p2p_listings.db
2026-09-08 02:49:35 - INFO - Database tables created successfully
2026-09-08 02:49:35 - INFO - Attempt 1/10: Loading https://www.bybit.com/fiat/trade/otc?actionType=1&token=USDT&fiat=NGN
2026-09-08 02:49:43 - INFO - Screenshot saved as 'pb2b/screenshots/bybit_page_20260908_024942.png'
2026-09-08 02:49:43 - INFO - Fetching BUY listings for USDT/EUR
2026-09-08 02:49:44 - INFO - Data successfully saved to SQLite database. New listings - Bybit: 5, Binance: 6
2026-09-08 02:49:44 - INFO - Browser session closed
2026-09-08 02:49:44 - INFO - SQLite database connection closed
2026-09-08 07:33:17 - INFO - Logging initialized. Log file: pb2b/logs/bybit_scraper_20260908.log
2026-09-08 07:33:18 - INFO - DataSaver logging initialized. Log file: pb2b/logs/data_saver_20260908.log
2026-09-08 07:33:18 - INFO - Connected to SQLite database: pb2b/p2p_listings.db
2026-09-08 07:33:18 - INFO - Database tables created successfully
2026-09-08 07:33:18 - INFO - Attempt 1/10: Loading https://www.bybit.com/fiat/trade/otc?actionType=1&token=USDT&fiat=NGN
2026-09-08 07:33:26 - INFO - Screenshot saved as 'pb2b/screenshots/bybit_page_20260908_073326.png'
2026-09-08 07:33:26 - INFO - Fetching BUY listings for USDT/EUR
2026-09-08 07:33:27 - INFO - Data successfully saved to SQLite database. New listings - Bybit: 5, Binance: 6
2026-09-08 07:33:27 - INFO - Browser session closed
2026-09-08 07:33:27 - INFO - SQLite database connection closed
2026-09-08 12:22:26 - INFO - Logging initialized. Log file: pb2b/logs/bybit_scraper_20260908.log
2026-09-08 12:22:27 - INFO - DataSaver logging initialized. Log file: pb2b/logs/data_saver_20260908.log
2026-09-08 12:22:27 - INFO - Connected to SQLite database: pb2b/p2p_listings.db
2026-09-08 12:22:27 - INFO - Database tables created successfully
2026-09-08 12:22:27 - INFO - Attempt 1/10: Loading https://www.bybit.com/fiat/trade/otc?actionType=1&token=USDT&fiat=NGN
2026-09-08 12:22:34 - INFO - Screenshot saved as 'pb2b/screenshots/bybit_page_20260908_122234.png'
2026-09-08 12:22:35 - INFO - Fetching BUY listings for USDT/EUR
2026-09-08 12:22:36 - INFO - Data successfully saved to SQLite database. New listings - Bybit: 5, Binance: 6
2026-09-08 12:22:36 - INFO - Browser session closed
2026-09-08 12:22:36 - INFO - SQLite database connection closed
2026-09-08 16:52:19 - INFO - Logging initialized. Log file: pb2b/logs/bybit_scraper_20260908.log
2026-09-08 16:52:19 - INFO - DataSaver logging initialized. Log file: pb2b/logs/data_saver_20260908.log
2026-09-08 16:52:19 - INFO - Connected to SQLite database: pb2b/p2p_listings.db
2026-09-08 16:52:19 - INFO - Database tables created successfully
2026-09-08 16:52:19 - INFO - Attempt 1/10: Loading https://www.bybit.com/fiat/trade/otc?actionType=1&token=USDT&fiat=NGN
2026-09-08 16:52:30 - INFO - Screenshot saved as 'pb2b/screenshots/bybit_page_20260908_165230.png'
2026-09-08 16:52:30 - INFO - Fetching BUY listings for USDT/EUR
2026-09-08 16:52:31 - INFO - Data successfully saved to SQLite database. New listings - Bybit: 5, Binance: 6
2026-09-08 16:52:31 - INFO - Browser session closed
2026-09-08 16:52:31 - INFO - SQLite database connection closed
