2026-10-05 02:15:35 - INFO - Logging initialized. Log file: pb2b/logs/bybit_scraper_20261005.log
2026-10-05 02:15:37 - INFO - DataSaver logging initialized. Log file: pb2b/logs/data_saver_20261005.log
2026-10-05 02:15:37 - INFO - Connected to SQLite database: pb2b/p2p_listings.db
2026-10-05 02:15:37 - INFO - Database tables created successfully
2026-10-05 02:15:37 - INFO - Attempt 1/10: Loading https://www.bybit.com/fiat/trade/otc?actionType=1&token=USDT&fiat=NGN
2026-10-05 02:15:46 - INFO - Screenshot saved as 'pb2b/screenshots/bybit_page_20261005_021546.png'
2026-10-05 02:15:46 - WARNING - Error parsing row: Message: no such element: Unable to locate element: {"method":"css selector","selector":"td:nth-child(2)"}
  (Session info: chrome=154.0.8037.97); For documentation on this error, please visit: https://www.selenium.dev/documentation/webdriver/troubleshooting/errors#nosuchelementexception
Stacktrace:
#0 0x556f808cde3a <unknown>
#1 0x556f801f7e69 <unknown>
#2 0x556f8024e9ec <unknown>
#3 0x556f8024ec61 <unknown>
#4 0x556f802430a6 <unknown>
#5 0x556f80242f87 <unknown>
#6 0x556f802987af <unknown>
#7 0x556f80241748 <unknown>
#8 0x556f80242511 <unknown>
#9 0x556f808903c5 <unknown>
#10 0x556f8088ebd5 <unknown>
#11 0x556f80879c55 <unknown>
#12 0x556f8088f82a <unknown>
#13 0x556f80862329 <unknown>
#14 0x556f808b8248 <unknown>
#15 0x556f808b83e5 <unknown>
#16 0x556f808cc783 <unknown>
#17 0x7f8c1b29cb84 <unknown>
#18 0x7f8c1b329ecc <unknown>

2026-10-05 02:15:46 - INFO - Fetching BUY listings for USDT/EUR
2026-10-05 02:15:47 - INFO - Data successfully saved to SQLite database. New listings - Bybit: 3, Binance: 6
2026-10-05 02:15:47 - INFO - Browser session closed
2026-10-05 02:15:47 - INFO - SQLite database connection closed
2026-10-05 09:12:00 - INFO - Logging initialized. Log file: pb2b/logs/bybit_scraper_20261005.log
2026-10-05 09:12:01 - INFO - DataSaver logging initialized. Log file: pb2b/logs/data_saver_20261005.log
2026-10-05 09:12:01 - INFO - Connected to SQLite database: pb2b/p2p_listings.db
2026-10-05 09:12:01 - INFO - Database tables created successfully
2026-10-05 09:12:01 - INFO - Attempt 1/10: Loading https://www.bybit.com/fiat/trade/otc?actionType=1&token=USDT&fiat=NGN
2026-10-05 09:12:10 - INFO - Screenshot saved as 'pb2b/screenshots/bybit_page_20261005_091210.png'
2026-10-05 09:12:10 - WARNING - Error parsing row: Message: no such element: Unable to locate element: {"method":"css selector","selector":"td:nth-child(2)"}
  (Session info: chrome=154.0.8037.97); For documentation on this error, please visit: https://www.selenium.dev/documentation/webdriver/troubleshooting/errors#nosuchelementexception
Stacktrace:
#0 0x55a51b622e3a <unknown>
#1 0x55a51af4ce69 <unknown>
#2 0x55a51afa39ec <unknown>
#3 0x55a51afa3c61 <unknown>
#4 0x55a51af980a6 <unknown>
#5 0x55a51af97f87 <unknown>
#6 0x55a51afed7af <unknown>
#7 0x55a51af96748 <unknown>
#8 0x55a51af97511 <unknown>
#9 0x55a51b5e53c5 <unknown>
#10 0x55a51b5e3bd5 <unknown>
#11 0x55a51b5cec55 <unknown>
#12 0x55a51b5e482a <unknown>
#13 0x55a51b5b7329 <unknown>
#14 0x55a51b60d248 <unknown>
#15 0x55a51b60d3e5 <unknown>
#16 0x55a51b621783 <unknown>
#17 0x7f97eb09cb84 <unknown>
#18 0x7f97eb129ecc <unknown>

2026-10-05 09:12:11 - INFO - Fetching BUY listings for USDT/EUR
2026-10-05 09:12:11 - INFO - Data successfully saved to SQLite database. New listings - Bybit: 3, Binance: 6
2026-10-05 09:12:11 - INFO - Browser session closed
2026-10-05 09:12:11 - INFO - SQLite database connection closed
