2026-07-10 02:57:48 - INFO - Logging initialized. Log file: pb2b/logs/bybit_scraper_20260710.log
2026-07-10 02:57:49 - INFO - DataSaver logging initialized. Log file: pb2b/logs/data_saver_20260710.log
2026-07-10 02:57:49 - INFO - Connected to SQLite database: pb2b/p2p_listings.db
2026-07-10 02:57:49 - INFO - Database tables created successfully
2026-07-10 02:57:49 - INFO - Attempt 1/10: Loading https://www.bybit.com/fiat/trade/otc?actionType=1&token=USDT&fiat=NGN
2026-07-10 02:57:58 - INFO - Screenshot saved as 'pb2b/screenshots/bybit_page_20260710_025758.png'
2026-07-10 02:57:58 - INFO - Fetching BUY listings for USDT/EUR
2026-07-10 02:57:59 - INFO - Data successfully saved to SQLite database. New listings - Bybit: 5, Binance: 6
2026-07-10 02:57:59 - INFO - Browser session closed
2026-07-10 02:57:59 - INFO - SQLite database connection closed
2026-07-10 06:47:43 - INFO - Logging initialized. Log file: pb2b/logs/bybit_scraper_20260710.log
2026-07-10 06:47:44 - INFO - DataSaver logging initialized. Log file: pb2b/logs/data_saver_20260710.log
2026-07-10 06:47:44 - INFO - Connected to SQLite database: pb2b/p2p_listings.db
2026-07-10 06:47:44 - INFO - Database tables created successfully
2026-07-10 06:47:44 - INFO - Attempt 1/10: Loading https://www.bybit.com/fiat/trade/otc?actionType=1&token=USDT&fiat=NGN
2026-07-10 06:47:53 - INFO - Screenshot saved as 'pb2b/screenshots/bybit_page_20260710_064753.png'
2026-07-10 06:47:53 - INFO - Fetching BUY listings for USDT/EUR
2026-07-10 06:47:54 - INFO - Data successfully saved to SQLite database. New listings - Bybit: 0, Binance: 6
2026-07-10 06:47:54 - INFO - Browser session closed
2026-07-10 06:47:54 - INFO - SQLite database connection closed
2026-07-10 10:17:49 - INFO - Logging initialized. Log file: pb2b/logs/bybit_scraper_20260710.log
2026-07-10 10:17:50 - INFO - DataSaver logging initialized. Log file: pb2b/logs/data_saver_20260710.log
2026-07-10 10:17:50 - INFO - Connected to SQLite database: pb2b/p2p_listings.db
2026-07-10 10:17:50 - INFO - Database tables created successfully
2026-07-10 10:17:50 - INFO - Attempt 1/10: Loading https://www.bybit.com/fiat/trade/otc?actionType=1&token=USDT&fiat=NGN
2026-07-10 10:18:03 - INFO - Screenshot saved as 'pb2b/screenshots/bybit_page_20260710_101802.png'
2026-07-10 10:18:03 - INFO - Fetching BUY listings for USDT/EUR
2026-07-10 10:18:05 - INFO - Data successfully saved to SQLite database. New listings - Bybit: 5, Binance: 6
2026-07-10 10:18:05 - INFO - Browser session closed
2026-07-10 10:18:05 - INFO - SQLite database connection closed
2026-07-10 12:44:13 - INFO - Logging initialized. Log file: pb2b/logs/bybit_scraper_20260710.log
2026-07-10 12:44:14 - INFO - DataSaver logging initialized. Log file: pb2b/logs/data_saver_20260710.log
2026-07-10 12:44:14 - INFO - Connected to SQLite database: pb2b/p2p_listings.db
2026-07-10 12:44:14 - INFO - Database tables created successfully
2026-07-10 12:44:14 - INFO - Attempt 1/10: Loading https://www.bybit.com/fiat/trade/otc?actionType=1&token=USDT&fiat=NGN
2026-07-10 12:44:21 - INFO - Screenshot saved as 'pb2b/screenshots/bybit_page_20260710_124421.png'
2026-07-10 12:44:22 - INFO - Fetching BUY listings for USDT/EUR
2026-07-10 12:44:22 - INFO - Data successfully saved to SQLite database. New listings - Bybit: 4, Binance: 6
2026-07-10 12:44:22 - INFO - Browser session closed
2026-07-10 12:44:22 - INFO - SQLite database connection closed
2026-07-10 15:26:43 - INFO - Logging initialized. Log file: pb2b/logs/bybit_scraper_20260710.log
2026-07-10 15:26:44 - INFO - DataSaver logging initialized. Log file: pb2b/logs/data_saver_20260710.log
2026-07-10 15:26:44 - INFO - Connected to SQLite database: pb2b/p2p_listings.db
2026-07-10 15:26:44 - INFO - Database tables created successfully
2026-07-10 15:26:44 - INFO - Attempt 1/10: Loading https://www.bybit.com/fiat/trade/otc?actionType=1&token=USDT&fiat=NGN
2026-07-10 15:26:56 - INFO - Screenshot saved as 'pb2b/screenshots/bybit_page_20260710_152656.png'
2026-07-10 15:26:56 - INFO - Fetching BUY listings for USDT/EUR
2026-07-10 15:26:57 - INFO - Data successfully saved to SQLite database. New listings - Bybit: 5, Binance: 6
2026-07-10 15:26:57 - INFO - Browser session closed
2026-07-10 15:26:57 - INFO - SQLite database connection closed
2026-07-10 17:22:14 - INFO - Logging initialized. Log file: pb2b/logs/bybit_scraper_20260710.log
2026-07-10 17:22:15 - INFO - DataSaver logging initialized. Log file: pb2b/logs/data_saver_20260710.log
2026-07-10 17:22:15 - INFO - Connected to SQLite database: pb2b/p2p_listings.db
2026-07-10 17:22:15 - INFO - Database tables created successfully
2026-07-10 17:22:15 - INFO - Attempt 1/10: Loading https://www.bybit.com/fiat/trade/otc?actionType=1&token=USDT&fiat=NGN
2026-07-10 17:22:23 - INFO - Screenshot saved as 'pb2b/screenshots/bybit_page_20260710_172223.png'
2026-07-10 17:22:23 - WARNING - Error parsing row: Message: no such element: Unable to locate element: {"method":"css selector","selector":"td:nth-child(2)"}
  (Session info: chrome=150.0.7871.114); For documentation on this error, please visit: https://www.selenium.dev/documentation/webdriver/troubleshooting/errors#nosuchelementexception
Stacktrace:
#0 0x55b4c9bd20fa <unknown>
#1 0x55b4c95ab939 <unknown>
#2 0x55b4c9600f52 <unknown>
#3 0x55b4c96011a1 <unknown>
#4 0x55b4c95f5e96 <unknown>
#5 0x55b4c95f5d77 <unknown>
#6 0x55b4c964930d <unknown>
#7 0x55b4c95f449f <unknown>
#8 0x55b4c95f5301 <unknown>
#9 0x55b4c9b98167 <unknown>
#10 0x55b4c9b96948 <unknown>
#11 0x55b4c9b81dc6 <unknown>
#12 0x55b4c9b9750a <unknown>
#13 0x55b4c9b69e70 <unknown>
#14 0x55b4c9bbdc38 <unknown>
#15 0x55b4c9bbddd5 <unknown>
#16 0x55b4c9bd0cae <unknown>
#17 0x7fe03829caa4 <unknown>
#18 0x7fe038329c6c <unknown>

2026-07-10 17:22:23 - INFO - Fetching BUY listings for USDT/EUR
2026-07-10 17:22:25 - INFO - Data successfully saved to SQLite database. New listings - Bybit: 3, Binance: 6
2026-07-10 17:22:25 - INFO - Browser session closed
2026-07-10 17:22:25 - INFO - SQLite database connection closed
2026-07-10 19:00:54 - INFO - Logging initialized. Log file: pb2b/logs/bybit_scraper_20260710.log
2026-07-10 19:00:56 - INFO - DataSaver logging initialized. Log file: pb2b/logs/data_saver_20260710.log
2026-07-10 19:00:56 - INFO - Connected to SQLite database: pb2b/p2p_listings.db
2026-07-10 19:00:56 - INFO - Database tables created successfully
2026-07-10 19:00:56 - INFO - Attempt 1/10: Loading https://www.bybit.com/fiat/trade/otc?actionType=1&token=USDT&fiat=NGN
2026-07-10 19:01:08 - INFO - Screenshot saved as 'pb2b/screenshots/bybit_page_20260710_190108.png'
2026-07-10 19:01:08 - WARNING - Error parsing row: Message: no such element: Unable to locate element: {"method":"css selector","selector":"td:nth-child(2)"}
  (Session info: chrome=150.0.7871.114); For documentation on this error, please visit: https://www.selenium.dev/documentation/webdriver/troubleshooting/errors#nosuchelementexception
Stacktrace:
#0 0x55d7701200fa <unknown>
#1 0x55d76faf9939 <unknown>
#2 0x55d76fb4ef52 <unknown>
#3 0x55d76fb4f1a1 <unknown>
#4 0x55d76fb43e96 <unknown>
#5 0x55d76fb43d77 <unknown>
#6 0x55d76fb9730d <unknown>
#7 0x55d76fb4249f <unknown>
#8 0x55d76fb43301 <unknown>
#9 0x55d7700e6167 <unknown>
#10 0x55d7700e4948 <unknown>
#11 0x55d7700cfdc6 <unknown>
#12 0x55d7700e550a <unknown>
#13 0x55d7700b7e70 <unknown>
#14 0x55d77010bc38 <unknown>
#15 0x55d77010bdd5 <unknown>
#16 0x55d77011ecae <unknown>
#17 0x7fe2d929caa4 <unknown>
#18 0x7fe2d9329c6c <unknown>

2026-07-10 19:01:09 - INFO - Fetching BUY listings for USDT/EUR
2026-07-10 19:01:10 - INFO - Data successfully saved to SQLite database. New listings - Bybit: 3, Binance: 6
2026-07-10 19:01:10 - INFO - Browser session closed
2026-07-10 19:01:10 - INFO - SQLite database connection closed
