2026-05-22 00:20:08 - INFO - Logging initialized. Log file: pb2b/logs/bybit_scraper_20260522.log
2026-05-22 00:20:09 - INFO - DataSaver logging initialized. Log file: pb2b/logs/data_saver_20260522.log
2026-05-22 00:20:09 - INFO - Connected to SQLite database: pb2b/p2p_listings.db
2026-05-22 00:20:09 - INFO - Database tables created successfully
2026-05-22 00:20:09 - INFO - Attempt 1/10: Loading https://www.bybit.com/fiat/trade/otc?actionType=1&token=USDT&fiat=NGN
2026-05-22 00:20:16 - INFO - Screenshot saved as 'pb2b/screenshots/bybit_page_20260522_002016.png'
2026-05-22 00:20:17 - INFO - Fetching BUY listings for USDT/EUR
2026-05-22 00:20:17 - INFO - Data successfully saved to SQLite database. New listings - Bybit: 5, Binance: 6
2026-05-22 00:20:18 - INFO - Browser session closed
2026-05-22 00:20:18 - INFO - SQLite database connection closed
2026-05-22 04:45:46 - INFO - Logging initialized. Log file: pb2b/logs/bybit_scraper_20260522.log
2026-05-22 04:45:48 - INFO - DataSaver logging initialized. Log file: pb2b/logs/data_saver_20260522.log
2026-05-22 04:45:48 - INFO - Connected to SQLite database: pb2b/p2p_listings.db
2026-05-22 04:45:48 - INFO - Database tables created successfully
2026-05-22 04:45:48 - INFO - Attempt 1/10: Loading https://www.bybit.com/fiat/trade/otc?actionType=1&token=USDT&fiat=NGN
2026-05-22 04:45:57 - INFO - Screenshot saved as 'pb2b/screenshots/bybit_page_20260522_044556.png'
2026-05-22 04:45:57 - INFO - Fetching BUY listings for USDT/EUR
2026-05-22 04:45:58 - INFO - Data successfully saved to SQLite database. New listings - Bybit: 5, Binance: 6
2026-05-22 04:45:59 - INFO - Browser session closed
2026-05-22 04:45:59 - INFO - SQLite database connection closed
