2026-07-19 01:14:41 - INFO - Logging initialized. Log file: pb2b/logs/bybit_scraper_20260719.log
2026-07-19 01:14:42 - INFO - DataSaver logging initialized. Log file: pb2b/logs/data_saver_20260719.log
2026-07-19 01:14:42 - INFO - Connected to SQLite database: pb2b/p2p_listings.db
2026-07-19 01:14:42 - INFO - Database tables created successfully
2026-07-19 01:14:42 - INFO - Attempt 1/10: Loading https://www.bybit.com/fiat/trade/otc?actionType=1&token=USDT&fiat=NGN
2026-07-19 01:14:50 - INFO - Screenshot saved as 'pb2b/screenshots/bybit_page_20260719_011450.png'
2026-07-19 01:14:50 - WARNING - Error parsing row: Message: no such element: Unable to locate element: {"method":"css selector","selector":"td:nth-child(2)"}
  (Session info: chrome=150.0.7871.128); For documentation on this error, please visit: https://www.selenium.dev/documentation/webdriver/troubleshooting/errors#nosuchelementexception
Stacktrace:
#0 0x55e20793741a <unknown>
#1 0x55e20730f689 <unknown>
#2 0x55e207364cff <unknown>
#3 0x55e207364f51 <unknown>
#4 0x55e207359bc6 <unknown>
#5 0x55e207359aa7 <unknown>
#6 0x55e2073ad329 <unknown>
#7 0x55e2073581df <unknown>
#8 0x55e207359031 <unknown>
#9 0x55e2078fcbd7 <unknown>
#10 0x55e2078fb3a8 <unknown>
#11 0x55e2078e6076 <unknown>
#12 0x55e2078fbf7a <unknown>
#13 0x55e2078cdf70 <unknown>
#14 0x55e207922c38 <unknown>
#15 0x55e207922dd5 <unknown>
#16 0x55e207935fce <unknown>
#17 0x7fc1ee29caa4 <unknown>
#18 0x7fc1ee329c6c <unknown>

2026-07-19 01:14:51 - INFO - Fetching BUY listings for USDT/EUR
2026-07-19 01:14:52 - INFO - Data successfully saved to SQLite database. New listings - Bybit: 2, Binance: 6
2026-07-19 01:14:52 - INFO - Browser session closed
2026-07-19 01:14:52 - INFO - SQLite database connection closed
2026-07-19 04:41:45 - INFO - Logging initialized. Log file: pb2b/logs/bybit_scraper_20260719.log
2026-07-19 04:41:46 - INFO - DataSaver logging initialized. Log file: pb2b/logs/data_saver_20260719.log
2026-07-19 04:41:46 - INFO - Connected to SQLite database: pb2b/p2p_listings.db
2026-07-19 04:41:46 - INFO - Database tables created successfully
2026-07-19 04:41:46 - INFO - Attempt 1/10: Loading https://www.bybit.com/fiat/trade/otc?actionType=1&token=USDT&fiat=NGN
2026-07-19 04:41:55 - INFO - Screenshot saved as 'pb2b/screenshots/bybit_page_20260719_044154.png'
2026-07-19 04:41:55 - WARNING - Error parsing row: Message: no such element: Unable to locate element: {"method":"css selector","selector":"td:nth-child(2)"}
  (Session info: chrome=150.0.7871.128); For documentation on this error, please visit: https://www.selenium.dev/documentation/webdriver/troubleshooting/errors#nosuchelementexception
Stacktrace:
#0 0x560b733ef41a <unknown>
#1 0x560b72dc7689 <unknown>
#2 0x560b72e1ccff <unknown>
#3 0x560b72e1cf51 <unknown>
#4 0x560b72e11bc6 <unknown>
#5 0x560b72e11aa7 <unknown>
#6 0x560b72e65329 <unknown>
#7 0x560b72e101df <unknown>
#8 0x560b72e11031 <unknown>
#9 0x560b733b4bd7 <unknown>
#10 0x560b733b33a8 <unknown>
#11 0x560b7339e076 <unknown>
#12 0x560b733b3f7a <unknown>
#13 0x560b73385f70 <unknown>
#14 0x560b733dac38 <unknown>
#15 0x560b733dadd5 <unknown>
#16 0x560b733edfce <unknown>
#17 0x7f8df649caa4 <unknown>
#18 0x7f8df6529c6c <unknown>

2026-07-19 04:41:55 - INFO - Fetching BUY listings for USDT/EUR
2026-07-19 04:41:56 - INFO - Data successfully saved to SQLite database. New listings - Bybit: 3, Binance: 6
2026-07-19 04:41:56 - INFO - Browser session closed
2026-07-19 04:41:56 - INFO - SQLite database connection closed
2026-07-19 07:19:41 - INFO - Logging initialized. Log file: pb2b/logs/bybit_scraper_20260719.log
2026-07-19 07:19:42 - INFO - DataSaver logging initialized. Log file: pb2b/logs/data_saver_20260719.log
2026-07-19 07:19:42 - INFO - Connected to SQLite database: pb2b/p2p_listings.db
2026-07-19 07:19:42 - INFO - Database tables created successfully
2026-07-19 07:19:42 - INFO - Attempt 1/10: Loading https://www.bybit.com/fiat/trade/otc?actionType=1&token=USDT&fiat=NGN
2026-07-19 07:19:50 - INFO - Screenshot saved as 'pb2b/screenshots/bybit_page_20260719_071950.png'
2026-07-19 07:19:50 - WARNING - Error parsing row: Message: no such element: Unable to locate element: {"method":"css selector","selector":"td:nth-child(2)"}
  (Session info: chrome=150.0.7871.128); For documentation on this error, please visit: https://www.selenium.dev/documentation/webdriver/troubleshooting/errors#nosuchelementexception
Stacktrace:
#0 0x55b809a3f41a <unknown>
#1 0x55b809417689 <unknown>
#2 0x55b80946ccff <unknown>
#3 0x55b80946cf51 <unknown>
#4 0x55b809461bc6 <unknown>
#5 0x55b809461aa7 <unknown>
#6 0x55b8094b5329 <unknown>
#7 0x55b8094601df <unknown>
#8 0x55b809461031 <unknown>
#9 0x55b809a04bd7 <unknown>
#10 0x55b809a033a8 <unknown>
#11 0x55b8099ee076 <unknown>
#12 0x55b809a03f7a <unknown>
#13 0x55b8099d5f70 <unknown>
#14 0x55b809a2ac38 <unknown>
#15 0x55b809a2add5 <unknown>
#16 0x55b809a3dfce <unknown>
#17 0x7fa689a9caa4 <unknown>
#18 0x7fa689b29c6c <unknown>

2026-07-19 07:19:51 - INFO - Fetching BUY listings for USDT/EUR
2026-07-19 07:19:52 - INFO - Data successfully saved to SQLite database. New listings - Bybit: 3, Binance: 6
2026-07-19 07:19:52 - INFO - Browser session closed
2026-07-19 07:19:52 - INFO - SQLite database connection closed
2026-07-19 09:26:07 - INFO - Logging initialized. Log file: pb2b/logs/bybit_scraper_20260719.log
2026-07-19 09:26:08 - INFO - DataSaver logging initialized. Log file: pb2b/logs/data_saver_20260719.log
2026-07-19 09:26:08 - INFO - Connected to SQLite database: pb2b/p2p_listings.db
2026-07-19 09:26:08 - INFO - Database tables created successfully
2026-07-19 09:26:08 - INFO - Attempt 1/10: Loading https://www.bybit.com/fiat/trade/otc?actionType=1&token=USDT&fiat=NGN
2026-07-19 09:26:15 - INFO - Screenshot saved as 'pb2b/screenshots/bybit_page_20260719_092615.png'
2026-07-19 09:26:15 - WARNING - Error parsing row: Message: no such element: Unable to locate element: {"method":"css selector","selector":"td:nth-child(2)"}
  (Session info: chrome=150.0.7871.128); For documentation on this error, please visit: https://www.selenium.dev/documentation/webdriver/troubleshooting/errors#nosuchelementexception
Stacktrace:
#0 0x55c2ca7b541a <unknown>
#1 0x55c2ca18d689 <unknown>
#2 0x55c2ca1e2cff <unknown>
#3 0x55c2ca1e2f51 <unknown>
#4 0x55c2ca1d7bc6 <unknown>
#5 0x55c2ca1d7aa7 <unknown>
#6 0x55c2ca22b329 <unknown>
#7 0x55c2ca1d61df <unknown>
#8 0x55c2ca1d7031 <unknown>
#9 0x55c2ca77abd7 <unknown>
#10 0x55c2ca7793a8 <unknown>
#11 0x55c2ca764076 <unknown>
#12 0x55c2ca779f7a <unknown>
#13 0x55c2ca74bf70 <unknown>
#14 0x55c2ca7a0c38 <unknown>
#15 0x55c2ca7a0dd5 <unknown>
#16 0x55c2ca7b3fce <unknown>
#17 0x7f1889a9caa4 <unknown>
#18 0x7f1889b29c6c <unknown>

2026-07-19 09:26:16 - INFO - Fetching BUY listings for USDT/EUR
2026-07-19 09:26:16 - INFO - Data successfully saved to SQLite database. New listings - Bybit: 3, Binance: 6
2026-07-19 09:26:16 - INFO - Browser session closed
2026-07-19 09:26:16 - INFO - SQLite database connection closed
2026-07-19 10:57:51 - INFO - Logging initialized. Log file: pb2b/logs/bybit_scraper_20260719.log
2026-07-19 10:57:52 - INFO - DataSaver logging initialized. Log file: pb2b/logs/data_saver_20260719.log
2026-07-19 10:57:52 - INFO - Connected to SQLite database: pb2b/p2p_listings.db
2026-07-19 10:57:52 - INFO - Database tables created successfully
2026-07-19 10:57:52 - INFO - Attempt 1/10: Loading https://www.bybit.com/fiat/trade/otc?actionType=1&token=USDT&fiat=NGN
2026-07-19 10:58:00 - INFO - Screenshot saved as 'pb2b/screenshots/bybit_page_20260719_105800.png'
2026-07-19 10:58:00 - WARNING - Error parsing row: Message: no such element: Unable to locate element: {"method":"css selector","selector":"td:nth-child(2)"}
  (Session info: chrome=150.0.7871.128); For documentation on this error, please visit: https://www.selenium.dev/documentation/webdriver/troubleshooting/errors#nosuchelementexception
Stacktrace:
#0 0x55968151b41a <unknown>
#1 0x559680ef3689 <unknown>
#2 0x559680f48cff <unknown>
#3 0x559680f48f51 <unknown>
#4 0x559680f3dbc6 <unknown>
#5 0x559680f3daa7 <unknown>
#6 0x559680f91329 <unknown>
#7 0x559680f3c1df <unknown>
#8 0x559680f3d031 <unknown>
#9 0x5596814e0bd7 <unknown>
#10 0x5596814df3a8 <unknown>
#11 0x5596814ca076 <unknown>
#12 0x5596814dff7a <unknown>
#13 0x5596814b1f70 <unknown>
#14 0x559681506c38 <unknown>
#15 0x559681506dd5 <unknown>
#16 0x559681519fce <unknown>
#17 0x7f488929caa4 <unknown>
#18 0x7f4889329c6c <unknown>

2026-07-19 10:58:01 - INFO - Fetching BUY listings for USDT/EUR
2026-07-19 10:58:02 - INFO - Data successfully saved to SQLite database. New listings - Bybit: 3, Binance: 6
2026-07-19 10:58:02 - INFO - Browser session closed
2026-07-19 10:58:02 - INFO - SQLite database connection closed
2026-07-19 11:59:17 - INFO - Logging initialized. Log file: pb2b/logs/bybit_scraper_20260719.log
2026-07-19 11:59:18 - INFO - DataSaver logging initialized. Log file: pb2b/logs/data_saver_20260719.log
2026-07-19 11:59:18 - INFO - Connected to SQLite database: pb2b/p2p_listings.db
2026-07-19 11:59:18 - INFO - Database tables created successfully
2026-07-19 11:59:18 - INFO - Attempt 1/10: Loading https://www.bybit.com/fiat/trade/otc?actionType=1&token=USDT&fiat=NGN
2026-07-19 11:59:28 - INFO - Screenshot saved as 'pb2b/screenshots/bybit_page_20260719_115928.png'
2026-07-19 11:59:28 - WARNING - Error parsing row: Message: no such element: Unable to locate element: {"method":"css selector","selector":"td:nth-child(2)"}
  (Session info: chrome=150.0.7871.128); For documentation on this error, please visit: https://www.selenium.dev/documentation/webdriver/troubleshooting/errors#nosuchelementexception
Stacktrace:
#0 0x55aa9e29741a <unknown>
#1 0x55aa9dc6f689 <unknown>
#2 0x55aa9dcc4cff <unknown>
#3 0x55aa9dcc4f51 <unknown>
#4 0x55aa9dcb9bc6 <unknown>
#5 0x55aa9dcb9aa7 <unknown>
#6 0x55aa9dd0d329 <unknown>
#7 0x55aa9dcb81df <unknown>
#8 0x55aa9dcb9031 <unknown>
#9 0x55aa9e25cbd7 <unknown>
#10 0x55aa9e25b3a8 <unknown>
#11 0x55aa9e246076 <unknown>
#12 0x55aa9e25bf7a <unknown>
#13 0x55aa9e22df70 <unknown>
#14 0x55aa9e282c38 <unknown>
#15 0x55aa9e282dd5 <unknown>
#16 0x55aa9e295fce <unknown>
#17 0x7f05f769caa4 <unknown>
#18 0x7f05f7729c6c <unknown>

2026-07-19 11:59:29 - INFO - Fetching BUY listings for USDT/EUR
2026-07-19 11:59:29 - INFO - Data successfully saved to SQLite database. New listings - Bybit: 3, Binance: 6
2026-07-19 11:59:30 - INFO - Browser session closed
2026-07-19 11:59:30 - INFO - SQLite database connection closed
2026-07-19 13:45:08 - INFO - Logging initialized. Log file: pb2b/logs/bybit_scraper_20260719.log
2026-07-19 13:45:09 - INFO - DataSaver logging initialized. Log file: pb2b/logs/data_saver_20260719.log
2026-07-19 13:45:09 - INFO - Connected to SQLite database: pb2b/p2p_listings.db
2026-07-19 13:45:09 - INFO - Database tables created successfully
2026-07-19 13:45:09 - INFO - Attempt 1/10: Loading https://www.bybit.com/fiat/trade/otc?actionType=1&token=USDT&fiat=NGN
2026-07-19 13:45:18 - INFO - Screenshot saved as 'pb2b/screenshots/bybit_page_20260719_134518.png'
2026-07-19 13:45:18 - WARNING - Error parsing row: Message: no such element: Unable to locate element: {"method":"css selector","selector":"td:nth-child(2)"}
  (Session info: chrome=150.0.7871.128); For documentation on this error, please visit: https://www.selenium.dev/documentation/webdriver/troubleshooting/errors#nosuchelementexception
Stacktrace:
#0 0x55cb392f041a <unknown>
#1 0x55cb38cc8689 <unknown>
#2 0x55cb38d1dcff <unknown>
#3 0x55cb38d1df51 <unknown>
#4 0x55cb38d12bc6 <unknown>
#5 0x55cb38d12aa7 <unknown>
#6 0x55cb38d66329 <unknown>
#7 0x55cb38d111df <unknown>
#8 0x55cb38d12031 <unknown>
#9 0x55cb392b5bd7 <unknown>
#10 0x55cb392b43a8 <unknown>
#11 0x55cb3929f076 <unknown>
#12 0x55cb392b4f7a <unknown>
#13 0x55cb39286f70 <unknown>
#14 0x55cb392dbc38 <unknown>
#15 0x55cb392dbdd5 <unknown>
#16 0x55cb392eefce <unknown>
#17 0x7f86b049caa4 <unknown>
#18 0x7f86b0529c6c <unknown>

2026-07-19 13:45:18 - INFO - Fetching BUY listings for USDT/EUR
2026-07-19 13:45:19 - INFO - Data successfully saved to SQLite database. New listings - Bybit: 2, Binance: 6
2026-07-19 13:45:19 - INFO - Browser session closed
2026-07-19 13:45:19 - INFO - SQLite database connection closed
2026-07-19 14:48:02 - INFO - Logging initialized. Log file: pb2b/logs/bybit_scraper_20260719.log
2026-07-19 14:48:04 - INFO - DataSaver logging initialized. Log file: pb2b/logs/data_saver_20260719.log
2026-07-19 14:48:04 - INFO - Connected to SQLite database: pb2b/p2p_listings.db
2026-07-19 14:48:04 - INFO - Database tables created successfully
2026-07-19 14:48:04 - INFO - Attempt 1/10: Loading https://www.bybit.com/fiat/trade/otc?actionType=1&token=USDT&fiat=NGN
2026-07-19 14:48:12 - INFO - Screenshot saved as 'pb2b/screenshots/bybit_page_20260719_144812.png'
2026-07-19 14:48:12 - WARNING - Error parsing row: Message: no such element: Unable to locate element: {"method":"css selector","selector":"td:nth-child(2)"}
  (Session info: chrome=150.0.7871.128); For documentation on this error, please visit: https://www.selenium.dev/documentation/webdriver/troubleshooting/errors#nosuchelementexception
Stacktrace:
#0 0x55b3383d241a <unknown>
#1 0x55b337daa689 <unknown>
#2 0x55b337dffcff <unknown>
#3 0x55b337dfff51 <unknown>
#4 0x55b337df4bc6 <unknown>
#5 0x55b337df4aa7 <unknown>
#6 0x55b337e48329 <unknown>
#7 0x55b337df31df <unknown>
#8 0x55b337df4031 <unknown>
#9 0x55b338397bd7 <unknown>
#10 0x55b3383963a8 <unknown>
#11 0x55b338381076 <unknown>
#12 0x55b338396f7a <unknown>
#13 0x55b338368f70 <unknown>
#14 0x55b3383bdc38 <unknown>
#15 0x55b3383bddd5 <unknown>
#16 0x55b3383d0fce <unknown>
#17 0x7fb2c2e9caa4 <unknown>
#18 0x7fb2c2f29c6c <unknown>

2026-07-19 14:48:13 - INFO - Fetching BUY listings for USDT/EUR
2026-07-19 14:48:13 - INFO - Data successfully saved to SQLite database. New listings - Bybit: 3, Binance: 6
2026-07-19 14:48:14 - INFO - Browser session closed
2026-07-19 14:48:14 - INFO - SQLite database connection closed
2026-07-19 15:47:09 - INFO - Logging initialized. Log file: pb2b/logs/bybit_scraper_20260719.log
2026-07-19 15:47:10 - INFO - DataSaver logging initialized. Log file: pb2b/logs/data_saver_20260719.log
2026-07-19 15:47:10 - INFO - Connected to SQLite database: pb2b/p2p_listings.db
2026-07-19 15:47:10 - INFO - Database tables created successfully
2026-07-19 15:47:10 - INFO - Attempt 1/10: Loading https://www.bybit.com/fiat/trade/otc?actionType=1&token=USDT&fiat=NGN
2026-07-19 15:47:19 - INFO - Screenshot saved as 'pb2b/screenshots/bybit_page_20260719_154719.png'
2026-07-19 15:47:19 - WARNING - Error parsing row: Message: no such element: Unable to locate element: {"method":"css selector","selector":"td:nth-child(2)"}
  (Session info: chrome=150.0.7871.128); For documentation on this error, please visit: https://www.selenium.dev/documentation/webdriver/troubleshooting/errors#nosuchelementexception
Stacktrace:
#0 0x558d5d96d41a <unknown>
#1 0x558d5d345689 <unknown>
#2 0x558d5d39acff <unknown>
#3 0x558d5d39af51 <unknown>
#4 0x558d5d38fbc6 <unknown>
#5 0x558d5d38faa7 <unknown>
#6 0x558d5d3e3329 <unknown>
#7 0x558d5d38e1df <unknown>
#8 0x558d5d38f031 <unknown>
#9 0x558d5d932bd7 <unknown>
#10 0x558d5d9313a8 <unknown>
#11 0x558d5d91c076 <unknown>
#12 0x558d5d931f7a <unknown>
#13 0x558d5d903f70 <unknown>
#14 0x558d5d958c38 <unknown>
#15 0x558d5d958dd5 <unknown>
#16 0x558d5d96bfce <unknown>
#17 0x7f5c89c9caa4 <unknown>
#18 0x7f5c89d29c6c <unknown>

2026-07-19 15:47:20 - INFO - Fetching BUY listings for USDT/EUR
2026-07-19 15:47:24 - INFO - Data successfully saved to SQLite database. New listings - Bybit: 3, Binance: 6
2026-07-19 15:47:24 - INFO - Browser session closed
2026-07-19 15:47:24 - INFO - SQLite database connection closed
