2026-10-06 00:21:40 - INFO - Logging initialized. Log file: pb2b/logs/bybit_scraper_20261006.log
2026-10-06 00:21:42 - INFO - DataSaver logging initialized. Log file: pb2b/logs/data_saver_20261006.log
2026-10-06 00:21:42 - INFO - Connected to SQLite database: pb2b/p2p_listings.db
2026-10-06 00:21:42 - INFO - Database tables created successfully
2026-10-06 00:21:42 - INFO - Attempt 1/10: Loading https://www.bybit.com/fiat/trade/otc?actionType=1&token=USDT&fiat=NGN
2026-10-06 00:21:51 - INFO - Screenshot saved as 'pb2b/screenshots/bybit_page_20261006_002151.png'
2026-10-06 00:21:51 - WARNING - Error parsing row: Message: no such element: Unable to locate element: {"method":"css selector","selector":"td:nth-child(2)"}
  (Session info: chrome=154.0.8037.97); For documentation on this error, please visit: https://www.selenium.dev/documentation/webdriver/troubleshooting/errors#nosuchelementexception
Stacktrace:
#0 0x56442c686e3a <unknown>
#1 0x56442bfb0e69 <unknown>
#2 0x56442c0079ec <unknown>
#3 0x56442c007c61 <unknown>
#4 0x56442bffc0a6 <unknown>
#5 0x56442bffbf87 <unknown>
#6 0x56442c0517af <unknown>
#7 0x56442bffa748 <unknown>
#8 0x56442bffb511 <unknown>
#9 0x56442c6493c5 <unknown>
#10 0x56442c647bd5 <unknown>
#11 0x56442c632c55 <unknown>
#12 0x56442c64882a <unknown>
#13 0x56442c61b329 <unknown>
#14 0x56442c671248 <unknown>
#15 0x56442c6713e5 <unknown>
#16 0x56442c685783 <unknown>
#17 0x7fe95f89cb84 <unknown>
#18 0x7fe95f929ecc <unknown>

2026-10-06 00:21:51 - INFO - Fetching BUY listings for USDT/EUR
2026-10-06 00:21:52 - INFO - Data successfully saved to SQLite database. New listings - Bybit: 2, Binance: 6
2026-10-06 00:21:52 - INFO - Browser session closed
2026-10-06 00:21:52 - INFO - SQLite database connection closed
2026-10-06 06:39:09 - INFO - Logging initialized. Log file: pb2b/logs/bybit_scraper_20261006.log
2026-10-06 06:39:11 - INFO - DataSaver logging initialized. Log file: pb2b/logs/data_saver_20261006.log
2026-10-06 06:39:11 - INFO - Connected to SQLite database: pb2b/p2p_listings.db
2026-10-06 06:39:11 - INFO - Database tables created successfully
2026-10-06 06:39:11 - INFO - Attempt 1/10: Loading https://www.bybit.com/fiat/trade/otc?actionType=1&token=USDT&fiat=NGN
2026-10-06 06:39:19 - INFO - Screenshot saved as 'pb2b/screenshots/bybit_page_20261006_063919.png'
2026-10-06 06:39:19 - WARNING - Error parsing row: Message: no such element: Unable to locate element: {"method":"css selector","selector":"td:nth-child(2)"}
  (Session info: chrome=154.0.8037.97); For documentation on this error, please visit: https://www.selenium.dev/documentation/webdriver/troubleshooting/errors#nosuchelementexception
Stacktrace:
#0 0x55fcba160e3a <unknown>
#1 0x55fcb9a8ae69 <unknown>
#2 0x55fcb9ae19ec <unknown>
#3 0x55fcb9ae1c61 <unknown>
#4 0x55fcb9ad60a6 <unknown>
#5 0x55fcb9ad5f87 <unknown>
#6 0x55fcb9b2b7af <unknown>
#7 0x55fcb9ad4748 <unknown>
#8 0x55fcb9ad5511 <unknown>
#9 0x55fcba1233c5 <unknown>
#10 0x55fcba121bd5 <unknown>
#11 0x55fcba10cc55 <unknown>
#12 0x55fcba12282a <unknown>
#13 0x55fcba0f5329 <unknown>
#14 0x55fcba14b248 <unknown>
#15 0x55fcba14b3e5 <unknown>
#16 0x55fcba15f783 <unknown>
#17 0x7f7ae529cb84 <unknown>
#18 0x7f7ae5329ecc <unknown>

2026-10-06 06:39:19 - INFO - Fetching BUY listings for USDT/EUR
2026-10-06 06:39:20 - INFO - Data successfully saved to SQLite database. New listings - Bybit: 3, Binance: 6
2026-10-06 06:39:20 - INFO - Browser session closed
2026-10-06 06:39:20 - INFO - SQLite database connection closed
2026-10-06 13:41:58 - INFO - Logging initialized. Log file: pb2b/logs/bybit_scraper_20261006.log
2026-10-06 13:42:07 - INFO - DataSaver logging initialized. Log file: pb2b/logs/data_saver_20261006.log
2026-10-06 13:42:07 - INFO - Connected to SQLite database: pb2b/p2p_listings.db
2026-10-06 13:42:07 - INFO - Database tables created successfully
2026-10-06 13:42:07 - INFO - Attempt 1/10: Loading https://www.bybit.com/fiat/trade/otc?actionType=1&token=USDT&fiat=NGN
2026-10-06 13:42:19 - INFO - Screenshot saved as 'pb2b/screenshots/bybit_page_20261006_134219.png'
2026-10-06 13:42:19 - WARNING - Error parsing row: Message: no such element: Unable to locate element: {"method":"css selector","selector":"td:nth-child(2)"}
  (Session info: chrome=154.0.8037.97); For documentation on this error, please visit: https://www.selenium.dev/documentation/webdriver/troubleshooting/errors#nosuchelementexception
Stacktrace:
#0 0x560df19d7aaa <unknown>
#1 0x560df1305aa9 <unknown>
#2 0x560df135c3ff <unknown>
#3 0x560df135c671 <unknown>
#4 0x560df1350aa6 <unknown>
#5 0x560df1350987 <unknown>
#6 0x560df13a61df <unknown>
#7 0x560df134f148 <unknown>
#8 0x560df134ff11 <unknown>
#9 0x560df199a5ac <unknown>
#10 0x560df1998dc5 <unknown>
#11 0x560df1983e95 <unknown>
#12 0x560df1999a1a <unknown>
#13 0x560df196c5c9 <unknown>
#14 0x560df19c20f8 <unknown>
#15 0x560df19c2295 <unknown>
#16 0x560df19d63f3 <unknown>
#17 0x7f5d6589cb84 <unknown>
#18 0x7f5d65929ecc <unknown>

2026-10-06 13:42:19 - INFO - Fetching BUY listings for USDT/EUR
2026-10-06 13:42:20 - INFO - Data successfully saved to SQLite database. New listings - Bybit: 2, Binance: 6
2026-10-06 13:42:20 - INFO - Browser session closed
2026-10-06 13:42:20 - INFO - SQLite database connection closed
