2026-06-10 08:50:30 - INFO - Logging initialized. Log file: pb2b/logs/bybit_scraper_20260610.log
2026-06-10 08:50:35 - INFO - DataSaver logging initialized. Log file: pb2b/logs/data_saver_20260610.log
2026-06-10 08:50:35 - INFO - Connected to SQLite database: pb2b/p2p_listings.db
2026-06-10 08:50:35 - INFO - Database tables created successfully
2026-06-10 08:50:35 - INFO - Attempt 1/10: Loading https://www.bybit.com/fiat/trade/otc?actionType=1&token=USDT&fiat=NGN
2026-06-10 08:50:43 - INFO - Screenshot saved as 'pb2b/screenshots/bybit_page_20260610_085043.png'
2026-06-10 08:50:43 - INFO - Fetching BUY listings for USDT/EUR
2026-06-10 08:50:45 - INFO - Data successfully saved to SQLite database. New listings - Bybit: 5, Binance: 6
2026-06-10 08:50:45 - INFO - Browser session closed
2026-06-10 08:50:45 - INFO - SQLite database connection closed
2026-06-10 18:45:11 - INFO - Logging initialized. Log file: pb2b/logs/bybit_scraper_20260610.log
2026-06-10 18:45:13 - INFO - DataSaver logging initialized. Log file: pb2b/logs/data_saver_20260610.log
2026-06-10 18:45:13 - INFO - Connected to SQLite database: pb2b/p2p_listings.db
2026-06-10 18:45:13 - INFO - Database tables created successfully
2026-06-10 18:45:13 - INFO - Attempt 1/10: Loading https://www.bybit.com/fiat/trade/otc?actionType=1&token=USDT&fiat=NGN
2026-06-10 18:45:21 - INFO - Screenshot saved as 'pb2b/screenshots/bybit_page_20260610_184521.png'
2026-06-10 18:45:22 - INFO - Fetching BUY listings for USDT/EUR
2026-06-10 18:45:23 - INFO - Data successfully saved to SQLite database. New listings - Bybit: 5, Binance: 6
2026-06-10 18:45:23 - INFO - Browser session closed
2026-06-10 18:45:23 - INFO - SQLite database connection closed
