2026-07-11 01:15:54 - INFO - Logging initialized. Log file: pb2b/logs/bybit_scraper_20260711.log
2026-07-11 01:15:55 - INFO - DataSaver logging initialized. Log file: pb2b/logs/data_saver_20260711.log
2026-07-11 01:15:55 - INFO - Connected to SQLite database: pb2b/p2p_listings.db
2026-07-11 01:15:55 - INFO - Database tables created successfully
2026-07-11 01:15:55 - INFO - Attempt 1/10: Loading https://www.bybit.com/fiat/trade/otc?actionType=1&token=USDT&fiat=NGN
2026-07-11 01:16:03 - INFO - Screenshot saved as 'pb2b/screenshots/bybit_page_20260711_011603.png'
2026-07-11 01:16:03 - WARNING - Error parsing row: Message: no such element: Unable to locate element: {"method":"css selector","selector":"td:nth-child(2)"}
  (Session info: chrome=150.0.7871.114); For documentation on this error, please visit: https://www.selenium.dev/documentation/webdriver/troubleshooting/errors#nosuchelementexception
Stacktrace:
#0 0x555c3cc1c0fa <unknown>
#1 0x555c3c5f5939 <unknown>
#2 0x555c3c64af52 <unknown>
#3 0x555c3c64b1a1 <unknown>
#4 0x555c3c63fe96 <unknown>
#5 0x555c3c63fd77 <unknown>
#6 0x555c3c69330d <unknown>
#7 0x555c3c63e49f <unknown>
#8 0x555c3c63f301 <unknown>
#9 0x555c3cbe2167 <unknown>
#10 0x555c3cbe0948 <unknown>
#11 0x555c3cbcbdc6 <unknown>
#12 0x555c3cbe150a <unknown>
#13 0x555c3cbb3e70 <unknown>
#14 0x555c3cc07c38 <unknown>
#15 0x555c3cc07dd5 <unknown>
#16 0x555c3cc1acae <unknown>
#17 0x7ff7af29caa4 <unknown>
#18 0x7ff7af329c6c <unknown>

2026-07-11 01:16:04 - INFO - Fetching BUY listings for USDT/EUR
2026-07-11 01:16:04 - INFO - Data successfully saved to SQLite database. New listings - Bybit: 2, Binance: 6
2026-07-11 01:16:04 - INFO - Browser session closed
2026-07-11 01:16:04 - INFO - SQLite database connection closed
