2026-09-07 03:03:37 - INFO - Logging initialized. Log file: pb2b/logs/bybit_scraper_20260907.log
2026-09-07 03:03:39 - INFO - DataSaver logging initialized. Log file: pb2b/logs/data_saver_20260907.log
2026-09-07 03:03:39 - INFO - Connected to SQLite database: pb2b/p2p_listings.db
2026-09-07 03:03:39 - INFO - Database tables created successfully
2026-09-07 03:03:39 - INFO - Attempt 1/10: Loading https://www.bybit.com/fiat/trade/otc?actionType=1&token=USDT&fiat=NGN
2026-09-07 03:03:47 - INFO - Screenshot saved as 'pb2b/screenshots/bybit_page_20260907_030347.png'
2026-09-07 03:03:47 - WARNING - Error parsing row: Message: no such element: Unable to locate element: {"method":"css selector","selector":"td:nth-child(2)"}
  (Session info: chrome=152.0.7977.82); For documentation on this error, please visit: https://www.selenium.dev/documentation/webdriver/troubleshooting/errors#nosuchelementexception
Stacktrace:
#0 0x55fb59f05f5a <unknown>
#1 0x55fb5986e499 <unknown>
#2 0x55fb598c4222 <unknown>
#3 0x55fb598c4481 <unknown>
#4 0x55fb598b9196 <unknown>
#5 0x55fb598b9077 <unknown>
#6 0x55fb5990c583 <unknown>
#7 0x55fb598b781b <unknown>
#8 0x55fb598b8601 <unknown>
#9 0x55fb59eca120 <unknown>
#10 0x55fb59ec879a <unknown>
#11 0x55fb59eb34e5 <unknown>
#12 0x55fb59ec945a <unknown>
#13 0x55fb59e9c7d0 <unknown>
#14 0x55fb59ef1048 <unknown>
#15 0x55fb59ef11e5 <unknown>
#16 0x55fb59f04ae3 <unknown>
#17 0x7f088a69cb84 <unknown>
#18 0x7f088a729d6c <unknown>

2026-09-07 03:03:47 - INFO - Fetching BUY listings for USDT/EUR
2026-09-07 03:03:48 - INFO - Data successfully saved to SQLite database. New listings - Bybit: 3, Binance: 6
2026-09-07 03:03:48 - INFO - Browser session closed
2026-09-07 03:03:48 - INFO - SQLite database connection closed
2026-09-07 08:26:44 - INFO - Logging initialized. Log file: pb2b/logs/bybit_scraper_20260907.log
2026-09-07 08:26:45 - INFO - DataSaver logging initialized. Log file: pb2b/logs/data_saver_20260907.log
2026-09-07 08:26:45 - INFO - Connected to SQLite database: pb2b/p2p_listings.db
2026-09-07 08:26:45 - INFO - Database tables created successfully
2026-09-07 08:26:45 - INFO - Attempt 1/10: Loading https://www.bybit.com/fiat/trade/otc?actionType=1&token=USDT&fiat=NGN
2026-09-07 08:26:53 - INFO - Screenshot saved as 'pb2b/screenshots/bybit_page_20260907_082653.png'
2026-09-07 08:26:53 - WARNING - Error parsing row: Message: no such element: Unable to locate element: {"method":"css selector","selector":"td:nth-child(2)"}
  (Session info: chrome=152.0.7977.82); For documentation on this error, please visit: https://www.selenium.dev/documentation/webdriver/troubleshooting/errors#nosuchelementexception
Stacktrace:
#0 0x55af7cc7af5a <unknown>
#1 0x55af7c5e3499 <unknown>
#2 0x55af7c639222 <unknown>
#3 0x55af7c639481 <unknown>
#4 0x55af7c62e196 <unknown>
#5 0x55af7c62e077 <unknown>
#6 0x55af7c681583 <unknown>
#7 0x55af7c62c81b <unknown>
#8 0x55af7c62d601 <unknown>
#9 0x55af7cc3f120 <unknown>
#10 0x55af7cc3d79a <unknown>
#11 0x55af7cc284e5 <unknown>
#12 0x55af7cc3e45a <unknown>
#13 0x55af7cc117d0 <unknown>
#14 0x55af7cc66048 <unknown>
#15 0x55af7cc661e5 <unknown>
#16 0x55af7cc79ae3 <unknown>
#17 0x7f3fdea9cb84 <unknown>
#18 0x7f3fdeb29d6c <unknown>

2026-09-07 08:26:53 - INFO - Fetching BUY listings for USDT/EUR
2026-09-07 08:26:54 - INFO - Data successfully saved to SQLite database. New listings - Bybit: 2, Binance: 6
2026-09-07 08:26:54 - INFO - Browser session closed
2026-09-07 08:26:54 - INFO - SQLite database connection closed
2026-09-07 14:24:19 - INFO - Logging initialized. Log file: pb2b/logs/bybit_scraper_20260907.log
2026-09-07 14:24:20 - INFO - DataSaver logging initialized. Log file: pb2b/logs/data_saver_20260907.log
2026-09-07 14:24:20 - INFO - Connected to SQLite database: pb2b/p2p_listings.db
2026-09-07 14:24:20 - INFO - Database tables created successfully
2026-09-07 14:24:20 - INFO - Attempt 1/10: Loading https://www.bybit.com/fiat/trade/otc?actionType=1&token=USDT&fiat=NGN
2026-09-07 14:24:28 - INFO - Screenshot saved as 'pb2b/screenshots/bybit_page_20260907_142428.png'
2026-09-07 14:24:28 - WARNING - Error parsing row: Message: no such element: Unable to locate element: {"method":"css selector","selector":"td:nth-child(2)"}
  (Session info: chrome=152.0.7977.82); For documentation on this error, please visit: https://www.selenium.dev/documentation/webdriver/troubleshooting/errors#nosuchelementexception
Stacktrace:
#0 0x55724759ef5a <unknown>
#1 0x557246f07499 <unknown>
#2 0x557246f5d222 <unknown>
#3 0x557246f5d481 <unknown>
#4 0x557246f52196 <unknown>
#5 0x557246f52077 <unknown>
#6 0x557246fa5583 <unknown>
#7 0x557246f5081b <unknown>
#8 0x557246f51601 <unknown>
#9 0x557247563120 <unknown>
#10 0x55724756179a <unknown>
#11 0x55724754c4e5 <unknown>
#12 0x55724756245a <unknown>
#13 0x5572475357d0 <unknown>
#14 0x55724758a048 <unknown>
#15 0x55724758a1e5 <unknown>
#16 0x55724759dae3 <unknown>
#17 0x7fab6469cb84 <unknown>
#18 0x7fab64729d6c <unknown>

2026-09-07 14:24:28 - INFO - Fetching BUY listings for USDT/EUR
2026-09-07 14:24:29 - INFO - Data successfully saved to SQLite database. New listings - Bybit: 3, Binance: 6
2026-09-07 14:24:29 - INFO - Browser session closed
2026-09-07 14:24:29 - INFO - SQLite database connection closed
