2026-05-16 00:16:13 - INFO - Logging initialized. Log file: pb2b/logs/bybit_scraper_20260516.log
2026-05-16 00:16:20 - INFO - DataSaver logging initialized. Log file: pb2b/logs/data_saver_20260516.log
2026-05-16 00:16:20 - INFO - Connected to SQLite database: pb2b/p2p_listings.db
2026-05-16 00:16:20 - INFO - Database tables created successfully
2026-05-16 00:16:20 - INFO - Attempt 1/10: Loading https://www.bybit.com/fiat/trade/otc?actionType=1&token=USDT&fiat=NGN
2026-05-16 00:16:30 - INFO - Screenshot saved as 'pb2b/screenshots/bybit_page_20260516_001629.png'
2026-05-16 00:16:30 - WARNING - Error parsing row: Message: no such element: Unable to locate element: {"method":"css selector","selector":"td:nth-child(2)"}
  (Session info: chrome=148.0.7778.167); For documentation on this error, please visit: https://www.selenium.dev/documentation/webdriver/troubleshooting/errors#nosuchelementexception
Stacktrace:
#0 0x55dea442b22a <unknown>
#1 0x55dea3e29ab9 <unknown>
#2 0x55dea3e7e046 <unknown>
#3 0x55dea3e7e281 <unknown>
#4 0x55dea3e72fe6 <unknown>
#5 0x55dea3e72ec7 <unknown>
#6 0x55dea3ec6116 <unknown>
#7 0x55dea3e71662 <unknown>
#8 0x55dea3e72451 <unknown>
#9 0x55dea43eed8b <unknown>
#10 0x55dea43f1c65 <unknown>
#11 0x55dea43db458 <unknown>
#12 0x55dea43f27f0 <unknown>
#13 0x55dea43c21c0 <unknown>
#14 0x55dea4418168 <unknown>
#15 0x55dea4418305 <unknown>
#16 0x55dea4429c5e <unknown>
#17 0x7fe24c49caa4 <unknown>
#18 0x7fe24c529c6c <unknown>

2026-05-16 00:16:30 - INFO - Fetching BUY listings for USDT/EUR
2026-05-16 00:16:31 - INFO - Data successfully saved to SQLite database. New listings - Bybit: 3, Binance: 6
2026-05-16 00:16:31 - INFO - Browser session closed
2026-05-16 00:16:31 - INFO - SQLite database connection closed
2026-05-16 04:09:59 - INFO - Logging initialized. Log file: pb2b/logs/bybit_scraper_20260516.log
2026-05-16 04:10:05 - INFO - DataSaver logging initialized. Log file: pb2b/logs/data_saver_20260516.log
2026-05-16 04:10:05 - INFO - Connected to SQLite database: pb2b/p2p_listings.db
2026-05-16 04:10:05 - INFO - Database tables created successfully
2026-05-16 04:10:05 - INFO - Attempt 1/10: Loading https://www.bybit.com/fiat/trade/otc?actionType=1&token=USDT&fiat=NGN
2026-05-16 04:10:16 - INFO - Screenshot saved as 'pb2b/screenshots/bybit_page_20260516_041015.png'
2026-05-16 04:10:16 - INFO - Fetching BUY listings for USDT/EUR
2026-05-16 04:10:17 - INFO - Data successfully saved to SQLite database. New listings - Bybit: 5, Binance: 6
2026-05-16 04:10:17 - INFO - Browser session closed
2026-05-16 04:10:17 - INFO - SQLite database connection closed
2026-05-16 06:38:31 - INFO - Logging initialized. Log file: pb2b/logs/bybit_scraper_20260516.log
2026-05-16 06:38:32 - INFO - DataSaver logging initialized. Log file: pb2b/logs/data_saver_20260516.log
2026-05-16 06:38:32 - INFO - Connected to SQLite database: pb2b/p2p_listings.db
2026-05-16 06:38:32 - INFO - Database tables created successfully
2026-05-16 06:38:32 - INFO - Attempt 1/10: Loading https://www.bybit.com/fiat/trade/otc?actionType=1&token=USDT&fiat=NGN
2026-05-16 06:38:41 - INFO - Screenshot saved as 'pb2b/screenshots/bybit_page_20260516_063841.png'
2026-05-16 06:38:41 - INFO - Fetching BUY listings for USDT/EUR
2026-05-16 06:38:41 - INFO - Data successfully saved to SQLite database. New listings - Bybit: 0, Binance: 6
2026-05-16 06:38:42 - INFO - Browser session closed
2026-05-16 06:38:42 - INFO - SQLite database connection closed
2026-05-16 08:32:02 - INFO - Logging initialized. Log file: pb2b/logs/bybit_scraper_20260516.log
2026-05-16 08:32:09 - INFO - DataSaver logging initialized. Log file: pb2b/logs/data_saver_20260516.log
2026-05-16 08:32:09 - INFO - Connected to SQLite database: pb2b/p2p_listings.db
2026-05-16 08:32:09 - INFO - Database tables created successfully
2026-05-16 08:32:09 - INFO - Attempt 1/10: Loading https://www.bybit.com/fiat/trade/otc?actionType=1&token=USDT&fiat=NGN
2026-05-16 08:32:23 - INFO - Screenshot saved as 'pb2b/screenshots/bybit_page_20260516_083222.png'
2026-05-16 08:32:23 - INFO - Fetching BUY listings for USDT/EUR
2026-05-16 08:32:24 - INFO - Data successfully saved to SQLite database. New listings - Bybit: 0, Binance: 6
2026-05-16 08:32:24 - INFO - Browser session closed
2026-05-16 08:32:24 - INFO - SQLite database connection closed
2026-05-16 10:07:02 - INFO - Logging initialized. Log file: pb2b/logs/bybit_scraper_20260516.log
2026-05-16 10:07:03 - INFO - DataSaver logging initialized. Log file: pb2b/logs/data_saver_20260516.log
2026-05-16 10:07:03 - INFO - Connected to SQLite database: pb2b/p2p_listings.db
2026-05-16 10:07:03 - INFO - Database tables created successfully
2026-05-16 10:07:03 - INFO - Attempt 1/10: Loading https://www.bybit.com/fiat/trade/otc?actionType=1&token=USDT&fiat=NGN
2026-05-16 10:07:12 - INFO - Screenshot saved as 'pb2b/screenshots/bybit_page_20260516_100712.png'
2026-05-16 10:07:13 - WARNING - Error parsing row: Message: no such element: Unable to locate element: {"method":"css selector","selector":"td:nth-child(2)"}
  (Session info: chrome=148.0.7778.167); For documentation on this error, please visit: https://www.selenium.dev/documentation/webdriver/troubleshooting/errors#nosuchelementexception
Stacktrace:
#0 0x559815a4322a <unknown>
#1 0x559815441ab9 <unknown>
#2 0x559815496046 <unknown>
#3 0x559815496281 <unknown>
#4 0x55981548afe6 <unknown>
#5 0x55981548aec7 <unknown>
#6 0x5598154de116 <unknown>
#7 0x559815489662 <unknown>
#8 0x55981548a451 <unknown>
#9 0x559815a06d8b <unknown>
#10 0x559815a09c65 <unknown>
#11 0x5598159f3458 <unknown>
#12 0x559815a0a7f0 <unknown>
#13 0x5598159da1c0 <unknown>
#14 0x559815a30168 <unknown>
#15 0x559815a30305 <unknown>
#16 0x559815a41c5e <unknown>
#17 0x7f7ea629caa4 <unknown>
#18 0x7f7ea6329c6c <unknown>

2026-05-16 10:07:13 - INFO - Fetching BUY listings for USDT/EUR
2026-05-16 10:07:14 - INFO - Data successfully saved to SQLite database. New listings - Bybit: 3, Binance: 6
2026-05-16 10:07:14 - INFO - Browser session closed
2026-05-16 10:07:14 - INFO - SQLite database connection closed
2026-05-16 11:21:00 - INFO - Logging initialized. Log file: pb2b/logs/bybit_scraper_20260516.log
2026-05-16 11:21:06 - INFO - DataSaver logging initialized. Log file: pb2b/logs/data_saver_20260516.log
2026-05-16 11:21:06 - INFO - Connected to SQLite database: pb2b/p2p_listings.db
2026-05-16 11:21:06 - INFO - Database tables created successfully
2026-05-16 11:21:06 - INFO - Attempt 1/10: Loading https://www.bybit.com/fiat/trade/otc?actionType=1&token=USDT&fiat=NGN
2026-05-16 11:21:15 - INFO - Screenshot saved as 'pb2b/screenshots/bybit_page_20260516_112115.png'
2026-05-16 11:21:15 - WARNING - Error parsing row: Message: no such element: Unable to locate element: {"method":"css selector","selector":"td:nth-child(2)"}
  (Session info: chrome=148.0.7778.167); For documentation on this error, please visit: https://www.selenium.dev/documentation/webdriver/troubleshooting/errors#nosuchelementexception
Stacktrace:
#0 0x55839137322a <unknown>
#1 0x558390d71ab9 <unknown>
#2 0x558390dc6046 <unknown>
#3 0x558390dc6281 <unknown>
#4 0x558390dbafe6 <unknown>
#5 0x558390dbaec7 <unknown>
#6 0x558390e0e116 <unknown>
#7 0x558390db9662 <unknown>
#8 0x558390dba451 <unknown>
#9 0x558391336d8b <unknown>
#10 0x558391339c65 <unknown>
#11 0x558391323458 <unknown>
#12 0x55839133a7f0 <unknown>
#13 0x55839130a1c0 <unknown>
#14 0x558391360168 <unknown>
#15 0x558391360305 <unknown>
#16 0x558391371c5e <unknown>
#17 0x7fdd8729caa4 <unknown>
#18 0x7fdd87329c6c <unknown>

2026-05-16 11:21:15 - INFO - Fetching BUY listings for USDT/EUR
2026-05-16 11:21:16 - INFO - Data successfully saved to SQLite database. New listings - Bybit: 3, Binance: 6
2026-05-16 11:21:16 - INFO - Browser session closed
2026-05-16 11:21:16 - INFO - SQLite database connection closed
2026-05-16 12:16:33 - INFO - Logging initialized. Log file: pb2b/logs/bybit_scraper_20260516.log
2026-05-16 12:16:37 - INFO - DataSaver logging initialized. Log file: pb2b/logs/data_saver_20260516.log
2026-05-16 12:16:37 - INFO - Connected to SQLite database: pb2b/p2p_listings.db
2026-05-16 12:16:37 - INFO - Database tables created successfully
2026-05-16 12:16:37 - INFO - Attempt 1/10: Loading https://www.bybit.com/fiat/trade/otc?actionType=1&token=USDT&fiat=NGN
2026-05-16 12:16:46 - INFO - Screenshot saved as 'pb2b/screenshots/bybit_page_20260516_121646.png'
2026-05-16 12:16:47 - INFO - Fetching BUY listings for USDT/EUR
2026-05-16 12:16:47 - INFO - Data successfully saved to SQLite database. New listings - Bybit: 5, Binance: 6
2026-05-16 12:16:47 - INFO - Browser session closed
2026-05-16 12:16:47 - INFO - SQLite database connection closed
