2026-08-23 00:06:04 - INFO - Logging initialized. Log file: pb2b/logs/bybit_scraper_20260823.log
2026-08-23 00:06:05 - INFO - DataSaver logging initialized. Log file: pb2b/logs/data_saver_20260823.log
2026-08-23 00:06:05 - INFO - Connected to SQLite database: pb2b/p2p_listings.db
2026-08-23 00:06:05 - INFO - Database tables created successfully
2026-08-23 00:06:05 - INFO - Attempt 1/10: Loading https://www.bybit.com/fiat/trade/otc?actionType=1&token=USDT&fiat=NGN
2026-08-23 00:06:16 - INFO - Screenshot saved as 'pb2b/screenshots/bybit_page_20260823_000616.png'
2026-08-23 00:06:16 - WARNING - Error parsing row: Message: no such element: Unable to locate element: {"method":"css selector","selector":"td:nth-child(2)"}
  (Session info: chrome=151.0.7922.173); For documentation on this error, please visit: https://www.selenium.dev/documentation/webdriver/troubleshooting/errors#nosuchelementexception
Stacktrace:
#0 0x55dcfab0736a <unknown>
#1 0x55dcfa47af49 <unknown>
#2 0x55dcfa4d07e2 <unknown>
#3 0x55dcfa4d0a31 <unknown>
#4 0x55dcfa4c56a6 <unknown>
#5 0x55dcfa4c5587 <unknown>
#6 0x55dcfa5190c3 <unknown>
#7 0x55dcfa4c3c92 <unknown>
#8 0x55dcfa4c4b11 <unknown>
#9 0x55dcfaacc8d0 <unknown>
#10 0x55dcfaacaf3a <unknown>
#11 0x55dcfaab59b5 <unknown>
#12 0x55dcfaacbc0a <unknown>
#13 0x55dcfaa9d740 <unknown>
#14 0x55dcfaaf29a8 <unknown>
#15 0x55dcfaaf2b45 <unknown>
#16 0x55dcfab05f1e <unknown>
#17 0x7fde4c09cb84 <unknown>
#18 0x7fde4c129d6c <unknown>

2026-08-23 00:06:16 - INFO - Fetching BUY listings for USDT/EUR
2026-08-23 00:06:17 - INFO - Data successfully saved to SQLite database. New listings - Bybit: 2, Binance: 6
2026-08-23 00:06:17 - INFO - Browser session closed
2026-08-23 00:06:17 - INFO - SQLite database connection closed
2026-08-23 02:02:16 - INFO - Logging initialized. Log file: pb2b/logs/bybit_scraper_20260823.log
2026-08-23 02:02:17 - INFO - DataSaver logging initialized. Log file: pb2b/logs/data_saver_20260823.log
2026-08-23 02:02:17 - INFO - Connected to SQLite database: pb2b/p2p_listings.db
2026-08-23 02:02:17 - INFO - Database tables created successfully
2026-08-23 02:02:17 - INFO - Attempt 1/10: Loading https://www.bybit.com/fiat/trade/otc?actionType=1&token=USDT&fiat=NGN
2026-08-23 02:02:25 - INFO - Screenshot saved as 'pb2b/screenshots/bybit_page_20260823_020225.png'
2026-08-23 02:02:25 - WARNING - Error parsing row: Message: no such element: Unable to locate element: {"method":"css selector","selector":"td:nth-child(2)"}
  (Session info: chrome=151.0.7922.173); For documentation on this error, please visit: https://www.selenium.dev/documentation/webdriver/troubleshooting/errors#nosuchelementexception
Stacktrace:
#0 0x564c4f16436a <unknown>
#1 0x564c4ead7f49 <unknown>
#2 0x564c4eb2d7e2 <unknown>
#3 0x564c4eb2da31 <unknown>
#4 0x564c4eb226a6 <unknown>
#5 0x564c4eb22587 <unknown>
#6 0x564c4eb760c3 <unknown>
#7 0x564c4eb20c92 <unknown>
#8 0x564c4eb21b11 <unknown>
#9 0x564c4f1298d0 <unknown>
#10 0x564c4f127f3a <unknown>
#11 0x564c4f1129b5 <unknown>
#12 0x564c4f128c0a <unknown>
#13 0x564c4f0fa740 <unknown>
#14 0x564c4f14f9a8 <unknown>
#15 0x564c4f14fb45 <unknown>
#16 0x564c4f162f1e <unknown>
#17 0x7f9299c9cb84 <unknown>
#18 0x7f9299d29d6c <unknown>

2026-08-23 02:02:26 - INFO - Fetching BUY listings for USDT/EUR
2026-08-23 02:02:27 - INFO - Data successfully saved to SQLite database. New listings - Bybit: 3, Binance: 6
2026-08-23 02:02:27 - INFO - Browser session closed
2026-08-23 02:02:27 - INFO - SQLite database connection closed
2026-08-23 03:18:09 - INFO - Logging initialized. Log file: pb2b/logs/bybit_scraper_20260823.log
2026-08-23 03:18:11 - INFO - DataSaver logging initialized. Log file: pb2b/logs/data_saver_20260823.log
2026-08-23 03:18:11 - INFO - Connected to SQLite database: pb2b/p2p_listings.db
2026-08-23 03:18:11 - INFO - Database tables created successfully
2026-08-23 03:18:11 - INFO - Attempt 1/10: Loading https://www.bybit.com/fiat/trade/otc?actionType=1&token=USDT&fiat=NGN
2026-08-23 03:18:20 - INFO - Screenshot saved as 'pb2b/screenshots/bybit_page_20260823_031820.png'
2026-08-23 03:18:20 - WARNING - Error parsing row: Message: no such element: Unable to locate element: {"method":"css selector","selector":"td:nth-child(2)"}
  (Session info: chrome=151.0.7922.173); For documentation on this error, please visit: https://www.selenium.dev/documentation/webdriver/troubleshooting/errors#nosuchelementexception
Stacktrace:
#0 0x5634968d536a <unknown>
#1 0x563496248f49 <unknown>
#2 0x56349629e7e2 <unknown>
#3 0x56349629ea31 <unknown>
#4 0x5634962936a6 <unknown>
#5 0x563496293587 <unknown>
#6 0x5634962e70c3 <unknown>
#7 0x563496291c92 <unknown>
#8 0x563496292b11 <unknown>
#9 0x56349689a8d0 <unknown>
#10 0x563496898f3a <unknown>
#11 0x5634968839b5 <unknown>
#12 0x563496899c0a <unknown>
#13 0x56349686b740 <unknown>
#14 0x5634968c09a8 <unknown>
#15 0x5634968c0b45 <unknown>
#16 0x5634968d3f1e <unknown>
#17 0x7fa72aa9cb84 <unknown>
#18 0x7fa72ab29d6c <unknown>

2026-08-23 03:18:20 - INFO - Fetching BUY listings for USDT/EUR
2026-08-23 03:18:21 - INFO - Data successfully saved to SQLite database. New listings - Bybit: 3, Binance: 6
2026-08-23 03:18:21 - INFO - Browser session closed
2026-08-23 03:18:21 - INFO - SQLite database connection closed
2026-08-23 04:09:44 - INFO - Logging initialized. Log file: pb2b/logs/bybit_scraper_20260823.log
2026-08-23 04:09:45 - INFO - DataSaver logging initialized. Log file: pb2b/logs/data_saver_20260823.log
2026-08-23 04:09:45 - INFO - Connected to SQLite database: pb2b/p2p_listings.db
2026-08-23 04:09:45 - INFO - Database tables created successfully
2026-08-23 04:09:45 - INFO - Attempt 1/10: Loading https://www.bybit.com/fiat/trade/otc?actionType=1&token=USDT&fiat=NGN
2026-08-23 04:09:53 - INFO - Screenshot saved as 'pb2b/screenshots/bybit_page_20260823_040953.png'
2026-08-23 04:09:53 - WARNING - Error parsing row: Message: no such element: Unable to locate element: {"method":"css selector","selector":"td:nth-child(2)"}
  (Session info: chrome=151.0.7922.173); For documentation on this error, please visit: https://www.selenium.dev/documentation/webdriver/troubleshooting/errors#nosuchelementexception
Stacktrace:
#0 0x55d03e34536a <unknown>
#1 0x55d03dcb8f49 <unknown>
#2 0x55d03dd0e7e2 <unknown>
#3 0x55d03dd0ea31 <unknown>
#4 0x55d03dd036a6 <unknown>
#5 0x55d03dd03587 <unknown>
#6 0x55d03dd570c3 <unknown>
#7 0x55d03dd01c92 <unknown>
#8 0x55d03dd02b11 <unknown>
#9 0x55d03e30a8d0 <unknown>
#10 0x55d03e308f3a <unknown>
#11 0x55d03e2f39b5 <unknown>
#12 0x55d03e309c0a <unknown>
#13 0x55d03e2db740 <unknown>
#14 0x55d03e3309a8 <unknown>
#15 0x55d03e330b45 <unknown>
#16 0x55d03e343f1e <unknown>
#17 0x7f3353c9cb84 <unknown>
#18 0x7f3353d29d6c <unknown>

2026-08-23 04:09:53 - INFO - Fetching BUY listings for USDT/EUR
2026-08-23 04:09:54 - INFO - Data successfully saved to SQLite database. New listings - Bybit: 3, Binance: 6
2026-08-23 04:09:54 - INFO - Browser session closed
2026-08-23 04:09:54 - INFO - SQLite database connection closed
2026-08-23 04:55:47 - INFO - Logging initialized. Log file: pb2b/logs/bybit_scraper_20260823.log
2026-08-23 04:55:48 - INFO - DataSaver logging initialized. Log file: pb2b/logs/data_saver_20260823.log
2026-08-23 04:55:48 - INFO - Connected to SQLite database: pb2b/p2p_listings.db
2026-08-23 04:55:48 - INFO - Database tables created successfully
2026-08-23 04:55:48 - INFO - Attempt 1/10: Loading https://www.bybit.com/fiat/trade/otc?actionType=1&token=USDT&fiat=NGN
2026-08-23 04:55:57 - INFO - Screenshot saved as 'pb2b/screenshots/bybit_page_20260823_045557.png'
2026-08-23 04:55:57 - WARNING - Error parsing row: Message: no such element: Unable to locate element: {"method":"css selector","selector":"td:nth-child(2)"}
  (Session info: chrome=151.0.7922.173); For documentation on this error, please visit: https://www.selenium.dev/documentation/webdriver/troubleshooting/errors#nosuchelementexception
Stacktrace:
#0 0x564f467ce36a <unknown>
#1 0x564f46141f49 <unknown>
#2 0x564f461977e2 <unknown>
#3 0x564f46197a31 <unknown>
#4 0x564f4618c6a6 <unknown>
#5 0x564f4618c587 <unknown>
#6 0x564f461e00c3 <unknown>
#7 0x564f4618ac92 <unknown>
#8 0x564f4618bb11 <unknown>
#9 0x564f467938d0 <unknown>
#10 0x564f46791f3a <unknown>
#11 0x564f4677c9b5 <unknown>
#12 0x564f46792c0a <unknown>
#13 0x564f46764740 <unknown>
#14 0x564f467b99a8 <unknown>
#15 0x564f467b9b45 <unknown>
#16 0x564f467ccf1e <unknown>
#17 0x7f89e6c9cb84 <unknown>
#18 0x7f89e6d29d6c <unknown>

2026-08-23 04:55:57 - INFO - Fetching BUY listings for USDT/EUR
2026-08-23 04:55:58 - INFO - Data successfully saved to SQLite database. New listings - Bybit: 3, Binance: 6
2026-08-23 04:55:58 - INFO - Browser session closed
2026-08-23 04:55:58 - INFO - SQLite database connection closed
2026-08-23 05:26:58 - INFO - Logging initialized. Log file: pb2b/logs/bybit_scraper_20260823.log
2026-08-23 05:27:00 - INFO - DataSaver logging initialized. Log file: pb2b/logs/data_saver_20260823.log
2026-08-23 05:27:00 - INFO - Connected to SQLite database: pb2b/p2p_listings.db
2026-08-23 05:27:00 - INFO - Database tables created successfully
2026-08-23 05:27:00 - INFO - Attempt 1/10: Loading https://www.bybit.com/fiat/trade/otc?actionType=1&token=USDT&fiat=NGN
2026-08-23 05:27:08 - INFO - Screenshot saved as 'pb2b/screenshots/bybit_page_20260823_052707.png'
2026-08-23 05:27:08 - WARNING - Error parsing row: Message: no such element: Unable to locate element: {"method":"css selector","selector":"td:nth-child(2)"}
  (Session info: chrome=151.0.7922.173); For documentation on this error, please visit: https://www.selenium.dev/documentation/webdriver/troubleshooting/errors#nosuchelementexception
Stacktrace:
#0 0x55c90d35436a <unknown>
#1 0x55c90ccc7f49 <unknown>
#2 0x55c90cd1d7e2 <unknown>
#3 0x55c90cd1da31 <unknown>
#4 0x55c90cd126a6 <unknown>
#5 0x55c90cd12587 <unknown>
#6 0x55c90cd660c3 <unknown>
#7 0x55c90cd10c92 <unknown>
#8 0x55c90cd11b11 <unknown>
#9 0x55c90d3198d0 <unknown>
#10 0x55c90d317f3a <unknown>
#11 0x55c90d3029b5 <unknown>
#12 0x55c90d318c0a <unknown>
#13 0x55c90d2ea740 <unknown>
#14 0x55c90d33f9a8 <unknown>
#15 0x55c90d33fb45 <unknown>
#16 0x55c90d352f1e <unknown>
#17 0x7f27a6a9cb84 <unknown>
#18 0x7f27a6b29d6c <unknown>

2026-08-23 05:27:08 - INFO - Fetching BUY listings for USDT/EUR
2026-08-23 05:27:09 - INFO - Data successfully saved to SQLite database. New listings - Bybit: 3, Binance: 6
2026-08-23 05:27:09 - INFO - Browser session closed
2026-08-23 05:27:09 - INFO - SQLite database connection closed
2026-08-23 05:59:28 - INFO - Logging initialized. Log file: pb2b/logs/bybit_scraper_20260823.log
2026-08-23 05:59:30 - INFO - DataSaver logging initialized. Log file: pb2b/logs/data_saver_20260823.log
2026-08-23 05:59:30 - INFO - Connected to SQLite database: pb2b/p2p_listings.db
2026-08-23 05:59:30 - INFO - Database tables created successfully
2026-08-23 05:59:30 - INFO - Attempt 1/10: Loading https://www.bybit.com/fiat/trade/otc?actionType=1&token=USDT&fiat=NGN
2026-08-23 05:59:38 - INFO - Screenshot saved as 'pb2b/screenshots/bybit_page_20260823_055938.png'
2026-08-23 05:59:38 - WARNING - Error parsing row: Message: no such element: Unable to locate element: {"method":"css selector","selector":"td:nth-child(2)"}
  (Session info: chrome=151.0.7922.173); For documentation on this error, please visit: https://www.selenium.dev/documentation/webdriver/troubleshooting/errors#nosuchelementexception
Stacktrace:
#0 0x55e7ee73036a <unknown>
#1 0x55e7ee0a3f49 <unknown>
#2 0x55e7ee0f97e2 <unknown>
#3 0x55e7ee0f9a31 <unknown>
#4 0x55e7ee0ee6a6 <unknown>
#5 0x55e7ee0ee587 <unknown>
#6 0x55e7ee1420c3 <unknown>
#7 0x55e7ee0ecc92 <unknown>
#8 0x55e7ee0edb11 <unknown>
#9 0x55e7ee6f58d0 <unknown>
#10 0x55e7ee6f3f3a <unknown>
#11 0x55e7ee6de9b5 <unknown>
#12 0x55e7ee6f4c0a <unknown>
#13 0x55e7ee6c6740 <unknown>
#14 0x55e7ee71b9a8 <unknown>
#15 0x55e7ee71bb45 <unknown>
#16 0x55e7ee72ef1e <unknown>
#17 0x7f2ae2c9cb84 <unknown>
#18 0x7f2ae2d29d6c <unknown>

2026-08-23 05:59:39 - INFO - Fetching BUY listings for USDT/EUR
2026-08-23 05:59:40 - INFO - Data successfully saved to SQLite database. New listings - Bybit: 3, Binance: 6
2026-08-23 05:59:40 - INFO - Browser session closed
2026-08-23 05:59:40 - INFO - SQLite database connection closed
2026-08-23 06:47:20 - INFO - Logging initialized. Log file: pb2b/logs/bybit_scraper_20260823.log
2026-08-23 06:47:21 - INFO - DataSaver logging initialized. Log file: pb2b/logs/data_saver_20260823.log
2026-08-23 06:47:21 - INFO - Connected to SQLite database: pb2b/p2p_listings.db
2026-08-23 06:47:21 - INFO - Database tables created successfully
2026-08-23 06:47:21 - INFO - Attempt 1/10: Loading https://www.bybit.com/fiat/trade/otc?actionType=1&token=USDT&fiat=NGN
2026-08-23 06:47:30 - INFO - Screenshot saved as 'pb2b/screenshots/bybit_page_20260823_064730.png'
2026-08-23 06:47:30 - WARNING - Error parsing row: Message: no such element: Unable to locate element: {"method":"css selector","selector":"td:nth-child(2)"}
  (Session info: chrome=151.0.7922.173); For documentation on this error, please visit: https://www.selenium.dev/documentation/webdriver/troubleshooting/errors#nosuchelementexception
Stacktrace:
#0 0x561006ff236a <unknown>
#1 0x561006965f49 <unknown>
#2 0x5610069bb7e2 <unknown>
#3 0x5610069bba31 <unknown>
#4 0x5610069b06a6 <unknown>
#5 0x5610069b0587 <unknown>
#6 0x561006a040c3 <unknown>
#7 0x5610069aec92 <unknown>
#8 0x5610069afb11 <unknown>
#9 0x561006fb78d0 <unknown>
#10 0x561006fb5f3a <unknown>
#11 0x561006fa09b5 <unknown>
#12 0x561006fb6c0a <unknown>
#13 0x561006f88740 <unknown>
#14 0x561006fdd9a8 <unknown>
#15 0x561006fddb45 <unknown>
#16 0x561006ff0f1e <unknown>
#17 0x7fb85de9cb84 <unknown>
#18 0x7fb85df29d6c <unknown>

2026-08-23 06:47:31 - INFO - Fetching BUY listings for USDT/EUR
2026-08-23 06:47:31 - INFO - Data successfully saved to SQLite database. New listings - Bybit: 2, Binance: 6
2026-08-23 06:47:31 - INFO - Browser session closed
2026-08-23 06:47:31 - INFO - SQLite database connection closed
2026-08-23 07:27:24 - INFO - Logging initialized. Log file: pb2b/logs/bybit_scraper_20260823.log
2026-08-23 07:27:26 - INFO - DataSaver logging initialized. Log file: pb2b/logs/data_saver_20260823.log
2026-08-23 07:27:26 - INFO - Connected to SQLite database: pb2b/p2p_listings.db
2026-08-23 07:27:26 - INFO - Database tables created successfully
2026-08-23 07:27:26 - INFO - Attempt 1/10: Loading https://www.bybit.com/fiat/trade/otc?actionType=1&token=USDT&fiat=NGN
2026-08-23 07:27:34 - INFO - Screenshot saved as 'pb2b/screenshots/bybit_page_20260823_072734.png'
2026-08-23 07:27:35 - WARNING - Error parsing row: Message: no such element: Unable to locate element: {"method":"css selector","selector":"td:nth-child(2)"}
  (Session info: chrome=151.0.7922.173); For documentation on this error, please visit: https://www.selenium.dev/documentation/webdriver/troubleshooting/errors#nosuchelementexception
Stacktrace:
#0 0x5573e8ae436a <unknown>
#1 0x5573e8457f49 <unknown>
#2 0x5573e84ad7e2 <unknown>
#3 0x5573e84ada31 <unknown>
#4 0x5573e84a26a6 <unknown>
#5 0x5573e84a2587 <unknown>
#6 0x5573e84f60c3 <unknown>
#7 0x5573e84a0c92 <unknown>
#8 0x5573e84a1b11 <unknown>
#9 0x5573e8aa98d0 <unknown>
#10 0x5573e8aa7f3a <unknown>
#11 0x5573e8a929b5 <unknown>
#12 0x5573e8aa8c0a <unknown>
#13 0x5573e8a7a740 <unknown>
#14 0x5573e8acf9a8 <unknown>
#15 0x5573e8acfb45 <unknown>
#16 0x5573e8ae2f1e <unknown>
#17 0x7f986ca9cb84 <unknown>
#18 0x7f986cb29d6c <unknown>

2026-08-23 07:27:35 - INFO - Fetching BUY listings for USDT/EUR
2026-08-23 07:27:36 - INFO - Data successfully saved to SQLite database. New listings - Bybit: 3, Binance: 6
2026-08-23 07:27:37 - INFO - Browser session closed
2026-08-23 07:27:37 - INFO - SQLite database connection closed
2026-08-23 08:01:32 - INFO - Logging initialized. Log file: pb2b/logs/bybit_scraper_20260823.log
2026-08-23 08:01:33 - INFO - DataSaver logging initialized. Log file: pb2b/logs/data_saver_20260823.log
2026-08-23 08:01:33 - INFO - Connected to SQLite database: pb2b/p2p_listings.db
2026-08-23 08:01:33 - INFO - Database tables created successfully
2026-08-23 08:01:33 - INFO - Attempt 1/10: Loading https://www.bybit.com/fiat/trade/otc?actionType=1&token=USDT&fiat=NGN
2026-08-23 08:01:42 - INFO - Screenshot saved as 'pb2b/screenshots/bybit_page_20260823_080142.png'
2026-08-23 08:01:42 - WARNING - Error parsing row: Message: no such element: Unable to locate element: {"method":"css selector","selector":"td:nth-child(2)"}
  (Session info: chrome=151.0.7922.173); For documentation on this error, please visit: https://www.selenium.dev/documentation/webdriver/troubleshooting/errors#nosuchelementexception
Stacktrace:
#0 0x5615f1f0b36a <unknown>
#1 0x5615f187ef49 <unknown>
#2 0x5615f18d47e2 <unknown>
#3 0x5615f18d4a31 <unknown>
#4 0x5615f18c96a6 <unknown>
#5 0x5615f18c9587 <unknown>
#6 0x5615f191d0c3 <unknown>
#7 0x5615f18c7c92 <unknown>
#8 0x5615f18c8b11 <unknown>
#9 0x5615f1ed08d0 <unknown>
#10 0x5615f1ecef3a <unknown>
#11 0x5615f1eb99b5 <unknown>
#12 0x5615f1ecfc0a <unknown>
#13 0x5615f1ea1740 <unknown>
#14 0x5615f1ef69a8 <unknown>
#15 0x5615f1ef6b45 <unknown>
#16 0x5615f1f09f1e <unknown>
#17 0x7f159c49cb84 <unknown>
#18 0x7f159c529d6c <unknown>

2026-08-23 08:01:43 - INFO - Fetching BUY listings for USDT/EUR
2026-08-23 08:01:43 - INFO - Data successfully saved to SQLite database. New listings - Bybit: 3, Binance: 6
2026-08-23 08:01:43 - INFO - Browser session closed
2026-08-23 08:01:43 - INFO - SQLite database connection closed
2026-08-23 08:45:56 - INFO - Logging initialized. Log file: pb2b/logs/bybit_scraper_20260823.log
2026-08-23 08:45:57 - INFO - DataSaver logging initialized. Log file: pb2b/logs/data_saver_20260823.log
2026-08-23 08:45:57 - INFO - Connected to SQLite database: pb2b/p2p_listings.db
2026-08-23 08:45:57 - INFO - Database tables created successfully
2026-08-23 08:45:57 - INFO - Attempt 1/10: Loading https://www.bybit.com/fiat/trade/otc?actionType=1&token=USDT&fiat=NGN
2026-08-23 08:46:05 - INFO - Screenshot saved as 'pb2b/screenshots/bybit_page_20260823_084605.png'
2026-08-23 08:46:05 - WARNING - Error parsing row: Message: no such element: Unable to locate element: {"method":"css selector","selector":"td:nth-child(2)"}
  (Session info: chrome=151.0.7922.173); For documentation on this error, please visit: https://www.selenium.dev/documentation/webdriver/troubleshooting/errors#nosuchelementexception
Stacktrace:
#0 0x559186fa736a <unknown>
#1 0x55918691af49 <unknown>
#2 0x5591869707e2 <unknown>
#3 0x559186970a31 <unknown>
#4 0x5591869656a6 <unknown>
#5 0x559186965587 <unknown>
#6 0x5591869b90c3 <unknown>
#7 0x559186963c92 <unknown>
#8 0x559186964b11 <unknown>
#9 0x559186f6c8d0 <unknown>
#10 0x559186f6af3a <unknown>
#11 0x559186f559b5 <unknown>
#12 0x559186f6bc0a <unknown>
#13 0x559186f3d740 <unknown>
#14 0x559186f929a8 <unknown>
#15 0x559186f92b45 <unknown>
#16 0x559186fa5f1e <unknown>
#17 0x7f2cae69cb84 <unknown>
#18 0x7f2cae729d6c <unknown>

2026-08-23 08:46:06 - INFO - Fetching BUY listings for USDT/EUR
2026-08-23 08:46:06 - INFO - Data successfully saved to SQLite database. New listings - Bybit: 2, Binance: 6
2026-08-23 08:46:06 - INFO - Browser session closed
2026-08-23 08:46:06 - INFO - SQLite database connection closed
2026-08-23 09:10:48 - INFO - Logging initialized. Log file: pb2b/logs/bybit_scraper_20260823.log
2026-08-23 09:10:49 - INFO - DataSaver logging initialized. Log file: pb2b/logs/data_saver_20260823.log
2026-08-23 09:10:49 - INFO - Connected to SQLite database: pb2b/p2p_listings.db
2026-08-23 09:10:49 - INFO - Database tables created successfully
2026-08-23 09:10:49 - INFO - Attempt 1/10: Loading https://www.bybit.com/fiat/trade/otc?actionType=1&token=USDT&fiat=NGN
2026-08-23 09:10:59 - INFO - Screenshot saved as 'pb2b/screenshots/bybit_page_20260823_091058.png'
2026-08-23 09:10:59 - WARNING - Error parsing row: Message: no such element: Unable to locate element: {"method":"css selector","selector":"td:nth-child(2)"}
  (Session info: chrome=151.0.7922.173); For documentation on this error, please visit: https://www.selenium.dev/documentation/webdriver/troubleshooting/errors#nosuchelementexception
Stacktrace:
#0 0x556518c6f36a <unknown>
#1 0x5565185e2f49 <unknown>
#2 0x5565186387e2 <unknown>
#3 0x556518638a31 <unknown>
#4 0x55651862d6a6 <unknown>
#5 0x55651862d587 <unknown>
#6 0x5565186810c3 <unknown>
#7 0x55651862bc92 <unknown>
#8 0x55651862cb11 <unknown>
#9 0x556518c348d0 <unknown>
#10 0x556518c32f3a <unknown>
#11 0x556518c1d9b5 <unknown>
#12 0x556518c33c0a <unknown>
#13 0x556518c05740 <unknown>
#14 0x556518c5a9a8 <unknown>
#15 0x556518c5ab45 <unknown>
#16 0x556518c6df1e <unknown>
#17 0x7fa816a9cb84 <unknown>
#18 0x7fa816b29d6c <unknown>

2026-08-23 09:10:59 - INFO - Fetching BUY listings for USDT/EUR
2026-08-23 09:10:59 - INFO - Data successfully saved to SQLite database. New listings - Bybit: 2, Binance: 6
2026-08-23 09:11:00 - INFO - Browser session closed
2026-08-23 09:11:00 - INFO - SQLite database connection closed
2026-08-23 09:45:51 - INFO - Logging initialized. Log file: pb2b/logs/bybit_scraper_20260823.log
2026-08-23 09:45:51 - INFO - DataSaver logging initialized. Log file: pb2b/logs/data_saver_20260823.log
2026-08-23 09:45:51 - INFO - Connected to SQLite database: pb2b/p2p_listings.db
2026-08-23 09:45:51 - INFO - Database tables created successfully
2026-08-23 09:45:51 - INFO - Attempt 1/10: Loading https://www.bybit.com/fiat/trade/otc?actionType=1&token=USDT&fiat=NGN
2026-08-23 09:46:01 - INFO - Screenshot saved as 'pb2b/screenshots/bybit_page_20260823_094601.png'
2026-08-23 09:46:01 - WARNING - Error parsing row: Message: no such element: Unable to locate element: {"method":"css selector","selector":"td:nth-child(2)"}
  (Session info: chrome=151.0.7922.173); For documentation on this error, please visit: https://www.selenium.dev/documentation/webdriver/troubleshooting/errors#nosuchelementexception
Stacktrace:
#0 0x56263f92b36a <unknown>
#1 0x56263f29ef49 <unknown>
#2 0x56263f2f47e2 <unknown>
#3 0x56263f2f4a31 <unknown>
#4 0x56263f2e96a6 <unknown>
#5 0x56263f2e9587 <unknown>
#6 0x56263f33d0c3 <unknown>
#7 0x56263f2e7c92 <unknown>
#8 0x56263f2e8b11 <unknown>
#9 0x56263f8f08d0 <unknown>
#10 0x56263f8eef3a <unknown>
#11 0x56263f8d99b5 <unknown>
#12 0x56263f8efc0a <unknown>
#13 0x56263f8c1740 <unknown>
#14 0x56263f9169a8 <unknown>
#15 0x56263f916b45 <unknown>
#16 0x56263f929f1e <unknown>
#17 0x7f928089cb84 <unknown>
#18 0x7f9280929d6c <unknown>

2026-08-23 09:46:02 - INFO - Fetching BUY listings for USDT/EUR
2026-08-23 09:46:02 - INFO - Data successfully saved to SQLite database. New listings - Bybit: 3, Binance: 6
2026-08-23 09:46:02 - INFO - Browser session closed
2026-08-23 09:46:02 - INFO - SQLite database connection closed
2026-08-23 10:07:36 - INFO - Logging initialized. Log file: pb2b/logs/bybit_scraper_20260823.log
2026-08-23 10:07:37 - INFO - DataSaver logging initialized. Log file: pb2b/logs/data_saver_20260823.log
2026-08-23 10:07:37 - INFO - Connected to SQLite database: pb2b/p2p_listings.db
2026-08-23 10:07:37 - INFO - Database tables created successfully
2026-08-23 10:07:37 - INFO - Attempt 1/10: Loading https://www.bybit.com/fiat/trade/otc?actionType=1&token=USDT&fiat=NGN
2026-08-23 10:07:46 - INFO - Screenshot saved as 'pb2b/screenshots/bybit_page_20260823_100746.png'
2026-08-23 10:07:46 - WARNING - Error parsing row: Message: no such element: Unable to locate element: {"method":"css selector","selector":"td:nth-child(2)"}
  (Session info: chrome=151.0.7922.173); For documentation on this error, please visit: https://www.selenium.dev/documentation/webdriver/troubleshooting/errors#nosuchelementexception
Stacktrace:
#0 0x5594ca34836a <unknown>
#1 0x5594c9cbbf49 <unknown>
#2 0x5594c9d117e2 <unknown>
#3 0x5594c9d11a31 <unknown>
#4 0x5594c9d066a6 <unknown>
#5 0x5594c9d06587 <unknown>
#6 0x5594c9d5a0c3 <unknown>
#7 0x5594c9d04c92 <unknown>
#8 0x5594c9d05b11 <unknown>
#9 0x5594ca30d8d0 <unknown>
#10 0x5594ca30bf3a <unknown>
#11 0x5594ca2f69b5 <unknown>
#12 0x5594ca30cc0a <unknown>
#13 0x5594ca2de740 <unknown>
#14 0x5594ca3339a8 <unknown>
#15 0x5594ca333b45 <unknown>
#16 0x5594ca346f1e <unknown>
#17 0x7fc328e9cb84 <unknown>
#18 0x7fc328f29d6c <unknown>

2026-08-23 10:07:47 - INFO - Fetching BUY listings for USDT/EUR
2026-08-23 10:07:48 - INFO - Data successfully saved to SQLite database. New listings - Bybit: 3, Binance: 6
2026-08-23 10:07:48 - INFO - Browser session closed
2026-08-23 10:07:48 - INFO - SQLite database connection closed
2026-08-23 10:42:21 - INFO - Logging initialized. Log file: pb2b/logs/bybit_scraper_20260823.log
2026-08-23 10:42:22 - INFO - DataSaver logging initialized. Log file: pb2b/logs/data_saver_20260823.log
2026-08-23 10:42:22 - INFO - Connected to SQLite database: pb2b/p2p_listings.db
2026-08-23 10:42:22 - INFO - Database tables created successfully
2026-08-23 10:42:22 - INFO - Attempt 1/10: Loading https://www.bybit.com/fiat/trade/otc?actionType=1&token=USDT&fiat=NGN
2026-08-23 10:42:31 - INFO - Screenshot saved as 'pb2b/screenshots/bybit_page_20260823_104230.png'
2026-08-23 10:42:31 - WARNING - Error parsing row: Message: no such element: Unable to locate element: {"method":"css selector","selector":"td:nth-child(2)"}
  (Session info: chrome=151.0.7922.173); For documentation on this error, please visit: https://www.selenium.dev/documentation/webdriver/troubleshooting/errors#nosuchelementexception
Stacktrace:
#0 0x565518efb36a <unknown>
#1 0x56551886ef49 <unknown>
#2 0x5655188c47e2 <unknown>
#3 0x5655188c4a31 <unknown>
#4 0x5655188b96a6 <unknown>
#5 0x5655188b9587 <unknown>
#6 0x56551890d0c3 <unknown>
#7 0x5655188b7c92 <unknown>
#8 0x5655188b8b11 <unknown>
#9 0x565518ec08d0 <unknown>
#10 0x565518ebef3a <unknown>
#11 0x565518ea99b5 <unknown>
#12 0x565518ebfc0a <unknown>
#13 0x565518e91740 <unknown>
#14 0x565518ee69a8 <unknown>
#15 0x565518ee6b45 <unknown>
#16 0x565518ef9f1e <unknown>
#17 0x7fa648a9cb84 <unknown>
#18 0x7fa648b29d6c <unknown>

2026-08-23 10:42:31 - INFO - Fetching BUY listings for USDT/EUR
2026-08-23 10:42:32 - INFO - Data successfully saved to SQLite database. New listings - Bybit: 2, Binance: 6
2026-08-23 10:42:32 - INFO - Browser session closed
2026-08-23 10:42:32 - INFO - SQLite database connection closed
2026-08-23 11:04:17 - INFO - Logging initialized. Log file: pb2b/logs/bybit_scraper_20260823.log
2026-08-23 11:04:18 - INFO - DataSaver logging initialized. Log file: pb2b/logs/data_saver_20260823.log
2026-08-23 11:04:18 - INFO - Connected to SQLite database: pb2b/p2p_listings.db
2026-08-23 11:04:18 - INFO - Database tables created successfully
2026-08-23 11:04:18 - INFO - Attempt 1/10: Loading https://www.bybit.com/fiat/trade/otc?actionType=1&token=USDT&fiat=NGN
2026-08-23 11:04:26 - INFO - Screenshot saved as 'pb2b/screenshots/bybit_page_20260823_110426.png'
2026-08-23 11:04:26 - WARNING - Error parsing row: Message: no such element: Unable to locate element: {"method":"css selector","selector":"td:nth-child(2)"}
  (Session info: chrome=151.0.7922.173); For documentation on this error, please visit: https://www.selenium.dev/documentation/webdriver/troubleshooting/errors#nosuchelementexception
Stacktrace:
#0 0x55cc1eecf36a <unknown>
#1 0x55cc1e842f49 <unknown>
#2 0x55cc1e8987e2 <unknown>
#3 0x55cc1e898a31 <unknown>
#4 0x55cc1e88d6a6 <unknown>
#5 0x55cc1e88d587 <unknown>
#6 0x55cc1e8e10c3 <unknown>
#7 0x55cc1e88bc92 <unknown>
#8 0x55cc1e88cb11 <unknown>
#9 0x55cc1ee948d0 <unknown>
#10 0x55cc1ee92f3a <unknown>
#11 0x55cc1ee7d9b5 <unknown>
#12 0x55cc1ee93c0a <unknown>
#13 0x55cc1ee65740 <unknown>
#14 0x55cc1eeba9a8 <unknown>
#15 0x55cc1eebab45 <unknown>
#16 0x55cc1eecdf1e <unknown>
#17 0x7f133209cb84 <unknown>
#18 0x7f1332129d6c <unknown>

2026-08-23 11:04:27 - INFO - Fetching BUY listings for USDT/EUR
2026-08-23 11:04:28 - INFO - Data successfully saved to SQLite database. New listings - Bybit: 3, Binance: 6
2026-08-23 11:04:28 - INFO - Browser session closed
2026-08-23 11:04:28 - INFO - SQLite database connection closed
2026-08-23 11:34:49 - INFO - Logging initialized. Log file: pb2b/logs/bybit_scraper_20260823.log
2026-08-23 11:34:50 - INFO - DataSaver logging initialized. Log file: pb2b/logs/data_saver_20260823.log
2026-08-23 11:34:50 - INFO - Connected to SQLite database: pb2b/p2p_listings.db
2026-08-23 11:34:50 - INFO - Database tables created successfully
2026-08-23 11:34:50 - INFO - Attempt 1/10: Loading https://www.bybit.com/fiat/trade/otc?actionType=1&token=USDT&fiat=NGN
2026-08-23 11:35:01 - INFO - Screenshot saved as 'pb2b/screenshots/bybit_page_20260823_113501.png'
2026-08-23 11:35:01 - WARNING - Error parsing row: Message: no such element: Unable to locate element: {"method":"css selector","selector":"td:nth-child(2)"}
  (Session info: chrome=151.0.7922.173); For documentation on this error, please visit: https://www.selenium.dev/documentation/webdriver/troubleshooting/errors#nosuchelementexception
Stacktrace:
#0 0x557cf979236a <unknown>
#1 0x557cf9105f49 <unknown>
#2 0x557cf915b7e2 <unknown>
#3 0x557cf915ba31 <unknown>
#4 0x557cf91506a6 <unknown>
#5 0x557cf9150587 <unknown>
#6 0x557cf91a40c3 <unknown>
#7 0x557cf914ec92 <unknown>
#8 0x557cf914fb11 <unknown>
#9 0x557cf97578d0 <unknown>
#10 0x557cf9755f3a <unknown>
#11 0x557cf97409b5 <unknown>
#12 0x557cf9756c0a <unknown>
#13 0x557cf9728740 <unknown>
#14 0x557cf977d9a8 <unknown>
#15 0x557cf977db45 <unknown>
#16 0x557cf9790f1e <unknown>
#17 0x7ff8b609cb84 <unknown>
#18 0x7ff8b6129d6c <unknown>

2026-08-23 11:35:02 - INFO - Fetching BUY listings for USDT/EUR
2026-08-23 11:35:02 - INFO - Data successfully saved to SQLite database. New listings - Bybit: 3, Binance: 6
2026-08-23 11:35:02 - INFO - Browser session closed
2026-08-23 11:35:02 - INFO - SQLite database connection closed
2026-08-23 11:58:53 - INFO - Logging initialized. Log file: pb2b/logs/bybit_scraper_20260823.log
2026-08-23 11:58:55 - INFO - DataSaver logging initialized. Log file: pb2b/logs/data_saver_20260823.log
2026-08-23 11:58:55 - INFO - Connected to SQLite database: pb2b/p2p_listings.db
2026-08-23 11:58:55 - INFO - Database tables created successfully
2026-08-23 11:58:55 - INFO - Attempt 1/10: Loading https://www.bybit.com/fiat/trade/otc?actionType=1&token=USDT&fiat=NGN
2026-08-23 11:59:07 - INFO - Screenshot saved as 'pb2b/screenshots/bybit_page_20260823_115906.png'
2026-08-23 11:59:07 - INFO - Fetching BUY listings for USDT/EUR
2026-08-23 11:59:08 - INFO - Data successfully saved to SQLite database. New listings - Bybit: 5, Binance: 6
2026-08-23 11:59:08 - INFO - Browser session closed
2026-08-23 11:59:08 - INFO - SQLite database connection closed
