2026-08-17 00:02:27 - INFO - Logging initialized. Log file: pb2b/logs/bybit_scraper_20260817.log
2026-08-17 00:02:28 - INFO - DataSaver logging initialized. Log file: pb2b/logs/data_saver_20260817.log
2026-08-17 00:02:28 - INFO - Connected to SQLite database: pb2b/p2p_listings.db
2026-08-17 00:02:28 - INFO - Database tables created successfully
2026-08-17 00:02:28 - INFO - Attempt 1/10: Loading https://www.bybit.com/fiat/trade/otc?actionType=1&token=USDT&fiat=NGN
2026-08-17 00:02:42 - INFO - Screenshot saved as 'pb2b/screenshots/bybit_page_20260817_000241.png'
2026-08-17 00:02:42 - WARNING - Error parsing row: Message: no such element: Unable to locate element: {"method":"css selector","selector":"td:nth-child(2)"}
  (Session info: chrome=151.0.7922.137); For documentation on this error, please visit: https://www.selenium.dev/documentation/webdriver/troubleshooting/errors#nosuchelementexception
Stacktrace:
#0 0x555e0d7d982a <unknown>
#1 0x555e0d14cfc9 <unknown>
#2 0x555e0d1a28a2 <unknown>
#3 0x555e0d1a2af1 <unknown>
#4 0x555e0d197746 <unknown>
#5 0x555e0d197627 <unknown>
#6 0x555e0d1eb1a3 <unknown>
#7 0x555e0d195d32 <unknown>
#8 0x555e0d196bb1 <unknown>
#9 0x555e0d79ebb0 <unknown>
#10 0x555e0d79d22a <unknown>
#11 0x555e0d787c55 <unknown>
#12 0x555e0d79deea <unknown>
#13 0x555e0d76fb50 <unknown>
#14 0x555e0d7c5208 <unknown>
#15 0x555e0d7c53a5 <unknown>
#16 0x555e0d7d83de <unknown>
#17 0x7f5246a9cb84 <unknown>
#18 0x7f5246b29d6c <unknown>

2026-08-17 00:02:42 - INFO - Fetching BUY listings for USDT/EUR
2026-08-17 00:02:42 - INFO - Data successfully saved to SQLite database. New listings - Bybit: 3, Binance: 6
2026-08-17 00:02:42 - INFO - Browser session closed
2026-08-17 00:02:42 - INFO - SQLite database connection closed
