2026-07-09 15:51:21 - INFO - Logging initialized. Log file: pb2b/logs/bybit_scraper_20260709.log
2026-07-09 15:51:22 - INFO - DataSaver logging initialized. Log file: pb2b/logs/data_saver_20260709.log
2026-07-09 15:51:22 - INFO - Connected to SQLite database: pb2b/p2p_listings.db
2026-07-09 15:51:22 - INFO - Database tables created successfully
2026-07-09 15:51:22 - INFO - Attempt 1/10: Loading https://www.bybit.com/fiat/trade/otc?actionType=1&token=USDT&fiat=NGN
2026-07-09 15:51:30 - INFO - Screenshot saved as 'pb2b/screenshots/bybit_page_20260709_155130.png'
2026-07-09 15:51:30 - WARNING - Error parsing row: Message: no such element: Unable to locate element: {"method":"css selector","selector":"td:nth-child(2)"}
  (Session info: chrome=150.0.7871.114); For documentation on this error, please visit: https://www.selenium.dev/documentation/webdriver/troubleshooting/errors#nosuchelementexception
Stacktrace:
#0 0x5558ace0a0fa <unknown>
#1 0x5558ac7e3939 <unknown>
#2 0x5558ac838f52 <unknown>
#3 0x5558ac8391a1 <unknown>
#4 0x5558ac82de96 <unknown>
#5 0x5558ac82dd77 <unknown>
#6 0x5558ac88130d <unknown>
#7 0x5558ac82c49f <unknown>
#8 0x5558ac82d301 <unknown>
#9 0x5558acdd0167 <unknown>
#10 0x5558acdce948 <unknown>
#11 0x5558acdb9dc6 <unknown>
#12 0x5558acdcf50a <unknown>
#13 0x5558acda1e70 <unknown>
#14 0x5558acdf5c38 <unknown>
#15 0x5558acdf5dd5 <unknown>
#16 0x5558ace08cae <unknown>
#17 0x7f2b6bc9caa4 <unknown>
#18 0x7f2b6bd29c6c <unknown>

2026-07-09 15:51:30 - INFO - Fetching BUY listings for USDT/EUR
2026-07-09 15:51:31 - INFO - Data successfully saved to SQLite database. New listings - Bybit: 3, Binance: 6
2026-07-09 15:51:31 - INFO - Browser session closed
2026-07-09 15:51:31 - INFO - SQLite database connection closed
