2026-10-01 16:07:24 - INFO - Logging initialized. Log file: pb2b/logs/bybit_scraper_20261001.log
2026-10-01 16:07:25 - INFO - DataSaver logging initialized. Log file: pb2b/logs/data_saver_20261001.log
2026-10-01 16:07:25 - INFO - Connected to SQLite database: pb2b/p2p_listings.db
2026-10-01 16:07:25 - INFO - Database tables created successfully
2026-10-01 16:07:25 - INFO - Attempt 1/10: Loading https://www.bybit.com/fiat/trade/otc?actionType=1&token=USDT&fiat=NGN
2026-10-01 16:07:33 - INFO - Screenshot saved as 'pb2b/screenshots/bybit_page_20261001_160733.png'
2026-10-01 16:07:33 - WARNING - Error parsing row: Message: no such element: Unable to locate element: {"method":"css selector","selector":"td:nth-child(2)"}
  (Session info: chrome=154.0.8037.92); For documentation on this error, please visit: https://www.selenium.dev/documentation/webdriver/troubleshooting/errors#nosuchelementexception
Stacktrace:
#0 0x5587520c8e3a <unknown>
#1 0x5587519f2e69 <unknown>
#2 0x558751a499ec <unknown>
#3 0x558751a49c61 <unknown>
#4 0x558751a3e0a6 <unknown>
#5 0x558751a3df87 <unknown>
#6 0x558751a937af <unknown>
#7 0x558751a3c748 <unknown>
#8 0x558751a3d511 <unknown>
#9 0x55875208b3c5 <unknown>
#10 0x558752089bd5 <unknown>
#11 0x558752074c55 <unknown>
#12 0x55875208a82a <unknown>
#13 0x55875205d329 <unknown>
#14 0x5587520b3248 <unknown>
#15 0x5587520b33e5 <unknown>
#16 0x5587520c7783 <unknown>
#17 0x7f47d689cb84 <unknown>
#18 0x7f47d6929ecc <unknown>

2026-10-01 16:07:34 - INFO - Fetching BUY listings for USDT/EUR
2026-10-01 16:07:35 - INFO - Data successfully saved to SQLite database. New listings - Bybit: 3, Binance: 6
2026-10-01 16:07:35 - INFO - Browser session closed
2026-10-01 16:07:35 - INFO - SQLite database connection closed
