2026-08-20 00:10:03 - INFO - Logging initialized. Log file: pb2b/logs/bybit_scraper_20260820.log
2026-08-20 00:10:06 - INFO - DataSaver logging initialized. Log file: pb2b/logs/data_saver_20260820.log
2026-08-20 00:10:06 - INFO - Connected to SQLite database: pb2b/p2p_listings.db
2026-08-20 00:10:06 - INFO - Database tables created successfully
2026-08-20 00:10:06 - INFO - Attempt 1/10: Loading https://www.bybit.com/fiat/trade/otc?actionType=1&token=USDT&fiat=NGN
2026-08-20 00:10:15 - INFO - Screenshot saved as 'pb2b/screenshots/bybit_page_20260820_001015.png'
2026-08-20 00:10:15 - INFO - Fetching BUY listings for USDT/EUR
2026-08-20 00:10:16 - INFO - Data successfully saved to SQLite database. New listings - Bybit: 4, Binance: 6
2026-08-20 00:10:16 - INFO - Browser session closed
2026-08-20 00:10:16 - INFO - SQLite database connection closed
2026-08-20 01:50:39 - INFO - Logging initialized. Log file: pb2b/logs/bybit_scraper_20260820.log
2026-08-20 01:50:40 - INFO - DataSaver logging initialized. Log file: pb2b/logs/data_saver_20260820.log
2026-08-20 01:50:40 - INFO - Connected to SQLite database: pb2b/p2p_listings.db
2026-08-20 01:50:40 - INFO - Database tables created successfully
2026-08-20 01:50:40 - INFO - Attempt 1/10: Loading https://www.bybit.com/fiat/trade/otc?actionType=1&token=USDT&fiat=NGN
2026-08-20 01:50:50 - INFO - Screenshot saved as 'pb2b/screenshots/bybit_page_20260820_015050.png'
2026-08-20 01:50:51 - INFO - Fetching BUY listings for USDT/EUR
2026-08-20 01:50:52 - INFO - Data successfully saved to SQLite database. New listings - Bybit: 5, Binance: 6
2026-08-20 01:50:52 - INFO - Browser session closed
2026-08-20 01:50:52 - INFO - SQLite database connection closed
2026-08-20 02:51:05 - INFO - Logging initialized. Log file: pb2b/logs/bybit_scraper_20260820.log
2026-08-20 02:51:06 - INFO - DataSaver logging initialized. Log file: pb2b/logs/data_saver_20260820.log
2026-08-20 02:51:06 - INFO - Connected to SQLite database: pb2b/p2p_listings.db
2026-08-20 02:51:06 - INFO - Database tables created successfully
2026-08-20 02:51:06 - INFO - Attempt 1/10: Loading https://www.bybit.com/fiat/trade/otc?actionType=1&token=USDT&fiat=NGN
2026-08-20 02:51:17 - INFO - Screenshot saved as 'pb2b/screenshots/bybit_page_20260820_025117.png'
2026-08-20 02:51:17 - INFO - Fetching BUY listings for USDT/EUR
2026-08-20 02:51:18 - INFO - Data successfully saved to SQLite database. New listings - Bybit: 4, Binance: 6
2026-08-20 02:51:18 - INFO - Browser session closed
2026-08-20 02:51:18 - INFO - SQLite database connection closed
2026-08-20 03:40:09 - INFO - Logging initialized. Log file: pb2b/logs/bybit_scraper_20260820.log
2026-08-20 03:40:10 - INFO - DataSaver logging initialized. Log file: pb2b/logs/data_saver_20260820.log
2026-08-20 03:40:10 - INFO - Connected to SQLite database: pb2b/p2p_listings.db
2026-08-20 03:40:10 - INFO - Database tables created successfully
2026-08-20 03:40:10 - INFO - Attempt 1/10: Loading https://www.bybit.com/fiat/trade/otc?actionType=1&token=USDT&fiat=NGN
2026-08-20 03:40:19 - INFO - Screenshot saved as 'pb2b/screenshots/bybit_page_20260820_034019.png'
2026-08-20 03:40:20 - INFO - Fetching BUY listings for USDT/EUR
2026-08-20 03:40:21 - INFO - Data successfully saved to SQLite database. New listings - Bybit: 4, Binance: 6
2026-08-20 03:40:21 - INFO - Browser session closed
2026-08-20 03:40:21 - INFO - SQLite database connection closed
2026-08-20 04:26:27 - INFO - Logging initialized. Log file: pb2b/logs/bybit_scraper_20260820.log
2026-08-20 04:26:30 - INFO - DataSaver logging initialized. Log file: pb2b/logs/data_saver_20260820.log
2026-08-20 04:26:30 - INFO - Connected to SQLite database: pb2b/p2p_listings.db
2026-08-20 04:26:30 - INFO - Database tables created successfully
2026-08-20 04:26:30 - INFO - Attempt 1/10: Loading https://www.bybit.com/fiat/trade/otc?actionType=1&token=USDT&fiat=NGN
2026-08-20 04:26:38 - INFO - Screenshot saved as 'pb2b/screenshots/bybit_page_20260820_042638.png'
2026-08-20 04:26:39 - INFO - Fetching BUY listings for USDT/EUR
2026-08-20 04:26:40 - INFO - Data successfully saved to SQLite database. New listings - Bybit: 5, Binance: 6
2026-08-20 04:26:40 - INFO - Browser session closed
2026-08-20 04:26:40 - INFO - SQLite database connection closed
2026-08-20 05:07:25 - INFO - Logging initialized. Log file: pb2b/logs/bybit_scraper_20260820.log
2026-08-20 05:07:27 - INFO - DataSaver logging initialized. Log file: pb2b/logs/data_saver_20260820.log
2026-08-20 05:07:27 - INFO - Connected to SQLite database: pb2b/p2p_listings.db
2026-08-20 05:07:27 - INFO - Database tables created successfully
2026-08-20 05:07:27 - INFO - Attempt 1/10: Loading https://www.bybit.com/fiat/trade/otc?actionType=1&token=USDT&fiat=NGN
2026-08-20 05:07:36 - INFO - Screenshot saved as 'pb2b/screenshots/bybit_page_20260820_050736.png'
2026-08-20 05:07:36 - INFO - Fetching BUY listings for USDT/EUR
2026-08-20 05:07:37 - INFO - Data successfully saved to SQLite database. New listings - Bybit: 5, Binance: 6
2026-08-20 05:07:37 - INFO - Browser session closed
2026-08-20 05:07:37 - INFO - SQLite database connection closed
2026-08-20 05:47:28 - INFO - Logging initialized. Log file: pb2b/logs/bybit_scraper_20260820.log
2026-08-20 05:47:29 - INFO - DataSaver logging initialized. Log file: pb2b/logs/data_saver_20260820.log
2026-08-20 05:47:29 - INFO - Connected to SQLite database: pb2b/p2p_listings.db
2026-08-20 05:47:29 - INFO - Database tables created successfully
2026-08-20 05:47:29 - INFO - Attempt 1/10: Loading https://www.bybit.com/fiat/trade/otc?actionType=1&token=USDT&fiat=NGN
2026-08-20 05:47:42 - INFO - Screenshot saved as 'pb2b/screenshots/bybit_page_20260820_054742.png'
2026-08-20 05:47:43 - INFO - Fetching BUY listings for USDT/EUR
2026-08-20 05:47:44 - INFO - Data successfully saved to SQLite database. New listings - Bybit: 5, Binance: 6
2026-08-20 05:47:44 - INFO - Browser session closed
2026-08-20 05:47:44 - INFO - SQLite database connection closed
2026-08-20 06:23:31 - INFO - Logging initialized. Log file: pb2b/logs/bybit_scraper_20260820.log
2026-08-20 06:23:32 - INFO - DataSaver logging initialized. Log file: pb2b/logs/data_saver_20260820.log
2026-08-20 06:23:32 - INFO - Connected to SQLite database: pb2b/p2p_listings.db
2026-08-20 06:23:32 - INFO - Database tables created successfully
2026-08-20 06:23:32 - INFO - Attempt 1/10: Loading https://www.bybit.com/fiat/trade/otc?actionType=1&token=USDT&fiat=NGN
2026-08-20 06:23:40 - INFO - Screenshot saved as 'pb2b/screenshots/bybit_page_20260820_062340.png'
2026-08-20 06:23:41 - INFO - Fetching BUY listings for USDT/EUR
2026-08-20 06:23:42 - INFO - Data successfully saved to SQLite database. New listings - Bybit: 5, Binance: 6
2026-08-20 06:23:42 - INFO - Browser session closed
2026-08-20 06:23:42 - INFO - SQLite database connection closed
2026-08-20 07:18:27 - INFO - Logging initialized. Log file: pb2b/logs/bybit_scraper_20260820.log
2026-08-20 07:18:29 - INFO - DataSaver logging initialized. Log file: pb2b/logs/data_saver_20260820.log
2026-08-20 07:18:29 - INFO - Connected to SQLite database: pb2b/p2p_listings.db
2026-08-20 07:18:29 - INFO - Database tables created successfully
2026-08-20 07:18:29 - INFO - Attempt 1/10: Loading https://www.bybit.com/fiat/trade/otc?actionType=1&token=USDT&fiat=NGN
2026-08-20 07:18:42 - INFO - Screenshot saved as 'pb2b/screenshots/bybit_page_20260820_071842.png'
2026-08-20 07:18:43 - INFO - Fetching BUY listings for USDT/EUR
2026-08-20 07:18:44 - INFO - Data successfully saved to SQLite database. New listings - Bybit: 5, Binance: 6
2026-08-20 07:18:44 - INFO - Browser session closed
2026-08-20 07:18:44 - INFO - SQLite database connection closed
2026-08-20 08:05:37 - INFO - Logging initialized. Log file: pb2b/logs/bybit_scraper_20260820.log
2026-08-20 08:05:38 - INFO - DataSaver logging initialized. Log file: pb2b/logs/data_saver_20260820.log
2026-08-20 08:05:38 - INFO - Connected to SQLite database: pb2b/p2p_listings.db
2026-08-20 08:05:38 - INFO - Database tables created successfully
2026-08-20 08:05:38 - INFO - Attempt 1/10: Loading https://www.bybit.com/fiat/trade/otc?actionType=1&token=USDT&fiat=NGN
2026-08-20 08:05:47 - INFO - Screenshot saved as 'pb2b/screenshots/bybit_page_20260820_080546.png'
2026-08-20 08:05:47 - INFO - Fetching BUY listings for USDT/EUR
2026-08-20 08:05:48 - INFO - Data successfully saved to SQLite database. New listings - Bybit: 5, Binance: 6
2026-08-20 08:05:48 - INFO - Browser session closed
2026-08-20 08:05:48 - INFO - SQLite database connection closed
2026-08-20 08:58:00 - INFO - Logging initialized. Log file: pb2b/logs/bybit_scraper_20260820.log
2026-08-20 08:58:04 - INFO - DataSaver logging initialized. Log file: pb2b/logs/data_saver_20260820.log
2026-08-20 08:58:04 - INFO - Connected to SQLite database: pb2b/p2p_listings.db
2026-08-20 08:58:04 - INFO - Database tables created successfully
2026-08-20 08:58:04 - INFO - Attempt 1/10: Loading https://www.bybit.com/fiat/trade/otc?actionType=1&token=USDT&fiat=NGN
2026-08-20 08:58:12 - INFO - Screenshot saved as 'pb2b/screenshots/bybit_page_20260820_085812.png'
2026-08-20 08:58:13 - INFO - Fetching BUY listings for USDT/EUR
2026-08-20 08:58:13 - INFO - Data successfully saved to SQLite database. New listings - Bybit: 5, Binance: 6
2026-08-20 08:58:13 - INFO - Browser session closed
2026-08-20 08:58:13 - INFO - SQLite database connection closed
2026-08-20 09:42:23 - INFO - Logging initialized. Log file: pb2b/logs/bybit_scraper_20260820.log
2026-08-20 09:42:25 - INFO - DataSaver logging initialized. Log file: pb2b/logs/data_saver_20260820.log
2026-08-20 09:42:25 - INFO - Connected to SQLite database: pb2b/p2p_listings.db
2026-08-20 09:42:25 - INFO - Database tables created successfully
2026-08-20 09:42:25 - INFO - Attempt 1/10: Loading https://www.bybit.com/fiat/trade/otc?actionType=1&token=USDT&fiat=NGN
2026-08-20 09:42:33 - INFO - Screenshot saved as 'pb2b/screenshots/bybit_page_20260820_094232.png'
2026-08-20 09:42:33 - INFO - Fetching BUY listings for USDT/EUR
2026-08-20 09:42:34 - INFO - Data successfully saved to SQLite database. New listings - Bybit: 5, Binance: 6
2026-08-20 09:42:34 - INFO - Browser session closed
2026-08-20 09:42:34 - INFO - SQLite database connection closed
2026-08-20 10:09:17 - INFO - Logging initialized. Log file: pb2b/logs/bybit_scraper_20260820.log
2026-08-20 10:09:18 - INFO - DataSaver logging initialized. Log file: pb2b/logs/data_saver_20260820.log
2026-08-20 10:09:18 - INFO - Connected to SQLite database: pb2b/p2p_listings.db
2026-08-20 10:09:18 - INFO - Database tables created successfully
2026-08-20 10:09:18 - INFO - Attempt 1/10: Loading https://www.bybit.com/fiat/trade/otc?actionType=1&token=USDT&fiat=NGN
2026-08-20 10:09:29 - INFO - Screenshot saved as 'pb2b/screenshots/bybit_page_20260820_100928.png'
2026-08-20 10:09:29 - INFO - Fetching BUY listings for USDT/EUR
2026-08-20 10:09:30 - INFO - Data successfully saved to SQLite database. New listings - Bybit: 4, Binance: 6
2026-08-20 10:09:30 - INFO - Browser session closed
2026-08-20 10:09:30 - INFO - SQLite database connection closed
2026-08-20 10:51:27 - INFO - Logging initialized. Log file: pb2b/logs/bybit_scraper_20260820.log
2026-08-20 10:51:29 - INFO - DataSaver logging initialized. Log file: pb2b/logs/data_saver_20260820.log
2026-08-20 10:51:29 - INFO - Connected to SQLite database: pb2b/p2p_listings.db
2026-08-20 10:51:29 - INFO - Database tables created successfully
2026-08-20 10:51:29 - INFO - Attempt 1/10: Loading https://www.bybit.com/fiat/trade/otc?actionType=1&token=USDT&fiat=NGN
2026-08-20 10:51:41 - INFO - Screenshot saved as 'pb2b/screenshots/bybit_page_20260820_105140.png'
2026-08-20 10:51:41 - INFO - Fetching BUY listings for USDT/EUR
2026-08-20 10:51:42 - INFO - Data successfully saved to SQLite database. New listings - Bybit: 4, Binance: 6
2026-08-20 10:51:42 - INFO - Browser session closed
2026-08-20 10:51:42 - INFO - SQLite database connection closed
2026-08-20 11:20:19 - INFO - Logging initialized. Log file: pb2b/logs/bybit_scraper_20260820.log
2026-08-20 11:20:21 - INFO - DataSaver logging initialized. Log file: pb2b/logs/data_saver_20260820.log
2026-08-20 11:20:21 - INFO - Connected to SQLite database: pb2b/p2p_listings.db
2026-08-20 11:20:21 - INFO - Database tables created successfully
2026-08-20 11:20:21 - INFO - Attempt 1/10: Loading https://www.bybit.com/fiat/trade/otc?actionType=1&token=USDT&fiat=NGN
2026-08-20 11:20:32 - INFO - Screenshot saved as 'pb2b/screenshots/bybit_page_20260820_112031.png'
2026-08-20 11:20:32 - INFO - Fetching BUY listings for USDT/EUR
2026-08-20 11:20:33 - INFO - Data successfully saved to SQLite database. New listings - Bybit: 4, Binance: 6
2026-08-20 11:20:33 - INFO - Browser session closed
2026-08-20 11:20:33 - INFO - SQLite database connection closed
2026-08-20 11:50:43 - INFO - Logging initialized. Log file: pb2b/logs/bybit_scraper_20260820.log
2026-08-20 11:50:44 - INFO - DataSaver logging initialized. Log file: pb2b/logs/data_saver_20260820.log
2026-08-20 11:50:44 - INFO - Connected to SQLite database: pb2b/p2p_listings.db
2026-08-20 11:50:44 - INFO - Database tables created successfully
2026-08-20 11:50:44 - INFO - Attempt 1/10: Loading https://www.bybit.com/fiat/trade/otc?actionType=1&token=USDT&fiat=NGN
2026-08-20 11:50:52 - INFO - Screenshot saved as 'pb2b/screenshots/bybit_page_20260820_115052.png'
2026-08-20 11:50:53 - INFO - Fetching BUY listings for USDT/EUR
2026-08-20 11:50:53 - INFO - Data successfully saved to SQLite database. New listings - Bybit: 4, Binance: 6
2026-08-20 11:50:53 - INFO - Browser session closed
2026-08-20 11:50:53 - INFO - SQLite database connection closed
2026-08-20 12:23:30 - INFO - Logging initialized. Log file: pb2b/logs/bybit_scraper_20260820.log
2026-08-20 12:23:32 - INFO - DataSaver logging initialized. Log file: pb2b/logs/data_saver_20260820.log
2026-08-20 12:23:32 - INFO - Connected to SQLite database: pb2b/p2p_listings.db
2026-08-20 12:23:32 - INFO - Database tables created successfully
2026-08-20 12:23:32 - INFO - Attempt 1/10: Loading https://www.bybit.com/fiat/trade/otc?actionType=1&token=USDT&fiat=NGN
2026-08-20 12:23:42 - INFO - Screenshot saved as 'pb2b/screenshots/bybit_page_20260820_122342.png'
2026-08-20 12:23:43 - INFO - Fetching BUY listings for USDT/EUR
2026-08-20 12:23:43 - INFO - Data successfully saved to SQLite database. New listings - Bybit: 4, Binance: 6
2026-08-20 12:23:44 - INFO - Browser session closed
2026-08-20 12:23:44 - INFO - SQLite database connection closed
