2026-05-15 07:44:51 - INFO - Logging initialized. Log file: pb2b/logs/bybit_scraper_20260515.log
2026-05-15 07:45:04 - INFO - DataSaver logging initialized. Log file: pb2b/logs/data_saver_20260515.log
2026-05-15 07:45:04 - INFO - Connected to SQLite database: pb2b/p2p_listings.db
2026-05-15 07:45:04 - INFO - Database tables created successfully
2026-05-15 07:45:04 - INFO - Attempt 1/10: Loading https://www.bybit.com/fiat/trade/otc?actionType=1&token=USDT&fiat=NGN
2026-05-15 07:45:15 - INFO - Screenshot saved as 'pb2b/screenshots/bybit_page_20260515_074514.png'
2026-05-15 07:45:17 - INFO - Fetching BUY listings for USDT/EUR
2026-05-15 07:45:32 - INFO - Data successfully saved to SQLite database. New listings - Bybit: 5, Binance: 6
2026-05-15 07:45:32 - INFO - Browser session closed
2026-05-15 07:45:32 - INFO - SQLite database connection closed
2026-05-15 10:12:48 - INFO - Logging initialized. Log file: pb2b/logs/bybit_scraper_20260515.log
2026-05-15 10:12:49 - INFO - DataSaver logging initialized. Log file: pb2b/logs/data_saver_20260515.log
2026-05-15 10:12:49 - INFO - Connected to SQLite database: pb2b/p2p_listings.db
2026-05-15 10:12:49 - INFO - Database tables created successfully
2026-05-15 10:12:49 - INFO - Attempt 1/10: Loading https://www.bybit.com/fiat/trade/otc?actionType=1&token=USDT&fiat=NGN
2026-05-15 10:12:58 - INFO - Screenshot saved as 'pb2b/screenshots/bybit_page_20260515_101258.png'
2026-05-15 10:12:59 - INFO - Fetching BUY listings for USDT/EUR
2026-05-15 10:13:00 - INFO - Data successfully saved to SQLite database. New listings - Bybit: 5, Binance: 6
2026-05-15 10:13:00 - INFO - Browser session closed
2026-05-15 10:13:00 - INFO - SQLite database connection closed
2026-05-15 12:15:14 - INFO - Logging initialized. Log file: pb2b/logs/bybit_scraper_20260515.log
2026-05-15 12:15:21 - INFO - DataSaver logging initialized. Log file: pb2b/logs/data_saver_20260515.log
2026-05-15 12:15:21 - INFO - Connected to SQLite database: pb2b/p2p_listings.db
2026-05-15 12:15:21 - INFO - Database tables created successfully
2026-05-15 12:15:21 - INFO - Attempt 1/10: Loading https://www.bybit.com/fiat/trade/otc?actionType=1&token=USDT&fiat=NGN
2026-05-15 12:15:30 - INFO - Screenshot saved as 'pb2b/screenshots/bybit_page_20260515_121529.png'
2026-05-15 12:15:30 - WARNING - Error parsing row: Message: no such element: Unable to locate element: {"method":"css selector","selector":"td:nth-child(2)"}
  (Session info: chrome=148.0.7778.167); For documentation on this error, please visit: https://www.selenium.dev/documentation/webdriver/troubleshooting/errors#nosuchelementexception
Stacktrace:
#0 0x55fb1d73222a <unknown>
#1 0x55fb1d130ab9 <unknown>
#2 0x55fb1d185046 <unknown>
#3 0x55fb1d185281 <unknown>
#4 0x55fb1d179fe6 <unknown>
#5 0x55fb1d179ec7 <unknown>
#6 0x55fb1d1cd116 <unknown>
#7 0x55fb1d178662 <unknown>
#8 0x55fb1d179451 <unknown>
#9 0x55fb1d6f5d8b <unknown>
#10 0x55fb1d6f8c65 <unknown>
#11 0x55fb1d6e2458 <unknown>
#12 0x55fb1d6f97f0 <unknown>
#13 0x55fb1d6c91c0 <unknown>
#14 0x55fb1d71f168 <unknown>
#15 0x55fb1d71f305 <unknown>
#16 0x55fb1d730c5e <unknown>
#17 0x7eff04c9caa4 <unknown>
#18 0x7eff04d29c6c <unknown>

2026-05-15 12:15:30 - INFO - Fetching BUY listings for USDT/EUR
2026-05-15 12:15:31 - INFO - Data successfully saved to SQLite database. New listings - Bybit: 3, Binance: 6
2026-05-15 12:15:31 - INFO - Browser session closed
2026-05-15 12:15:31 - INFO - SQLite database connection closed
2026-05-15 14:41:32 - INFO - Logging initialized. Log file: pb2b/logs/bybit_scraper_20260515.log
2026-05-15 14:41:39 - INFO - DataSaver logging initialized. Log file: pb2b/logs/data_saver_20260515.log
2026-05-15 14:41:39 - INFO - Connected to SQLite database: pb2b/p2p_listings.db
2026-05-15 14:41:39 - INFO - Database tables created successfully
2026-05-15 14:41:39 - INFO - Attempt 1/10: Loading https://www.bybit.com/fiat/trade/otc?actionType=1&token=USDT&fiat=NGN
2026-05-15 14:41:49 - INFO - Screenshot saved as 'pb2b/screenshots/bybit_page_20260515_144148.png'
2026-05-15 14:41:49 - INFO - Fetching BUY listings for USDT/EUR
2026-05-15 14:41:50 - INFO - Data successfully saved to SQLite database. New listings - Bybit: 5, Binance: 6
2026-05-15 14:41:50 - INFO - Browser session closed
2026-05-15 14:41:50 - INFO - SQLite database connection closed
2026-05-15 16:30:57 - INFO - Logging initialized. Log file: pb2b/logs/bybit_scraper_20260515.log
2026-05-15 16:31:05 - INFO - DataSaver logging initialized. Log file: pb2b/logs/data_saver_20260515.log
2026-05-15 16:31:05 - INFO - Connected to SQLite database: pb2b/p2p_listings.db
2026-05-15 16:31:05 - INFO - Database tables created successfully
2026-05-15 16:31:05 - INFO - Attempt 1/10: Loading https://www.bybit.com/fiat/trade/otc?actionType=1&token=USDT&fiat=NGN
2026-05-15 16:31:14 - INFO - Screenshot saved as 'pb2b/screenshots/bybit_page_20260515_163113.png'
2026-05-15 16:31:15 - INFO - Fetching BUY listings for USDT/EUR
2026-05-15 16:31:15 - INFO - Data successfully saved to SQLite database. New listings - Bybit: 5, Binance: 6
2026-05-15 16:31:15 - INFO - Browser session closed
2026-05-15 16:31:15 - INFO - SQLite database connection closed
2026-05-15 18:18:01 - INFO - Logging initialized. Log file: pb2b/logs/bybit_scraper_20260515.log
2026-05-15 18:18:06 - INFO - DataSaver logging initialized. Log file: pb2b/logs/data_saver_20260515.log
2026-05-15 18:18:06 - INFO - Connected to SQLite database: pb2b/p2p_listings.db
2026-05-15 18:18:06 - INFO - Database tables created successfully
2026-05-15 18:18:06 - INFO - Attempt 1/10: Loading https://www.bybit.com/fiat/trade/otc?actionType=1&token=USDT&fiat=NGN
2026-05-15 18:18:16 - INFO - Screenshot saved as 'pb2b/screenshots/bybit_page_20260515_181815.png'
2026-05-15 18:18:16 - WARNING - Error parsing row: Message: no such element: Unable to locate element: {"method":"css selector","selector":"td:nth-child(2)"}
  (Session info: chrome=148.0.7778.167); For documentation on this error, please visit: https://www.selenium.dev/documentation/webdriver/troubleshooting/errors#nosuchelementexception
Stacktrace:
#0 0x556a5aa1522a <unknown>
#1 0x556a5a413ab9 <unknown>
#2 0x556a5a468046 <unknown>
#3 0x556a5a468281 <unknown>
#4 0x556a5a45cfe6 <unknown>
#5 0x556a5a45cec7 <unknown>
#6 0x556a5a4b0116 <unknown>
#7 0x556a5a45b662 <unknown>
#8 0x556a5a45c451 <unknown>
#9 0x556a5a9d8d8b <unknown>
#10 0x556a5a9dbc65 <unknown>
#11 0x556a5a9c5458 <unknown>
#12 0x556a5a9dc7f0 <unknown>
#13 0x556a5a9ac1c0 <unknown>
#14 0x556a5aa02168 <unknown>
#15 0x556a5aa02305 <unknown>
#16 0x556a5aa13c5e <unknown>
#17 0x7f823409caa4 <unknown>
#18 0x7f8234129c6c <unknown>

2026-05-15 18:18:17 - INFO - Fetching BUY listings for USDT/EUR
2026-05-15 18:18:17 - INFO - Data successfully saved to SQLite database. New listings - Bybit: 3, Binance: 6
2026-05-15 18:18:17 - INFO - Browser session closed
2026-05-15 18:18:17 - INFO - SQLite database connection closed
2026-05-15 19:58:47 - INFO - Logging initialized. Log file: pb2b/logs/bybit_scraper_20260515.log
2026-05-15 19:58:48 - INFO - DataSaver logging initialized. Log file: pb2b/logs/data_saver_20260515.log
2026-05-15 19:58:48 - INFO - Connected to SQLite database: pb2b/p2p_listings.db
2026-05-15 19:58:48 - INFO - Database tables created successfully
2026-05-15 19:58:48 - INFO - Attempt 1/10: Loading https://www.bybit.com/fiat/trade/otc?actionType=1&token=USDT&fiat=NGN
2026-05-15 19:58:57 - INFO - Screenshot saved as 'pb2b/screenshots/bybit_page_20260515_195857.png'
2026-05-15 19:58:58 - INFO - Fetching BUY listings for USDT/EUR
2026-05-15 19:59:00 - INFO - Data successfully saved to SQLite database. New listings - Bybit: 5, Binance: 6
2026-05-15 19:59:00 - INFO - Browser session closed
2026-05-15 19:59:00 - INFO - SQLite database connection closed
2026-05-15 21:08:53 - INFO - Logging initialized. Log file: pb2b/logs/bybit_scraper_20260515.log
2026-05-15 21:08:55 - INFO - DataSaver logging initialized. Log file: pb2b/logs/data_saver_20260515.log
2026-05-15 21:08:55 - INFO - Connected to SQLite database: pb2b/p2p_listings.db
2026-05-15 21:08:55 - INFO - Database tables created successfully
2026-05-15 21:08:55 - INFO - Attempt 1/10: Loading https://www.bybit.com/fiat/trade/otc?actionType=1&token=USDT&fiat=NGN
2026-05-15 21:09:04 - INFO - Screenshot saved as 'pb2b/screenshots/bybit_page_20260515_210904.png'
2026-05-15 21:09:04 - WARNING - Error parsing row: Message: no such element: Unable to locate element: {"method":"css selector","selector":"td:nth-child(2)"}
  (Session info: chrome=148.0.7778.167); For documentation on this error, please visit: https://www.selenium.dev/documentation/webdriver/troubleshooting/errors#nosuchelementexception
Stacktrace:
#0 0x564799f8722a <unknown>
#1 0x564799985ab9 <unknown>
#2 0x5647999da046 <unknown>
#3 0x5647999da281 <unknown>
#4 0x5647999cefe6 <unknown>
#5 0x5647999ceec7 <unknown>
#6 0x564799a22116 <unknown>
#7 0x5647999cd662 <unknown>
#8 0x5647999ce451 <unknown>
#9 0x564799f4ad8b <unknown>
#10 0x564799f4dc65 <unknown>
#11 0x564799f37458 <unknown>
#12 0x564799f4e7f0 <unknown>
#13 0x564799f1e1c0 <unknown>
#14 0x564799f74168 <unknown>
#15 0x564799f74305 <unknown>
#16 0x564799f85c5e <unknown>
#17 0x7f10c469caa4 <unknown>
#18 0x7f10c4729c6c <unknown>

2026-05-15 21:09:04 - INFO - Fetching BUY listings for USDT/EUR
2026-05-15 21:09:05 - INFO - Data successfully saved to SQLite database. New listings - Bybit: 3, Binance: 6
2026-05-15 21:09:05 - INFO - Browser session closed
2026-05-15 21:09:05 - INFO - SQLite database connection closed
2026-05-15 22:15:03 - INFO - Logging initialized. Log file: pb2b/logs/bybit_scraper_20260515.log
2026-05-15 22:15:09 - INFO - DataSaver logging initialized. Log file: pb2b/logs/data_saver_20260515.log
2026-05-15 22:15:09 - INFO - Connected to SQLite database: pb2b/p2p_listings.db
2026-05-15 22:15:09 - INFO - Database tables created successfully
2026-05-15 22:15:09 - INFO - Attempt 1/10: Loading https://www.bybit.com/fiat/trade/otc?actionType=1&token=USDT&fiat=NGN
2026-05-15 22:15:17 - INFO - Screenshot saved as 'pb2b/screenshots/bybit_page_20260515_221517.png'
2026-05-15 22:15:17 - WARNING - Error parsing row: Message: no such element: Unable to locate element: {"method":"css selector","selector":"td:nth-child(2)"}
  (Session info: chrome=148.0.7778.167); For documentation on this error, please visit: https://www.selenium.dev/documentation/webdriver/troubleshooting/errors#nosuchelementexception
Stacktrace:
#0 0x5575a02c022a <unknown>
#1 0x55759fcbeab9 <unknown>
#2 0x55759fd13046 <unknown>
#3 0x55759fd13281 <unknown>
#4 0x55759fd07fe6 <unknown>
#5 0x55759fd07ec7 <unknown>
#6 0x55759fd5b116 <unknown>
#7 0x55759fd06662 <unknown>
#8 0x55759fd07451 <unknown>
#9 0x5575a0283d8b <unknown>
#10 0x5575a0286c65 <unknown>
#11 0x5575a0270458 <unknown>
#12 0x5575a02877f0 <unknown>
#13 0x5575a02571c0 <unknown>
#14 0x5575a02ad168 <unknown>
#15 0x5575a02ad305 <unknown>
#16 0x5575a02bec5e <unknown>
#17 0x7f4b9ac9caa4 <unknown>
#18 0x7f4b9ad29c6c <unknown>

2026-05-15 22:15:18 - INFO - Fetching BUY listings for USDT/EUR
2026-05-15 22:15:19 - INFO - Data successfully saved to SQLite database. New listings - Bybit: 3, Binance: 6
2026-05-15 22:15:19 - INFO - Browser session closed
2026-05-15 22:15:19 - INFO - SQLite database connection closed
2026-05-15 23:18:13 - INFO - Logging initialized. Log file: pb2b/logs/bybit_scraper_20260515.log
2026-05-15 23:18:20 - INFO - DataSaver logging initialized. Log file: pb2b/logs/data_saver_20260515.log
2026-05-15 23:18:20 - INFO - Connected to SQLite database: pb2b/p2p_listings.db
2026-05-15 23:18:20 - INFO - Database tables created successfully
2026-05-15 23:18:20 - INFO - Attempt 1/10: Loading https://www.bybit.com/fiat/trade/otc?actionType=1&token=USDT&fiat=NGN
2026-05-15 23:18:29 - INFO - Screenshot saved as 'pb2b/screenshots/bybit_page_20260515_231829.png'
2026-05-15 23:18:30 - INFO - Fetching BUY listings for USDT/EUR
2026-05-15 23:18:31 - INFO - Data successfully saved to SQLite database. New listings - Bybit: 5, Binance: 6
2026-05-15 23:18:31 - INFO - Browser session closed
2026-05-15 23:18:31 - INFO - SQLite database connection closed
