2026-10-02 00:47:04 - INFO - Logging initialized. Log file: pb2b/logs/bybit_scraper_20261002.log
2026-10-02 00:47:06 - INFO - DataSaver logging initialized. Log file: pb2b/logs/data_saver_20261002.log
2026-10-02 00:47:06 - INFO - Connected to SQLite database: pb2b/p2p_listings.db
2026-10-02 00:47:06 - INFO - Database tables created successfully
2026-10-02 00:47:06 - INFO - Attempt 1/10: Loading https://www.bybit.com/fiat/trade/otc?actionType=1&token=USDT&fiat=NGN
2026-10-02 00:47:15 - INFO - Screenshot saved as 'pb2b/screenshots/bybit_page_20261002_004714.png'
2026-10-02 00:47:15 - WARNING - Error parsing row: Message: no such element: Unable to locate element: {"method":"css selector","selector":"td:nth-child(2)"}
  (Session info: chrome=154.0.8037.92); For documentation on this error, please visit: https://www.selenium.dev/documentation/webdriver/troubleshooting/errors#nosuchelementexception
Stacktrace:
#0 0x55da37092e3a <unknown>
#1 0x55da369bce69 <unknown>
#2 0x55da36a139ec <unknown>
#3 0x55da36a13c61 <unknown>
#4 0x55da36a080a6 <unknown>
#5 0x55da36a07f87 <unknown>
#6 0x55da36a5d7af <unknown>
#7 0x55da36a06748 <unknown>
#8 0x55da36a07511 <unknown>
#9 0x55da370553c5 <unknown>
#10 0x55da37053bd5 <unknown>
#11 0x55da3703ec55 <unknown>
#12 0x55da3705482a <unknown>
#13 0x55da37027329 <unknown>
#14 0x55da3707d248 <unknown>
#15 0x55da3707d3e5 <unknown>
#16 0x55da37091783 <unknown>
#17 0x7fa53ae9cb84 <unknown>
#18 0x7fa53af29ecc <unknown>

2026-10-02 00:47:15 - INFO - Fetching BUY listings for USDT/EUR
2026-10-02 00:47:15 - INFO - Data successfully saved to SQLite database. New listings - Bybit: 2, Binance: 6
2026-10-02 00:47:15 - INFO - Browser session closed
2026-10-02 00:47:15 - INFO - SQLite database connection closed
2026-10-02 06:22:29 - INFO - Logging initialized. Log file: pb2b/logs/bybit_scraper_20261002.log
2026-10-02 06:22:30 - INFO - DataSaver logging initialized. Log file: pb2b/logs/data_saver_20261002.log
2026-10-02 06:22:30 - INFO - Connected to SQLite database: pb2b/p2p_listings.db
2026-10-02 06:22:30 - INFO - Database tables created successfully
2026-10-02 06:22:30 - INFO - Attempt 1/10: Loading https://www.bybit.com/fiat/trade/otc?actionType=1&token=USDT&fiat=NGN
2026-10-02 06:22:39 - INFO - Screenshot saved as 'pb2b/screenshots/bybit_page_20261002_062239.png'
2026-10-02 06:22:39 - WARNING - Error parsing row: Message: no such element: Unable to locate element: {"method":"css selector","selector":"td:nth-child(2)"}
  (Session info: chrome=154.0.8037.97); For documentation on this error, please visit: https://www.selenium.dev/documentation/webdriver/troubleshooting/errors#nosuchelementexception
Stacktrace:
#0 0x557a6b164e3a <unknown>
#1 0x557a6aa8ee69 <unknown>
#2 0x557a6aae59ec <unknown>
#3 0x557a6aae5c61 <unknown>
#4 0x557a6aada0a6 <unknown>
#5 0x557a6aad9f87 <unknown>
#6 0x557a6ab2f7af <unknown>
#7 0x557a6aad8748 <unknown>
#8 0x557a6aad9511 <unknown>
#9 0x557a6b1273c5 <unknown>
#10 0x557a6b125bd5 <unknown>
#11 0x557a6b110c55 <unknown>
#12 0x557a6b12682a <unknown>
#13 0x557a6b0f9329 <unknown>
#14 0x557a6b14f248 <unknown>
#15 0x557a6b14f3e5 <unknown>
#16 0x557a6b163783 <unknown>
#17 0x7fd7c029cb84 <unknown>
#18 0x7fd7c0329ecc <unknown>

2026-10-02 06:22:39 - INFO - Fetching BUY listings for USDT/EUR
2026-10-02 06:22:40 - INFO - Data successfully saved to SQLite database. New listings - Bybit: 2, Binance: 6
2026-10-02 06:22:40 - INFO - Browser session closed
2026-10-02 06:22:40 - INFO - SQLite database connection closed
2026-10-02 12:58:25 - INFO - Logging initialized. Log file: pb2b/logs/bybit_scraper_20261002.log
2026-10-02 12:58:28 - INFO - DataSaver logging initialized. Log file: pb2b/logs/data_saver_20261002.log
2026-10-02 12:58:28 - INFO - Connected to SQLite database: pb2b/p2p_listings.db
2026-10-02 12:58:28 - INFO - Database tables created successfully
2026-10-02 12:58:28 - INFO - Attempt 1/10: Loading https://www.bybit.com/fiat/trade/otc?actionType=1&token=USDT&fiat=NGN
2026-10-02 12:58:37 - INFO - Screenshot saved as 'pb2b/screenshots/bybit_page_20261002_125837.png'
2026-10-02 12:58:37 - INFO - Fetching BUY listings for USDT/EUR
2026-10-02 12:58:38 - INFO - Data successfully saved to SQLite database. New listings - Bybit: 5, Binance: 6
2026-10-02 12:58:38 - INFO - Browser session closed
2026-10-02 12:58:38 - INFO - SQLite database connection closed
2026-10-02 18:20:10 - INFO - Logging initialized. Log file: pb2b/logs/bybit_scraper_20261002.log
2026-10-02 18:20:12 - INFO - DataSaver logging initialized. Log file: pb2b/logs/data_saver_20261002.log
2026-10-02 18:20:12 - INFO - Connected to SQLite database: pb2b/p2p_listings.db
2026-10-02 18:20:12 - INFO - Database tables created successfully
2026-10-02 18:20:12 - INFO - Attempt 1/10: Loading https://www.bybit.com/fiat/trade/otc?actionType=1&token=USDT&fiat=NGN
2026-10-02 18:20:21 - INFO - Screenshot saved as 'pb2b/screenshots/bybit_page_20261002_182021.png'
2026-10-02 18:20:22 - INFO - Fetching BUY listings for USDT/EUR
2026-10-02 18:20:22 - INFO - Data successfully saved to SQLite database. New listings - Bybit: 5, Binance: 6
2026-10-02 18:20:22 - INFO - Browser session closed
2026-10-02 18:20:22 - INFO - SQLite database connection closed
