2026-08-25 00:18:07 - INFO - Logging initialized. Log file: pb2b/logs/bybit_scraper_20260825.log
2026-08-25 00:18:08 - INFO - DataSaver logging initialized. Log file: pb2b/logs/data_saver_20260825.log
2026-08-25 00:18:08 - INFO - Connected to SQLite database: pb2b/p2p_listings.db
2026-08-25 00:18:08 - INFO - Database tables created successfully
2026-08-25 00:18:08 - INFO - Attempt 1/10: Loading https://www.bybit.com/fiat/trade/otc?actionType=1&token=USDT&fiat=NGN
2026-08-25 00:18:19 - INFO - Screenshot saved as 'pb2b/screenshots/bybit_page_20260825_001818.png'
2026-08-25 00:18:19 - WARNING - Error parsing row: Message: no such element: Unable to locate element: {"method":"css selector","selector":"td:nth-child(2)"}
  (Session info: chrome=151.0.7922.173); For documentation on this error, please visit: https://www.selenium.dev/documentation/webdriver/troubleshooting/errors#nosuchelementexception
Stacktrace:
#0 0x55fb38f2d36a <unknown>
#1 0x55fb388a0f49 <unknown>
#2 0x55fb388f67e2 <unknown>
#3 0x55fb388f6a31 <unknown>
#4 0x55fb388eb6a6 <unknown>
#5 0x55fb388eb587 <unknown>
#6 0x55fb3893f0c3 <unknown>
#7 0x55fb388e9c92 <unknown>
#8 0x55fb388eab11 <unknown>
#9 0x55fb38ef28d0 <unknown>
#10 0x55fb38ef0f3a <unknown>
#11 0x55fb38edb9b5 <unknown>
#12 0x55fb38ef1c0a <unknown>
#13 0x55fb38ec3740 <unknown>
#14 0x55fb38f189a8 <unknown>
#15 0x55fb38f18b45 <unknown>
#16 0x55fb38f2bf1e <unknown>
#17 0x7fedde09cb84 <unknown>
#18 0x7fedde129d6c <unknown>

2026-08-25 00:18:19 - INFO - Fetching BUY listings for USDT/EUR
2026-08-25 00:18:19 - INFO - Data successfully saved to SQLite database. New listings - Bybit: 3, Binance: 6
2026-08-25 00:18:20 - INFO - Browser session closed
2026-08-25 00:18:20 - INFO - SQLite database connection closed
2026-08-25 01:25:06 - INFO - Logging initialized. Log file: pb2b/logs/bybit_scraper_20260825.log
2026-08-25 01:25:07 - INFO - DataSaver logging initialized. Log file: pb2b/logs/data_saver_20260825.log
2026-08-25 01:25:07 - INFO - Connected to SQLite database: pb2b/p2p_listings.db
2026-08-25 01:25:07 - INFO - Database tables created successfully
2026-08-25 01:25:07 - INFO - Attempt 1/10: Loading https://www.bybit.com/fiat/trade/otc?actionType=1&token=USDT&fiat=NGN
2026-08-25 01:25:16 - INFO - Screenshot saved as 'pb2b/screenshots/bybit_page_20260825_012516.png'
2026-08-25 01:25:16 - INFO - Fetching BUY listings for USDT/EUR
2026-08-25 01:25:17 - INFO - Data successfully saved to SQLite database. New listings - Bybit: 5, Binance: 6
2026-08-25 01:25:17 - INFO - Browser session closed
2026-08-25 01:25:17 - INFO - SQLite database connection closed
2026-08-25 02:41:20 - INFO - Logging initialized. Log file: pb2b/logs/bybit_scraper_20260825.log
2026-08-25 02:41:21 - INFO - DataSaver logging initialized. Log file: pb2b/logs/data_saver_20260825.log
2026-08-25 02:41:21 - INFO - Connected to SQLite database: pb2b/p2p_listings.db
2026-08-25 02:41:21 - INFO - Database tables created successfully
2026-08-25 02:41:21 - INFO - Attempt 1/10: Loading https://www.bybit.com/fiat/trade/otc?actionType=1&token=USDT&fiat=NGN
2026-08-25 02:41:29 - INFO - Screenshot saved as 'pb2b/screenshots/bybit_page_20260825_024128.png'
2026-08-25 02:41:29 - INFO - Fetching BUY listings for USDT/EUR
2026-08-25 02:41:30 - INFO - Data successfully saved to SQLite database. New listings - Bybit: 5, Binance: 6
2026-08-25 02:41:30 - INFO - Browser session closed
2026-08-25 02:41:30 - INFO - SQLite database connection closed
2026-08-25 03:35:06 - INFO - Logging initialized. Log file: pb2b/logs/bybit_scraper_20260825.log
2026-08-25 03:35:07 - INFO - DataSaver logging initialized. Log file: pb2b/logs/data_saver_20260825.log
2026-08-25 03:35:07 - INFO - Connected to SQLite database: pb2b/p2p_listings.db
2026-08-25 03:35:07 - INFO - Database tables created successfully
2026-08-25 03:35:07 - INFO - Attempt 1/10: Loading https://www.bybit.com/fiat/trade/otc?actionType=1&token=USDT&fiat=NGN
2026-08-25 03:35:18 - INFO - Screenshot saved as 'pb2b/screenshots/bybit_page_20260825_033517.png'
2026-08-25 03:35:18 - INFO - Fetching BUY listings for USDT/EUR
2026-08-25 03:35:19 - INFO - Data successfully saved to SQLite database. New listings - Bybit: 5, Binance: 6
2026-08-25 03:35:19 - INFO - Browser session closed
2026-08-25 03:35:19 - INFO - SQLite database connection closed
2026-08-25 04:25:16 - INFO - Logging initialized. Log file: pb2b/logs/bybit_scraper_20260825.log
2026-08-25 04:25:18 - INFO - DataSaver logging initialized. Log file: pb2b/logs/data_saver_20260825.log
2026-08-25 04:25:18 - INFO - Connected to SQLite database: pb2b/p2p_listings.db
2026-08-25 04:25:18 - INFO - Database tables created successfully
2026-08-25 04:25:18 - INFO - Attempt 1/10: Loading https://www.bybit.com/fiat/trade/otc?actionType=1&token=USDT&fiat=NGN
2026-08-25 04:25:27 - INFO - Screenshot saved as 'pb2b/screenshots/bybit_page_20260825_042527.png'
2026-08-25 04:25:27 - WARNING - Error parsing row: Message: no such element: Unable to locate element: {"method":"css selector","selector":"td:nth-child(2)"}
  (Session info: chrome=151.0.7922.173); For documentation on this error, please visit: https://www.selenium.dev/documentation/webdriver/troubleshooting/errors#nosuchelementexception
Stacktrace:
#0 0x55d49163d36a <unknown>
#1 0x55d490fb0f49 <unknown>
#2 0x55d4910067e2 <unknown>
#3 0x55d491006a31 <unknown>
#4 0x55d490ffb6a6 <unknown>
#5 0x55d490ffb587 <unknown>
#6 0x55d49104f0c3 <unknown>
#7 0x55d490ff9c92 <unknown>
#8 0x55d490ffab11 <unknown>
#9 0x55d4916028d0 <unknown>
#10 0x55d491600f3a <unknown>
#11 0x55d4915eb9b5 <unknown>
#12 0x55d491601c0a <unknown>
#13 0x55d4915d3740 <unknown>
#14 0x55d4916289a8 <unknown>
#15 0x55d491628b45 <unknown>
#16 0x55d49163bf1e <unknown>
#17 0x7f234989cb84 <unknown>
#18 0x7f2349929d6c <unknown>

2026-08-25 04:25:28 - INFO - Fetching BUY listings for USDT/EUR
2026-08-25 04:25:29 - INFO - Data successfully saved to SQLite database. New listings - Bybit: 3, Binance: 6
2026-08-25 04:25:29 - INFO - Browser session closed
2026-08-25 04:25:29 - INFO - SQLite database connection closed
