2026-06-21 01:48:00 - INFO - Logging initialized. Log file: pb2b/logs/bybit_scraper_20260621.log
2026-06-21 01:48:01 - INFO - DataSaver logging initialized. Log file: pb2b/logs/data_saver_20260621.log
2026-06-21 01:48:01 - INFO - Connected to SQLite database: pb2b/p2p_listings.db
2026-06-21 01:48:01 - INFO - Database tables created successfully
2026-06-21 01:48:01 - INFO - Attempt 1/10: Loading https://www.bybit.com/fiat/trade/otc?actionType=1&token=USDT&fiat=NGN
2026-06-21 01:48:09 - INFO - Screenshot saved as 'pb2b/screenshots/bybit_page_20260621_014809.png'
2026-06-21 01:48:10 - INFO - Fetching BUY listings for USDT/EUR
2026-06-21 01:48:11 - INFO - Data successfully saved to SQLite database. New listings - Bybit: 5, Binance: 6
2026-06-21 01:48:11 - INFO - Browser session closed
2026-06-21 01:48:11 - INFO - SQLite database connection closed
2026-06-21 06:38:47 - INFO - Logging initialized. Log file: pb2b/logs/bybit_scraper_20260621.log
2026-06-21 06:38:48 - INFO - DataSaver logging initialized. Log file: pb2b/logs/data_saver_20260621.log
2026-06-21 06:38:48 - INFO - Connected to SQLite database: pb2b/p2p_listings.db
2026-06-21 06:38:48 - INFO - Database tables created successfully
2026-06-21 06:38:48 - INFO - Attempt 1/10: Loading https://www.bybit.com/fiat/trade/otc?actionType=1&token=USDT&fiat=NGN
2026-06-21 06:38:57 - INFO - Screenshot saved as 'pb2b/screenshots/bybit_page_20260621_063857.png'
2026-06-21 06:38:58 - INFO - Fetching BUY listings for USDT/EUR
2026-06-21 06:38:58 - INFO - Data successfully saved to SQLite database. New listings - Bybit: 5, Binance: 6
2026-06-21 06:38:58 - INFO - Browser session closed
2026-06-21 06:38:58 - INFO - SQLite database connection closed
