2026-07-12 01:17:09 - INFO - Logging initialized. Log file: pb2b/logs/bybit_scraper_20260712.log
2026-07-12 01:17:10 - INFO - DataSaver logging initialized. Log file: pb2b/logs/data_saver_20260712.log
2026-07-12 01:17:10 - INFO - Connected to SQLite database: pb2b/p2p_listings.db
2026-07-12 01:17:10 - INFO - Database tables created successfully
2026-07-12 01:17:10 - INFO - Attempt 1/10: Loading https://www.bybit.com/fiat/trade/otc?actionType=1&token=USDT&fiat=NGN
2026-07-12 01:17:19 - INFO - Screenshot saved as 'pb2b/screenshots/bybit_page_20260712_011718.png'
2026-07-12 01:17:19 - INFO - Fetching BUY listings for USDT/EUR
2026-07-12 01:17:20 - INFO - Data successfully saved to SQLite database. New listings - Bybit: 5, Binance: 6
2026-07-12 01:17:20 - INFO - Browser session closed
2026-07-12 01:17:20 - INFO - SQLite database connection closed
2026-07-12 04:48:29 - INFO - Logging initialized. Log file: pb2b/logs/bybit_scraper_20260712.log
2026-07-12 04:48:30 - INFO - DataSaver logging initialized. Log file: pb2b/logs/data_saver_20260712.log
2026-07-12 04:48:30 - INFO - Connected to SQLite database: pb2b/p2p_listings.db
2026-07-12 04:48:30 - INFO - Database tables created successfully
2026-07-12 04:48:30 - INFO - Attempt 1/10: Loading https://www.bybit.com/fiat/trade/otc?actionType=1&token=USDT&fiat=NGN
2026-07-12 04:48:39 - INFO - Screenshot saved as 'pb2b/screenshots/bybit_page_20260712_044839.png'
2026-07-12 04:48:40 - INFO - Fetching BUY listings for USDT/EUR
2026-07-12 04:48:41 - INFO - Data successfully saved to SQLite database. New listings - Bybit: 5, Binance: 6
2026-07-12 04:48:41 - INFO - Browser session closed
2026-07-12 04:48:41 - INFO - SQLite database connection closed
2026-07-12 07:24:41 - INFO - Logging initialized. Log file: pb2b/logs/bybit_scraper_20260712.log
2026-07-12 07:24:43 - INFO - DataSaver logging initialized. Log file: pb2b/logs/data_saver_20260712.log
2026-07-12 07:24:43 - INFO - Connected to SQLite database: pb2b/p2p_listings.db
2026-07-12 07:24:43 - INFO - Database tables created successfully
2026-07-12 07:24:43 - INFO - Attempt 1/10: Loading https://www.bybit.com/fiat/trade/otc?actionType=1&token=USDT&fiat=NGN
2026-07-12 07:24:52 - INFO - Screenshot saved as 'pb2b/screenshots/bybit_page_20260712_072452.png'
2026-07-12 07:24:53 - INFO - Fetching BUY listings for USDT/EUR
2026-07-12 07:24:54 - INFO - Data successfully saved to SQLite database. New listings - Bybit: 5, Binance: 6
2026-07-12 07:24:54 - INFO - Browser session closed
2026-07-12 07:24:54 - INFO - SQLite database connection closed
2026-07-12 09:29:21 - INFO - Logging initialized. Log file: pb2b/logs/bybit_scraper_20260712.log
2026-07-12 09:29:23 - INFO - DataSaver logging initialized. Log file: pb2b/logs/data_saver_20260712.log
2026-07-12 09:29:23 - INFO - Connected to SQLite database: pb2b/p2p_listings.db
2026-07-12 09:29:23 - INFO - Database tables created successfully
2026-07-12 09:29:23 - INFO - Attempt 1/10: Loading https://www.bybit.com/fiat/trade/otc?actionType=1&token=USDT&fiat=NGN
2026-07-12 09:29:32 - INFO - Screenshot saved as 'pb2b/screenshots/bybit_page_20260712_092931.png'
2026-07-12 09:29:32 - WARNING - Error parsing row: Message: no such element: Unable to locate element: {"method":"css selector","selector":"td:nth-child(2)"}
  (Session info: chrome=150.0.7871.114); For documentation on this error, please visit: https://www.selenium.dev/documentation/webdriver/troubleshooting/errors#nosuchelementexception
Stacktrace:
#0 0x55abed1e80fa <unknown>
#1 0x55abecbc1939 <unknown>
#2 0x55abecc16f52 <unknown>
#3 0x55abecc171a1 <unknown>
#4 0x55abecc0be96 <unknown>
#5 0x55abecc0bd77 <unknown>
#6 0x55abecc5f30d <unknown>
#7 0x55abecc0a49f <unknown>
#8 0x55abecc0b301 <unknown>
#9 0x55abed1ae167 <unknown>
#10 0x55abed1ac948 <unknown>
#11 0x55abed197dc6 <unknown>
#12 0x55abed1ad50a <unknown>
#13 0x55abed17fe70 <unknown>
#14 0x55abed1d3c38 <unknown>
#15 0x55abed1d3dd5 <unknown>
#16 0x55abed1e6cae <unknown>
#17 0x7f273709caa4 <unknown>
#18 0x7f2737129c6c <unknown>

2026-07-12 09:29:32 - INFO - Fetching BUY listings for USDT/EUR
2026-07-12 09:29:33 - INFO - Data successfully saved to SQLite database. New listings - Bybit: 3, Binance: 6
2026-07-12 09:29:33 - INFO - Browser session closed
2026-07-12 09:29:33 - INFO - SQLite database connection closed
