2026-08-16 00:01:03 - INFO - Logging initialized. Log file: pb2b/logs/bybit_scraper_20260816.log
2026-08-16 00:01:05 - INFO - DataSaver logging initialized. Log file: pb2b/logs/data_saver_20260816.log
2026-08-16 00:01:05 - INFO - Connected to SQLite database: pb2b/p2p_listings.db
2026-08-16 00:01:05 - INFO - Database tables created successfully
2026-08-16 00:01:05 - INFO - Attempt 1/10: Loading https://www.bybit.com/fiat/trade/otc?actionType=1&token=USDT&fiat=NGN
2026-08-16 00:01:13 - INFO - Screenshot saved as 'pb2b/screenshots/bybit_page_20260816_000113.png'
2026-08-16 00:01:13 - WARNING - Error parsing row: Message: no such element: Unable to locate element: {"method":"css selector","selector":"td:nth-child(2)"}
  (Session info: chrome=151.0.7922.137); For documentation on this error, please visit: https://www.selenium.dev/documentation/webdriver/troubleshooting/errors#nosuchelementexception
Stacktrace:
#0 0x5607b510382a <unknown>
#1 0x5607b4a76fc9 <unknown>
#2 0x5607b4acc8a2 <unknown>
#3 0x5607b4accaf1 <unknown>
#4 0x5607b4ac1746 <unknown>
#5 0x5607b4ac1627 <unknown>
#6 0x5607b4b151a3 <unknown>
#7 0x5607b4abfd32 <unknown>
#8 0x5607b4ac0bb1 <unknown>
#9 0x5607b50c8bb0 <unknown>
#10 0x5607b50c722a <unknown>
#11 0x5607b50b1c55 <unknown>
#12 0x5607b50c7eea <unknown>
#13 0x5607b5099b50 <unknown>
#14 0x5607b50ef208 <unknown>
#15 0x5607b50ef3a5 <unknown>
#16 0x5607b51023de <unknown>
#17 0x7f6d4469cb84 <unknown>
#18 0x7f6d44729d6c <unknown>

2026-08-16 00:01:13 - INFO - Fetching BUY listings for USDT/EUR
2026-08-16 00:01:14 - INFO - Data successfully saved to SQLite database. New listings - Bybit: 2, Binance: 6
2026-08-16 00:01:14 - INFO - Browser session closed
2026-08-16 00:01:14 - INFO - SQLite database connection closed
2026-08-16 01:35:02 - INFO - Logging initialized. Log file: pb2b/logs/bybit_scraper_20260816.log
2026-08-16 01:35:02 - INFO - DataSaver logging initialized. Log file: pb2b/logs/data_saver_20260816.log
2026-08-16 01:35:02 - INFO - Connected to SQLite database: pb2b/p2p_listings.db
2026-08-16 01:35:02 - INFO - Database tables created successfully
2026-08-16 01:35:02 - INFO - Attempt 1/10: Loading https://www.bybit.com/fiat/trade/otc?actionType=1&token=USDT&fiat=NGN
2026-08-16 01:35:16 - INFO - Screenshot saved as 'pb2b/screenshots/bybit_page_20260816_013516.png'
2026-08-16 01:35:16 - WARNING - Error parsing row: Message: no such element: Unable to locate element: {"method":"css selector","selector":"td:nth-child(2)"}
  (Session info: chrome=151.0.7922.137); For documentation on this error, please visit: https://www.selenium.dev/documentation/webdriver/troubleshooting/errors#nosuchelementexception
Stacktrace:
#0 0x55e81530882a <unknown>
#1 0x55e814c7bfc9 <unknown>
#2 0x55e814cd18a2 <unknown>
#3 0x55e814cd1af1 <unknown>
#4 0x55e814cc6746 <unknown>
#5 0x55e814cc6627 <unknown>
#6 0x55e814d1a1a3 <unknown>
#7 0x55e814cc4d32 <unknown>
#8 0x55e814cc5bb1 <unknown>
#9 0x55e8152cdbb0 <unknown>
#10 0x55e8152cc22a <unknown>
#11 0x55e8152b6c55 <unknown>
#12 0x55e8152cceea <unknown>
#13 0x55e81529eb50 <unknown>
#14 0x55e8152f4208 <unknown>
#15 0x55e8152f43a5 <unknown>
#16 0x55e8153073de <unknown>
#17 0x7f4a92c9cb84 <unknown>
#18 0x7f4a92d29d6c <unknown>

2026-08-16 01:35:17 - INFO - Fetching BUY listings for USDT/EUR
2026-08-16 01:35:18 - INFO - Data successfully saved to SQLite database. New listings - Bybit: 3, Binance: 6
2026-08-16 01:35:18 - INFO - Browser session closed
2026-08-16 01:35:18 - INFO - SQLite database connection closed
