2026-07-29 00:06:24 - INFO - Logging initialized. Log file: pb2b/logs/bybit_scraper_20260729.log
2026-07-29 00:06:25 - INFO - DataSaver logging initialized. Log file: pb2b/logs/data_saver_20260729.log
2026-07-29 00:06:25 - INFO - Connected to SQLite database: pb2b/p2p_listings.db
2026-07-29 00:06:25 - INFO - Database tables created successfully
2026-07-29 00:06:25 - INFO - Attempt 1/10: Loading https://www.bybit.com/fiat/trade/otc?actionType=1&token=USDT&fiat=NGN
2026-07-29 00:06:36 - INFO - Screenshot saved as 'pb2b/screenshots/bybit_page_20260729_000636.png'
2026-07-29 00:06:36 - WARNING - Error parsing row: Message: no such element: Unable to locate element: {"method":"css selector","selector":"td:nth-child(2)"}
  (Session info: chrome=150.0.7871.186); For documentation on this error, please visit: https://www.selenium.dev/documentation/webdriver/troubleshooting/errors#nosuchelementexception
Stacktrace:
#0 0x55da4496644a <unknown>
#1 0x55da4433e8c9 <unknown>
#2 0x55da44393f32 <unknown>
#3 0x55da44394181 <unknown>
#4 0x55da44388df6 <unknown>
#5 0x55da44388cd7 <unknown>
#6 0x55da443dc55d <unknown>
#7 0x55da443873ff <unknown>
#8 0x55da44388261 <unknown>
#9 0x55da4492bcc7 <unknown>
#10 0x55da4492a4a8 <unknown>
#11 0x55da44915196 <unknown>
#12 0x55da4492b06a <unknown>
#13 0x55da448fd020 <unknown>
#14 0x55da44951b98 <unknown>
#15 0x55da44951d35 <unknown>
#16 0x55da44964ffe <unknown>
#17 0x7f03bb89caa4 <unknown>
#18 0x7f03bb929c6c <unknown>

2026-07-29 00:06:37 - INFO - Fetching BUY listings for USDT/EUR
2026-07-29 00:06:38 - INFO - Data successfully saved to SQLite database. New listings - Bybit: 3, Binance: 6
2026-07-29 00:06:38 - INFO - Browser session closed
2026-07-29 00:06:38 - INFO - SQLite database connection closed
2026-07-29 03:38:24 - INFO - Logging initialized. Log file: pb2b/logs/bybit_scraper_20260729.log
2026-07-29 03:38:24 - INFO - DataSaver logging initialized. Log file: pb2b/logs/data_saver_20260729.log
2026-07-29 03:38:24 - INFO - Connected to SQLite database: pb2b/p2p_listings.db
2026-07-29 03:38:24 - INFO - Database tables created successfully
2026-07-29 03:38:24 - INFO - Attempt 1/10: Loading https://www.bybit.com/fiat/trade/otc?actionType=1&token=USDT&fiat=NGN
2026-07-29 03:38:36 - INFO - Screenshot saved as 'pb2b/screenshots/bybit_page_20260729_033836.png'
2026-07-29 03:38:36 - WARNING - Error parsing row: Message: no such element: Unable to locate element: {"method":"css selector","selector":"td:nth-child(2)"}
  (Session info: chrome=150.0.7871.186); For documentation on this error, please visit: https://www.selenium.dev/documentation/webdriver/troubleshooting/errors#nosuchelementexception
Stacktrace:
#0 0x557a1676b44a <unknown>
#1 0x557a161438c9 <unknown>
#2 0x557a16198f32 <unknown>
#3 0x557a16199181 <unknown>
#4 0x557a1618ddf6 <unknown>
#5 0x557a1618dcd7 <unknown>
#6 0x557a161e155d <unknown>
#7 0x557a1618c3ff <unknown>
#8 0x557a1618d261 <unknown>
#9 0x557a16730cc7 <unknown>
#10 0x557a1672f4a8 <unknown>
#11 0x557a1671a196 <unknown>
#12 0x557a1673006a <unknown>
#13 0x557a16702020 <unknown>
#14 0x557a16756b98 <unknown>
#15 0x557a16756d35 <unknown>
#16 0x557a16769ffe <unknown>
#17 0x7fbfe289caa4 <unknown>
#18 0x7fbfe2929c6c <unknown>

2026-07-29 03:38:36 - INFO - Fetching BUY listings for USDT/EUR
2026-07-29 03:38:38 - INFO - Data successfully saved to SQLite database. New listings - Bybit: 3, Binance: 6
2026-07-29 03:38:38 - INFO - Browser session closed
2026-07-29 03:38:38 - INFO - SQLite database connection closed
2026-07-29 06:23:12 - INFO - Logging initialized. Log file: pb2b/logs/bybit_scraper_20260729.log
2026-07-29 06:23:13 - INFO - DataSaver logging initialized. Log file: pb2b/logs/data_saver_20260729.log
2026-07-29 06:23:13 - INFO - Connected to SQLite database: pb2b/p2p_listings.db
2026-07-29 06:23:13 - INFO - Database tables created successfully
2026-07-29 06:23:13 - INFO - Attempt 1/10: Loading https://www.bybit.com/fiat/trade/otc?actionType=1&token=USDT&fiat=NGN
2026-07-29 06:23:21 - INFO - Screenshot saved as 'pb2b/screenshots/bybit_page_20260729_062321.png'
2026-07-29 06:23:21 - WARNING - Error parsing row: Message: no such element: Unable to locate element: {"method":"css selector","selector":"td:nth-child(2)"}
  (Session info: chrome=150.0.7871.186); For documentation on this error, please visit: https://www.selenium.dev/documentation/webdriver/troubleshooting/errors#nosuchelementexception
Stacktrace:
#0 0x55d9ce69d44a <unknown>
#1 0x55d9ce0758c9 <unknown>
#2 0x55d9ce0caf32 <unknown>
#3 0x55d9ce0cb181 <unknown>
#4 0x55d9ce0bfdf6 <unknown>
#5 0x55d9ce0bfcd7 <unknown>
#6 0x55d9ce11355d <unknown>
#7 0x55d9ce0be3ff <unknown>
#8 0x55d9ce0bf261 <unknown>
#9 0x55d9ce662cc7 <unknown>
#10 0x55d9ce6614a8 <unknown>
#11 0x55d9ce64c196 <unknown>
#12 0x55d9ce66206a <unknown>
#13 0x55d9ce634020 <unknown>
#14 0x55d9ce688b98 <unknown>
#15 0x55d9ce688d35 <unknown>
#16 0x55d9ce69bffe <unknown>
#17 0x7fc8aea9caa4 <unknown>
#18 0x7fc8aeb29c6c <unknown>

2026-07-29 06:23:21 - INFO - Fetching BUY listings for USDT/EUR
2026-07-29 06:23:22 - INFO - Data successfully saved to SQLite database. New listings - Bybit: 2, Binance: 6
2026-07-29 06:23:22 - INFO - Browser session closed
2026-07-29 06:23:22 - INFO - SQLite database connection closed
2026-07-29 09:24:21 - INFO - Logging initialized. Log file: pb2b/logs/bybit_scraper_20260729.log
2026-07-29 09:24:22 - INFO - DataSaver logging initialized. Log file: pb2b/logs/data_saver_20260729.log
2026-07-29 09:24:22 - INFO - Connected to SQLite database: pb2b/p2p_listings.db
2026-07-29 09:24:22 - INFO - Database tables created successfully
2026-07-29 09:24:22 - INFO - Attempt 1/10: Loading https://www.bybit.com/fiat/trade/otc?actionType=1&token=USDT&fiat=NGN
2026-07-29 09:24:31 - INFO - Screenshot saved as 'pb2b/screenshots/bybit_page_20260729_092431.png'
2026-07-29 09:24:31 - WARNING - Error parsing row: Message: no such element: Unable to locate element: {"method":"css selector","selector":"td:nth-child(2)"}
  (Session info: chrome=150.0.7871.186); For documentation on this error, please visit: https://www.selenium.dev/documentation/webdriver/troubleshooting/errors#nosuchelementexception
Stacktrace:
#0 0x556982f3844a <unknown>
#1 0x5569829108c9 <unknown>
#2 0x556982965f32 <unknown>
#3 0x556982966181 <unknown>
#4 0x55698295adf6 <unknown>
#5 0x55698295acd7 <unknown>
#6 0x5569829ae55d <unknown>
#7 0x5569829593ff <unknown>
#8 0x55698295a261 <unknown>
#9 0x556982efdcc7 <unknown>
#10 0x556982efc4a8 <unknown>
#11 0x556982ee7196 <unknown>
#12 0x556982efd06a <unknown>
#13 0x556982ecf020 <unknown>
#14 0x556982f23b98 <unknown>
#15 0x556982f23d35 <unknown>
#16 0x556982f36ffe <unknown>
#17 0x7fc27069caa4 <unknown>
#18 0x7fc270729c6c <unknown>

2026-07-29 09:24:31 - INFO - Fetching BUY listings for USDT/EUR
2026-07-29 09:24:32 - INFO - Data successfully saved to SQLite database. New listings - Bybit: 3, Binance: 6
2026-07-29 09:24:32 - INFO - Browser session closed
2026-07-29 09:24:32 - INFO - SQLite database connection closed
2026-07-29 11:43:28 - INFO - Logging initialized. Log file: pb2b/logs/bybit_scraper_20260729.log
2026-07-29 11:43:30 - INFO - DataSaver logging initialized. Log file: pb2b/logs/data_saver_20260729.log
2026-07-29 11:43:30 - INFO - Connected to SQLite database: pb2b/p2p_listings.db
2026-07-29 11:43:30 - INFO - Database tables created successfully
2026-07-29 11:43:30 - INFO - Attempt 1/10: Loading https://www.bybit.com/fiat/trade/otc?actionType=1&token=USDT&fiat=NGN
2026-07-29 11:43:40 - INFO - Screenshot saved as 'pb2b/screenshots/bybit_page_20260729_114339.png'
2026-07-29 11:43:40 - WARNING - Error parsing row: Message: no such element: Unable to locate element: {"method":"css selector","selector":"td:nth-child(2)"}
  (Session info: chrome=150.0.7871.186); For documentation on this error, please visit: https://www.selenium.dev/documentation/webdriver/troubleshooting/errors#nosuchelementexception
Stacktrace:
#0 0x563a5e90a44a <unknown>
#1 0x563a5e2e28c9 <unknown>
#2 0x563a5e337f32 <unknown>
#3 0x563a5e338181 <unknown>
#4 0x563a5e32cdf6 <unknown>
#5 0x563a5e32ccd7 <unknown>
#6 0x563a5e38055d <unknown>
#7 0x563a5e32b3ff <unknown>
#8 0x563a5e32c261 <unknown>
#9 0x563a5e8cfcc7 <unknown>
#10 0x563a5e8ce4a8 <unknown>
#11 0x563a5e8b9196 <unknown>
#12 0x563a5e8cf06a <unknown>
#13 0x563a5e8a1020 <unknown>
#14 0x563a5e8f5b98 <unknown>
#15 0x563a5e8f5d35 <unknown>
#16 0x563a5e908ffe <unknown>
#17 0x7f5ce9e9caa4 <unknown>
#18 0x7f5ce9f29c6c <unknown>

2026-07-29 11:43:40 - INFO - Fetching BUY listings for USDT/EUR
2026-07-29 11:43:41 - INFO - Data successfully saved to SQLite database. New listings - Bybit: 3, Binance: 6
2026-07-29 11:43:41 - INFO - Browser session closed
2026-07-29 11:43:41 - INFO - SQLite database connection closed
2026-07-29 13:29:10 - INFO - Logging initialized. Log file: pb2b/logs/bybit_scraper_20260729.log
2026-07-29 13:29:12 - INFO - DataSaver logging initialized. Log file: pb2b/logs/data_saver_20260729.log
2026-07-29 13:29:12 - INFO - Connected to SQLite database: pb2b/p2p_listings.db
2026-07-29 13:29:12 - INFO - Database tables created successfully
2026-07-29 13:29:12 - INFO - Attempt 1/10: Loading https://www.bybit.com/fiat/trade/otc?actionType=1&token=USDT&fiat=NGN
2026-07-29 13:29:20 - INFO - Screenshot saved as 'pb2b/screenshots/bybit_page_20260729_132920.png'
2026-07-29 13:29:20 - WARNING - Error parsing row: Message: no such element: Unable to locate element: {"method":"css selector","selector":"td:nth-child(2)"}
  (Session info: chrome=150.0.7871.186); For documentation on this error, please visit: https://www.selenium.dev/documentation/webdriver/troubleshooting/errors#nosuchelementexception
Stacktrace:
#0 0x5580d3a6844a <unknown>
#1 0x5580d34408c9 <unknown>
#2 0x5580d3495f32 <unknown>
#3 0x5580d3496181 <unknown>
#4 0x5580d348adf6 <unknown>
#5 0x5580d348acd7 <unknown>
#6 0x5580d34de55d <unknown>
#7 0x5580d34893ff <unknown>
#8 0x5580d348a261 <unknown>
#9 0x5580d3a2dcc7 <unknown>
#10 0x5580d3a2c4a8 <unknown>
#11 0x5580d3a17196 <unknown>
#12 0x5580d3a2d06a <unknown>
#13 0x5580d39ff020 <unknown>
#14 0x5580d3a53b98 <unknown>
#15 0x5580d3a53d35 <unknown>
#16 0x5580d3a66ffe <unknown>
#17 0x7f48d809caa4 <unknown>
#18 0x7f48d8129c6c <unknown>

2026-07-29 13:29:20 - INFO - Fetching BUY listings for USDT/EUR
2026-07-29 13:29:21 - INFO - Data successfully saved to SQLite database. New listings - Bybit: 2, Binance: 6
2026-07-29 13:29:21 - INFO - Browser session closed
2026-07-29 13:29:21 - INFO - SQLite database connection closed
2026-07-29 15:33:55 - INFO - Logging initialized. Log file: pb2b/logs/bybit_scraper_20260729.log
2026-07-29 15:33:56 - INFO - DataSaver logging initialized. Log file: pb2b/logs/data_saver_20260729.log
2026-07-29 15:33:56 - INFO - Connected to SQLite database: pb2b/p2p_listings.db
2026-07-29 15:33:56 - INFO - Database tables created successfully
2026-07-29 15:33:56 - INFO - Attempt 1/10: Loading https://www.bybit.com/fiat/trade/otc?actionType=1&token=USDT&fiat=NGN
2026-07-29 15:34:04 - INFO - Screenshot saved as 'pb2b/screenshots/bybit_page_20260729_153404.png'
2026-07-29 15:34:04 - WARNING - Error parsing row: Message: no such element: Unable to locate element: {"method":"css selector","selector":"td:nth-child(2)"}
  (Session info: chrome=150.0.7871.186); For documentation on this error, please visit: https://www.selenium.dev/documentation/webdriver/troubleshooting/errors#nosuchelementexception
Stacktrace:
#0 0x55c72570544a <unknown>
#1 0x55c7250dd8c9 <unknown>
#2 0x55c725132f32 <unknown>
#3 0x55c725133181 <unknown>
#4 0x55c725127df6 <unknown>
#5 0x55c725127cd7 <unknown>
#6 0x55c72517b55d <unknown>
#7 0x55c7251263ff <unknown>
#8 0x55c725127261 <unknown>
#9 0x55c7256cacc7 <unknown>
#10 0x55c7256c94a8 <unknown>
#11 0x55c7256b4196 <unknown>
#12 0x55c7256ca06a <unknown>
#13 0x55c72569c020 <unknown>
#14 0x55c7256f0b98 <unknown>
#15 0x55c7256f0d35 <unknown>
#16 0x55c725703ffe <unknown>
#17 0x7efe4829caa4 <unknown>
#18 0x7efe48329c6c <unknown>

2026-07-29 15:34:04 - INFO - Fetching BUY listings for USDT/EUR
2026-07-29 15:34:05 - INFO - Data successfully saved to SQLite database. New listings - Bybit: 3, Binance: 6
2026-07-29 15:34:05 - INFO - Browser session closed
2026-07-29 15:34:05 - INFO - SQLite database connection closed
2026-07-29 17:00:44 - INFO - Logging initialized. Log file: pb2b/logs/bybit_scraper_20260729.log
2026-07-29 17:00:46 - INFO - DataSaver logging initialized. Log file: pb2b/logs/data_saver_20260729.log
2026-07-29 17:00:46 - INFO - Connected to SQLite database: pb2b/p2p_listings.db
2026-07-29 17:00:46 - INFO - Database tables created successfully
2026-07-29 17:00:46 - INFO - Attempt 1/10: Loading https://www.bybit.com/fiat/trade/otc?actionType=1&token=USDT&fiat=NGN
2026-07-29 17:00:53 - INFO - Screenshot saved as 'pb2b/screenshots/bybit_page_20260729_170053.png'
2026-07-29 17:00:53 - WARNING - Error parsing row: Message: no such element: Unable to locate element: {"method":"css selector","selector":"td:nth-child(2)"}
  (Session info: chrome=150.0.7871.186); For documentation on this error, please visit: https://www.selenium.dev/documentation/webdriver/troubleshooting/errors#nosuchelementexception
Stacktrace:
#0 0x558309cc144a <unknown>
#1 0x5583096998c9 <unknown>
#2 0x5583096eef32 <unknown>
#3 0x5583096ef181 <unknown>
#4 0x5583096e3df6 <unknown>
#5 0x5583096e3cd7 <unknown>
#6 0x55830973755d <unknown>
#7 0x5583096e23ff <unknown>
#8 0x5583096e3261 <unknown>
#9 0x558309c86cc7 <unknown>
#10 0x558309c854a8 <unknown>
#11 0x558309c70196 <unknown>
#12 0x558309c8606a <unknown>
#13 0x558309c58020 <unknown>
#14 0x558309cacb98 <unknown>
#15 0x558309cacd35 <unknown>
#16 0x558309cbfffe <unknown>
#17 0x7fedbe49caa4 <unknown>
#18 0x7fedbe529c6c <unknown>

2026-07-29 17:00:54 - INFO - Fetching BUY listings for USDT/EUR
2026-07-29 17:00:55 - INFO - Data successfully saved to SQLite database. New listings - Bybit: 3, Binance: 6
2026-07-29 17:00:55 - INFO - Browser session closed
2026-07-29 17:00:55 - INFO - SQLite database connection closed
2026-07-29 18:14:43 - INFO - Logging initialized. Log file: pb2b/logs/bybit_scraper_20260729.log
2026-07-29 18:14:44 - INFO - DataSaver logging initialized. Log file: pb2b/logs/data_saver_20260729.log
2026-07-29 18:14:44 - INFO - Connected to SQLite database: pb2b/p2p_listings.db
2026-07-29 18:14:44 - INFO - Database tables created successfully
2026-07-29 18:14:44 - INFO - Attempt 1/10: Loading https://www.bybit.com/fiat/trade/otc?actionType=1&token=USDT&fiat=NGN
2026-07-29 18:14:55 - INFO - Screenshot saved as 'pb2b/screenshots/bybit_page_20260729_181455.png'
2026-07-29 18:14:55 - WARNING - Error parsing row: Message: no such element: Unable to locate element: {"method":"css selector","selector":"td:nth-child(2)"}
  (Session info: chrome=150.0.7871.186); For documentation on this error, please visit: https://www.selenium.dev/documentation/webdriver/troubleshooting/errors#nosuchelementexception
Stacktrace:
#0 0x55ed419fe44a <unknown>
#1 0x55ed413d68c9 <unknown>
#2 0x55ed4142bf32 <unknown>
#3 0x55ed4142c181 <unknown>
#4 0x55ed41420df6 <unknown>
#5 0x55ed41420cd7 <unknown>
#6 0x55ed4147455d <unknown>
#7 0x55ed4141f3ff <unknown>
#8 0x55ed41420261 <unknown>
#9 0x55ed419c3cc7 <unknown>
#10 0x55ed419c24a8 <unknown>
#11 0x55ed419ad196 <unknown>
#12 0x55ed419c306a <unknown>
#13 0x55ed41995020 <unknown>
#14 0x55ed419e9b98 <unknown>
#15 0x55ed419e9d35 <unknown>
#16 0x55ed419fcffe <unknown>
#17 0x7f60aec9caa4 <unknown>
#18 0x7f60aed29c6c <unknown>

2026-07-29 18:14:55 - INFO - Fetching BUY listings for USDT/EUR
2026-07-29 18:14:56 - INFO - Data successfully saved to SQLite database. New listings - Bybit: 2, Binance: 6
2026-07-29 18:14:56 - INFO - Browser session closed
2026-07-29 18:14:56 - INFO - SQLite database connection closed
2026-07-29 19:47:55 - INFO - Logging initialized. Log file: pb2b/logs/bybit_scraper_20260729.log
2026-07-29 19:47:55 - INFO - DataSaver logging initialized. Log file: pb2b/logs/data_saver_20260729.log
2026-07-29 19:47:55 - INFO - Connected to SQLite database: pb2b/p2p_listings.db
2026-07-29 19:47:55 - INFO - Database tables created successfully
2026-07-29 19:47:55 - INFO - Attempt 1/10: Loading https://www.bybit.com/fiat/trade/otc?actionType=1&token=USDT&fiat=NGN
2026-07-29 19:48:04 - INFO - Screenshot saved as 'pb2b/screenshots/bybit_page_20260729_194804.png'
2026-07-29 19:48:04 - WARNING - Error parsing row: Message: no such element: Unable to locate element: {"method":"css selector","selector":"td:nth-child(2)"}
  (Session info: chrome=150.0.7871.186); For documentation on this error, please visit: https://www.selenium.dev/documentation/webdriver/troubleshooting/errors#nosuchelementexception
Stacktrace:
#0 0x55a78763e44a <unknown>
#1 0x55a7870168c9 <unknown>
#2 0x55a78706bf32 <unknown>
#3 0x55a78706c181 <unknown>
#4 0x55a787060df6 <unknown>
#5 0x55a787060cd7 <unknown>
#6 0x55a7870b455d <unknown>
#7 0x55a78705f3ff <unknown>
#8 0x55a787060261 <unknown>
#9 0x55a787603cc7 <unknown>
#10 0x55a7876024a8 <unknown>
#11 0x55a7875ed196 <unknown>
#12 0x55a78760306a <unknown>
#13 0x55a7875d5020 <unknown>
#14 0x55a787629b98 <unknown>
#15 0x55a787629d35 <unknown>
#16 0x55a78763cffe <unknown>
#17 0x7f36d129caa4 <unknown>
#18 0x7f36d1329c6c <unknown>

2026-07-29 19:48:05 - INFO - Fetching BUY listings for USDT/EUR
2026-07-29 19:48:05 - INFO - Data successfully saved to SQLite database. New listings - Bybit: 3, Binance: 6
2026-07-29 19:48:05 - INFO - Browser session closed
2026-07-29 19:48:05 - INFO - SQLite database connection closed
