2026-09-04 00:32:40 - INFO - Logging initialized. Log file: pb2b/logs/bybit_scraper_20260904.log
2026-09-04 00:32:42 - INFO - DataSaver logging initialized. Log file: pb2b/logs/data_saver_20260904.log
2026-09-04 00:32:42 - INFO - Connected to SQLite database: pb2b/p2p_listings.db
2026-09-04 00:32:42 - INFO - Database tables created successfully
2026-09-04 00:32:42 - INFO - Attempt 1/10: Loading https://www.bybit.com/fiat/trade/otc?actionType=1&token=USDT&fiat=NGN
2026-09-04 00:32:50 - INFO - Screenshot saved as 'pb2b/screenshots/bybit_page_20260904_003250.png'
2026-09-04 00:32:50 - WARNING - Error parsing row: Message: no such element: Unable to locate element: {"method":"css selector","selector":"td:nth-child(2)"}
  (Session info: chrome=152.0.7977.82); For documentation on this error, please visit: https://www.selenium.dev/documentation/webdriver/troubleshooting/errors#nosuchelementexception
Stacktrace:
#0 0x5599dd7daf5a <unknown>
#1 0x5599dd143499 <unknown>
#2 0x5599dd199222 <unknown>
#3 0x5599dd199481 <unknown>
#4 0x5599dd18e196 <unknown>
#5 0x5599dd18e077 <unknown>
#6 0x5599dd1e1583 <unknown>
#7 0x5599dd18c81b <unknown>
#8 0x5599dd18d601 <unknown>
#9 0x5599dd79f120 <unknown>
#10 0x5599dd79d79a <unknown>
#11 0x5599dd7884e5 <unknown>
#12 0x5599dd79e45a <unknown>
#13 0x5599dd7717d0 <unknown>
#14 0x5599dd7c6048 <unknown>
#15 0x5599dd7c61e5 <unknown>
#16 0x5599dd7d9ae3 <unknown>
#17 0x7fedc5c9cb84 <unknown>
#18 0x7fedc5d29d6c <unknown>

2026-09-04 00:32:50 - INFO - Fetching BUY listings for USDT/EUR
2026-09-04 00:32:51 - INFO - Data successfully saved to SQLite database. New listings - Bybit: 2, Binance: 6
2026-09-04 00:32:51 - INFO - Browser session closed
2026-09-04 00:32:51 - INFO - SQLite database connection closed
