2026-06-28 02:04:34 - INFO - Logging initialized. Log file: pb2b/logs/bybit_scraper_20260628.log
2026-06-28 02:04:35 - INFO - DataSaver logging initialized. Log file: pb2b/logs/data_saver_20260628.log
2026-06-28 02:04:35 - INFO - Connected to SQLite database: pb2b/p2p_listings.db
2026-06-28 02:04:35 - INFO - Database tables created successfully
2026-06-28 02:04:35 - INFO - Attempt 1/10: Loading https://www.bybit.com/fiat/trade/otc?actionType=1&token=USDT&fiat=NGN
2026-06-28 02:04:42 - INFO - Screenshot saved as 'pb2b/screenshots/bybit_page_20260628_020442.png'
2026-06-28 02:04:42 - WARNING - Error parsing row: Message: no such element: Unable to locate element: {"method":"css selector","selector":"td:nth-child(2)"}
  (Session info: chrome=149.0.7827.200); For documentation on this error, please visit: https://www.selenium.dev/documentation/webdriver/troubleshooting/errors#nosuchelementexception
Stacktrace:
#0 0x5638d10493da <unknown>
#1 0x5638d0a2b139 <unknown>
#2 0x5638d0a7f884 <unknown>
#3 0x5638d0a7fad1 <unknown>
#4 0x5638d0a747c6 <unknown>
#5 0x5638d0a746a7 <unknown>
#6 0x5638d0ac7b5c <unknown>
#7 0x5638d0a72e4f <unknown>
#8 0x5638d0a73c31 <unknown>
#9 0x5638d100f9f7 <unknown>
#10 0x5638d100e203 <unknown>
#11 0x5638d0ff8f16 <unknown>
#12 0x5638d100ed9a <unknown>
#13 0x5638d0fe0eb0 <unknown>
#14 0x5638d1035d58 <unknown>
#15 0x5638d1035ef5 <unknown>
#16 0x5638d1047f5e <unknown>
#17 0x7fe1fec9caa4 <unknown>
#18 0x7fe1fed29c6c <unknown>

2026-06-28 02:04:43 - INFO - Fetching BUY listings for USDT/EUR
2026-06-28 02:04:44 - INFO - Data successfully saved to SQLite database. New listings - Bybit: 2, Binance: 6
2026-06-28 02:04:44 - INFO - Browser session closed
2026-06-28 02:04:44 - INFO - SQLite database connection closed
2026-06-28 06:41:06 - INFO - Logging initialized. Log file: pb2b/logs/bybit_scraper_20260628.log
2026-06-28 06:41:08 - INFO - DataSaver logging initialized. Log file: pb2b/logs/data_saver_20260628.log
2026-06-28 06:41:08 - INFO - Connected to SQLite database: pb2b/p2p_listings.db
2026-06-28 06:41:08 - INFO - Database tables created successfully
2026-06-28 06:41:08 - INFO - Attempt 1/10: Loading https://www.bybit.com/fiat/trade/otc?actionType=1&token=USDT&fiat=NGN
2026-06-28 06:41:16 - INFO - Screenshot saved as 'pb2b/screenshots/bybit_page_20260628_064116.png'
2026-06-28 06:41:16 - WARNING - Error parsing row: Message: no such element: Unable to locate element: {"method":"css selector","selector":"td:nth-child(2)"}
  (Session info: chrome=149.0.7827.200); For documentation on this error, please visit: https://www.selenium.dev/documentation/webdriver/troubleshooting/errors#nosuchelementexception
Stacktrace:
#0 0x562942f3d3da <unknown>
#1 0x56294291f139 <unknown>
#2 0x562942973884 <unknown>
#3 0x562942973ad1 <unknown>
#4 0x5629429687c6 <unknown>
#5 0x5629429686a7 <unknown>
#6 0x5629429bbb5c <unknown>
#7 0x562942966e4f <unknown>
#8 0x562942967c31 <unknown>
#9 0x562942f039f7 <unknown>
#10 0x562942f02203 <unknown>
#11 0x562942eecf16 <unknown>
#12 0x562942f02d9a <unknown>
#13 0x562942ed4eb0 <unknown>
#14 0x562942f29d58 <unknown>
#15 0x562942f29ef5 <unknown>
#16 0x562942f3bf5e <unknown>
#17 0x7f7dcf09caa4 <unknown>
#18 0x7f7dcf129c6c <unknown>

2026-06-28 06:41:17 - INFO - Fetching BUY listings for USDT/EUR
2026-06-28 06:41:18 - INFO - Data successfully saved to SQLite database. New listings - Bybit: 3, Binance: 6
2026-06-28 06:41:18 - INFO - Browser session closed
2026-06-28 06:41:18 - INFO - SQLite database connection closed
2026-06-28 09:52:28 - INFO - Logging initialized. Log file: pb2b/logs/bybit_scraper_20260628.log
2026-06-28 09:52:29 - INFO - DataSaver logging initialized. Log file: pb2b/logs/data_saver_20260628.log
2026-06-28 09:52:29 - INFO - Connected to SQLite database: pb2b/p2p_listings.db
2026-06-28 09:52:29 - INFO - Database tables created successfully
2026-06-28 09:52:29 - INFO - Attempt 1/10: Loading https://www.bybit.com/fiat/trade/otc?actionType=1&token=USDT&fiat=NGN
2026-06-28 09:52:39 - INFO - Screenshot saved as 'pb2b/screenshots/bybit_page_20260628_095238.png'
2026-06-28 09:52:39 - WARNING - Error parsing row: Message: no such element: Unable to locate element: {"method":"css selector","selector":"td:nth-child(2)"}
  (Session info: chrome=149.0.7827.200); For documentation on this error, please visit: https://www.selenium.dev/documentation/webdriver/troubleshooting/errors#nosuchelementexception
Stacktrace:
#0 0x559d670483da <unknown>
#1 0x559d66a2a139 <unknown>
#2 0x559d66a7e884 <unknown>
#3 0x559d66a7ead1 <unknown>
#4 0x559d66a737c6 <unknown>
#5 0x559d66a736a7 <unknown>
#6 0x559d66ac6b5c <unknown>
#7 0x559d66a71e4f <unknown>
#8 0x559d66a72c31 <unknown>
#9 0x559d6700e9f7 <unknown>
#10 0x559d6700d203 <unknown>
#11 0x559d66ff7f16 <unknown>
#12 0x559d6700dd9a <unknown>
#13 0x559d66fdfeb0 <unknown>
#14 0x559d67034d58 <unknown>
#15 0x559d67034ef5 <unknown>
#16 0x559d67046f5e <unknown>
#17 0x7fba0749caa4 <unknown>
#18 0x7fba07529c6c <unknown>

2026-06-28 09:52:39 - INFO - Fetching BUY listings for USDT/EUR
2026-06-28 09:52:40 - INFO - Data successfully saved to SQLite database. New listings - Bybit: 3, Binance: 6
2026-06-28 09:52:40 - INFO - Browser session closed
2026-06-28 09:52:40 - INFO - SQLite database connection closed
2026-06-28 11:32:58 - INFO - Logging initialized. Log file: pb2b/logs/bybit_scraper_20260628.log
2026-06-28 11:32:59 - INFO - DataSaver logging initialized. Log file: pb2b/logs/data_saver_20260628.log
2026-06-28 11:32:59 - INFO - Connected to SQLite database: pb2b/p2p_listings.db
2026-06-28 11:32:59 - INFO - Database tables created successfully
2026-06-28 11:32:59 - INFO - Attempt 1/10: Loading https://www.bybit.com/fiat/trade/otc?actionType=1&token=USDT&fiat=NGN
2026-06-28 11:33:07 - INFO - Screenshot saved as 'pb2b/screenshots/bybit_page_20260628_113306.png'
2026-06-28 11:33:07 - WARNING - Error parsing row: Message: no such element: Unable to locate element: {"method":"css selector","selector":"td:nth-child(2)"}
  (Session info: chrome=149.0.7827.200); For documentation on this error, please visit: https://www.selenium.dev/documentation/webdriver/troubleshooting/errors#nosuchelementexception
Stacktrace:
#0 0x56396c4303da <unknown>
#1 0x56396be12139 <unknown>
#2 0x56396be66884 <unknown>
#3 0x56396be66ad1 <unknown>
#4 0x56396be5b7c6 <unknown>
#5 0x56396be5b6a7 <unknown>
#6 0x56396beaeb5c <unknown>
#7 0x56396be59e4f <unknown>
#8 0x56396be5ac31 <unknown>
#9 0x56396c3f69f7 <unknown>
#10 0x56396c3f5203 <unknown>
#11 0x56396c3dff16 <unknown>
#12 0x56396c3f5d9a <unknown>
#13 0x56396c3c7eb0 <unknown>
#14 0x56396c41cd58 <unknown>
#15 0x56396c41cef5 <unknown>
#16 0x56396c42ef5e <unknown>
#17 0x7f713549caa4 <unknown>
#18 0x7f7135529c6c <unknown>

2026-06-28 11:33:07 - INFO - Fetching BUY listings for USDT/EUR
2026-06-28 11:33:08 - INFO - Data successfully saved to SQLite database. New listings - Bybit: 3, Binance: 6
2026-06-28 11:33:08 - INFO - Browser session closed
2026-06-28 11:33:08 - INFO - SQLite database connection closed
2026-06-28 13:08:11 - INFO - Logging initialized. Log file: pb2b/logs/bybit_scraper_20260628.log
2026-06-28 13:08:12 - INFO - DataSaver logging initialized. Log file: pb2b/logs/data_saver_20260628.log
2026-06-28 13:08:12 - INFO - Connected to SQLite database: pb2b/p2p_listings.db
2026-06-28 13:08:12 - INFO - Database tables created successfully
2026-06-28 13:08:12 - INFO - Attempt 1/10: Loading https://www.bybit.com/fiat/trade/otc?actionType=1&token=USDT&fiat=NGN
2026-06-28 13:08:23 - INFO - Screenshot saved as 'pb2b/screenshots/bybit_page_20260628_130823.png'
2026-06-28 13:08:24 - WARNING - Error parsing row: Message: no such element: Unable to locate element: {"method":"css selector","selector":"td:nth-child(2)"}
  (Session info: chrome=149.0.7827.200); For documentation on this error, please visit: https://www.selenium.dev/documentation/webdriver/troubleshooting/errors#nosuchelementexception
Stacktrace:
#0 0x5561f764c3da <unknown>
#1 0x5561f702e139 <unknown>
#2 0x5561f7082884 <unknown>
#3 0x5561f7082ad1 <unknown>
#4 0x5561f70777c6 <unknown>
#5 0x5561f70776a7 <unknown>
#6 0x5561f70cab5c <unknown>
#7 0x5561f7075e4f <unknown>
#8 0x5561f7076c31 <unknown>
#9 0x5561f76129f7 <unknown>
#10 0x5561f7611203 <unknown>
#11 0x5561f75fbf16 <unknown>
#12 0x5561f7611d9a <unknown>
#13 0x5561f75e3eb0 <unknown>
#14 0x5561f7638d58 <unknown>
#15 0x5561f7638ef5 <unknown>
#16 0x5561f764af5e <unknown>
#17 0x7f9a8109caa4 <unknown>
#18 0x7f9a81129c6c <unknown>

2026-06-28 13:08:24 - INFO - Fetching BUY listings for USDT/EUR
2026-06-28 13:08:25 - INFO - Data successfully saved to SQLite database. New listings - Bybit: 2, Binance: 6
2026-06-28 13:08:25 - INFO - Browser session closed
2026-06-28 13:08:25 - INFO - SQLite database connection closed
2026-06-28 15:01:22 - INFO - Logging initialized. Log file: pb2b/logs/bybit_scraper_20260628.log
2026-06-28 15:01:24 - INFO - DataSaver logging initialized. Log file: pb2b/logs/data_saver_20260628.log
2026-06-28 15:01:24 - INFO - Connected to SQLite database: pb2b/p2p_listings.db
2026-06-28 15:01:24 - INFO - Database tables created successfully
2026-06-28 15:01:24 - INFO - Attempt 1/10: Loading https://www.bybit.com/fiat/trade/otc?actionType=1&token=USDT&fiat=NGN
2026-06-28 15:01:33 - INFO - Screenshot saved as 'pb2b/screenshots/bybit_page_20260628_150133.png'
2026-06-28 15:01:33 - WARNING - Error parsing row: Message: no such element: Unable to locate element: {"method":"css selector","selector":"td:nth-child(2)"}
  (Session info: chrome=149.0.7827.200); For documentation on this error, please visit: https://www.selenium.dev/documentation/webdriver/troubleshooting/errors#nosuchelementexception
Stacktrace:
#0 0x5570b96383da <unknown>
#1 0x5570b901a139 <unknown>
#2 0x5570b906e884 <unknown>
#3 0x5570b906ead1 <unknown>
#4 0x5570b90637c6 <unknown>
#5 0x5570b90636a7 <unknown>
#6 0x5570b90b6b5c <unknown>
#7 0x5570b9061e4f <unknown>
#8 0x5570b9062c31 <unknown>
#9 0x5570b95fe9f7 <unknown>
#10 0x5570b95fd203 <unknown>
#11 0x5570b95e7f16 <unknown>
#12 0x5570b95fdd9a <unknown>
#13 0x5570b95cfeb0 <unknown>
#14 0x5570b9624d58 <unknown>
#15 0x5570b9624ef5 <unknown>
#16 0x5570b9636f5e <unknown>
#17 0x7f1e1089caa4 <unknown>
#18 0x7f1e10929c6c <unknown>

2026-06-28 15:01:34 - INFO - Fetching BUY listings for USDT/EUR
2026-06-28 15:01:34 - INFO - Data successfully saved to SQLite database. New listings - Bybit: 3, Binance: 6
2026-06-28 15:01:34 - INFO - Browser session closed
2026-06-28 15:01:34 - INFO - SQLite database connection closed
2026-06-28 16:25:04 - INFO - Logging initialized. Log file: pb2b/logs/bybit_scraper_20260628.log
2026-06-28 16:25:05 - INFO - DataSaver logging initialized. Log file: pb2b/logs/data_saver_20260628.log
2026-06-28 16:25:05 - INFO - Connected to SQLite database: pb2b/p2p_listings.db
2026-06-28 16:25:05 - INFO - Database tables created successfully
2026-06-28 16:25:05 - INFO - Attempt 1/10: Loading https://www.bybit.com/fiat/trade/otc?actionType=1&token=USDT&fiat=NGN
2026-06-28 16:25:17 - INFO - Screenshot saved as 'pb2b/screenshots/bybit_page_20260628_162517.png'
2026-06-28 16:25:17 - INFO - Fetching BUY listings for USDT/EUR
2026-06-28 16:25:18 - INFO - Data successfully saved to SQLite database. New listings - Bybit: 0, Binance: 6
2026-06-28 16:25:18 - INFO - Browser session closed
2026-06-28 16:25:18 - INFO - SQLite database connection closed
