2026-05-20 01:55:45 - INFO - Logging initialized. Log file: pb2b/logs/bybit_scraper_20260520.log
2026-05-20 01:55:46 - INFO - DataSaver logging initialized. Log file: pb2b/logs/data_saver_20260520.log
2026-05-20 01:55:46 - INFO - Connected to SQLite database: pb2b/p2p_listings.db
2026-05-20 01:55:46 - INFO - Database tables created successfully
2026-05-20 01:55:46 - INFO - Attempt 1/10: Loading https://www.bybit.com/fiat/trade/otc?actionType=1&token=USDT&fiat=NGN
2026-05-20 01:55:55 - INFO - Screenshot saved as 'pb2b/screenshots/bybit_page_20260520_015554.png'
2026-05-20 01:55:56 - INFO - Fetching BUY listings for USDT/EUR
2026-05-20 01:55:57 - INFO - Data successfully saved to SQLite database. New listings - Bybit: 5, Binance: 6
2026-05-20 01:55:57 - INFO - Browser session closed
2026-05-20 01:55:57 - INFO - SQLite database connection closed
2026-05-20 06:05:59 - INFO - Logging initialized. Log file: pb2b/logs/bybit_scraper_20260520.log
2026-05-20 06:06:00 - INFO - DataSaver logging initialized. Log file: pb2b/logs/data_saver_20260520.log
2026-05-20 06:06:00 - INFO - Connected to SQLite database: pb2b/p2p_listings.db
2026-05-20 06:06:00 - INFO - Database tables created successfully
2026-05-20 06:06:00 - INFO - Attempt 1/10: Loading https://www.bybit.com/fiat/trade/otc?actionType=1&token=USDT&fiat=NGN
2026-05-20 06:06:08 - INFO - Screenshot saved as 'pb2b/screenshots/bybit_page_20260520_060608.png'
2026-05-20 06:06:09 - INFO - Fetching BUY listings for USDT/EUR
2026-05-20 06:06:09 - INFO - Data successfully saved to SQLite database. New listings - Bybit: 5, Binance: 6
2026-05-20 06:06:09 - INFO - Browser session closed
2026-05-20 06:06:09 - INFO - SQLite database connection closed
