2026-07-18 01:05:42 - INFO - Logging initialized. Log file: pb2b/logs/bybit_scraper_20260718.log
2026-07-18 01:05:43 - INFO - DataSaver logging initialized. Log file: pb2b/logs/data_saver_20260718.log
2026-07-18 01:05:43 - INFO - Connected to SQLite database: pb2b/p2p_listings.db
2026-07-18 01:05:43 - INFO - Database tables created successfully
2026-07-18 01:05:43 - INFO - Attempt 1/10: Loading https://www.bybit.com/fiat/trade/otc?actionType=1&token=USDT&fiat=NGN
2026-07-18 01:05:51 - INFO - Screenshot saved as 'pb2b/screenshots/bybit_page_20260718_010551.png'
2026-07-18 01:05:51 - WARNING - Error parsing row: Message: no such element: Unable to locate element: {"method":"css selector","selector":"td:nth-child(2)"}
  (Session info: chrome=150.0.7871.128); For documentation on this error, please visit: https://www.selenium.dev/documentation/webdriver/troubleshooting/errors#nosuchelementexception
Stacktrace:
#0 0x55c25db3941a <unknown>
#1 0x55c25d511689 <unknown>
#2 0x55c25d566cff <unknown>
#3 0x55c25d566f51 <unknown>
#4 0x55c25d55bbc6 <unknown>
#5 0x55c25d55baa7 <unknown>
#6 0x55c25d5af329 <unknown>
#7 0x55c25d55a1df <unknown>
#8 0x55c25d55b031 <unknown>
#9 0x55c25dafebd7 <unknown>
#10 0x55c25dafd3a8 <unknown>
#11 0x55c25dae8076 <unknown>
#12 0x55c25dafdf7a <unknown>
#13 0x55c25dacff70 <unknown>
#14 0x55c25db24c38 <unknown>
#15 0x55c25db24dd5 <unknown>
#16 0x55c25db37fce <unknown>
#17 0x7f5405a9caa4 <unknown>
#18 0x7f5405b29c6c <unknown>

2026-07-18 01:05:52 - INFO - Fetching BUY listings for USDT/EUR
2026-07-18 01:05:52 - INFO - Data successfully saved to SQLite database. New listings - Bybit: 2, Binance: 6
2026-07-18 01:05:52 - INFO - Browser session closed
2026-07-18 01:05:52 - INFO - SQLite database connection closed
2026-07-18 04:15:48 - INFO - Logging initialized. Log file: pb2b/logs/bybit_scraper_20260718.log
2026-07-18 04:15:50 - INFO - DataSaver logging initialized. Log file: pb2b/logs/data_saver_20260718.log
2026-07-18 04:15:50 - INFO - Connected to SQLite database: pb2b/p2p_listings.db
2026-07-18 04:15:50 - INFO - Database tables created successfully
2026-07-18 04:15:50 - INFO - Attempt 1/10: Loading https://www.bybit.com/fiat/trade/otc?actionType=1&token=USDT&fiat=NGN
2026-07-18 04:16:00 - INFO - Screenshot saved as 'pb2b/screenshots/bybit_page_20260718_041600.png'
2026-07-18 04:16:00 - WARNING - Error parsing row: Message: no such element: Unable to locate element: {"method":"css selector","selector":"td:nth-child(2)"}
  (Session info: chrome=150.0.7871.128); For documentation on this error, please visit: https://www.selenium.dev/documentation/webdriver/troubleshooting/errors#nosuchelementexception
Stacktrace:
#0 0x5612188a941a <unknown>
#1 0x561218281689 <unknown>
#2 0x5612182d6cff <unknown>
#3 0x5612182d6f51 <unknown>
#4 0x5612182cbbc6 <unknown>
#5 0x5612182cbaa7 <unknown>
#6 0x56121831f329 <unknown>
#7 0x5612182ca1df <unknown>
#8 0x5612182cb031 <unknown>
#9 0x56121886ebd7 <unknown>
#10 0x56121886d3a8 <unknown>
#11 0x561218858076 <unknown>
#12 0x56121886df7a <unknown>
#13 0x56121883ff70 <unknown>
#14 0x561218894c38 <unknown>
#15 0x561218894dd5 <unknown>
#16 0x5612188a7fce <unknown>
#17 0x7f8f77c9caa4 <unknown>
#18 0x7f8f77d29c6c <unknown>

2026-07-18 04:16:01 - INFO - Fetching BUY listings for USDT/EUR
2026-07-18 04:16:01 - INFO - Data successfully saved to SQLite database. New listings - Bybit: 2, Binance: 6
2026-07-18 04:16:01 - INFO - Browser session closed
2026-07-18 04:16:01 - INFO - SQLite database connection closed
2026-07-18 06:24:15 - INFO - Logging initialized. Log file: pb2b/logs/bybit_scraper_20260718.log
2026-07-18 06:24:16 - INFO - DataSaver logging initialized. Log file: pb2b/logs/data_saver_20260718.log
2026-07-18 06:24:16 - INFO - Connected to SQLite database: pb2b/p2p_listings.db
2026-07-18 06:24:16 - INFO - Database tables created successfully
2026-07-18 06:24:16 - INFO - Attempt 1/10: Loading https://www.bybit.com/fiat/trade/otc?actionType=1&token=USDT&fiat=NGN
2026-07-18 06:24:23 - INFO - Screenshot saved as 'pb2b/screenshots/bybit_page_20260718_062422.png'
2026-07-18 06:24:23 - WARNING - Error parsing row: Message: no such element: Unable to locate element: {"method":"css selector","selector":"td:nth-child(2)"}
  (Session info: chrome=150.0.7871.128); For documentation on this error, please visit: https://www.selenium.dev/documentation/webdriver/troubleshooting/errors#nosuchelementexception
Stacktrace:
#0 0x55820ded141a <unknown>
#1 0x55820d8a9689 <unknown>
#2 0x55820d8fecff <unknown>
#3 0x55820d8fef51 <unknown>
#4 0x55820d8f3bc6 <unknown>
#5 0x55820d8f3aa7 <unknown>
#6 0x55820d947329 <unknown>
#7 0x55820d8f21df <unknown>
#8 0x55820d8f3031 <unknown>
#9 0x55820de96bd7 <unknown>
#10 0x55820de953a8 <unknown>
#11 0x55820de80076 <unknown>
#12 0x55820de95f7a <unknown>
#13 0x55820de67f70 <unknown>
#14 0x55820debcc38 <unknown>
#15 0x55820debcdd5 <unknown>
#16 0x55820decffce <unknown>
#17 0x7f5363a9caa4 <unknown>
#18 0x7f5363b29c6c <unknown>

2026-07-18 06:24:23 - INFO - Fetching BUY listings for USDT/EUR
2026-07-18 06:24:24 - INFO - Data successfully saved to SQLite database. New listings - Bybit: 2, Binance: 6
2026-07-18 06:24:24 - INFO - Browser session closed
2026-07-18 06:24:24 - INFO - SQLite database connection closed
2026-07-18 08:21:22 - INFO - Logging initialized. Log file: pb2b/logs/bybit_scraper_20260718.log
2026-07-18 08:21:23 - INFO - DataSaver logging initialized. Log file: pb2b/logs/data_saver_20260718.log
2026-07-18 08:21:23 - INFO - Connected to SQLite database: pb2b/p2p_listings.db
2026-07-18 08:21:23 - INFO - Database tables created successfully
2026-07-18 08:21:23 - INFO - Attempt 1/10: Loading https://www.bybit.com/fiat/trade/otc?actionType=1&token=USDT&fiat=NGN
2026-07-18 08:21:30 - INFO - Screenshot saved as 'pb2b/screenshots/bybit_page_20260718_082130.png'
2026-07-18 08:21:30 - WARNING - Error parsing row: Message: no such element: Unable to locate element: {"method":"css selector","selector":"td:nth-child(2)"}
  (Session info: chrome=150.0.7871.128); For documentation on this error, please visit: https://www.selenium.dev/documentation/webdriver/troubleshooting/errors#nosuchelementexception
Stacktrace:
#0 0x563dd58b841a <unknown>
#1 0x563dd5290689 <unknown>
#2 0x563dd52e5cff <unknown>
#3 0x563dd52e5f51 <unknown>
#4 0x563dd52dabc6 <unknown>
#5 0x563dd52daaa7 <unknown>
#6 0x563dd532e329 <unknown>
#7 0x563dd52d91df <unknown>
#8 0x563dd52da031 <unknown>
#9 0x563dd587dbd7 <unknown>
#10 0x563dd587c3a8 <unknown>
#11 0x563dd5867076 <unknown>
#12 0x563dd587cf7a <unknown>
#13 0x563dd584ef70 <unknown>
#14 0x563dd58a3c38 <unknown>
#15 0x563dd58a3dd5 <unknown>
#16 0x563dd58b6fce <unknown>
#17 0x7f449609caa4 <unknown>
#18 0x7f4496129c6c <unknown>

2026-07-18 08:21:30 - INFO - Fetching BUY listings for USDT/EUR
2026-07-18 08:21:31 - INFO - Data successfully saved to SQLite database. New listings - Bybit: 3, Binance: 6
2026-07-18 08:21:31 - INFO - Browser session closed
2026-07-18 08:21:31 - INFO - SQLite database connection closed
