2026-06-25 01:57:05 - INFO - Logging initialized. Log file: pb2b/logs/bybit_scraper_20260625.log
2026-06-25 01:57:05 - INFO - DataSaver logging initialized. Log file: pb2b/logs/data_saver_20260625.log
2026-06-25 01:57:05 - INFO - Connected to SQLite database: pb2b/p2p_listings.db
2026-06-25 01:57:05 - INFO - Database tables created successfully
2026-06-25 01:57:05 - INFO - Attempt 1/10: Loading https://www.bybit.com/fiat/trade/otc?actionType=1&token=USDT&fiat=NGN
2026-06-25 01:57:14 - INFO - Screenshot saved as 'pb2b/screenshots/bybit_page_20260625_015714.png'
2026-06-25 01:57:15 - INFO - Fetching BUY listings for USDT/EUR
2026-06-25 01:57:16 - INFO - Data successfully saved to SQLite database. New listings - Bybit: 5, Binance: 6
2026-06-25 01:57:16 - INFO - Browser session closed
2026-06-25 01:57:16 - INFO - SQLite database connection closed
2026-06-25 06:08:46 - INFO - Logging initialized. Log file: pb2b/logs/bybit_scraper_20260625.log
2026-06-25 06:08:48 - INFO - DataSaver logging initialized. Log file: pb2b/logs/data_saver_20260625.log
2026-06-25 06:08:48 - INFO - Connected to SQLite database: pb2b/p2p_listings.db
2026-06-25 06:08:48 - INFO - Database tables created successfully
2026-06-25 06:08:48 - INFO - Attempt 1/10: Loading https://www.bybit.com/fiat/trade/otc?actionType=1&token=USDT&fiat=NGN
2026-06-25 06:08:57 - INFO - Screenshot saved as 'pb2b/screenshots/bybit_page_20260625_060857.png'
2026-06-25 06:08:57 - INFO - Fetching BUY listings for USDT/EUR
2026-06-25 06:08:57 - INFO - Data successfully saved to SQLite database. New listings - Bybit: 0, Binance: 6
2026-06-25 06:08:57 - INFO - Browser session closed
2026-06-25 06:08:57 - INFO - SQLite database connection closed
2026-06-25 09:47:38 - INFO - Logging initialized. Log file: pb2b/logs/bybit_scraper_20260625.log
2026-06-25 09:47:40 - INFO - DataSaver logging initialized. Log file: pb2b/logs/data_saver_20260625.log
2026-06-25 09:47:40 - INFO - Connected to SQLite database: pb2b/p2p_listings.db
2026-06-25 09:47:40 - INFO - Database tables created successfully
2026-06-25 09:47:40 - INFO - Attempt 1/10: Loading https://www.bybit.com/fiat/trade/otc?actionType=1&token=USDT&fiat=NGN
2026-06-25 09:47:47 - INFO - Screenshot saved as 'pb2b/screenshots/bybit_page_20260625_094747.png'
2026-06-25 09:47:48 - INFO - Fetching BUY listings for USDT/EUR
2026-06-25 09:47:49 - INFO - Data successfully saved to SQLite database. New listings - Bybit: 5, Binance: 6
2026-06-25 09:47:49 - INFO - Browser session closed
2026-06-25 09:47:49 - INFO - SQLite database connection closed
2026-06-25 12:13:00 - INFO - Logging initialized. Log file: pb2b/logs/bybit_scraper_20260625.log
2026-06-25 12:13:02 - INFO - DataSaver logging initialized. Log file: pb2b/logs/data_saver_20260625.log
2026-06-25 12:13:02 - INFO - Connected to SQLite database: pb2b/p2p_listings.db
2026-06-25 12:13:02 - INFO - Database tables created successfully
2026-06-25 12:13:02 - INFO - Attempt 1/10: Loading https://www.bybit.com/fiat/trade/otc?actionType=1&token=USDT&fiat=NGN
2026-06-25 12:13:10 - INFO - Screenshot saved as 'pb2b/screenshots/bybit_page_20260625_121310.png'
2026-06-25 12:13:11 - INFO - Fetching BUY listings for USDT/EUR
2026-06-25 12:13:12 - INFO - Data successfully saved to SQLite database. New listings - Bybit: 4, Binance: 6
2026-06-25 12:13:12 - INFO - Browser session closed
2026-06-25 12:13:12 - INFO - SQLite database connection closed
