2026-09-03 09:56:26 - INFO - Logging initialized. Log file: pb2b/logs/bybit_scraper_20260903.log
2026-09-03 09:56:28 - INFO - DataSaver logging initialized. Log file: pb2b/logs/data_saver_20260903.log
2026-09-03 09:56:28 - INFO - Connected to SQLite database: pb2b/p2p_listings.db
2026-09-03 09:56:28 - INFO - Database tables created successfully
2026-09-03 09:56:28 - INFO - Attempt 1/10: Loading https://www.bybit.com/fiat/trade/otc?actionType=1&token=USDT&fiat=NGN
2026-09-03 09:56:36 - INFO - Screenshot saved as 'pb2b/screenshots/bybit_page_20260903_095636.png'
2026-09-03 09:56:36 - WARNING - Error parsing row: Message: no such element: Unable to locate element: {"method":"css selector","selector":"td:nth-child(2)"}
  (Session info: chrome=152.0.7977.75); For documentation on this error, please visit: https://www.selenium.dev/documentation/webdriver/troubleshooting/errors#nosuchelementexception
Stacktrace:
#0 0x561339e70f5a <unknown>
#1 0x5613397d9499 <unknown>
#2 0x56133982f222 <unknown>
#3 0x56133982f481 <unknown>
#4 0x561339824196 <unknown>
#5 0x561339824077 <unknown>
#6 0x561339877583 <unknown>
#7 0x56133982281b <unknown>
#8 0x561339823601 <unknown>
#9 0x561339e35120 <unknown>
#10 0x561339e3379a <unknown>
#11 0x561339e1e4e5 <unknown>
#12 0x561339e3445a <unknown>
#13 0x561339e077d0 <unknown>
#14 0x561339e5c048 <unknown>
#15 0x561339e5c1e5 <unknown>
#16 0x561339e6fae3 <unknown>
#17 0x7ff620e9cb84 <unknown>
#18 0x7ff620f29d6c <unknown>

2026-09-03 09:56:36 - INFO - Fetching BUY listings for USDT/EUR
2026-09-03 09:56:37 - INFO - Data successfully saved to SQLite database. New listings - Bybit: 3, Binance: 6
2026-09-03 09:56:37 - INFO - Browser session closed
2026-09-03 09:56:37 - INFO - SQLite database connection closed
2026-09-03 17:58:58 - INFO - Logging initialized. Log file: pb2b/logs/bybit_scraper_20260903.log
2026-09-03 17:58:59 - INFO - DataSaver logging initialized. Log file: pb2b/logs/data_saver_20260903.log
2026-09-03 17:58:59 - INFO - Connected to SQLite database: pb2b/p2p_listings.db
2026-09-03 17:58:59 - INFO - Database tables created successfully
2026-09-03 17:58:59 - INFO - Attempt 1/10: Loading https://www.bybit.com/fiat/trade/otc?actionType=1&token=USDT&fiat=NGN
2026-09-03 18:00:59 - ERROR - Unexpected error: HTTPConnectionPool(host='localhost', port=59363): Read timed out. (read timeout=120)
2026-09-03 18:00:59 - INFO - Fetching BUY listings for USDT/EUR
2026-09-03 18:01:00 - INFO - Data successfully saved to SQLite database. New listings - Bybit: 0, Binance: 6
2026-09-03 18:03:00 - WARNING - Retrying (Retry(total=2, connect=None, read=None, redirect=None, status=None)) after connection broken by 'ReadTimeoutError("HTTPConnectionPool(host='localhost', port=59363): Read timed out. (read timeout=120)")': /session/8b10cd3685e2756260427e822787e522
2026-09-03 18:03:59 - INFO - Browser session closed
2026-09-03 18:03:59 - INFO - SQLite database connection closed
