2026-05-26 01:39:05 - INFO - Logging initialized. Log file: pb2b/logs/bybit_scraper_20260526.log
2026-05-26 01:39:05 - INFO - DataSaver logging initialized. Log file: pb2b/logs/data_saver_20260526.log
2026-05-26 01:39:05 - INFO - Connected to SQLite database: pb2b/p2p_listings.db
2026-05-26 01:39:05 - INFO - Database tables created successfully
2026-05-26 01:39:05 - INFO - Attempt 1/10: Loading https://www.bybit.com/fiat/trade/otc?actionType=1&token=USDT&fiat=NGN
2026-05-26 01:39:13 - INFO - Screenshot saved as 'pb2b/screenshots/bybit_page_20260526_013913.png'
2026-05-26 01:39:13 - INFO - Fetching BUY listings for USDT/EUR
2026-05-26 01:39:14 - INFO - Data successfully saved to SQLite database. New listings - Bybit: 5, Binance: 6
2026-05-26 01:39:14 - INFO - Browser session closed
2026-05-26 01:39:14 - INFO - SQLite database connection closed
2026-05-26 05:55:42 - INFO - Logging initialized. Log file: pb2b/logs/bybit_scraper_20260526.log
2026-05-26 05:55:44 - INFO - DataSaver logging initialized. Log file: pb2b/logs/data_saver_20260526.log
2026-05-26 05:55:44 - INFO - Connected to SQLite database: pb2b/p2p_listings.db
2026-05-26 05:55:44 - INFO - Database tables created successfully
2026-05-26 05:55:44 - INFO - Attempt 1/10: Loading https://www.bybit.com/fiat/trade/otc?actionType=1&token=USDT&fiat=NGN
2026-05-26 05:56:18 - ERROR - Timeout waiting for content on attempt 1
2026-05-26 05:56:23 - INFO - Attempt 2/10: Loading https://www.bybit.com/fiat/trade/otc?actionType=1&token=USDT&fiat=NGN
2026-05-26 05:56:55 - ERROR - Timeout waiting for content on attempt 2
2026-05-26 05:57:00 - INFO - Attempt 3/10: Loading https://www.bybit.com/fiat/trade/otc?actionType=1&token=USDT&fiat=NGN
2026-05-26 05:57:32 - ERROR - Timeout waiting for content on attempt 3
2026-05-26 05:57:37 - INFO - Attempt 4/10: Loading https://www.bybit.com/fiat/trade/otc?actionType=1&token=USDT&fiat=NGN
2026-05-26 05:58:10 - ERROR - Timeout waiting for content on attempt 4
2026-05-26 05:58:15 - INFO - Attempt 5/10: Loading https://www.bybit.com/fiat/trade/otc?actionType=1&token=USDT&fiat=NGN
2026-05-26 05:58:46 - ERROR - Timeout waiting for content on attempt 5
2026-05-26 05:58:51 - INFO - Attempt 6/10: Loading https://www.bybit.com/fiat/trade/otc?actionType=1&token=USDT&fiat=NGN
2026-05-26 05:59:24 - ERROR - Timeout waiting for content on attempt 6
2026-05-26 05:59:29 - INFO - Attempt 7/10: Loading https://www.bybit.com/fiat/trade/otc?actionType=1&token=USDT&fiat=NGN
2026-05-26 06:00:01 - ERROR - Timeout waiting for content on attempt 7
2026-05-26 06:00:06 - INFO - Attempt 8/10: Loading https://www.bybit.com/fiat/trade/otc?actionType=1&token=USDT&fiat=NGN
2026-05-26 06:00:38 - ERROR - Timeout waiting for content on attempt 8
2026-05-26 06:00:43 - INFO - Attempt 9/10: Loading https://www.bybit.com/fiat/trade/otc?actionType=1&token=USDT&fiat=NGN
2026-05-26 06:01:15 - ERROR - Timeout waiting for content on attempt 9
2026-05-26 06:01:20 - INFO - Attempt 10/10: Loading https://www.bybit.com/fiat/trade/otc?actionType=1&token=USDT&fiat=NGN
2026-05-26 06:01:52 - ERROR - Timeout waiting for content on attempt 10
2026-05-26 06:01:52 - INFO - Fetching BUY listings for USDT/EUR
2026-05-26 06:01:54 - INFO - Data successfully saved to SQLite database. New listings - Bybit: 0, Binance: 6
2026-05-26 06:01:54 - INFO - Browser session closed
2026-05-26 06:01:54 - INFO - SQLite database connection closed
2026-05-26 09:40:47 - INFO - Logging initialized. Log file: pb2b/logs/bybit_scraper_20260526.log
2026-05-26 09:40:49 - INFO - DataSaver logging initialized. Log file: pb2b/logs/data_saver_20260526.log
2026-05-26 09:40:49 - INFO - Connected to SQLite database: pb2b/p2p_listings.db
2026-05-26 09:40:49 - INFO - Database tables created successfully
2026-05-26 09:40:49 - INFO - Attempt 1/10: Loading https://www.bybit.com/fiat/trade/otc?actionType=1&token=USDT&fiat=NGN
2026-05-26 09:40:58 - INFO - Screenshot saved as 'pb2b/screenshots/bybit_page_20260526_094058.png'
2026-05-26 09:40:58 - WARNING - Error parsing row: Message: no such element: Unable to locate element: {"method":"css selector","selector":"td:nth-child(2)"}
  (Session info: chrome=148.0.7778.178); For documentation on this error, please visit: https://www.selenium.dev/documentation/webdriver/troubleshooting/errors#nosuchelementexception
Stacktrace:
#0 0x557f837da22a <unknown>
#1 0x557f831d8ab9 <unknown>
#2 0x557f8322d046 <unknown>
#3 0x557f8322d281 <unknown>
#4 0x557f83221fe6 <unknown>
#5 0x557f83221ec7 <unknown>
#6 0x557f83275116 <unknown>
#7 0x557f83220662 <unknown>
#8 0x557f83221451 <unknown>
#9 0x557f8379dd8b <unknown>
#10 0x557f837a0c65 <unknown>
#11 0x557f8378a458 <unknown>
#12 0x557f837a17f0 <unknown>
#13 0x557f837711c0 <unknown>
#14 0x557f837c7168 <unknown>
#15 0x557f837c7305 <unknown>
#16 0x557f837d8c5e <unknown>
#17 0x7fb8d429caa4 <unknown>
#18 0x7fb8d4329c6c <unknown>

2026-05-26 09:40:59 - INFO - Fetching BUY listings for USDT/EUR
2026-05-26 09:41:00 - INFO - Data successfully saved to SQLite database. New listings - Bybit: 3, Binance: 6
2026-05-26 09:41:00 - INFO - Browser session closed
2026-05-26 09:41:00 - INFO - SQLite database connection closed
2026-05-26 16:34:54 - INFO - Logging initialized. Log file: pb2b/logs/bybit_scraper_20260526.log
2026-05-26 16:34:55 - INFO - DataSaver logging initialized. Log file: pb2b/logs/data_saver_20260526.log
2026-05-26 16:34:55 - INFO - Connected to SQLite database: pb2b/p2p_listings.db
2026-05-26 16:34:55 - INFO - Database tables created successfully
2026-05-26 16:34:55 - INFO - Attempt 1/10: Loading https://www.bybit.com/fiat/trade/otc?actionType=1&token=USDT&fiat=NGN
2026-05-26 16:35:04 - INFO - Screenshot saved as 'pb2b/screenshots/bybit_page_20260526_163504.png'
2026-05-26 16:35:05 - INFO - Fetching BUY listings for USDT/EUR
2026-05-26 16:35:06 - INFO - Data successfully saved to SQLite database. New listings - Bybit: 5, Binance: 6
2026-05-26 16:35:06 - INFO - Browser session closed
2026-05-26 16:35:06 - INFO - SQLite database connection closed
2026-05-26 19:09:11 - INFO - Logging initialized. Log file: pb2b/logs/bybit_scraper_20260526.log
2026-05-26 19:09:14 - INFO - DataSaver logging initialized. Log file: pb2b/logs/data_saver_20260526.log
2026-05-26 19:09:14 - INFO - Connected to SQLite database: pb2b/p2p_listings.db
2026-05-26 19:09:14 - INFO - Database tables created successfully
2026-05-26 19:09:14 - INFO - Attempt 1/10: Loading https://www.bybit.com/fiat/trade/otc?actionType=1&token=USDT&fiat=NGN
2026-05-26 19:09:23 - INFO - Screenshot saved as 'pb2b/screenshots/bybit_page_20260526_190923.png'
2026-05-26 19:09:23 - WARNING - Error parsing row: Message: no such element: Unable to locate element: {"method":"css selector","selector":"td:nth-child(2)"}
  (Session info: chrome=148.0.7778.178); For documentation on this error, please visit: https://www.selenium.dev/documentation/webdriver/troubleshooting/errors#nosuchelementexception
Stacktrace:
#0 0x55881a99022a <unknown>
#1 0x55881a38eab9 <unknown>
#2 0x55881a3e3046 <unknown>
#3 0x55881a3e3281 <unknown>
#4 0x55881a3d7fe6 <unknown>
#5 0x55881a3d7ec7 <unknown>
#6 0x55881a42b116 <unknown>
#7 0x55881a3d6662 <unknown>
#8 0x55881a3d7451 <unknown>
#9 0x55881a953d8b <unknown>
#10 0x55881a956c65 <unknown>
#11 0x55881a940458 <unknown>
#12 0x55881a9577f0 <unknown>
#13 0x55881a9271c0 <unknown>
#14 0x55881a97d168 <unknown>
#15 0x55881a97d305 <unknown>
#16 0x55881a98ec5e <unknown>
#17 0x7f173829caa4 <unknown>
#18 0x7f1738329c6c <unknown>

2026-05-26 19:09:24 - INFO - Fetching BUY listings for USDT/EUR
2026-05-26 19:09:24 - INFO - Data successfully saved to SQLite database. New listings - Bybit: 3, Binance: 6
2026-05-26 19:09:25 - INFO - Browser session closed
2026-05-26 19:09:25 - INFO - SQLite database connection closed
2026-05-26 21:05:23 - INFO - Logging initialized. Log file: pb2b/logs/bybit_scraper_20260526.log
2026-05-26 21:05:24 - INFO - DataSaver logging initialized. Log file: pb2b/logs/data_saver_20260526.log
2026-05-26 21:05:24 - INFO - Connected to SQLite database: pb2b/p2p_listings.db
2026-05-26 21:05:24 - INFO - Database tables created successfully
2026-05-26 21:05:24 - INFO - Attempt 1/10: Loading https://www.bybit.com/fiat/trade/otc?actionType=1&token=USDT&fiat=NGN
2026-05-26 21:05:32 - INFO - Screenshot saved as 'pb2b/screenshots/bybit_page_20260526_210532.png'
2026-05-26 21:05:32 - INFO - Fetching BUY listings for USDT/EUR
2026-05-26 21:05:33 - INFO - Data successfully saved to SQLite database. New listings - Bybit: 5, Binance: 6
2026-05-26 21:05:33 - INFO - Browser session closed
2026-05-26 21:05:33 - INFO - SQLite database connection closed
2026-05-26 22:43:12 - INFO - Logging initialized. Log file: pb2b/logs/bybit_scraper_20260526.log
2026-05-26 22:43:13 - INFO - DataSaver logging initialized. Log file: pb2b/logs/data_saver_20260526.log
2026-05-26 22:43:13 - INFO - Connected to SQLite database: pb2b/p2p_listings.db
2026-05-26 22:43:13 - INFO - Database tables created successfully
2026-05-26 22:43:13 - INFO - Attempt 1/10: Loading https://www.bybit.com/fiat/trade/otc?actionType=1&token=USDT&fiat=NGN
2026-05-26 22:43:23 - INFO - Screenshot saved as 'pb2b/screenshots/bybit_page_20260526_224323.png'
2026-05-26 22:43:24 - INFO - Fetching BUY listings for USDT/EUR
2026-05-26 22:43:24 - INFO - Data successfully saved to SQLite database. New listings - Bybit: 5, Binance: 6
2026-05-26 22:43:25 - INFO - Browser session closed
2026-05-26 22:43:25 - INFO - SQLite database connection closed
2026-05-26 23:52:59 - INFO - Logging initialized. Log file: pb2b/logs/bybit_scraper_20260526.log
2026-05-26 23:53:00 - INFO - DataSaver logging initialized. Log file: pb2b/logs/data_saver_20260526.log
2026-05-26 23:53:00 - INFO - Connected to SQLite database: pb2b/p2p_listings.db
2026-05-26 23:53:00 - INFO - Database tables created successfully
2026-05-26 23:53:00 - INFO - Attempt 1/10: Loading https://www.bybit.com/fiat/trade/otc?actionType=1&token=USDT&fiat=NGN
2026-05-26 23:53:10 - INFO - Screenshot saved as 'pb2b/screenshots/bybit_page_20260526_235310.png'
2026-05-26 23:53:10 - INFO - Fetching BUY listings for USDT/EUR
2026-05-26 23:53:11 - INFO - Data successfully saved to SQLite database. New listings - Bybit: 5, Binance: 6
2026-05-26 23:53:11 - INFO - Browser session closed
2026-05-26 23:53:11 - INFO - SQLite database connection closed
