2026-08-22 00:02:14 - INFO - Logging initialized. Log file: pb2b/logs/bybit_scraper_20260822.log
2026-08-22 00:02:16 - INFO - DataSaver logging initialized. Log file: pb2b/logs/data_saver_20260822.log
2026-08-22 00:02:16 - INFO - Connected to SQLite database: pb2b/p2p_listings.db
2026-08-22 00:02:16 - INFO - Database tables created successfully
2026-08-22 00:02:16 - INFO - Attempt 1/10: Loading https://www.bybit.com/fiat/trade/otc?actionType=1&token=USDT&fiat=NGN
2026-08-22 00:02:27 - INFO - Screenshot saved as 'pb2b/screenshots/bybit_page_20260822_000227.png'
2026-08-22 00:02:27 - WARNING - Error parsing row: Message: no such element: Unable to locate element: {"method":"css selector","selector":"td:nth-child(2)"}
  (Session info: chrome=151.0.7922.173); For documentation on this error, please visit: https://www.selenium.dev/documentation/webdriver/troubleshooting/errors#nosuchelementexception
Stacktrace:
#0 0x564e5a0a536a <unknown>
#1 0x564e59a18f49 <unknown>
#2 0x564e59a6e7e2 <unknown>
#3 0x564e59a6ea31 <unknown>
#4 0x564e59a636a6 <unknown>
#5 0x564e59a63587 <unknown>
#6 0x564e59ab70c3 <unknown>
#7 0x564e59a61c92 <unknown>
#8 0x564e59a62b11 <unknown>
#9 0x564e5a06a8d0 <unknown>
#10 0x564e5a068f3a <unknown>
#11 0x564e5a0539b5 <unknown>
#12 0x564e5a069c0a <unknown>
#13 0x564e5a03b740 <unknown>
#14 0x564e5a0909a8 <unknown>
#15 0x564e5a090b45 <unknown>
#16 0x564e5a0a3f1e <unknown>
#17 0x7f90eac9cb84 <unknown>
#18 0x7f90ead29d6c <unknown>

2026-08-22 00:02:28 - INFO - Fetching BUY listings for USDT/EUR
2026-08-22 00:02:28 - INFO - Data successfully saved to SQLite database. New listings - Bybit: 3, Binance: 6
2026-08-22 00:02:29 - INFO - Browser session closed
2026-08-22 00:02:29 - INFO - SQLite database connection closed
