2026-06-27 01:54:32 - INFO - Logging initialized. Log file: pb2b/logs/bybit_scraper_20260627.log
2026-06-27 01:54:35 - INFO - DataSaver logging initialized. Log file: pb2b/logs/data_saver_20260627.log
2026-06-27 01:54:35 - INFO - Connected to SQLite database: pb2b/p2p_listings.db
2026-06-27 01:54:35 - INFO - Database tables created successfully
2026-06-27 01:54:35 - INFO - Attempt 1/10: Loading https://www.bybit.com/fiat/trade/otc?actionType=1&token=USDT&fiat=NGN
2026-06-27 01:54:42 - INFO - Screenshot saved as 'pb2b/screenshots/bybit_page_20260627_015442.png'
2026-06-27 01:54:42 - WARNING - Error parsing row: Message: no such element: Unable to locate element: {"method":"css selector","selector":"td:nth-child(2)"}
  (Session info: chrome=149.0.7827.200); For documentation on this error, please visit: https://www.selenium.dev/documentation/webdriver/troubleshooting/errors#nosuchelementexception
Stacktrace:
#0 0x565533c163da <unknown>
#1 0x5655335f8139 <unknown>
#2 0x56553364c884 <unknown>
#3 0x56553364cad1 <unknown>
#4 0x5655336417c6 <unknown>
#5 0x5655336416a7 <unknown>
#6 0x565533694b5c <unknown>
#7 0x56553363fe4f <unknown>
#8 0x565533640c31 <unknown>
#9 0x565533bdc9f7 <unknown>
#10 0x565533bdb203 <unknown>
#11 0x565533bc5f16 <unknown>
#12 0x565533bdbd9a <unknown>
#13 0x565533badeb0 <unknown>
#14 0x565533c02d58 <unknown>
#15 0x565533c02ef5 <unknown>
#16 0x565533c14f5e <unknown>
#17 0x7f1dfcc9caa4 <unknown>
#18 0x7f1dfcd29c6c <unknown>

2026-06-27 01:54:43 - INFO - Fetching BUY listings for USDT/EUR
2026-06-27 01:54:47 - INFO - Data successfully saved to SQLite database. New listings - Bybit: 3, Binance: 6
2026-06-27 01:54:48 - INFO - Browser session closed
2026-06-27 01:54:48 - INFO - SQLite database connection closed
2026-06-27 05:49:58 - INFO - Logging initialized. Log file: pb2b/logs/bybit_scraper_20260627.log
2026-06-27 05:50:00 - INFO - DataSaver logging initialized. Log file: pb2b/logs/data_saver_20260627.log
2026-06-27 05:50:00 - INFO - Connected to SQLite database: pb2b/p2p_listings.db
2026-06-27 05:50:00 - INFO - Database tables created successfully
2026-06-27 05:50:00 - INFO - Attempt 1/10: Loading https://www.bybit.com/fiat/trade/otc?actionType=1&token=USDT&fiat=NGN
2026-06-27 05:50:08 - INFO - Screenshot saved as 'pb2b/screenshots/bybit_page_20260627_055008.png'
2026-06-27 05:50:08 - WARNING - Error parsing row: Message: no such element: Unable to locate element: {"method":"css selector","selector":"td:nth-child(2)"}
  (Session info: chrome=149.0.7827.200); For documentation on this error, please visit: https://www.selenium.dev/documentation/webdriver/troubleshooting/errors#nosuchelementexception
Stacktrace:
#0 0x5557bd13f3da <unknown>
#1 0x5557bcb21139 <unknown>
#2 0x5557bcb75884 <unknown>
#3 0x5557bcb75ad1 <unknown>
#4 0x5557bcb6a7c6 <unknown>
#5 0x5557bcb6a6a7 <unknown>
#6 0x5557bcbbdb5c <unknown>
#7 0x5557bcb68e4f <unknown>
#8 0x5557bcb69c31 <unknown>
#9 0x5557bd1059f7 <unknown>
#10 0x5557bd104203 <unknown>
#11 0x5557bd0eef16 <unknown>
#12 0x5557bd104d9a <unknown>
#13 0x5557bd0d6eb0 <unknown>
#14 0x5557bd12bd58 <unknown>
#15 0x5557bd12bef5 <unknown>
#16 0x5557bd13df5e <unknown>
#17 0x7fa82289caa4 <unknown>
#18 0x7fa822929c6c <unknown>

2026-06-27 05:50:08 - INFO - Fetching BUY listings for USDT/EUR
2026-06-27 05:50:09 - INFO - Data successfully saved to SQLite database. New listings - Bybit: 3, Binance: 6
2026-06-27 05:50:09 - INFO - Browser session closed
2026-06-27 05:50:09 - INFO - SQLite database connection closed
2026-06-27 08:24:18 - INFO - Logging initialized. Log file: pb2b/logs/bybit_scraper_20260627.log
2026-06-27 08:24:20 - INFO - DataSaver logging initialized. Log file: pb2b/logs/data_saver_20260627.log
2026-06-27 08:24:20 - INFO - Connected to SQLite database: pb2b/p2p_listings.db
2026-06-27 08:24:20 - INFO - Database tables created successfully
2026-06-27 08:24:20 - INFO - Attempt 1/10: Loading https://www.bybit.com/fiat/trade/otc?actionType=1&token=USDT&fiat=NGN
2026-06-27 08:24:28 - INFO - Screenshot saved as 'pb2b/screenshots/bybit_page_20260627_082427.png'
2026-06-27 08:24:28 - WARNING - Error parsing row: Message: no such element: Unable to locate element: {"method":"css selector","selector":"td:nth-child(2)"}
  (Session info: chrome=149.0.7827.200); For documentation on this error, please visit: https://www.selenium.dev/documentation/webdriver/troubleshooting/errors#nosuchelementexception
Stacktrace:
#0 0x55e321d003da <unknown>
#1 0x55e3216e2139 <unknown>
#2 0x55e321736884 <unknown>
#3 0x55e321736ad1 <unknown>
#4 0x55e32172b7c6 <unknown>
#5 0x55e32172b6a7 <unknown>
#6 0x55e32177eb5c <unknown>
#7 0x55e321729e4f <unknown>
#8 0x55e32172ac31 <unknown>
#9 0x55e321cc69f7 <unknown>
#10 0x55e321cc5203 <unknown>
#11 0x55e321caff16 <unknown>
#12 0x55e321cc5d9a <unknown>
#13 0x55e321c97eb0 <unknown>
#14 0x55e321cecd58 <unknown>
#15 0x55e321cecef5 <unknown>
#16 0x55e321cfef5e <unknown>
#17 0x7ff617a9caa4 <unknown>
#18 0x7ff617b29c6c <unknown>

2026-06-27 08:24:28 - INFO - Fetching BUY listings for USDT/EUR
2026-06-27 08:24:29 - INFO - Data successfully saved to SQLite database. New listings - Bybit: 2, Binance: 6
2026-06-27 08:24:29 - INFO - Browser session closed
2026-06-27 08:24:29 - INFO - SQLite database connection closed
2026-06-27 10:37:28 - INFO - Logging initialized. Log file: pb2b/logs/bybit_scraper_20260627.log
2026-06-27 10:37:29 - INFO - DataSaver logging initialized. Log file: pb2b/logs/data_saver_20260627.log
2026-06-27 10:37:29 - INFO - Connected to SQLite database: pb2b/p2p_listings.db
2026-06-27 10:37:29 - INFO - Database tables created successfully
2026-06-27 10:37:29 - INFO - Attempt 1/10: Loading https://www.bybit.com/fiat/trade/otc?actionType=1&token=USDT&fiat=NGN
2026-06-27 10:37:37 - INFO - Screenshot saved as 'pb2b/screenshots/bybit_page_20260627_103737.png'
2026-06-27 10:37:37 - WARNING - Error parsing row: Message: no such element: Unable to locate element: {"method":"css selector","selector":"td:nth-child(2)"}
  (Session info: chrome=149.0.7827.200); For documentation on this error, please visit: https://www.selenium.dev/documentation/webdriver/troubleshooting/errors#nosuchelementexception
Stacktrace:
#0 0x559b036943da <unknown>
#1 0x559b03076139 <unknown>
#2 0x559b030ca884 <unknown>
#3 0x559b030caad1 <unknown>
#4 0x559b030bf7c6 <unknown>
#5 0x559b030bf6a7 <unknown>
#6 0x559b03112b5c <unknown>
#7 0x559b030bde4f <unknown>
#8 0x559b030bec31 <unknown>
#9 0x559b0365a9f7 <unknown>
#10 0x559b03659203 <unknown>
#11 0x559b03643f16 <unknown>
#12 0x559b03659d9a <unknown>
#13 0x559b0362beb0 <unknown>
#14 0x559b03680d58 <unknown>
#15 0x559b03680ef5 <unknown>
#16 0x559b03692f5e <unknown>
#17 0x7f99e6c9caa4 <unknown>
#18 0x7f99e6d29c6c <unknown>

2026-06-27 10:37:37 - INFO - Fetching BUY listings for USDT/EUR
2026-06-27 10:37:38 - INFO - Data successfully saved to SQLite database. New listings - Bybit: 3, Binance: 6
2026-06-27 10:37:38 - INFO - Browser session closed
2026-06-27 10:37:38 - INFO - SQLite database connection closed
2026-06-27 12:04:29 - INFO - Logging initialized. Log file: pb2b/logs/bybit_scraper_20260627.log
2026-06-27 12:04:30 - INFO - DataSaver logging initialized. Log file: pb2b/logs/data_saver_20260627.log
2026-06-27 12:04:30 - INFO - Connected to SQLite database: pb2b/p2p_listings.db
2026-06-27 12:04:30 - INFO - Database tables created successfully
2026-06-27 12:04:30 - INFO - Attempt 1/10: Loading https://www.bybit.com/fiat/trade/otc?actionType=1&token=USDT&fiat=NGN
2026-06-27 12:04:39 - INFO - Screenshot saved as 'pb2b/screenshots/bybit_page_20260627_120439.png'
2026-06-27 12:04:39 - WARNING - Error parsing row: Message: no such element: Unable to locate element: {"method":"css selector","selector":"td:nth-child(2)"}
  (Session info: chrome=149.0.7827.200); For documentation on this error, please visit: https://www.selenium.dev/documentation/webdriver/troubleshooting/errors#nosuchelementexception
Stacktrace:
#0 0x560392f3a3da <unknown>
#1 0x56039291c139 <unknown>
#2 0x560392970884 <unknown>
#3 0x560392970ad1 <unknown>
#4 0x5603929657c6 <unknown>
#5 0x5603929656a7 <unknown>
#6 0x5603929b8b5c <unknown>
#7 0x560392963e4f <unknown>
#8 0x560392964c31 <unknown>
#9 0x560392f009f7 <unknown>
#10 0x560392eff203 <unknown>
#11 0x560392ee9f16 <unknown>
#12 0x560392effd9a <unknown>
#13 0x560392ed1eb0 <unknown>
#14 0x560392f26d58 <unknown>
#15 0x560392f26ef5 <unknown>
#16 0x560392f38f5e <unknown>
#17 0x7f03d729caa4 <unknown>
#18 0x7f03d7329c6c <unknown>

2026-06-27 12:04:40 - INFO - Fetching BUY listings for USDT/EUR
2026-06-27 12:04:40 - INFO - Data successfully saved to SQLite database. New listings - Bybit: 3, Binance: 6
2026-06-27 12:04:40 - INFO - Browser session closed
2026-06-27 12:04:40 - INFO - SQLite database connection closed
