2026-06-23 01:32:31 - INFO - Logging initialized. Log file: pb2b/logs/bybit_scraper_20260623.log
2026-06-23 01:32:33 - INFO - DataSaver logging initialized. Log file: pb2b/logs/data_saver_20260623.log
2026-06-23 01:32:33 - INFO - Connected to SQLite database: pb2b/p2p_listings.db
2026-06-23 01:32:33 - INFO - Database tables created successfully
2026-06-23 01:32:33 - INFO - Attempt 1/10: Loading https://www.bybit.com/fiat/trade/otc?actionType=1&token=USDT&fiat=NGN
2026-06-23 01:32:41 - INFO - Screenshot saved as 'pb2b/screenshots/bybit_page_20260623_013241.png'
2026-06-23 01:32:41 - INFO - Fetching BUY listings for USDT/EUR
2026-06-23 01:32:42 - INFO - Data successfully saved to SQLite database. New listings - Bybit: 0, Binance: 6
2026-06-23 01:32:42 - INFO - Browser session closed
2026-06-23 01:32:42 - INFO - SQLite database connection closed
2026-06-23 05:52:34 - INFO - Logging initialized. Log file: pb2b/logs/bybit_scraper_20260623.log
2026-06-23 05:52:35 - INFO - DataSaver logging initialized. Log file: pb2b/logs/data_saver_20260623.log
2026-06-23 05:52:35 - INFO - Connected to SQLite database: pb2b/p2p_listings.db
2026-06-23 05:52:35 - INFO - Database tables created successfully
2026-06-23 05:52:35 - INFO - Attempt 1/10: Loading https://www.bybit.com/fiat/trade/otc?actionType=1&token=USDT&fiat=NGN
2026-06-23 05:52:42 - INFO - Screenshot saved as 'pb2b/screenshots/bybit_page_20260623_055242.png'
2026-06-23 05:52:42 - INFO - Fetching BUY listings for USDT/EUR
2026-06-23 05:52:43 - INFO - Data successfully saved to SQLite database. New listings - Bybit: 0, Binance: 6
2026-06-23 05:52:43 - INFO - Browser session closed
2026-06-23 05:52:43 - INFO - SQLite database connection closed
2026-06-23 08:57:02 - INFO - Logging initialized. Log file: pb2b/logs/bybit_scraper_20260623.log
2026-06-23 08:57:05 - INFO - DataSaver logging initialized. Log file: pb2b/logs/data_saver_20260623.log
2026-06-23 08:57:05 - INFO - Connected to SQLite database: pb2b/p2p_listings.db
2026-06-23 08:57:05 - INFO - Database tables created successfully
2026-06-23 08:57:05 - INFO - Attempt 1/10: Loading https://www.bybit.com/fiat/trade/otc?actionType=1&token=USDT&fiat=NGN
2026-06-23 08:57:38 - ERROR - Timeout waiting for content on attempt 1
2026-06-23 08:57:43 - INFO - Attempt 2/10: Loading https://www.bybit.com/fiat/trade/otc?actionType=1&token=USDT&fiat=NGN
2026-06-23 08:58:15 - ERROR - Timeout waiting for content on attempt 2
2026-06-23 08:58:20 - INFO - Attempt 3/10: Loading https://www.bybit.com/fiat/trade/otc?actionType=1&token=USDT&fiat=NGN
2026-06-23 08:58:51 - ERROR - Timeout waiting for content on attempt 3
2026-06-23 08:58:56 - INFO - Attempt 4/10: Loading https://www.bybit.com/fiat/trade/otc?actionType=1&token=USDT&fiat=NGN
2026-06-23 08:59:27 - ERROR - Timeout waiting for content on attempt 4
2026-06-23 08:59:32 - INFO - Attempt 5/10: Loading https://www.bybit.com/fiat/trade/otc?actionType=1&token=USDT&fiat=NGN
2026-06-23 09:00:05 - ERROR - Timeout waiting for content on attempt 5
2026-06-23 09:00:10 - INFO - Attempt 6/10: Loading https://www.bybit.com/fiat/trade/otc?actionType=1&token=USDT&fiat=NGN
2026-06-23 09:00:41 - ERROR - Timeout waiting for content on attempt 6
2026-06-23 09:00:46 - INFO - Attempt 7/10: Loading https://www.bybit.com/fiat/trade/otc?actionType=1&token=USDT&fiat=NGN
2026-06-23 09:01:19 - ERROR - Timeout waiting for content on attempt 7
2026-06-23 09:01:24 - INFO - Attempt 8/10: Loading https://www.bybit.com/fiat/trade/otc?actionType=1&token=USDT&fiat=NGN
2026-06-23 09:01:54 - ERROR - Timeout waiting for content on attempt 8
2026-06-23 09:01:59 - INFO - Attempt 9/10: Loading https://www.bybit.com/fiat/trade/otc?actionType=1&token=USDT&fiat=NGN
2026-06-23 09:02:32 - ERROR - Timeout waiting for content on attempt 9
2026-06-23 09:02:37 - INFO - Attempt 10/10: Loading https://www.bybit.com/fiat/trade/otc?actionType=1&token=USDT&fiat=NGN
2026-06-23 09:03:09 - ERROR - Timeout waiting for content on attempt 10
2026-06-23 09:03:09 - INFO - Fetching BUY listings for USDT/EUR
2026-06-23 09:03:09 - INFO - Data successfully saved to SQLite database. New listings - Bybit: 0, Binance: 6
2026-06-23 09:03:09 - INFO - Browser session closed
2026-06-23 09:03:09 - INFO - SQLite database connection closed
2026-06-23 12:02:04 - INFO - Logging initialized. Log file: pb2b/logs/bybit_scraper_20260623.log
2026-06-23 12:02:06 - INFO - DataSaver logging initialized. Log file: pb2b/logs/data_saver_20260623.log
2026-06-23 12:02:06 - INFO - Connected to SQLite database: pb2b/p2p_listings.db
2026-06-23 12:02:06 - INFO - Database tables created successfully
2026-06-23 12:02:06 - INFO - Attempt 1/10: Loading https://www.bybit.com/fiat/trade/otc?actionType=1&token=USDT&fiat=NGN
2026-06-23 12:02:15 - INFO - Screenshot saved as 'pb2b/screenshots/bybit_page_20260623_120215.png'
2026-06-23 12:02:16 - INFO - Fetching BUY listings for USDT/EUR
2026-06-23 12:02:18 - INFO - Data successfully saved to SQLite database. New listings - Bybit: 4, Binance: 6
2026-06-23 12:02:18 - INFO - Browser session closed
2026-06-23 12:02:18 - INFO - SQLite database connection closed
