2026-06-29 02:36:35 - INFO - Logging initialized. Log file: pb2b/logs/bybit_scraper_20260629.log
2026-06-29 02:36:37 - INFO - DataSaver logging initialized. Log file: pb2b/logs/data_saver_20260629.log
2026-06-29 02:36:37 - INFO - Connected to SQLite database: pb2b/p2p_listings.db
2026-06-29 02:36:37 - INFO - Database tables created successfully
2026-06-29 02:36:37 - INFO - Attempt 1/10: Loading https://www.bybit.com/fiat/trade/otc?actionType=1&token=USDT&fiat=NGN
2026-06-29 02:36:46 - INFO - Screenshot saved as 'pb2b/screenshots/bybit_page_20260629_023646.png'
2026-06-29 02:36:46 - WARNING - Error parsing row: Message: no such element: Unable to locate element: {"method":"css selector","selector":"td:nth-child(2)"}
  (Session info: chrome=149.0.7827.200); For documentation on this error, please visit: https://www.selenium.dev/documentation/webdriver/troubleshooting/errors#nosuchelementexception
Stacktrace:
#0 0x55f5f82a83da <unknown>
#1 0x55f5f7c8a139 <unknown>
#2 0x55f5f7cde884 <unknown>
#3 0x55f5f7cdead1 <unknown>
#4 0x55f5f7cd37c6 <unknown>
#5 0x55f5f7cd36a7 <unknown>
#6 0x55f5f7d26b5c <unknown>
#7 0x55f5f7cd1e4f <unknown>
#8 0x55f5f7cd2c31 <unknown>
#9 0x55f5f826e9f7 <unknown>
#10 0x55f5f826d203 <unknown>
#11 0x55f5f8257f16 <unknown>
#12 0x55f5f826dd9a <unknown>
#13 0x55f5f823feb0 <unknown>
#14 0x55f5f8294d58 <unknown>
#15 0x55f5f8294ef5 <unknown>
#16 0x55f5f82a6f5e <unknown>
#17 0x7f072f29caa4 <unknown>
#18 0x7f072f329c6c <unknown>

2026-06-29 02:36:46 - INFO - Fetching BUY listings for USDT/EUR
2026-06-29 02:36:47 - INFO - Data successfully saved to SQLite database. New listings - Bybit: 2, Binance: 6
2026-06-29 02:36:47 - INFO - Browser session closed
2026-06-29 02:36:47 - INFO - SQLite database connection closed
2026-06-29 07:19:35 - INFO - Logging initialized. Log file: pb2b/logs/bybit_scraper_20260629.log
2026-06-29 07:19:37 - INFO - DataSaver logging initialized. Log file: pb2b/logs/data_saver_20260629.log
2026-06-29 07:19:37 - INFO - Connected to SQLite database: pb2b/p2p_listings.db
2026-06-29 07:19:37 - INFO - Database tables created successfully
2026-06-29 07:19:37 - INFO - Attempt 1/10: Loading https://www.bybit.com/fiat/trade/otc?actionType=1&token=USDT&fiat=NGN
2026-06-29 07:19:47 - INFO - Screenshot saved as 'pb2b/screenshots/bybit_page_20260629_071946.png'
2026-06-29 07:19:47 - INFO - Fetching BUY listings for USDT/EUR
2026-06-29 07:19:52 - INFO - Data successfully saved to SQLite database. New listings - Bybit: 0, Binance: 6
2026-06-29 07:19:52 - INFO - Browser session closed
2026-06-29 07:19:52 - INFO - SQLite database connection closed
