2026-07-17 01:20:46 - INFO - Logging initialized. Log file: pb2b/logs/bybit_scraper_20260717.log
2026-07-17 01:20:48 - INFO - DataSaver logging initialized. Log file: pb2b/logs/data_saver_20260717.log
2026-07-17 01:20:48 - INFO - Connected to SQLite database: pb2b/p2p_listings.db
2026-07-17 01:20:48 - INFO - Database tables created successfully
2026-07-17 01:20:48 - INFO - Attempt 1/10: Loading https://www.bybit.com/fiat/trade/otc?actionType=1&token=USDT&fiat=NGN
2026-07-17 01:20:57 - INFO - Screenshot saved as 'pb2b/screenshots/bybit_page_20260717_012056.png'
2026-07-17 01:20:57 - WARNING - Error parsing row: Message: no such element: Unable to locate element: {"method":"css selector","selector":"td:nth-child(2)"}
  (Session info: chrome=150.0.7871.128); For documentation on this error, please visit: https://www.selenium.dev/documentation/webdriver/troubleshooting/errors#nosuchelementexception
Stacktrace:
#0 0x564a2c70041a <unknown>
#1 0x564a2c0d8689 <unknown>
#2 0x564a2c12dcff <unknown>
#3 0x564a2c12df51 <unknown>
#4 0x564a2c122bc6 <unknown>
#5 0x564a2c122aa7 <unknown>
#6 0x564a2c176329 <unknown>
#7 0x564a2c1211df <unknown>
#8 0x564a2c122031 <unknown>
#9 0x564a2c6c5bd7 <unknown>
#10 0x564a2c6c43a8 <unknown>
#11 0x564a2c6af076 <unknown>
#12 0x564a2c6c4f7a <unknown>
#13 0x564a2c696f70 <unknown>
#14 0x564a2c6ebc38 <unknown>
#15 0x564a2c6ebdd5 <unknown>
#16 0x564a2c6fefce <unknown>
#17 0x7f4c29c9caa4 <unknown>
#18 0x7f4c29d29c6c <unknown>

2026-07-17 01:20:57 - INFO - Fetching BUY listings for USDT/EUR
2026-07-17 01:20:58 - INFO - Data successfully saved to SQLite database. New listings - Bybit: 3, Binance: 6
2026-07-17 01:20:58 - INFO - Browser session closed
2026-07-17 01:20:58 - INFO - SQLite database connection closed
