2026-07-23 00:18:04 - INFO - Logging initialized. Log file: pb2b/logs/bybit_scraper_20260723.log
2026-07-23 00:18:05 - INFO - DataSaver logging initialized. Log file: pb2b/logs/data_saver_20260723.log
2026-07-23 00:18:05 - INFO - Connected to SQLite database: pb2b/p2p_listings.db
2026-07-23 00:18:05 - INFO - Database tables created successfully
2026-07-23 00:18:05 - INFO - Attempt 1/10: Loading https://www.bybit.com/fiat/trade/otc?actionType=1&token=USDT&fiat=NGN
2026-07-23 00:18:14 - INFO - Screenshot saved as 'pb2b/screenshots/bybit_page_20260723_001814.png'
2026-07-23 00:18:14 - WARNING - Error parsing row: Message: no such element: Unable to locate element: {"method":"css selector","selector":"td:nth-child(2)"}
  (Session info: chrome=150.0.7871.181); For documentation on this error, please visit: https://www.selenium.dev/documentation/webdriver/troubleshooting/errors#nosuchelementexception
Stacktrace:
#0 0x562b3c01f41a <unknown>
#1 0x562b3b9f7689 <unknown>
#2 0x562b3ba4ccff <unknown>
#3 0x562b3ba4cf51 <unknown>
#4 0x562b3ba41bc6 <unknown>
#5 0x562b3ba41aa7 <unknown>
#6 0x562b3ba95329 <unknown>
#7 0x562b3ba401df <unknown>
#8 0x562b3ba41031 <unknown>
#9 0x562b3bfe4bd7 <unknown>
#10 0x562b3bfe33a8 <unknown>
#11 0x562b3bfce076 <unknown>
#12 0x562b3bfe3f7a <unknown>
#13 0x562b3bfb5f70 <unknown>
#14 0x562b3c00ac38 <unknown>
#15 0x562b3c00add5 <unknown>
#16 0x562b3c01dfce <unknown>
#17 0x7fe0b329caa4 <unknown>
#18 0x7fe0b3329c6c <unknown>

2026-07-23 00:18:14 - INFO - Fetching BUY listings for USDT/EUR
2026-07-23 00:18:15 - INFO - Data successfully saved to SQLite database. New listings - Bybit: 2, Binance: 6
2026-07-23 00:18:15 - INFO - Browser session closed
2026-07-23 00:18:15 - INFO - SQLite database connection closed
