2026-06-14 02:10:25 - INFO - Logging initialized. Log file: pb2b/logs/bybit_scraper_20260614.log
2026-06-14 02:10:26 - INFO - DataSaver logging initialized. Log file: pb2b/logs/data_saver_20260614.log
2026-06-14 02:10:26 - INFO - Connected to SQLite database: pb2b/p2p_listings.db
2026-06-14 02:10:26 - INFO - Database tables created successfully
2026-06-14 02:10:26 - INFO - Attempt 1/10: Loading https://www.bybit.com/fiat/trade/otc?actionType=1&token=USDT&fiat=NGN
2026-06-14 02:10:35 - INFO - Screenshot saved as 'pb2b/screenshots/bybit_page_20260614_021035.png'
2026-06-14 02:10:36 - INFO - Fetching BUY listings for USDT/EUR
2026-06-14 02:10:36 - INFO - Data successfully saved to SQLite database. New listings - Bybit: 5, Binance: 6
2026-06-14 02:10:37 - INFO - Browser session closed
2026-06-14 02:10:37 - INFO - SQLite database connection closed
2026-06-14 07:01:57 - INFO - Logging initialized. Log file: pb2b/logs/bybit_scraper_20260614.log
2026-06-14 07:01:57 - INFO - DataSaver logging initialized. Log file: pb2b/logs/data_saver_20260614.log
2026-06-14 07:01:57 - INFO - Connected to SQLite database: pb2b/p2p_listings.db
2026-06-14 07:01:57 - INFO - Database tables created successfully
2026-06-14 07:01:57 - INFO - Attempt 1/10: Loading https://www.bybit.com/fiat/trade/otc?actionType=1&token=USDT&fiat=NGN
2026-06-14 07:02:05 - INFO - Screenshot saved as 'pb2b/screenshots/bybit_page_20260614_070204.png'
2026-06-14 07:02:05 - INFO - Fetching BUY listings for USDT/EUR
2026-06-14 07:02:06 - INFO - Data successfully saved to SQLite database. New listings - Bybit: 5, Binance: 6
2026-06-14 07:02:06 - INFO - Browser session closed
2026-06-14 07:02:06 - INFO - SQLite database connection closed
2026-06-14 10:35:41 - INFO - Logging initialized. Log file: pb2b/logs/bybit_scraper_20260614.log
2026-06-14 10:35:42 - INFO - DataSaver logging initialized. Log file: pb2b/logs/data_saver_20260614.log
2026-06-14 10:35:42 - INFO - Connected to SQLite database: pb2b/p2p_listings.db
2026-06-14 10:35:42 - INFO - Database tables created successfully
2026-06-14 10:35:42 - INFO - Attempt 1/10: Loading https://www.bybit.com/fiat/trade/otc?actionType=1&token=USDT&fiat=NGN
2026-06-14 10:35:49 - INFO - Screenshot saved as 'pb2b/screenshots/bybit_page_20260614_103549.png'
2026-06-14 10:35:49 - INFO - Fetching BUY listings for USDT/EUR
2026-06-14 10:35:50 - INFO - Data successfully saved to SQLite database. New listings - Bybit: 0, Binance: 6
2026-06-14 10:35:50 - INFO - Browser session closed
2026-06-14 10:35:50 - INFO - SQLite database connection closed
2026-06-14 12:32:46 - INFO - Logging initialized. Log file: pb2b/logs/bybit_scraper_20260614.log
2026-06-14 12:32:47 - INFO - DataSaver logging initialized. Log file: pb2b/logs/data_saver_20260614.log
2026-06-14 12:32:47 - INFO - Connected to SQLite database: pb2b/p2p_listings.db
2026-06-14 12:32:47 - INFO - Database tables created successfully
2026-06-14 12:32:47 - INFO - Attempt 1/10: Loading https://www.bybit.com/fiat/trade/otc?actionType=1&token=USDT&fiat=NGN
2026-06-14 12:32:55 - INFO - Screenshot saved as 'pb2b/screenshots/bybit_page_20260614_123255.png'
2026-06-14 12:32:56 - INFO - Fetching BUY listings for USDT/EUR
2026-06-14 12:32:56 - INFO - Data successfully saved to SQLite database. New listings - Bybit: 5, Binance: 6
2026-06-14 12:32:56 - INFO - Browser session closed
2026-06-14 12:32:56 - INFO - SQLite database connection closed
2026-06-14 15:02:17 - INFO - Logging initialized. Log file: pb2b/logs/bybit_scraper_20260614.log
2026-06-14 15:02:18 - INFO - DataSaver logging initialized. Log file: pb2b/logs/data_saver_20260614.log
2026-06-14 15:02:18 - INFO - Connected to SQLite database: pb2b/p2p_listings.db
2026-06-14 15:02:18 - INFO - Database tables created successfully
2026-06-14 15:02:18 - INFO - Attempt 1/10: Loading https://www.bybit.com/fiat/trade/otc?actionType=1&token=USDT&fiat=NGN
2026-06-14 15:02:26 - INFO - Screenshot saved as 'pb2b/screenshots/bybit_page_20260614_150226.png'
2026-06-14 15:02:26 - INFO - Fetching BUY listings for USDT/EUR
2026-06-14 15:02:27 - INFO - Data successfully saved to SQLite database. New listings - Bybit: 5, Binance: 6
2026-06-14 15:02:27 - INFO - Browser session closed
2026-06-14 15:02:27 - INFO - SQLite database connection closed
2026-06-14 16:49:32 - INFO - Logging initialized. Log file: pb2b/logs/bybit_scraper_20260614.log
2026-06-14 16:49:33 - INFO - DataSaver logging initialized. Log file: pb2b/logs/data_saver_20260614.log
2026-06-14 16:49:33 - INFO - Connected to SQLite database: pb2b/p2p_listings.db
2026-06-14 16:49:33 - INFO - Database tables created successfully
2026-06-14 16:49:33 - INFO - Attempt 1/10: Loading https://www.bybit.com/fiat/trade/otc?actionType=1&token=USDT&fiat=NGN
2026-06-14 16:49:41 - INFO - Screenshot saved as 'pb2b/screenshots/bybit_page_20260614_164941.png'
2026-06-14 16:49:42 - INFO - Fetching BUY listings for USDT/EUR
2026-06-14 16:49:42 - INFO - Data successfully saved to SQLite database. New listings - Bybit: 5, Binance: 6
2026-06-14 16:49:42 - INFO - Browser session closed
2026-06-14 16:49:42 - INFO - SQLite database connection closed
2026-06-14 18:09:24 - INFO - Logging initialized. Log file: pb2b/logs/bybit_scraper_20260614.log
2026-06-14 18:09:25 - INFO - DataSaver logging initialized. Log file: pb2b/logs/data_saver_20260614.log
2026-06-14 18:09:25 - INFO - Connected to SQLite database: pb2b/p2p_listings.db
2026-06-14 18:09:25 - INFO - Database tables created successfully
2026-06-14 18:09:25 - INFO - Attempt 1/10: Loading https://www.bybit.com/fiat/trade/otc?actionType=1&token=USDT&fiat=NGN
2026-06-14 18:09:34 - INFO - Screenshot saved as 'pb2b/screenshots/bybit_page_20260614_180934.png'
2026-06-14 18:09:35 - INFO - Fetching BUY listings for USDT/EUR
2026-06-14 18:09:36 - INFO - Data successfully saved to SQLite database. New listings - Bybit: 5, Binance: 6
2026-06-14 18:09:36 - INFO - Browser session closed
2026-06-14 18:09:36 - INFO - SQLite database connection closed
2026-06-14 20:00:47 - INFO - Logging initialized. Log file: pb2b/logs/bybit_scraper_20260614.log
2026-06-14 20:00:50 - INFO - DataSaver logging initialized. Log file: pb2b/logs/data_saver_20260614.log
2026-06-14 20:00:50 - INFO - Connected to SQLite database: pb2b/p2p_listings.db
2026-06-14 20:00:50 - INFO - Database tables created successfully
2026-06-14 20:00:50 - INFO - Attempt 1/10: Loading https://www.bybit.com/fiat/trade/otc?actionType=1&token=USDT&fiat=NGN
2026-06-14 20:00:57 - INFO - Screenshot saved as 'pb2b/screenshots/bybit_page_20260614_200057.png'
2026-06-14 20:00:57 - INFO - Fetching BUY listings for USDT/EUR
2026-06-14 20:00:58 - INFO - Data successfully saved to SQLite database. New listings - Bybit: 0, Binance: 6
2026-06-14 20:00:58 - INFO - Browser session closed
2026-06-14 20:00:58 - INFO - SQLite database connection closed
2026-06-14 21:25:36 - INFO - Logging initialized. Log file: pb2b/logs/bybit_scraper_20260614.log
2026-06-14 21:25:38 - INFO - DataSaver logging initialized. Log file: pb2b/logs/data_saver_20260614.log
2026-06-14 21:25:38 - INFO - Connected to SQLite database: pb2b/p2p_listings.db
2026-06-14 21:25:38 - INFO - Database tables created successfully
2026-06-14 21:25:38 - INFO - Attempt 1/10: Loading https://www.bybit.com/fiat/trade/otc?actionType=1&token=USDT&fiat=NGN
2026-06-14 21:25:46 - INFO - Screenshot saved as 'pb2b/screenshots/bybit_page_20260614_212546.png'
2026-06-14 21:25:47 - INFO - Fetching BUY listings for USDT/EUR
2026-06-14 21:25:47 - INFO - Data successfully saved to SQLite database. New listings - Bybit: 5, Binance: 6
2026-06-14 21:25:47 - INFO - Browser session closed
2026-06-14 21:25:47 - INFO - SQLite database connection closed
2026-06-14 22:44:05 - INFO - Logging initialized. Log file: pb2b/logs/bybit_scraper_20260614.log
2026-06-14 22:44:06 - INFO - DataSaver logging initialized. Log file: pb2b/logs/data_saver_20260614.log
2026-06-14 22:44:06 - INFO - Connected to SQLite database: pb2b/p2p_listings.db
2026-06-14 22:44:06 - INFO - Database tables created successfully
2026-06-14 22:44:06 - INFO - Attempt 1/10: Loading https://www.bybit.com/fiat/trade/otc?actionType=1&token=USDT&fiat=NGN
2026-06-14 22:44:14 - INFO - Screenshot saved as 'pb2b/screenshots/bybit_page_20260614_224414.png'
2026-06-14 22:44:15 - INFO - Fetching BUY listings for USDT/EUR
2026-06-14 22:44:16 - INFO - Data successfully saved to SQLite database. New listings - Bybit: 5, Binance: 6
2026-06-14 22:44:16 - INFO - Browser session closed
2026-06-14 22:44:16 - INFO - SQLite database connection closed
2026-06-14 23:59:42 - INFO - Logging initialized. Log file: pb2b/logs/bybit_scraper_20260614.log
2026-06-14 23:59:43 - INFO - DataSaver logging initialized. Log file: pb2b/logs/data_saver_20260614.log
2026-06-14 23:59:43 - INFO - Connected to SQLite database: pb2b/p2p_listings.db
2026-06-14 23:59:43 - INFO - Database tables created successfully
2026-06-14 23:59:43 - INFO - Attempt 1/10: Loading https://www.bybit.com/fiat/trade/otc?actionType=1&token=USDT&fiat=NGN
2026-06-14 23:59:51 - INFO - Screenshot saved as 'pb2b/screenshots/bybit_page_20260614_235951.png'
2026-06-14 23:59:52 - INFO - Fetching BUY listings for USDT/EUR
2026-06-14 23:59:52 - INFO - Data successfully saved to SQLite database. New listings - Bybit: 5, Binance: 6
2026-06-14 23:59:52 - INFO - Browser session closed
2026-06-14 23:59:52 - INFO - SQLite database connection closed
