2026-06-19 02:12:36 - INFO - Logging initialized. Log file: pb2b/logs/bybit_scraper_20260619.log
2026-06-19 02:12:39 - INFO - DataSaver logging initialized. Log file: pb2b/logs/data_saver_20260619.log
2026-06-19 02:12:39 - INFO - Connected to SQLite database: pb2b/p2p_listings.db
2026-06-19 02:12:39 - INFO - Database tables created successfully
2026-06-19 02:12:39 - INFO - Attempt 1/10: Loading https://www.bybit.com/fiat/trade/otc?actionType=1&token=USDT&fiat=NGN
2026-06-19 02:12:48 - INFO - Screenshot saved as 'pb2b/screenshots/bybit_page_20260619_021248.png'
2026-06-19 02:12:49 - INFO - Fetching BUY listings for USDT/EUR
2026-06-19 02:12:51 - INFO - Data successfully saved to SQLite database. New listings - Bybit: 5, Binance: 6
2026-06-19 02:12:51 - INFO - Browser session closed
2026-06-19 02:12:51 - INFO - SQLite database connection closed
2026-06-19 07:32:43 - INFO - Logging initialized. Log file: pb2b/logs/bybit_scraper_20260619.log
2026-06-19 07:32:45 - INFO - DataSaver logging initialized. Log file: pb2b/logs/data_saver_20260619.log
2026-06-19 07:32:45 - INFO - Connected to SQLite database: pb2b/p2p_listings.db
2026-06-19 07:32:45 - INFO - Database tables created successfully
2026-06-19 07:32:45 - INFO - Attempt 1/10: Loading https://www.bybit.com/fiat/trade/otc?actionType=1&token=USDT&fiat=NGN
2026-06-19 07:32:53 - INFO - Screenshot saved as 'pb2b/screenshots/bybit_page_20260619_073253.png'
2026-06-19 07:32:54 - INFO - Fetching BUY listings for USDT/EUR
2026-06-19 07:32:55 - INFO - Data successfully saved to SQLite database. New listings - Bybit: 5, Binance: 6
2026-06-19 07:32:55 - INFO - Browser session closed
2026-06-19 07:32:55 - INFO - SQLite database connection closed
2026-06-19 11:56:39 - INFO - Logging initialized. Log file: pb2b/logs/bybit_scraper_20260619.log
2026-06-19 11:56:41 - INFO - DataSaver logging initialized. Log file: pb2b/logs/data_saver_20260619.log
2026-06-19 11:56:41 - INFO - Connected to SQLite database: pb2b/p2p_listings.db
2026-06-19 11:56:41 - INFO - Database tables created successfully
2026-06-19 11:56:41 - INFO - Attempt 1/10: Loading https://www.bybit.com/fiat/trade/otc?actionType=1&token=USDT&fiat=NGN
2026-06-19 11:56:49 - INFO - Screenshot saved as 'pb2b/screenshots/bybit_page_20260619_115649.png'
2026-06-19 11:56:50 - INFO - Fetching BUY listings for USDT/EUR
2026-06-19 11:56:50 - INFO - Data successfully saved to SQLite database. New listings - Bybit: 5, Binance: 6
2026-06-19 11:56:50 - INFO - Browser session closed
2026-06-19 11:56:50 - INFO - SQLite database connection closed
2026-06-19 14:51:39 - INFO - Logging initialized. Log file: pb2b/logs/bybit_scraper_20260619.log
2026-06-19 14:51:42 - INFO - DataSaver logging initialized. Log file: pb2b/logs/data_saver_20260619.log
2026-06-19 14:51:42 - INFO - Connected to SQLite database: pb2b/p2p_listings.db
2026-06-19 14:51:42 - INFO - Database tables created successfully
2026-06-19 14:51:42 - INFO - Attempt 1/10: Loading https://www.bybit.com/fiat/trade/otc?actionType=1&token=USDT&fiat=NGN
2026-06-19 14:51:50 - INFO - Screenshot saved as 'pb2b/screenshots/bybit_page_20260619_145150.png'
2026-06-19 14:51:50 - INFO - Fetching BUY listings for USDT/EUR
2026-06-19 14:51:51 - INFO - Data successfully saved to SQLite database. New listings - Bybit: 5, Binance: 6
2026-06-19 14:51:51 - INFO - Browser session closed
2026-06-19 14:51:51 - INFO - SQLite database connection closed
2026-06-19 17:12:39 - INFO - Logging initialized. Log file: pb2b/logs/bybit_scraper_20260619.log
2026-06-19 17:12:41 - INFO - DataSaver logging initialized. Log file: pb2b/logs/data_saver_20260619.log
2026-06-19 17:12:41 - INFO - Connected to SQLite database: pb2b/p2p_listings.db
2026-06-19 17:12:41 - INFO - Database tables created successfully
2026-06-19 17:12:41 - INFO - Attempt 1/10: Loading https://www.bybit.com/fiat/trade/otc?actionType=1&token=USDT&fiat=NGN
2026-06-19 17:12:48 - INFO - Screenshot saved as 'pb2b/screenshots/bybit_page_20260619_171248.png'
2026-06-19 17:12:49 - INFO - Fetching BUY listings for USDT/EUR
2026-06-19 17:12:50 - INFO - Data successfully saved to SQLite database. New listings - Bybit: 5, Binance: 6
2026-06-19 17:12:50 - INFO - Browser session closed
2026-06-19 17:12:50 - INFO - SQLite database connection closed
2026-06-19 19:15:01 - INFO - Logging initialized. Log file: pb2b/logs/bybit_scraper_20260619.log
2026-06-19 19:15:03 - INFO - DataSaver logging initialized. Log file: pb2b/logs/data_saver_20260619.log
2026-06-19 19:15:03 - INFO - Connected to SQLite database: pb2b/p2p_listings.db
2026-06-19 19:15:03 - INFO - Database tables created successfully
2026-06-19 19:15:03 - INFO - Attempt 1/10: Loading https://www.bybit.com/fiat/trade/otc?actionType=1&token=USDT&fiat=NGN
2026-06-19 19:15:11 - INFO - Screenshot saved as 'pb2b/screenshots/bybit_page_20260619_191511.png'
2026-06-19 19:15:11 - INFO - Fetching BUY listings for USDT/EUR
2026-06-19 19:15:12 - INFO - Data successfully saved to SQLite database. New listings - Bybit: 5, Binance: 6
2026-06-19 19:15:12 - INFO - Browser session closed
2026-06-19 19:15:12 - INFO - SQLite database connection closed
2026-06-19 20:53:45 - INFO - Logging initialized. Log file: pb2b/logs/bybit_scraper_20260619.log
2026-06-19 20:53:48 - INFO - DataSaver logging initialized. Log file: pb2b/logs/data_saver_20260619.log
2026-06-19 20:53:48 - INFO - Connected to SQLite database: pb2b/p2p_listings.db
2026-06-19 20:53:48 - INFO - Database tables created successfully
2026-06-19 20:53:48 - INFO - Attempt 1/10: Loading https://www.bybit.com/fiat/trade/otc?actionType=1&token=USDT&fiat=NGN
2026-06-19 20:53:56 - INFO - Screenshot saved as 'pb2b/screenshots/bybit_page_20260619_205356.png'
2026-06-19 20:53:57 - INFO - Fetching BUY listings for USDT/EUR
2026-06-19 20:53:58 - INFO - Data successfully saved to SQLite database. New listings - Bybit: 5, Binance: 6
2026-06-19 20:53:58 - INFO - Browser session closed
2026-06-19 20:53:58 - INFO - SQLite database connection closed
2026-06-19 22:02:05 - INFO - Logging initialized. Log file: pb2b/logs/bybit_scraper_20260619.log
2026-06-19 22:02:07 - INFO - DataSaver logging initialized. Log file: pb2b/logs/data_saver_20260619.log
2026-06-19 22:02:07 - INFO - Connected to SQLite database: pb2b/p2p_listings.db
2026-06-19 22:02:07 - INFO - Database tables created successfully
2026-06-19 22:02:07 - INFO - Attempt 1/10: Loading https://www.bybit.com/fiat/trade/otc?actionType=1&token=USDT&fiat=NGN
2026-06-19 22:02:16 - INFO - Screenshot saved as 'pb2b/screenshots/bybit_page_20260619_220215.png'
2026-06-19 22:02:16 - INFO - Fetching BUY listings for USDT/EUR
2026-06-19 22:02:16 - INFO - Data successfully saved to SQLite database. New listings - Bybit: 0, Binance: 6
2026-06-19 22:02:16 - INFO - Browser session closed
2026-06-19 22:02:16 - INFO - SQLite database connection closed
