2026-08-19 00:00:05 - INFO - Logging initialized. Log file: pb2b/logs/bybit_scraper_20260819.log
2026-08-19 00:00:06 - INFO - DataSaver logging initialized. Log file: pb2b/logs/data_saver_20260819.log
2026-08-19 00:00:06 - INFO - Connected to SQLite database: pb2b/p2p_listings.db
2026-08-19 00:00:06 - INFO - Database tables created successfully
2026-08-19 00:00:06 - INFO - Attempt 1/10: Loading https://www.bybit.com/fiat/trade/otc?actionType=1&token=USDT&fiat=NGN
2026-08-19 00:00:15 - INFO - Screenshot saved as 'pb2b/screenshots/bybit_page_20260819_000014.png'
2026-08-19 00:00:15 - WARNING - Error parsing row: Message: no such element: Unable to locate element: {"method":"css selector","selector":"td:nth-child(2)"}
  (Session info: chrome=151.0.7922.169); For documentation on this error, please visit: https://www.selenium.dev/documentation/webdriver/troubleshooting/errors#nosuchelementexception
Stacktrace:
#0 0x559da973482a <unknown>
#1 0x559da90a7fc9 <unknown>
#2 0x559da90fd8a2 <unknown>
#3 0x559da90fdaf1 <unknown>
#4 0x559da90f2746 <unknown>
#5 0x559da90f2627 <unknown>
#6 0x559da91461a3 <unknown>
#7 0x559da90f0d32 <unknown>
#8 0x559da90f1bb1 <unknown>
#9 0x559da96f9bb0 <unknown>
#10 0x559da96f822a <unknown>
#11 0x559da96e2c55 <unknown>
#12 0x559da96f8eea <unknown>
#13 0x559da96cab50 <unknown>
#14 0x559da9720208 <unknown>
#15 0x559da97203a5 <unknown>
#16 0x559da97333de <unknown>
#17 0x7f4bfc49cb84 <unknown>
#18 0x7f4bfc529d6c <unknown>

2026-08-19 00:00:15 - INFO - Fetching BUY listings for USDT/EUR
2026-08-19 00:00:16 - INFO - Data successfully saved to SQLite database. New listings - Bybit: 3, Binance: 6
2026-08-19 00:00:16 - INFO - Browser session closed
2026-08-19 00:00:16 - INFO - SQLite database connection closed
