2026-06-30 00:23:15 - INFO - Logging initialized. Log file: pb2b/logs/bybit_scraper_20260630.log
2026-06-30 00:23:17 - INFO - DataSaver logging initialized. Log file: pb2b/logs/data_saver_20260630.log
2026-06-30 00:23:17 - INFO - Connected to SQLite database: pb2b/p2p_listings.db
2026-06-30 00:23:17 - INFO - Database tables created successfully
2026-06-30 00:23:17 - INFO - Attempt 1/10: Loading https://www.bybit.com/fiat/trade/otc?actionType=1&token=USDT&fiat=NGN
2026-06-30 00:23:27 - INFO - Screenshot saved as 'pb2b/screenshots/bybit_page_20260630_002327.png'
2026-06-30 00:23:27 - WARNING - Error parsing row: Message: no such element: Unable to locate element: {"method":"css selector","selector":"td:nth-child(2)"}
  (Session info: chrome=149.0.7827.200); For documentation on this error, please visit: https://www.selenium.dev/documentation/webdriver/troubleshooting/errors#nosuchelementexception
Stacktrace:
#0 0x55ffdcbe13da <unknown>
#1 0x55ffdc5c3139 <unknown>
#2 0x55ffdc617884 <unknown>
#3 0x55ffdc617ad1 <unknown>
#4 0x55ffdc60c7c6 <unknown>
#5 0x55ffdc60c6a7 <unknown>
#6 0x55ffdc65fb5c <unknown>
#7 0x55ffdc60ae4f <unknown>
#8 0x55ffdc60bc31 <unknown>
#9 0x55ffdcba79f7 <unknown>
#10 0x55ffdcba6203 <unknown>
#11 0x55ffdcb90f16 <unknown>
#12 0x55ffdcba6d9a <unknown>
#13 0x55ffdcb78eb0 <unknown>
#14 0x55ffdcbcdd58 <unknown>
#15 0x55ffdcbcdef5 <unknown>
#16 0x55ffdcbdff5e <unknown>
#17 0x7f0f0849caa4 <unknown>
#18 0x7f0f08529c6c <unknown>

2026-06-30 00:23:27 - INFO - Fetching BUY listings for USDT/EUR
2026-06-30 00:23:28 - INFO - Data successfully saved to SQLite database. New listings - Bybit: 3, Binance: 6
2026-06-30 00:23:28 - INFO - Browser session closed
2026-06-30 00:23:28 - INFO - SQLite database connection closed
