2026-09-30 07:26:27 - INFO - Logging initialized. Log file: pb2b/logs/bybit_scraper_20260930.log
2026-09-30 07:26:28 - INFO - DataSaver logging initialized. Log file: pb2b/logs/data_saver_20260930.log
2026-09-30 07:26:28 - INFO - Connected to SQLite database: pb2b/p2p_listings.db
2026-09-30 07:26:28 - INFO - Database tables created successfully
2026-09-30 07:26:28 - INFO - Attempt 1/10: Loading https://www.bybit.com/fiat/trade/otc?actionType=1&token=USDT&fiat=NGN
2026-09-30 07:26:36 - INFO - Screenshot saved as 'pb2b/screenshots/bybit_page_20260930_072636.png'
2026-09-30 07:26:36 - WARNING - Error parsing row: Message: no such element: Unable to locate element: {"method":"css selector","selector":"td:nth-child(2)"}
  (Session info: chrome=154.0.8037.92); For documentation on this error, please visit: https://www.selenium.dev/documentation/webdriver/troubleshooting/errors#nosuchelementexception
Stacktrace:
#0 0x561ae253be3a <unknown>
#1 0x561ae1e65e69 <unknown>
#2 0x561ae1ebc9ec <unknown>
#3 0x561ae1ebcc61 <unknown>
#4 0x561ae1eb10a6 <unknown>
#5 0x561ae1eb0f87 <unknown>
#6 0x561ae1f067af <unknown>
#7 0x561ae1eaf748 <unknown>
#8 0x561ae1eb0511 <unknown>
#9 0x561ae24fe3c5 <unknown>
#10 0x561ae24fcbd5 <unknown>
#11 0x561ae24e7c55 <unknown>
#12 0x561ae24fd82a <unknown>
#13 0x561ae24d0329 <unknown>
#14 0x561ae2526248 <unknown>
#15 0x561ae25263e5 <unknown>
#16 0x561ae253a783 <unknown>
#17 0x7f1f8a29cb84 <unknown>
#18 0x7f1f8a329ecc <unknown>

2026-09-30 07:26:37 - INFO - Fetching BUY listings for USDT/EUR
2026-09-30 07:26:38 - INFO - Data successfully saved to SQLite database. New listings - Bybit: 2, Binance: 6
2026-09-30 07:26:38 - INFO - Browser session closed
2026-09-30 07:26:38 - INFO - SQLite database connection closed
