2026-05-18 01:57:05 - INFO - Logging initialized. Log file: pb2b/logs/bybit_scraper_20260518.log
2026-05-18 01:57:11 - INFO - DataSaver logging initialized. Log file: pb2b/logs/data_saver_20260518.log
2026-05-18 01:57:11 - INFO - Connected to SQLite database: pb2b/p2p_listings.db
2026-05-18 01:57:11 - INFO - Database tables created successfully
2026-05-18 01:57:11 - INFO - Attempt 1/10: Loading https://www.bybit.com/fiat/trade/otc?actionType=1&token=USDT&fiat=NGN
2026-05-18 01:57:21 - INFO - Screenshot saved as 'pb2b/screenshots/bybit_page_20260518_015720.png'
2026-05-18 01:57:22 - INFO - Fetching BUY listings for USDT/EUR
2026-05-18 01:57:23 - INFO - Data successfully saved to SQLite database. New listings - Bybit: 5, Binance: 6
2026-05-18 01:57:23 - INFO - Browser session closed
2026-05-18 01:57:23 - INFO - SQLite database connection closed
2026-05-18 06:16:13 - INFO - Logging initialized. Log file: pb2b/logs/bybit_scraper_20260518.log
2026-05-18 06:16:36 - INFO - DataSaver logging initialized. Log file: pb2b/logs/data_saver_20260518.log
2026-05-18 06:16:36 - INFO - Connected to SQLite database: pb2b/p2p_listings.db
2026-05-18 06:16:36 - INFO - Database tables created successfully
2026-05-18 06:16:36 - INFO - Attempt 1/10: Loading https://www.bybit.com/fiat/trade/otc?actionType=1&token=USDT&fiat=NGN
2026-05-18 06:16:51 - INFO - Screenshot saved as 'pb2b/screenshots/bybit_page_20260518_061649.png'
2026-05-18 06:16:52 - INFO - Fetching BUY listings for USDT/EUR
2026-05-18 06:16:52 - INFO - Data successfully saved to SQLite database. New listings - Bybit: 5, Binance: 6
2026-05-18 06:16:52 - INFO - Browser session closed
2026-05-18 06:16:52 - INFO - SQLite database connection closed
2026-05-18 10:47:15 - INFO - Logging initialized. Log file: pb2b/logs/bybit_scraper_20260518.log
2026-05-18 10:47:17 - INFO - DataSaver logging initialized. Log file: pb2b/logs/data_saver_20260518.log
2026-05-18 10:47:17 - INFO - Connected to SQLite database: pb2b/p2p_listings.db
2026-05-18 10:47:17 - INFO - Database tables created successfully
2026-05-18 10:47:17 - INFO - Attempt 1/10: Loading https://www.bybit.com/fiat/trade/otc?actionType=1&token=USDT&fiat=NGN
2026-05-18 10:47:25 - INFO - Screenshot saved as 'pb2b/screenshots/bybit_page_20260518_104725.png'
2026-05-18 10:47:26 - INFO - Fetching BUY listings for USDT/EUR
2026-05-18 10:47:27 - INFO - Data successfully saved to SQLite database. New listings - Bybit: 5, Binance: 6
2026-05-18 10:47:27 - INFO - Browser session closed
2026-05-18 10:47:27 - INFO - SQLite database connection closed
2026-05-18 14:24:42 - INFO - Logging initialized. Log file: pb2b/logs/bybit_scraper_20260518.log
2026-05-18 14:24:51 - INFO - DataSaver logging initialized. Log file: pb2b/logs/data_saver_20260518.log
2026-05-18 14:24:51 - INFO - Connected to SQLite database: pb2b/p2p_listings.db
2026-05-18 14:24:51 - INFO - Database tables created successfully
2026-05-18 14:24:51 - INFO - Attempt 1/10: Loading https://www.bybit.com/fiat/trade/otc?actionType=1&token=USDT&fiat=NGN
2026-05-18 14:25:01 - INFO - Screenshot saved as 'pb2b/screenshots/bybit_page_20260518_142500.png'
2026-05-18 14:25:02 - INFO - Fetching BUY listings for USDT/EUR
2026-05-18 14:25:03 - INFO - Data successfully saved to SQLite database. New listings - Bybit: 5, Binance: 6
2026-05-18 14:25:03 - INFO - Browser session closed
2026-05-18 14:25:03 - INFO - SQLite database connection closed
2026-05-18 17:20:13 - INFO - Logging initialized. Log file: pb2b/logs/bybit_scraper_20260518.log
2026-05-18 17:20:19 - INFO - DataSaver logging initialized. Log file: pb2b/logs/data_saver_20260518.log
2026-05-18 17:20:19 - INFO - Connected to SQLite database: pb2b/p2p_listings.db
2026-05-18 17:20:19 - INFO - Database tables created successfully
2026-05-18 17:20:19 - INFO - Attempt 1/10: Loading https://www.bybit.com/fiat/trade/otc?actionType=1&token=USDT&fiat=NGN
2026-05-18 17:20:28 - INFO - Screenshot saved as 'pb2b/screenshots/bybit_page_20260518_172027.png'
2026-05-18 17:20:28 - INFO - Fetching BUY listings for USDT/EUR
2026-05-18 17:20:29 - INFO - Data successfully saved to SQLite database. New listings - Bybit: 5, Binance: 6
2026-05-18 17:20:29 - INFO - Browser session closed
2026-05-18 17:20:29 - INFO - SQLite database connection closed
2026-05-18 19:13:57 - INFO - Logging initialized. Log file: pb2b/logs/bybit_scraper_20260518.log
2026-05-18 19:14:03 - INFO - DataSaver logging initialized. Log file: pb2b/logs/data_saver_20260518.log
2026-05-18 19:14:03 - INFO - Connected to SQLite database: pb2b/p2p_listings.db
2026-05-18 19:14:03 - INFO - Database tables created successfully
2026-05-18 19:14:03 - INFO - Attempt 1/10: Loading https://www.bybit.com/fiat/trade/otc?actionType=1&token=USDT&fiat=NGN
2026-05-18 19:14:13 - INFO - Screenshot saved as 'pb2b/screenshots/bybit_page_20260518_191412.png'
2026-05-18 19:14:14 - INFO - Fetching BUY listings for USDT/EUR
2026-05-18 19:14:15 - INFO - Data successfully saved to SQLite database. New listings - Bybit: 5, Binance: 6
2026-05-18 19:14:15 - INFO - Browser session closed
2026-05-18 19:14:15 - INFO - SQLite database connection closed
2026-05-18 20:50:06 - INFO - Logging initialized. Log file: pb2b/logs/bybit_scraper_20260518.log
2026-05-18 20:50:11 - INFO - DataSaver logging initialized. Log file: pb2b/logs/data_saver_20260518.log
2026-05-18 20:50:11 - INFO - Connected to SQLite database: pb2b/p2p_listings.db
2026-05-18 20:50:11 - INFO - Database tables created successfully
2026-05-18 20:50:11 - INFO - Attempt 1/10: Loading https://www.bybit.com/fiat/trade/otc?actionType=1&token=USDT&fiat=NGN
2026-05-18 20:50:20 - INFO - Screenshot saved as 'pb2b/screenshots/bybit_page_20260518_205020.png'
2026-05-18 20:50:21 - INFO - Fetching BUY listings for USDT/EUR
2026-05-18 20:50:22 - INFO - Data successfully saved to SQLite database. New listings - Bybit: 5, Binance: 6
2026-05-18 20:50:22 - INFO - Browser session closed
2026-05-18 20:50:22 - INFO - SQLite database connection closed
2026-05-18 22:01:26 - INFO - Logging initialized. Log file: pb2b/logs/bybit_scraper_20260518.log
2026-05-18 22:01:28 - INFO - DataSaver logging initialized. Log file: pb2b/logs/data_saver_20260518.log
2026-05-18 22:01:28 - INFO - Connected to SQLite database: pb2b/p2p_listings.db
2026-05-18 22:01:28 - INFO - Database tables created successfully
2026-05-18 22:01:28 - INFO - Attempt 1/10: Loading https://www.bybit.com/fiat/trade/otc?actionType=1&token=USDT&fiat=NGN
2026-05-18 22:01:37 - INFO - Screenshot saved as 'pb2b/screenshots/bybit_page_20260518_220137.png'
2026-05-18 22:01:38 - INFO - Fetching BUY listings for USDT/EUR
2026-05-18 22:01:38 - INFO - Data successfully saved to SQLite database. New listings - Bybit: 5, Binance: 6
2026-05-18 22:01:39 - INFO - Browser session closed
2026-05-18 22:01:39 - INFO - SQLite database connection closed
