2026-08-24 00:05:13 - INFO - Logging initialized. Log file: pb2b/logs/bybit_scraper_20260824.log
2026-08-24 00:05:14 - INFO - DataSaver logging initialized. Log file: pb2b/logs/data_saver_20260824.log
2026-08-24 00:05:14 - INFO - Connected to SQLite database: pb2b/p2p_listings.db
2026-08-24 00:05:14 - INFO - Database tables created successfully
2026-08-24 00:05:14 - INFO - Attempt 1/10: Loading https://www.bybit.com/fiat/trade/otc?actionType=1&token=USDT&fiat=NGN
2026-08-24 00:05:23 - INFO - Screenshot saved as 'pb2b/screenshots/bybit_page_20260824_000523.png'
2026-08-24 00:05:23 - WARNING - Error parsing row: Message: no such element: Unable to locate element: {"method":"css selector","selector":"td:nth-child(2)"}
  (Session info: chrome=151.0.7922.173); For documentation on this error, please visit: https://www.selenium.dev/documentation/webdriver/troubleshooting/errors#nosuchelementexception
Stacktrace:
#0 0x555ce19cb36a <unknown>
#1 0x555ce133ef49 <unknown>
#2 0x555ce13947e2 <unknown>
#3 0x555ce1394a31 <unknown>
#4 0x555ce13896a6 <unknown>
#5 0x555ce1389587 <unknown>
#6 0x555ce13dd0c3 <unknown>
#7 0x555ce1387c92 <unknown>
#8 0x555ce1388b11 <unknown>
#9 0x555ce19908d0 <unknown>
#10 0x555ce198ef3a <unknown>
#11 0x555ce19799b5 <unknown>
#12 0x555ce198fc0a <unknown>
#13 0x555ce1961740 <unknown>
#14 0x555ce19b69a8 <unknown>
#15 0x555ce19b6b45 <unknown>
#16 0x555ce19c9f1e <unknown>
#17 0x7fc06949cb84 <unknown>
#18 0x7fc069529d6c <unknown>

2026-08-24 00:05:23 - INFO - Fetching BUY listings for USDT/EUR
2026-08-24 00:05:24 - INFO - Data successfully saved to SQLite database. New listings - Bybit: 2, Binance: 6
2026-08-24 00:05:24 - INFO - Browser session closed
2026-08-24 00:05:24 - INFO - SQLite database connection closed
