2026-07-28 01:12:16 - INFO - Logging initialized. Log file: pb2b/logs/bybit_scraper_20260728.log
2026-07-28 01:12:17 - INFO - DataSaver logging initialized. Log file: pb2b/logs/data_saver_20260728.log
2026-07-28 01:12:17 - INFO - Connected to SQLite database: pb2b/p2p_listings.db
2026-07-28 01:12:17 - INFO - Database tables created successfully
2026-07-28 01:12:17 - INFO - Attempt 1/10: Loading https://www.bybit.com/fiat/trade/otc?actionType=1&token=USDT&fiat=NGN
2026-07-28 01:12:28 - INFO - Screenshot saved as 'pb2b/screenshots/bybit_page_20260728_011228.png'
2026-07-28 01:12:28 - WARNING - Error parsing row: Message: no such element: Unable to locate element: {"method":"css selector","selector":"td:nth-child(2)"}
  (Session info: chrome=150.0.7871.186); For documentation on this error, please visit: https://www.selenium.dev/documentation/webdriver/troubleshooting/errors#nosuchelementexception
Stacktrace:
#0 0x55c76c30944a <unknown>
#1 0x55c76bce18c9 <unknown>
#2 0x55c76bd36f32 <unknown>
#3 0x55c76bd37181 <unknown>
#4 0x55c76bd2bdf6 <unknown>
#5 0x55c76bd2bcd7 <unknown>
#6 0x55c76bd7f55d <unknown>
#7 0x55c76bd2a3ff <unknown>
#8 0x55c76bd2b261 <unknown>
#9 0x55c76c2cecc7 <unknown>
#10 0x55c76c2cd4a8 <unknown>
#11 0x55c76c2b8196 <unknown>
#12 0x55c76c2ce06a <unknown>
#13 0x55c76c2a0020 <unknown>
#14 0x55c76c2f4b98 <unknown>
#15 0x55c76c2f4d35 <unknown>
#16 0x55c76c307ffe <unknown>
#17 0x7fc4da69caa4 <unknown>
#18 0x7fc4da729c6c <unknown>

2026-07-28 01:12:28 - INFO - Fetching BUY listings for USDT/EUR
2026-07-28 01:12:29 - INFO - Data successfully saved to SQLite database. New listings - Bybit: 2, Binance: 6
2026-07-28 01:12:29 - INFO - Browser session closed
2026-07-28 01:12:29 - INFO - SQLite database connection closed
2026-07-28 04:32:40 - INFO - Logging initialized. Log file: pb2b/logs/bybit_scraper_20260728.log
2026-07-28 04:32:41 - INFO - DataSaver logging initialized. Log file: pb2b/logs/data_saver_20260728.log
2026-07-28 04:32:41 - INFO - Connected to SQLite database: pb2b/p2p_listings.db
2026-07-28 04:32:41 - INFO - Database tables created successfully
2026-07-28 04:32:41 - INFO - Attempt 1/10: Loading https://www.bybit.com/fiat/trade/otc?actionType=1&token=USDT&fiat=NGN
2026-07-28 04:32:50 - INFO - Screenshot saved as 'pb2b/screenshots/bybit_page_20260728_043249.png'
2026-07-28 04:32:50 - WARNING - Error parsing row: Message: no such element: Unable to locate element: {"method":"css selector","selector":"td:nth-child(2)"}
  (Session info: chrome=150.0.7871.186); For documentation on this error, please visit: https://www.selenium.dev/documentation/webdriver/troubleshooting/errors#nosuchelementexception
Stacktrace:
#0 0x558fbc8f544a <unknown>
#1 0x558fbc2cd8c9 <unknown>
#2 0x558fbc322f32 <unknown>
#3 0x558fbc323181 <unknown>
#4 0x558fbc317df6 <unknown>
#5 0x558fbc317cd7 <unknown>
#6 0x558fbc36b55d <unknown>
#7 0x558fbc3163ff <unknown>
#8 0x558fbc317261 <unknown>
#9 0x558fbc8bacc7 <unknown>
#10 0x558fbc8b94a8 <unknown>
#11 0x558fbc8a4196 <unknown>
#12 0x558fbc8ba06a <unknown>
#13 0x558fbc88c020 <unknown>
#14 0x558fbc8e0b98 <unknown>
#15 0x558fbc8e0d35 <unknown>
#16 0x558fbc8f3ffe <unknown>
#17 0x7f1e04a9caa4 <unknown>
#18 0x7f1e04b29c6c <unknown>

2026-07-28 04:32:50 - INFO - Fetching BUY listings for USDT/EUR
2026-07-28 04:32:51 - INFO - Data successfully saved to SQLite database. New listings - Bybit: 3, Binance: 6
2026-07-28 04:32:51 - INFO - Browser session closed
2026-07-28 04:32:51 - INFO - SQLite database connection closed
2026-07-28 07:24:39 - INFO - Logging initialized. Log file: pb2b/logs/bybit_scraper_20260728.log
2026-07-28 07:24:41 - INFO - DataSaver logging initialized. Log file: pb2b/logs/data_saver_20260728.log
2026-07-28 07:24:41 - INFO - Connected to SQLite database: pb2b/p2p_listings.db
2026-07-28 07:24:41 - INFO - Database tables created successfully
2026-07-28 07:24:41 - INFO - Attempt 1/10: Loading https://www.bybit.com/fiat/trade/otc?actionType=1&token=USDT&fiat=NGN
2026-07-28 07:24:50 - INFO - Screenshot saved as 'pb2b/screenshots/bybit_page_20260728_072450.png'
2026-07-28 07:24:50 - WARNING - Error parsing row: Message: no such element: Unable to locate element: {"method":"css selector","selector":"td:nth-child(2)"}
  (Session info: chrome=150.0.7871.186); For documentation on this error, please visit: https://www.selenium.dev/documentation/webdriver/troubleshooting/errors#nosuchelementexception
Stacktrace:
#0 0x55eef78f944a <unknown>
#1 0x55eef72d18c9 <unknown>
#2 0x55eef7326f32 <unknown>
#3 0x55eef7327181 <unknown>
#4 0x55eef731bdf6 <unknown>
#5 0x55eef731bcd7 <unknown>
#6 0x55eef736f55d <unknown>
#7 0x55eef731a3ff <unknown>
#8 0x55eef731b261 <unknown>
#9 0x55eef78becc7 <unknown>
#10 0x55eef78bd4a8 <unknown>
#11 0x55eef78a8196 <unknown>
#12 0x55eef78be06a <unknown>
#13 0x55eef7890020 <unknown>
#14 0x55eef78e4b98 <unknown>
#15 0x55eef78e4d35 <unknown>
#16 0x55eef78f7ffe <unknown>
#17 0x7fad6ea9caa4 <unknown>
#18 0x7fad6eb29c6c <unknown>

2026-07-28 07:24:50 - INFO - Fetching BUY listings for USDT/EUR
2026-07-28 07:24:51 - INFO - Data successfully saved to SQLite database. New listings - Bybit: 2, Binance: 6
2026-07-28 07:24:51 - INFO - Browser session closed
2026-07-28 07:24:51 - INFO - SQLite database connection closed
2026-07-28 10:16:50 - INFO - Logging initialized. Log file: pb2b/logs/bybit_scraper_20260728.log
2026-07-28 10:16:51 - INFO - DataSaver logging initialized. Log file: pb2b/logs/data_saver_20260728.log
2026-07-28 10:16:51 - INFO - Connected to SQLite database: pb2b/p2p_listings.db
2026-07-28 10:16:51 - INFO - Database tables created successfully
2026-07-28 10:16:51 - INFO - Attempt 1/10: Loading https://www.bybit.com/fiat/trade/otc?actionType=1&token=USDT&fiat=NGN
2026-07-28 10:17:00 - INFO - Screenshot saved as 'pb2b/screenshots/bybit_page_20260728_101659.png'
2026-07-28 10:17:00 - WARNING - Error parsing row: Message: no such element: Unable to locate element: {"method":"css selector","selector":"td:nth-child(2)"}
  (Session info: chrome=150.0.7871.186); For documentation on this error, please visit: https://www.selenium.dev/documentation/webdriver/troubleshooting/errors#nosuchelementexception
Stacktrace:
#0 0x557a92fe444a <unknown>
#1 0x557a929bc8c9 <unknown>
#2 0x557a92a11f32 <unknown>
#3 0x557a92a12181 <unknown>
#4 0x557a92a06df6 <unknown>
#5 0x557a92a06cd7 <unknown>
#6 0x557a92a5a55d <unknown>
#7 0x557a92a053ff <unknown>
#8 0x557a92a06261 <unknown>
#9 0x557a92fa9cc7 <unknown>
#10 0x557a92fa84a8 <unknown>
#11 0x557a92f93196 <unknown>
#12 0x557a92fa906a <unknown>
#13 0x557a92f7b020 <unknown>
#14 0x557a92fcfb98 <unknown>
#15 0x557a92fcfd35 <unknown>
#16 0x557a92fe2ffe <unknown>
#17 0x7f9e8f09caa4 <unknown>
#18 0x7f9e8f129c6c <unknown>

2026-07-28 10:17:00 - INFO - Fetching BUY listings for USDT/EUR
2026-07-28 10:17:00 - INFO - Data successfully saved to SQLite database. New listings - Bybit: 2, Binance: 6
2026-07-28 10:17:00 - INFO - Browser session closed
2026-07-28 10:17:00 - INFO - SQLite database connection closed
2026-07-28 12:13:41 - INFO - Logging initialized. Log file: pb2b/logs/bybit_scraper_20260728.log
2026-07-28 12:13:42 - INFO - DataSaver logging initialized. Log file: pb2b/logs/data_saver_20260728.log
2026-07-28 12:13:42 - INFO - Connected to SQLite database: pb2b/p2p_listings.db
2026-07-28 12:13:42 - INFO - Database tables created successfully
2026-07-28 12:13:42 - INFO - Attempt 1/10: Loading https://www.bybit.com/fiat/trade/otc?actionType=1&token=USDT&fiat=NGN
2026-07-28 12:13:52 - INFO - Screenshot saved as 'pb2b/screenshots/bybit_page_20260728_121351.png'
2026-07-28 12:13:52 - INFO - Fetching BUY listings for USDT/EUR
2026-07-28 12:13:52 - INFO - Data successfully saved to SQLite database. New listings - Bybit: 0, Binance: 6
2026-07-28 12:13:52 - INFO - Browser session closed
2026-07-28 12:13:52 - INFO - SQLite database connection closed
2026-07-28 14:43:35 - INFO - Logging initialized. Log file: pb2b/logs/bybit_scraper_20260728.log
2026-07-28 14:43:36 - INFO - DataSaver logging initialized. Log file: pb2b/logs/data_saver_20260728.log
2026-07-28 14:43:36 - INFO - Connected to SQLite database: pb2b/p2p_listings.db
2026-07-28 14:43:36 - INFO - Database tables created successfully
2026-07-28 14:43:36 - INFO - Attempt 1/10: Loading https://www.bybit.com/fiat/trade/otc?actionType=1&token=USDT&fiat=NGN
2026-07-28 14:43:47 - INFO - Screenshot saved as 'pb2b/screenshots/bybit_page_20260728_144347.png'
2026-07-28 14:43:47 - WARNING - Error parsing row: Message: no such element: Unable to locate element: {"method":"css selector","selector":"td:nth-child(2)"}
  (Session info: chrome=150.0.7871.186); For documentation on this error, please visit: https://www.selenium.dev/documentation/webdriver/troubleshooting/errors#nosuchelementexception
Stacktrace:
#0 0x5631a22dc44a <unknown>
#1 0x5631a1cb48c9 <unknown>
#2 0x5631a1d09f32 <unknown>
#3 0x5631a1d0a181 <unknown>
#4 0x5631a1cfedf6 <unknown>
#5 0x5631a1cfecd7 <unknown>
#6 0x5631a1d5255d <unknown>
#7 0x5631a1cfd3ff <unknown>
#8 0x5631a1cfe261 <unknown>
#9 0x5631a22a1cc7 <unknown>
#10 0x5631a22a04a8 <unknown>
#11 0x5631a228b196 <unknown>
#12 0x5631a22a106a <unknown>
#13 0x5631a2273020 <unknown>
#14 0x5631a22c7b98 <unknown>
#15 0x5631a22c7d35 <unknown>
#16 0x5631a22daffe <unknown>
#17 0x7f3cea09caa4 <unknown>
#18 0x7f3cea129c6c <unknown>

2026-07-28 14:43:47 - INFO - Fetching BUY listings for USDT/EUR
2026-07-28 14:43:48 - INFO - Data successfully saved to SQLite database. New listings - Bybit: 2, Binance: 6
2026-07-28 14:43:48 - INFO - Browser session closed
2026-07-28 14:43:48 - INFO - SQLite database connection closed
2026-07-28 17:02:56 - INFO - Logging initialized. Log file: pb2b/logs/bybit_scraper_20260728.log
2026-07-28 17:02:57 - INFO - DataSaver logging initialized. Log file: pb2b/logs/data_saver_20260728.log
2026-07-28 17:02:57 - INFO - Connected to SQLite database: pb2b/p2p_listings.db
2026-07-28 17:02:57 - INFO - Database tables created successfully
2026-07-28 17:02:57 - INFO - Attempt 1/10: Loading https://www.bybit.com/fiat/trade/otc?actionType=1&token=USDT&fiat=NGN
2026-07-28 17:03:08 - INFO - Screenshot saved as 'pb2b/screenshots/bybit_page_20260728_170308.png'
2026-07-28 17:03:08 - WARNING - Error parsing row: Message: no such element: Unable to locate element: {"method":"css selector","selector":"td:nth-child(2)"}
  (Session info: chrome=150.0.7871.186); For documentation on this error, please visit: https://www.selenium.dev/documentation/webdriver/troubleshooting/errors#nosuchelementexception
Stacktrace:
#0 0x55dab608b44a <unknown>
#1 0x55dab5a638c9 <unknown>
#2 0x55dab5ab8f32 <unknown>
#3 0x55dab5ab9181 <unknown>
#4 0x55dab5aaddf6 <unknown>
#5 0x55dab5aadcd7 <unknown>
#6 0x55dab5b0155d <unknown>
#7 0x55dab5aac3ff <unknown>
#8 0x55dab5aad261 <unknown>
#9 0x55dab6050cc7 <unknown>
#10 0x55dab604f4a8 <unknown>
#11 0x55dab603a196 <unknown>
#12 0x55dab605006a <unknown>
#13 0x55dab6022020 <unknown>
#14 0x55dab6076b98 <unknown>
#15 0x55dab6076d35 <unknown>
#16 0x55dab6089ffe <unknown>
#17 0x7fdf47e9caa4 <unknown>
#18 0x7fdf47f29c6c <unknown>

2026-07-28 17:03:09 - INFO - Fetching BUY listings for USDT/EUR
2026-07-28 17:03:10 - INFO - Data successfully saved to SQLite database. New listings - Bybit: 2, Binance: 6
2026-07-28 17:03:10 - INFO - Browser session closed
2026-07-28 17:03:10 - INFO - SQLite database connection closed
2026-07-28 17:59:53 - INFO - Logging initialized. Log file: pb2b/logs/bybit_scraper_20260728.log
2026-07-28 17:59:54 - INFO - DataSaver logging initialized. Log file: pb2b/logs/data_saver_20260728.log
2026-07-28 17:59:54 - INFO - Connected to SQLite database: pb2b/p2p_listings.db
2026-07-28 17:59:54 - INFO - Database tables created successfully
2026-07-28 17:59:54 - INFO - Attempt 1/10: Loading https://www.bybit.com/fiat/trade/otc?actionType=1&token=USDT&fiat=NGN
2026-07-28 18:00:03 - INFO - Screenshot saved as 'pb2b/screenshots/bybit_page_20260728_180003.png'
2026-07-28 18:00:04 - WARNING - Error parsing row: Message: no such element: Unable to locate element: {"method":"css selector","selector":"td:nth-child(2)"}
  (Session info: chrome=150.0.7871.186); For documentation on this error, please visit: https://www.selenium.dev/documentation/webdriver/troubleshooting/errors#nosuchelementexception
Stacktrace:
#0 0x55bf3b22644a <unknown>
#1 0x55bf3abfe8c9 <unknown>
#2 0x55bf3ac53f32 <unknown>
#3 0x55bf3ac54181 <unknown>
#4 0x55bf3ac48df6 <unknown>
#5 0x55bf3ac48cd7 <unknown>
#6 0x55bf3ac9c55d <unknown>
#7 0x55bf3ac473ff <unknown>
#8 0x55bf3ac48261 <unknown>
#9 0x55bf3b1ebcc7 <unknown>
#10 0x55bf3b1ea4a8 <unknown>
#11 0x55bf3b1d5196 <unknown>
#12 0x55bf3b1eb06a <unknown>
#13 0x55bf3b1bd020 <unknown>
#14 0x55bf3b211b98 <unknown>
#15 0x55bf3b211d35 <unknown>
#16 0x55bf3b224ffe <unknown>
#17 0x7f429829caa4 <unknown>
#18 0x7f4298329c6c <unknown>

2026-07-28 18:00:04 - INFO - Fetching BUY listings for USDT/EUR
2026-07-28 18:00:05 - INFO - Data successfully saved to SQLite database. New listings - Bybit: 2, Binance: 6
2026-07-28 18:00:05 - INFO - Browser session closed
2026-07-28 18:00:05 - INFO - SQLite database connection closed
2026-07-28 19:33:33 - INFO - Logging initialized. Log file: pb2b/logs/bybit_scraper_20260728.log
2026-07-28 19:33:33 - INFO - DataSaver logging initialized. Log file: pb2b/logs/data_saver_20260728.log
2026-07-28 19:33:33 - INFO - Connected to SQLite database: pb2b/p2p_listings.db
2026-07-28 19:33:33 - INFO - Database tables created successfully
2026-07-28 19:33:33 - INFO - Attempt 1/10: Loading https://www.bybit.com/fiat/trade/otc?actionType=1&token=USDT&fiat=NGN
2026-07-28 19:33:43 - INFO - Screenshot saved as 'pb2b/screenshots/bybit_page_20260728_193343.png'
2026-07-28 19:33:43 - WARNING - Error parsing row: Message: no such element: Unable to locate element: {"method":"css selector","selector":"td:nth-child(2)"}
  (Session info: chrome=150.0.7871.186); For documentation on this error, please visit: https://www.selenium.dev/documentation/webdriver/troubleshooting/errors#nosuchelementexception
Stacktrace:
#0 0x555a3e89644a <unknown>
#1 0x555a3e26e8c9 <unknown>
#2 0x555a3e2c3f32 <unknown>
#3 0x555a3e2c4181 <unknown>
#4 0x555a3e2b8df6 <unknown>
#5 0x555a3e2b8cd7 <unknown>
#6 0x555a3e30c55d <unknown>
#7 0x555a3e2b73ff <unknown>
#8 0x555a3e2b8261 <unknown>
#9 0x555a3e85bcc7 <unknown>
#10 0x555a3e85a4a8 <unknown>
#11 0x555a3e845196 <unknown>
#12 0x555a3e85b06a <unknown>
#13 0x555a3e82d020 <unknown>
#14 0x555a3e881b98 <unknown>
#15 0x555a3e881d35 <unknown>
#16 0x555a3e894ffe <unknown>
#17 0x7fd70ba9caa4 <unknown>
#18 0x7fd70bb29c6c <unknown>

2026-07-28 19:33:43 - INFO - Fetching BUY listings for USDT/EUR
2026-07-28 19:33:44 - INFO - Data successfully saved to SQLite database. New listings - Bybit: 3, Binance: 6
2026-07-28 19:33:44 - INFO - Browser session closed
2026-07-28 19:33:44 - INFO - SQLite database connection closed
2026-07-28 20:55:49 - INFO - Logging initialized. Log file: pb2b/logs/bybit_scraper_20260728.log
2026-07-28 20:55:50 - INFO - DataSaver logging initialized. Log file: pb2b/logs/data_saver_20260728.log
2026-07-28 20:55:50 - INFO - Connected to SQLite database: pb2b/p2p_listings.db
2026-07-28 20:55:50 - INFO - Database tables created successfully
2026-07-28 20:55:50 - INFO - Attempt 1/10: Loading https://www.bybit.com/fiat/trade/otc?actionType=1&token=USDT&fiat=NGN
2026-07-28 20:55:59 - INFO - Screenshot saved as 'pb2b/screenshots/bybit_page_20260728_205558.png'
2026-07-28 20:55:59 - WARNING - Error parsing row: Message: no such element: Unable to locate element: {"method":"css selector","selector":"td:nth-child(2)"}
  (Session info: chrome=150.0.7871.186); For documentation on this error, please visit: https://www.selenium.dev/documentation/webdriver/troubleshooting/errors#nosuchelementexception
Stacktrace:
#0 0x5638b645c44a <unknown>
#1 0x5638b5e348c9 <unknown>
#2 0x5638b5e89f32 <unknown>
#3 0x5638b5e8a181 <unknown>
#4 0x5638b5e7edf6 <unknown>
#5 0x5638b5e7ecd7 <unknown>
#6 0x5638b5ed255d <unknown>
#7 0x5638b5e7d3ff <unknown>
#8 0x5638b5e7e261 <unknown>
#9 0x5638b6421cc7 <unknown>
#10 0x5638b64204a8 <unknown>
#11 0x5638b640b196 <unknown>
#12 0x5638b642106a <unknown>
#13 0x5638b63f3020 <unknown>
#14 0x5638b6447b98 <unknown>
#15 0x5638b6447d35 <unknown>
#16 0x5638b645affe <unknown>
#17 0x7fe87f49caa4 <unknown>
#18 0x7fe87f529c6c <unknown>

2026-07-28 20:55:59 - INFO - Fetching BUY listings for USDT/EUR
2026-07-28 20:56:00 - INFO - Data successfully saved to SQLite database. New listings - Bybit: 2, Binance: 6
2026-07-28 20:56:00 - INFO - Browser session closed
2026-07-28 20:56:00 - INFO - SQLite database connection closed
2026-07-28 22:13:15 - INFO - Logging initialized. Log file: pb2b/logs/bybit_scraper_20260728.log
2026-07-28 22:13:15 - INFO - DataSaver logging initialized. Log file: pb2b/logs/data_saver_20260728.log
2026-07-28 22:13:15 - INFO - Connected to SQLite database: pb2b/p2p_listings.db
2026-07-28 22:13:15 - INFO - Database tables created successfully
2026-07-28 22:13:15 - INFO - Attempt 1/10: Loading https://www.bybit.com/fiat/trade/otc?actionType=1&token=USDT&fiat=NGN
2026-07-28 22:13:25 - INFO - Screenshot saved as 'pb2b/screenshots/bybit_page_20260728_221325.png'
2026-07-28 22:13:25 - WARNING - Error parsing row: Message: no such element: Unable to locate element: {"method":"css selector","selector":"td:nth-child(2)"}
  (Session info: chrome=150.0.7871.186); For documentation on this error, please visit: https://www.selenium.dev/documentation/webdriver/troubleshooting/errors#nosuchelementexception
Stacktrace:
#0 0x55c7ee80c44a <unknown>
#1 0x55c7ee1e48c9 <unknown>
#2 0x55c7ee239f32 <unknown>
#3 0x55c7ee23a181 <unknown>
#4 0x55c7ee22edf6 <unknown>
#5 0x55c7ee22ecd7 <unknown>
#6 0x55c7ee28255d <unknown>
#7 0x55c7ee22d3ff <unknown>
#8 0x55c7ee22e261 <unknown>
#9 0x55c7ee7d1cc7 <unknown>
#10 0x55c7ee7d04a8 <unknown>
#11 0x55c7ee7bb196 <unknown>
#12 0x55c7ee7d106a <unknown>
#13 0x55c7ee7a3020 <unknown>
#14 0x55c7ee7f7b98 <unknown>
#15 0x55c7ee7f7d35 <unknown>
#16 0x55c7ee80affe <unknown>
#17 0x7febaaa9caa4 <unknown>
#18 0x7febaab29c6c <unknown>

2026-07-28 22:13:25 - INFO - Fetching BUY listings for USDT/EUR
2026-07-28 22:13:26 - INFO - Data successfully saved to SQLite database. New listings - Bybit: 3, Binance: 6
2026-07-28 22:13:26 - INFO - Browser session closed
2026-07-28 22:13:26 - INFO - SQLite database connection closed
2026-07-28 23:00:36 - INFO - Logging initialized. Log file: pb2b/logs/bybit_scraper_20260728.log
2026-07-28 23:00:36 - INFO - DataSaver logging initialized. Log file: pb2b/logs/data_saver_20260728.log
2026-07-28 23:00:36 - INFO - Connected to SQLite database: pb2b/p2p_listings.db
2026-07-28 23:00:36 - INFO - Database tables created successfully
2026-07-28 23:00:36 - INFO - Attempt 1/10: Loading https://www.bybit.com/fiat/trade/otc?actionType=1&token=USDT&fiat=NGN
2026-07-28 23:00:44 - INFO - Screenshot saved as 'pb2b/screenshots/bybit_page_20260728_230044.png'
2026-07-28 23:00:44 - WARNING - Error parsing row: Message: no such element: Unable to locate element: {"method":"css selector","selector":"td:nth-child(2)"}
  (Session info: chrome=150.0.7871.186); For documentation on this error, please visit: https://www.selenium.dev/documentation/webdriver/troubleshooting/errors#nosuchelementexception
Stacktrace:
#0 0x5597ed27444a <unknown>
#1 0x5597ecc4c8c9 <unknown>
#2 0x5597ecca1f32 <unknown>
#3 0x5597ecca2181 <unknown>
#4 0x5597ecc96df6 <unknown>
#5 0x5597ecc96cd7 <unknown>
#6 0x5597eccea55d <unknown>
#7 0x5597ecc953ff <unknown>
#8 0x5597ecc96261 <unknown>
#9 0x5597ed239cc7 <unknown>
#10 0x5597ed2384a8 <unknown>
#11 0x5597ed223196 <unknown>
#12 0x5597ed23906a <unknown>
#13 0x5597ed20b020 <unknown>
#14 0x5597ed25fb98 <unknown>
#15 0x5597ed25fd35 <unknown>
#16 0x5597ed272ffe <unknown>
#17 0x7fd41d29caa4 <unknown>
#18 0x7fd41d329c6c <unknown>

2026-07-28 23:00:45 - INFO - Fetching BUY listings for USDT/EUR
2026-07-28 23:00:46 - INFO - Data successfully saved to SQLite database. New listings - Bybit: 3, Binance: 6
2026-07-28 23:00:46 - INFO - Browser session closed
2026-07-28 23:00:46 - INFO - SQLite database connection closed
