2026-05-14 10:43:09 - INFO - Logging initialized. Log file: pb2b/logs/bybit_scraper_20260514.log
2026-05-14 10:43:20 - INFO - DataSaver logging initialized. Log file: pb2b/logs/data_saver_20260514.log
2026-05-14 10:43:20 - INFO - Connected to SQLite database: pb2b/p2p_listings.db
2026-05-14 10:43:20 - INFO - Database tables created successfully
2026-05-14 10:43:20 - INFO - Attempt 1/10: Loading https://www.bybit.com/fiat/trade/otc?actionType=1&token=USDT&fiat=NGN
2026-05-14 10:43:33 - INFO - Screenshot saved as 'pb2b/screenshots/bybit_page_20260514_104332.png'
2026-05-14 10:43:33 - WARNING - Error parsing row: Message: no such element: Unable to locate element: {"method":"css selector","selector":"td:nth-child(2)"}
  (Session info: chrome=148.0.7778.167); For documentation on this error, please visit: https://www.selenium.dev/documentation/webdriver/troubleshooting/errors#nosuchelementexception
Stacktrace:
#0 0x55c5f8b5c22a <unknown>
#1 0x55c5f855aab9 <unknown>
#2 0x55c5f85af046 <unknown>
#3 0x55c5f85af281 <unknown>
#4 0x55c5f85a3fe6 <unknown>
#5 0x55c5f85a3ec7 <unknown>
#6 0x55c5f85f7116 <unknown>
#7 0x55c5f85a2662 <unknown>
#8 0x55c5f85a3451 <unknown>
#9 0x55c5f8b1fd8b <unknown>
#10 0x55c5f8b22c65 <unknown>
#11 0x55c5f8b0c458 <unknown>
#12 0x55c5f8b237f0 <unknown>
#13 0x55c5f8af31c0 <unknown>
#14 0x55c5f8b49168 <unknown>
#15 0x55c5f8b49305 <unknown>
#16 0x55c5f8b5ac5e <unknown>
#17 0x7fe3d949caa4 <unknown>
#18 0x7fe3d9529c6c <unknown>

2026-05-14 10:43:34 - INFO - Fetching BUY listings for USDT/EUR
2026-05-14 10:43:35 - INFO - Data successfully saved to SQLite database. New listings - Bybit: 3, Binance: 6
2026-05-14 10:43:35 - INFO - Browser session closed
2026-05-14 10:43:35 - INFO - SQLite database connection closed
