2026-07-08 07:17:24 - INFO - Logging initialized. Log file: pb2b/logs/bybit_scraper_20260708.log
2026-07-08 07:17:25 - INFO - DataSaver logging initialized. Log file: pb2b/logs/data_saver_20260708.log
2026-07-08 07:17:25 - INFO - Connected to SQLite database: pb2b/p2p_listings.db
2026-07-08 07:17:25 - INFO - Database tables created successfully
2026-07-08 07:17:25 - INFO - Attempt 1/10: Loading https://www.bybit.com/fiat/trade/otc?actionType=1&token=USDT&fiat=NGN
2026-07-08 07:17:34 - INFO - Screenshot saved as 'pb2b/screenshots/bybit_page_20260708_071734.png'
2026-07-08 07:17:34 - WARNING - Error parsing row: Message: no such element: Unable to locate element: {"method":"css selector","selector":"td:nth-child(2)"}
  (Session info: chrome=150.0.7871.100); For documentation on this error, please visit: https://www.selenium.dev/documentation/webdriver/troubleshooting/errors#nosuchelementexception
Stacktrace:
#0 0x55f68ce650fa <unknown>
#1 0x55f68c83e939 <unknown>
#2 0x55f68c893f52 <unknown>
#3 0x55f68c8941a1 <unknown>
#4 0x55f68c888e96 <unknown>
#5 0x55f68c888d77 <unknown>
#6 0x55f68c8dc30d <unknown>
#7 0x55f68c88749f <unknown>
#8 0x55f68c888301 <unknown>
#9 0x55f68ce2b167 <unknown>
#10 0x55f68ce29948 <unknown>
#11 0x55f68ce14dc6 <unknown>
#12 0x55f68ce2a50a <unknown>
#13 0x55f68cdfce70 <unknown>
#14 0x55f68ce50c38 <unknown>
#15 0x55f68ce50dd5 <unknown>
#16 0x55f68ce63cae <unknown>
#17 0x7f5eae29caa4 <unknown>
#18 0x7f5eae329c6c <unknown>

2026-07-08 07:17:35 - INFO - Fetching BUY listings for USDT/EUR
2026-07-08 07:17:36 - INFO - Data successfully saved to SQLite database. New listings - Bybit: 2, Binance: 6
2026-07-08 07:17:36 - INFO - Browser session closed
2026-07-08 07:17:36 - INFO - SQLite database connection closed
2026-07-08 18:52:04 - INFO - Logging initialized. Log file: pb2b/logs/bybit_scraper_20260708.log
2026-07-08 18:52:05 - INFO - DataSaver logging initialized. Log file: pb2b/logs/data_saver_20260708.log
2026-07-08 18:52:05 - INFO - Connected to SQLite database: pb2b/p2p_listings.db
2026-07-08 18:52:05 - INFO - Database tables created successfully
2026-07-08 18:52:05 - INFO - Attempt 1/10: Loading https://www.bybit.com/fiat/trade/otc?actionType=1&token=USDT&fiat=NGN
2026-07-08 18:52:17 - INFO - Screenshot saved as 'pb2b/screenshots/bybit_page_20260708_185217.png'
2026-07-08 18:52:17 - WARNING - Error parsing row: Message: no such element: Unable to locate element: {"method":"css selector","selector":"td:nth-child(2)"}
  (Session info: chrome=150.0.7871.100); For documentation on this error, please visit: https://www.selenium.dev/documentation/webdriver/troubleshooting/errors#nosuchelementexception
Stacktrace:
#0 0x55a53b9330fa <unknown>
#1 0x55a53b30c939 <unknown>
#2 0x55a53b361f52 <unknown>
#3 0x55a53b3621a1 <unknown>
#4 0x55a53b356e96 <unknown>
#5 0x55a53b356d77 <unknown>
#6 0x55a53b3aa30d <unknown>
#7 0x55a53b35549f <unknown>
#8 0x55a53b356301 <unknown>
#9 0x55a53b8f9167 <unknown>
#10 0x55a53b8f7948 <unknown>
#11 0x55a53b8e2dc6 <unknown>
#12 0x55a53b8f850a <unknown>
#13 0x55a53b8cae70 <unknown>
#14 0x55a53b91ec38 <unknown>
#15 0x55a53b91edd5 <unknown>
#16 0x55a53b931cae <unknown>
#17 0x7f1d9189caa4 <unknown>
#18 0x7f1d91929c6c <unknown>

2026-07-08 18:52:18 - INFO - Fetching BUY listings for USDT/EUR
2026-07-08 18:52:19 - INFO - Data successfully saved to SQLite database. New listings - Bybit: 2, Binance: 6
2026-07-08 18:52:19 - INFO - Browser session closed
2026-07-08 18:52:19 - INFO - SQLite database connection closed
2026-07-08 21:39:51 - INFO - Logging initialized. Log file: pb2b/logs/bybit_scraper_20260708.log
2026-07-08 21:39:52 - INFO - DataSaver logging initialized. Log file: pb2b/logs/data_saver_20260708.log
2026-07-08 21:39:52 - INFO - Connected to SQLite database: pb2b/p2p_listings.db
2026-07-08 21:39:52 - INFO - Database tables created successfully
2026-07-08 21:39:52 - INFO - Attempt 1/10: Loading https://www.bybit.com/fiat/trade/otc?actionType=1&token=USDT&fiat=NGN
2026-07-08 21:40:01 - INFO - Screenshot saved as 'pb2b/screenshots/bybit_page_20260708_214001.png'
2026-07-08 21:40:01 - WARNING - Error parsing row: Message: no such element: Unable to locate element: {"method":"css selector","selector":"td:nth-child(2)"}
  (Session info: chrome=150.0.7871.100); For documentation on this error, please visit: https://www.selenium.dev/documentation/webdriver/troubleshooting/errors#nosuchelementexception
Stacktrace:
#0 0x55ed0a6010fa <unknown>
#1 0x55ed09fda939 <unknown>
#2 0x55ed0a02ff52 <unknown>
#3 0x55ed0a0301a1 <unknown>
#4 0x55ed0a024e96 <unknown>
#5 0x55ed0a024d77 <unknown>
#6 0x55ed0a07830d <unknown>
#7 0x55ed0a02349f <unknown>
#8 0x55ed0a024301 <unknown>
#9 0x55ed0a5c7167 <unknown>
#10 0x55ed0a5c5948 <unknown>
#11 0x55ed0a5b0dc6 <unknown>
#12 0x55ed0a5c650a <unknown>
#13 0x55ed0a598e70 <unknown>
#14 0x55ed0a5ecc38 <unknown>
#15 0x55ed0a5ecdd5 <unknown>
#16 0x55ed0a5ffcae <unknown>
#17 0x7f0fd509caa4 <unknown>
#18 0x7f0fd5129c6c <unknown>

2026-07-08 21:40:02 - INFO - Fetching BUY listings for USDT/EUR
2026-07-08 21:40:02 - INFO - Data successfully saved to SQLite database. New listings - Bybit: 3, Binance: 6
2026-07-08 21:40:02 - INFO - Browser session closed
2026-07-08 21:40:02 - INFO - SQLite database connection closed
2026-07-08 22:46:23 - INFO - Logging initialized. Log file: pb2b/logs/bybit_scraper_20260708.log
2026-07-08 22:46:24 - INFO - DataSaver logging initialized. Log file: pb2b/logs/data_saver_20260708.log
2026-07-08 22:46:24 - INFO - Connected to SQLite database: pb2b/p2p_listings.db
2026-07-08 22:46:24 - INFO - Database tables created successfully
2026-07-08 22:46:24 - INFO - Attempt 1/10: Loading https://www.bybit.com/fiat/trade/otc?actionType=1&token=USDT&fiat=NGN
2026-07-08 22:46:35 - INFO - Screenshot saved as 'pb2b/screenshots/bybit_page_20260708_224635.png'
2026-07-08 22:46:35 - WARNING - Error parsing row: Message: no such element: Unable to locate element: {"method":"css selector","selector":"td:nth-child(2)"}
  (Session info: chrome=150.0.7871.114); For documentation on this error, please visit: https://www.selenium.dev/documentation/webdriver/troubleshooting/errors#nosuchelementexception
Stacktrace:
#0 0x5649480f30fa <unknown>
#1 0x564947acc939 <unknown>
#2 0x564947b21f52 <unknown>
#3 0x564947b221a1 <unknown>
#4 0x564947b16e96 <unknown>
#5 0x564947b16d77 <unknown>
#6 0x564947b6a30d <unknown>
#7 0x564947b1549f <unknown>
#8 0x564947b16301 <unknown>
#9 0x5649480b9167 <unknown>
#10 0x5649480b7948 <unknown>
#11 0x5649480a2dc6 <unknown>
#12 0x5649480b850a <unknown>
#13 0x56494808ae70 <unknown>
#14 0x5649480dec38 <unknown>
#15 0x5649480dedd5 <unknown>
#16 0x5649480f1cae <unknown>
#17 0x7fe8a069caa4 <unknown>
#18 0x7fe8a0729c6c <unknown>

2026-07-08 22:46:35 - INFO - Fetching BUY listings for USDT/EUR
2026-07-08 22:46:36 - INFO - Data successfully saved to SQLite database. New listings - Bybit: 2, Binance: 6
2026-07-08 22:46:36 - INFO - Browser session closed
2026-07-08 22:46:36 - INFO - SQLite database connection closed
