2026-06-02 02:59:21 - INFO - Logging initialized. Log file: pb2b/logs/bybit_scraper_20260602.log
2026-06-02 02:59:22 - INFO - DataSaver logging initialized. Log file: pb2b/logs/data_saver_20260602.log
2026-06-02 02:59:22 - INFO - Connected to SQLite database: pb2b/p2p_listings.db
2026-06-02 02:59:22 - INFO - Database tables created successfully
2026-06-02 02:59:22 - INFO - Attempt 1/10: Loading https://www.bybit.com/fiat/trade/otc?actionType=1&token=USDT&fiat=NGN
2026-06-02 02:59:29 - INFO - Screenshot saved as 'pb2b/screenshots/bybit_page_20260602_025929.png'
2026-06-02 02:59:30 - INFO - Fetching BUY listings for USDT/EUR
2026-06-02 02:59:31 - INFO - Data successfully saved to SQLite database. New listings - Bybit: 5, Binance: 6
2026-06-02 02:59:31 - INFO - Browser session closed
2026-06-02 02:59:31 - INFO - SQLite database connection closed
2026-06-02 07:31:44 - INFO - Logging initialized. Log file: pb2b/logs/bybit_scraper_20260602.log
2026-06-02 07:31:45 - INFO - DataSaver logging initialized. Log file: pb2b/logs/data_saver_20260602.log
2026-06-02 07:31:45 - INFO - Connected to SQLite database: pb2b/p2p_listings.db
2026-06-02 07:31:45 - INFO - Database tables created successfully
2026-06-02 07:31:45 - INFO - Attempt 1/10: Loading https://www.bybit.com/fiat/trade/otc?actionType=1&token=USDT&fiat=NGN
2026-06-02 07:31:54 - INFO - Screenshot saved as 'pb2b/screenshots/bybit_page_20260602_073154.png'
2026-06-02 07:31:55 - INFO - Fetching BUY listings for USDT/EUR
2026-06-02 07:31:56 - INFO - Data successfully saved to SQLite database. New listings - Bybit: 5, Binance: 6
2026-06-02 07:31:56 - INFO - Browser session closed
2026-06-02 07:31:56 - INFO - SQLite database connection closed
2026-06-02 11:55:41 - INFO - Logging initialized. Log file: pb2b/logs/bybit_scraper_20260602.log
2026-06-02 11:55:42 - INFO - DataSaver logging initialized. Log file: pb2b/logs/data_saver_20260602.log
2026-06-02 11:55:42 - INFO - Connected to SQLite database: pb2b/p2p_listings.db
2026-06-02 11:55:42 - INFO - Database tables created successfully
2026-06-02 11:55:42 - INFO - Attempt 1/10: Loading https://www.bybit.com/fiat/trade/otc?actionType=1&token=USDT&fiat=NGN
2026-06-02 11:55:50 - INFO - Screenshot saved as 'pb2b/screenshots/bybit_page_20260602_115549.png'
2026-06-02 11:55:50 - WARNING - Error parsing row: Message: no such element: Unable to locate element: {"method":"css selector","selector":"td:nth-child(2)"}
  (Session info: chrome=148.0.7778.215); For documentation on this error, please visit: https://www.selenium.dev/documentation/webdriver/troubleshooting/errors#nosuchelementexception
Stacktrace:
#0 0x55fdd639516a <unknown>
#1 0x55fdd5d926b9 <unknown>
#2 0x55fdd5de6c0d <unknown>
#3 0x55fdd5de6e51 <unknown>
#4 0x55fdd5ddbba6 <unknown>
#5 0x55fdd5ddba87 <unknown>
#6 0x55fdd5e2ecbf <unknown>
#7 0x55fdd5dda222 <unknown>
#8 0x55fdd5ddb011 <unknown>
#9 0x55fdd635aa0b <unknown>
#10 0x55fdd635d92d <unknown>
#11 0x55fdd6347948 <unknown>
#12 0x55fdd635e4c0 <unknown>
#13 0x55fdd632e560 <unknown>
#14 0x55fdd6381dd8 <unknown>
#15 0x55fdd6381f75 <unknown>
#16 0x55fdd6393bce <unknown>
#17 0x7f9edf29caa4 <unknown>
#18 0x7f9edf329c6c <unknown>

2026-06-02 11:55:50 - INFO - Fetching BUY listings for USDT/EUR
2026-06-02 11:55:51 - INFO - Data successfully saved to SQLite database. New listings - Bybit: 2, Binance: 6
2026-06-02 11:55:51 - INFO - Browser session closed
2026-06-02 11:55:51 - INFO - SQLite database connection closed
2026-06-02 16:29:48 - INFO - Logging initialized. Log file: pb2b/logs/bybit_scraper_20260602.log
2026-06-02 16:29:49 - INFO - DataSaver logging initialized. Log file: pb2b/logs/data_saver_20260602.log
2026-06-02 16:29:49 - INFO - Connected to SQLite database: pb2b/p2p_listings.db
2026-06-02 16:29:49 - INFO - Database tables created successfully
2026-06-02 16:29:49 - INFO - Attempt 1/10: Loading https://www.bybit.com/fiat/trade/otc?actionType=1&token=USDT&fiat=NGN
2026-06-02 16:29:58 - INFO - Screenshot saved as 'pb2b/screenshots/bybit_page_20260602_162958.png'
2026-06-02 16:29:58 - WARNING - Error parsing row: Message: no such element: Unable to locate element: {"method":"css selector","selector":"td:nth-child(2)"}
  (Session info: chrome=148.0.7778.215); For documentation on this error, please visit: https://www.selenium.dev/documentation/webdriver/troubleshooting/errors#nosuchelementexception
Stacktrace:
#0 0x5652cfc5316a <unknown>
#1 0x5652cf6506b9 <unknown>
#2 0x5652cf6a4c0d <unknown>
#3 0x5652cf6a4e51 <unknown>
#4 0x5652cf699ba6 <unknown>
#5 0x5652cf699a87 <unknown>
#6 0x5652cf6eccbf <unknown>
#7 0x5652cf698222 <unknown>
#8 0x5652cf699011 <unknown>
#9 0x5652cfc18a0b <unknown>
#10 0x5652cfc1b92d <unknown>
#11 0x5652cfc05948 <unknown>
#12 0x5652cfc1c4c0 <unknown>
#13 0x5652cfbec560 <unknown>
#14 0x5652cfc3fdd8 <unknown>
#15 0x5652cfc3ff75 <unknown>
#16 0x5652cfc51bce <unknown>
#17 0x7ff54109caa4 <unknown>
#18 0x7ff541129c6c <unknown>

2026-06-02 16:29:58 - INFO - Fetching BUY listings for USDT/EUR
2026-06-02 16:29:59 - INFO - Data successfully saved to SQLite database. New listings - Bybit: 3, Binance: 6
2026-06-02 16:29:59 - INFO - Browser session closed
2026-06-02 16:29:59 - INFO - SQLite database connection closed
2026-06-02 19:57:52 - INFO - Logging initialized. Log file: pb2b/logs/bybit_scraper_20260602.log
2026-06-02 19:57:54 - INFO - DataSaver logging initialized. Log file: pb2b/logs/data_saver_20260602.log
2026-06-02 19:57:54 - INFO - Connected to SQLite database: pb2b/p2p_listings.db
2026-06-02 19:57:54 - INFO - Database tables created successfully
2026-06-02 19:57:54 - INFO - Attempt 1/10: Loading https://www.bybit.com/fiat/trade/otc?actionType=1&token=USDT&fiat=NGN
2026-06-02 19:58:02 - INFO - Screenshot saved as 'pb2b/screenshots/bybit_page_20260602_195802.png'
2026-06-02 19:58:02 - WARNING - Error parsing row: Message: no such element: Unable to locate element: {"method":"css selector","selector":"td:nth-child(2)"}
  (Session info: chrome=148.0.7778.215); For documentation on this error, please visit: https://www.selenium.dev/documentation/webdriver/troubleshooting/errors#nosuchelementexception
Stacktrace:
#0 0x5587d273c16a <unknown>
#1 0x5587d21396b9 <unknown>
#2 0x5587d218dc0d <unknown>
#3 0x5587d218de51 <unknown>
#4 0x5587d2182ba6 <unknown>
#5 0x5587d2182a87 <unknown>
#6 0x5587d21d5cbf <unknown>
#7 0x5587d2181222 <unknown>
#8 0x5587d2182011 <unknown>
#9 0x5587d2701a0b <unknown>
#10 0x5587d270492d <unknown>
#11 0x5587d26ee948 <unknown>
#12 0x5587d27054c0 <unknown>
#13 0x5587d26d5560 <unknown>
#14 0x5587d2728dd8 <unknown>
#15 0x5587d2728f75 <unknown>
#16 0x5587d273abce <unknown>
#17 0x7f9755c9caa4 <unknown>
#18 0x7f9755d29c6c <unknown>

2026-06-02 19:58:02 - INFO - Fetching BUY listings for USDT/EUR
2026-06-02 19:58:03 - INFO - Data successfully saved to SQLite database. New listings - Bybit: 3, Binance: 6
2026-06-02 19:58:03 - INFO - Browser session closed
2026-06-02 19:58:03 - INFO - SQLite database connection closed
