2026-06-15 03:38:15 - INFO - Logging initialized. Log file: pb2b/logs/bybit_scraper_20260615.log
2026-06-15 03:38:17 - INFO - DataSaver logging initialized. Log file: pb2b/logs/data_saver_20260615.log
2026-06-15 03:38:17 - INFO - Connected to SQLite database: pb2b/p2p_listings.db
2026-06-15 03:38:17 - INFO - Database tables created successfully
2026-06-15 03:38:17 - INFO - Attempt 1/10: Loading https://www.bybit.com/fiat/trade/otc?actionType=1&token=USDT&fiat=NGN
2026-06-15 03:38:24 - INFO - Screenshot saved as 'pb2b/screenshots/bybit_page_20260615_033824.png'
2026-06-15 03:38:25 - INFO - Fetching BUY listings for USDT/EUR
2026-06-15 03:38:26 - INFO - Data successfully saved to SQLite database. New listings - Bybit: 5, Binance: 6
2026-06-15 03:38:26 - INFO - Browser session closed
2026-06-15 03:38:26 - INFO - SQLite database connection closed
2026-06-15 09:52:10 - INFO - Logging initialized. Log file: pb2b/logs/bybit_scraper_20260615.log
2026-06-15 09:52:11 - INFO - DataSaver logging initialized. Log file: pb2b/logs/data_saver_20260615.log
2026-06-15 09:52:11 - INFO - Connected to SQLite database: pb2b/p2p_listings.db
2026-06-15 09:52:11 - INFO - Database tables created successfully
2026-06-15 09:52:11 - INFO - Attempt 1/10: Loading https://www.bybit.com/fiat/trade/otc?actionType=1&token=USDT&fiat=NGN
2026-06-15 09:52:21 - INFO - Screenshot saved as 'pb2b/screenshots/bybit_page_20260615_095220.png'
2026-06-15 09:52:21 - INFO - Fetching BUY listings for USDT/EUR
2026-06-15 09:52:23 - INFO - Data successfully saved to SQLite database. New listings - Bybit: 5, Binance: 6
2026-06-15 09:52:23 - INFO - Browser session closed
2026-06-15 09:52:23 - INFO - SQLite database connection closed
2026-06-15 15:38:46 - INFO - Logging initialized. Log file: pb2b/logs/bybit_scraper_20260615.log
2026-06-15 15:38:51 - INFO - DataSaver logging initialized. Log file: pb2b/logs/data_saver_20260615.log
2026-06-15 15:38:51 - INFO - Connected to SQLite database: pb2b/p2p_listings.db
2026-06-15 15:38:51 - INFO - Database tables created successfully
2026-06-15 15:38:51 - INFO - Attempt 1/10: Loading https://www.bybit.com/fiat/trade/otc?actionType=1&token=USDT&fiat=NGN
2026-06-15 15:38:58 - INFO - Screenshot saved as 'pb2b/screenshots/bybit_page_20260615_153858.png'
2026-06-15 15:38:59 - INFO - Fetching BUY listings for USDT/EUR
2026-06-15 15:39:00 - INFO - Data successfully saved to SQLite database. New listings - Bybit: 5, Binance: 6
2026-06-15 15:39:00 - INFO - Browser session closed
2026-06-15 15:39:00 - INFO - SQLite database connection closed
2026-06-15 19:37:02 - INFO - Logging initialized. Log file: pb2b/logs/bybit_scraper_20260615.log
2026-06-15 19:37:05 - INFO - DataSaver logging initialized. Log file: pb2b/logs/data_saver_20260615.log
2026-06-15 19:37:05 - INFO - Connected to SQLite database: pb2b/p2p_listings.db
2026-06-15 19:37:05 - INFO - Database tables created successfully
2026-06-15 19:37:05 - INFO - Attempt 1/10: Loading https://www.bybit.com/fiat/trade/otc?actionType=1&token=USDT&fiat=NGN
2026-06-15 19:37:14 - INFO - Screenshot saved as 'pb2b/screenshots/bybit_page_20260615_193713.png'
2026-06-15 19:37:14 - INFO - Fetching BUY listings for USDT/EUR
2026-06-15 19:37:16 - INFO - Data successfully saved to SQLite database. New listings - Bybit: 5, Binance: 6
2026-06-15 19:37:16 - INFO - Browser session closed
2026-06-15 19:37:16 - INFO - SQLite database connection closed
2026-06-15 22:09:20 - INFO - Logging initialized. Log file: pb2b/logs/bybit_scraper_20260615.log
2026-06-15 22:09:21 - INFO - DataSaver logging initialized. Log file: pb2b/logs/data_saver_20260615.log
2026-06-15 22:09:21 - INFO - Connected to SQLite database: pb2b/p2p_listings.db
2026-06-15 22:09:21 - INFO - Database tables created successfully
2026-06-15 22:09:21 - INFO - Attempt 1/10: Loading https://www.bybit.com/fiat/trade/otc?actionType=1&token=USDT&fiat=NGN
2026-06-15 22:09:29 - INFO - Screenshot saved as 'pb2b/screenshots/bybit_page_20260615_220929.png'
2026-06-15 22:09:30 - INFO - Fetching BUY listings for USDT/EUR
2026-06-15 22:09:30 - INFO - Data successfully saved to SQLite database. New listings - Bybit: 5, Binance: 6
2026-06-15 22:09:30 - INFO - Browser session closed
2026-06-15 22:09:30 - INFO - SQLite database connection closed
