2026-07-26 01:21:40 - INFO - Logging initialized. Log file: pb2b/logs/bybit_scraper_20260726.log
2026-07-26 01:21:42 - INFO - DataSaver logging initialized. Log file: pb2b/logs/data_saver_20260726.log
2026-07-26 01:21:42 - INFO - Connected to SQLite database: pb2b/p2p_listings.db
2026-07-26 01:21:42 - INFO - Database tables created successfully
2026-07-26 01:21:42 - INFO - Attempt 1/10: Loading https://www.bybit.com/fiat/trade/otc?actionType=1&token=USDT&fiat=NGN
2026-07-26 01:21:50 - INFO - Screenshot saved as 'pb2b/screenshots/bybit_page_20260726_012150.png'
2026-07-26 01:21:50 - WARNING - Error parsing row: Message: no such element: Unable to locate element: {"method":"css selector","selector":"td:nth-child(2)"}
  (Session info: chrome=150.0.7871.186); For documentation on this error, please visit: https://www.selenium.dev/documentation/webdriver/troubleshooting/errors#nosuchelementexception
Stacktrace:
#0 0x560156e3b44a <unknown>
#1 0x5601568138c9 <unknown>
#2 0x560156868f32 <unknown>
#3 0x560156869181 <unknown>
#4 0x56015685ddf6 <unknown>
#5 0x56015685dcd7 <unknown>
#6 0x5601568b155d <unknown>
#7 0x56015685c3ff <unknown>
#8 0x56015685d261 <unknown>
#9 0x560156e00cc7 <unknown>
#10 0x560156dff4a8 <unknown>
#11 0x560156dea196 <unknown>
#12 0x560156e0006a <unknown>
#13 0x560156dd2020 <unknown>
#14 0x560156e26b98 <unknown>
#15 0x560156e26d35 <unknown>
#16 0x560156e39ffe <unknown>
#17 0x7f7283a9caa4 <unknown>
#18 0x7f7283b29c6c <unknown>

2026-07-26 01:21:50 - INFO - Fetching BUY listings for USDT/EUR
2026-07-26 01:21:51 - INFO - Data successfully saved to SQLite database. New listings - Bybit: 3, Binance: 6
2026-07-26 01:21:51 - INFO - Browser session closed
2026-07-26 01:21:51 - INFO - SQLite database connection closed
2026-07-26 04:51:29 - INFO - Logging initialized. Log file: pb2b/logs/bybit_scraper_20260726.log
2026-07-26 04:51:29 - INFO - DataSaver logging initialized. Log file: pb2b/logs/data_saver_20260726.log
2026-07-26 04:51:29 - INFO - Connected to SQLite database: pb2b/p2p_listings.db
2026-07-26 04:51:29 - INFO - Database tables created successfully
2026-07-26 04:51:29 - INFO - Attempt 1/10: Loading https://www.bybit.com/fiat/trade/otc?actionType=1&token=USDT&fiat=NGN
2026-07-26 04:51:40 - INFO - Screenshot saved as 'pb2b/screenshots/bybit_page_20260726_045140.png'
2026-07-26 04:51:40 - WARNING - Error parsing row: Message: no such element: Unable to locate element: {"method":"css selector","selector":"td:nth-child(2)"}
  (Session info: chrome=150.0.7871.186); For documentation on this error, please visit: https://www.selenium.dev/documentation/webdriver/troubleshooting/errors#nosuchelementexception
Stacktrace:
#0 0x55f42010a44a <unknown>
#1 0x55f41fae28c9 <unknown>
#2 0x55f41fb37f32 <unknown>
#3 0x55f41fb38181 <unknown>
#4 0x55f41fb2cdf6 <unknown>
#5 0x55f41fb2ccd7 <unknown>
#6 0x55f41fb8055d <unknown>
#7 0x55f41fb2b3ff <unknown>
#8 0x55f41fb2c261 <unknown>
#9 0x55f4200cfcc7 <unknown>
#10 0x55f4200ce4a8 <unknown>
#11 0x55f4200b9196 <unknown>
#12 0x55f4200cf06a <unknown>
#13 0x55f4200a1020 <unknown>
#14 0x55f4200f5b98 <unknown>
#15 0x55f4200f5d35 <unknown>
#16 0x55f420108ffe <unknown>
#17 0x7fc77349caa4 <unknown>
#18 0x7fc773529c6c <unknown>

2026-07-26 04:51:40 - INFO - Fetching BUY listings for USDT/EUR
2026-07-26 04:51:41 - INFO - Data successfully saved to SQLite database. New listings - Bybit: 3, Binance: 6
2026-07-26 04:51:41 - INFO - Browser session closed
2026-07-26 04:51:41 - INFO - SQLite database connection closed
