2026-05-17 01:34:03 - INFO - Logging initialized. Log file: pb2b/logs/bybit_scraper_20260517.log
2026-05-17 01:34:10 - INFO - DataSaver logging initialized. Log file: pb2b/logs/data_saver_20260517.log
2026-05-17 01:34:10 - INFO - Connected to SQLite database: pb2b/p2p_listings.db
2026-05-17 01:34:10 - INFO - Database tables created successfully
2026-05-17 01:34:10 - INFO - Attempt 1/10: Loading https://www.bybit.com/fiat/trade/otc?actionType=1&token=USDT&fiat=NGN
2026-05-17 01:34:19 - INFO - Screenshot saved as 'pb2b/screenshots/bybit_page_20260517_013419.png'
2026-05-17 01:34:19 - WARNING - Error parsing row: Message: no such element: Unable to locate element: {"method":"css selector","selector":"td:nth-child(2)"}
  (Session info: chrome=148.0.7778.167); For documentation on this error, please visit: https://www.selenium.dev/documentation/webdriver/troubleshooting/errors#nosuchelementexception
Stacktrace:
#0 0x55894170b22a <unknown>
#1 0x558941109ab9 <unknown>
#2 0x55894115e046 <unknown>
#3 0x55894115e281 <unknown>
#4 0x558941152fe6 <unknown>
#5 0x558941152ec7 <unknown>
#6 0x5589411a6116 <unknown>
#7 0x558941151662 <unknown>
#8 0x558941152451 <unknown>
#9 0x5589416ced8b <unknown>
#10 0x5589416d1c65 <unknown>
#11 0x5589416bb458 <unknown>
#12 0x5589416d27f0 <unknown>
#13 0x5589416a21c0 <unknown>
#14 0x5589416f8168 <unknown>
#15 0x5589416f8305 <unknown>
#16 0x558941709c5e <unknown>
#17 0x7f1e00e9caa4 <unknown>
#18 0x7f1e00f29c6c <unknown>

2026-05-17 01:34:19 - INFO - Fetching BUY listings for USDT/EUR
2026-05-17 01:34:20 - INFO - Data successfully saved to SQLite database. New listings - Bybit: 3, Binance: 6
2026-05-17 01:34:20 - INFO - Browser session closed
2026-05-17 01:34:20 - INFO - SQLite database connection closed
2026-05-17 05:37:21 - INFO - Logging initialized. Log file: pb2b/logs/bybit_scraper_20260517.log
2026-05-17 05:37:29 - INFO - DataSaver logging initialized. Log file: pb2b/logs/data_saver_20260517.log
2026-05-17 05:37:29 - INFO - Connected to SQLite database: pb2b/p2p_listings.db
2026-05-17 05:37:29 - INFO - Database tables created successfully
2026-05-17 05:37:29 - INFO - Attempt 1/10: Loading https://www.bybit.com/fiat/trade/otc?actionType=1&token=USDT&fiat=NGN
2026-05-17 05:37:38 - INFO - Screenshot saved as 'pb2b/screenshots/bybit_page_20260517_053738.png'
2026-05-17 05:37:39 - INFO - Fetching BUY listings for USDT/EUR
2026-05-17 05:37:40 - INFO - Data successfully saved to SQLite database. New listings - Bybit: 5, Binance: 6
2026-05-17 05:37:40 - INFO - Browser session closed
2026-05-17 05:37:40 - INFO - SQLite database connection closed
2026-05-17 08:04:18 - INFO - Logging initialized. Log file: pb2b/logs/bybit_scraper_20260517.log
2026-05-17 08:04:26 - INFO - DataSaver logging initialized. Log file: pb2b/logs/data_saver_20260517.log
2026-05-17 08:04:26 - INFO - Connected to SQLite database: pb2b/p2p_listings.db
2026-05-17 08:04:26 - INFO - Database tables created successfully
2026-05-17 08:04:26 - INFO - Attempt 1/10: Loading https://www.bybit.com/fiat/trade/otc?actionType=1&token=USDT&fiat=NGN
2026-05-17 08:04:35 - INFO - Screenshot saved as 'pb2b/screenshots/bybit_page_20260517_080435.png'
2026-05-17 08:04:36 - INFO - Fetching BUY listings for USDT/EUR
2026-05-17 08:04:37 - INFO - Data successfully saved to SQLite database. New listings - Bybit: 5, Binance: 6
2026-05-17 08:04:37 - INFO - Browser session closed
2026-05-17 08:04:37 - INFO - SQLite database connection closed
2026-05-17 10:03:50 - INFO - Logging initialized. Log file: pb2b/logs/bybit_scraper_20260517.log
2026-05-17 10:03:57 - INFO - DataSaver logging initialized. Log file: pb2b/logs/data_saver_20260517.log
2026-05-17 10:03:57 - INFO - Connected to SQLite database: pb2b/p2p_listings.db
2026-05-17 10:03:57 - INFO - Database tables created successfully
2026-05-17 10:03:57 - INFO - Attempt 1/10: Loading https://www.bybit.com/fiat/trade/otc?actionType=1&token=USDT&fiat=NGN
2026-05-17 10:04:07 - INFO - Screenshot saved as 'pb2b/screenshots/bybit_page_20260517_100406.png'
2026-05-17 10:04:07 - INFO - Fetching BUY listings for USDT/EUR
2026-05-17 10:04:08 - INFO - Data successfully saved to SQLite database. New listings - Bybit: 5, Binance: 6
2026-05-17 10:04:08 - INFO - Browser session closed
2026-05-17 10:04:08 - INFO - SQLite database connection closed
2026-05-17 11:25:24 - INFO - Logging initialized. Log file: pb2b/logs/bybit_scraper_20260517.log
2026-05-17 11:25:29 - INFO - DataSaver logging initialized. Log file: pb2b/logs/data_saver_20260517.log
2026-05-17 11:25:29 - INFO - Connected to SQLite database: pb2b/p2p_listings.db
2026-05-17 11:25:29 - INFO - Database tables created successfully
2026-05-17 11:25:29 - INFO - Attempt 1/10: Loading https://www.bybit.com/fiat/trade/otc?actionType=1&token=USDT&fiat=NGN
2026-05-17 11:25:38 - INFO - Screenshot saved as 'pb2b/screenshots/bybit_page_20260517_112538.png'
2026-05-17 11:25:39 - INFO - Fetching BUY listings for USDT/EUR
2026-05-17 11:25:39 - INFO - Data successfully saved to SQLite database. New listings - Bybit: 5, Binance: 6
2026-05-17 11:25:39 - INFO - Browser session closed
2026-05-17 11:25:39 - INFO - SQLite database connection closed
2026-05-17 12:15:00 - INFO - Logging initialized. Log file: pb2b/logs/bybit_scraper_20260517.log
2026-05-17 12:15:05 - INFO - DataSaver logging initialized. Log file: pb2b/logs/data_saver_20260517.log
2026-05-17 12:15:05 - INFO - Connected to SQLite database: pb2b/p2p_listings.db
2026-05-17 12:15:05 - INFO - Database tables created successfully
2026-05-17 12:15:05 - INFO - Attempt 1/10: Loading https://www.bybit.com/fiat/trade/otc?actionType=1&token=USDT&fiat=NGN
2026-05-17 12:15:14 - INFO - Screenshot saved as 'pb2b/screenshots/bybit_page_20260517_121513.png'
2026-05-17 12:15:14 - INFO - Fetching BUY listings for USDT/EUR
2026-05-17 12:15:15 - INFO - Data successfully saved to SQLite database. New listings - Bybit: 5, Binance: 6
2026-05-17 12:15:15 - INFO - Browser session closed
2026-05-17 12:15:15 - INFO - SQLite database connection closed
2026-05-17 14:03:34 - INFO - Logging initialized. Log file: pb2b/logs/bybit_scraper_20260517.log
2026-05-17 14:03:40 - INFO - DataSaver logging initialized. Log file: pb2b/logs/data_saver_20260517.log
2026-05-17 14:03:40 - INFO - Connected to SQLite database: pb2b/p2p_listings.db
2026-05-17 14:03:40 - INFO - Database tables created successfully
2026-05-17 14:03:40 - INFO - Attempt 1/10: Loading https://www.bybit.com/fiat/trade/otc?actionType=1&token=USDT&fiat=NGN
2026-05-17 14:03:49 - INFO - Screenshot saved as 'pb2b/screenshots/bybit_page_20260517_140348.png'
2026-05-17 14:03:49 - INFO - Fetching BUY listings for USDT/EUR
2026-05-17 14:03:50 - INFO - Data successfully saved to SQLite database. New listings - Bybit: 5, Binance: 6
2026-05-17 14:03:50 - INFO - Browser session closed
2026-05-17 14:03:50 - INFO - SQLite database connection closed
2026-05-17 15:14:38 - INFO - Logging initialized. Log file: pb2b/logs/bybit_scraper_20260517.log
2026-05-17 15:14:46 - INFO - DataSaver logging initialized. Log file: pb2b/logs/data_saver_20260517.log
2026-05-17 15:14:46 - INFO - Connected to SQLite database: pb2b/p2p_listings.db
2026-05-17 15:14:46 - INFO - Database tables created successfully
2026-05-17 15:14:46 - INFO - Attempt 1/10: Loading https://www.bybit.com/fiat/trade/otc?actionType=1&token=USDT&fiat=NGN
2026-05-17 15:14:55 - INFO - Screenshot saved as 'pb2b/screenshots/bybit_page_20260517_151454.png'
2026-05-17 15:14:56 - INFO - Fetching BUY listings for USDT/EUR
2026-05-17 15:14:57 - INFO - Data successfully saved to SQLite database. New listings - Bybit: 5, Binance: 6
2026-05-17 15:14:57 - INFO - Browser session closed
2026-05-17 15:14:57 - INFO - SQLite database connection closed
2026-05-17 16:18:54 - INFO - Logging initialized. Log file: pb2b/logs/bybit_scraper_20260517.log
2026-05-17 16:18:55 - INFO - DataSaver logging initialized. Log file: pb2b/logs/data_saver_20260517.log
2026-05-17 16:18:55 - INFO - Connected to SQLite database: pb2b/p2p_listings.db
2026-05-17 16:18:55 - INFO - Database tables created successfully
2026-05-17 16:18:55 - INFO - Attempt 1/10: Loading https://www.bybit.com/fiat/trade/otc?actionType=1&token=USDT&fiat=NGN
2026-05-17 16:19:05 - INFO - Screenshot saved as 'pb2b/screenshots/bybit_page_20260517_161904.png'
2026-05-17 16:19:06 - INFO - Fetching BUY listings for USDT/EUR
2026-05-17 16:19:06 - INFO - Data successfully saved to SQLite database. New listings - Bybit: 5, Binance: 6
2026-05-17 16:19:07 - INFO - Browser session closed
2026-05-17 16:19:07 - INFO - SQLite database connection closed
2026-05-17 17:34:45 - INFO - Logging initialized. Log file: pb2b/logs/bybit_scraper_20260517.log
2026-05-17 17:34:52 - INFO - DataSaver logging initialized. Log file: pb2b/logs/data_saver_20260517.log
2026-05-17 17:34:52 - INFO - Connected to SQLite database: pb2b/p2p_listings.db
2026-05-17 17:34:52 - INFO - Database tables created successfully
2026-05-17 17:34:52 - INFO - Attempt 1/10: Loading https://www.bybit.com/fiat/trade/otc?actionType=1&token=USDT&fiat=NGN
2026-05-17 17:35:00 - INFO - Screenshot saved as 'pb2b/screenshots/bybit_page_20260517_173500.png'
2026-05-17 17:35:01 - INFO - Fetching BUY listings for USDT/EUR
2026-05-17 17:35:02 - INFO - Data successfully saved to SQLite database. New listings - Bybit: 5, Binance: 6
2026-05-17 17:35:02 - INFO - Browser session closed
2026-05-17 17:35:02 - INFO - SQLite database connection closed
