2026-07-21 01:15:57 - INFO - Logging initialized. Log file: pb2b/logs/bybit_scraper_20260721.log
2026-07-21 01:15:58 - INFO - DataSaver logging initialized. Log file: pb2b/logs/data_saver_20260721.log
2026-07-21 01:15:58 - INFO - Connected to SQLite database: pb2b/p2p_listings.db
2026-07-21 01:15:58 - INFO - Database tables created successfully
2026-07-21 01:15:58 - INFO - Attempt 1/10: Loading https://www.bybit.com/fiat/trade/otc?actionType=1&token=USDT&fiat=NGN
2026-07-21 01:16:10 - INFO - Screenshot saved as 'pb2b/screenshots/bybit_page_20260721_011610.png'
2026-07-21 01:16:10 - WARNING - Error parsing row: Message: no such element: Unable to locate element: {"method":"css selector","selector":"td:nth-child(2)"}
  (Session info: chrome=150.0.7871.128); For documentation on this error, please visit: https://www.selenium.dev/documentation/webdriver/troubleshooting/errors#nosuchelementexception
Stacktrace:
#0 0x561e658be41a <unknown>
#1 0x561e65296689 <unknown>
#2 0x561e652ebcff <unknown>
#3 0x561e652ebf51 <unknown>
#4 0x561e652e0bc6 <unknown>
#5 0x561e652e0aa7 <unknown>
#6 0x561e65334329 <unknown>
#7 0x561e652df1df <unknown>
#8 0x561e652e0031 <unknown>
#9 0x561e65883bd7 <unknown>
#10 0x561e658823a8 <unknown>
#11 0x561e6586d076 <unknown>
#12 0x561e65882f7a <unknown>
#13 0x561e65854f70 <unknown>
#14 0x561e658a9c38 <unknown>
#15 0x561e658a9dd5 <unknown>
#16 0x561e658bcfce <unknown>
#17 0x7f7cef69caa4 <unknown>
#18 0x7f7cef729c6c <unknown>

2026-07-21 01:16:11 - INFO - Fetching BUY listings for USDT/EUR
2026-07-21 01:16:11 - INFO - Data successfully saved to SQLite database. New listings - Bybit: 3, Binance: 6
2026-07-21 01:16:12 - INFO - Browser session closed
2026-07-21 01:16:12 - INFO - SQLite database connection closed
