2026-09-06 00:11:17 - INFO - Logging initialized. Log file: pb2b/logs/bybit_scraper_20260906.log
2026-09-06 00:11:17 - INFO - DataSaver logging initialized. Log file: pb2b/logs/data_saver_20260906.log
2026-09-06 00:11:17 - INFO - Connected to SQLite database: pb2b/p2p_listings.db
2026-09-06 00:11:17 - INFO - Database tables created successfully
2026-09-06 00:11:17 - INFO - Attempt 1/10: Loading https://www.bybit.com/fiat/trade/otc?actionType=1&token=USDT&fiat=NGN
2026-09-06 00:11:26 - INFO - Screenshot saved as 'pb2b/screenshots/bybit_page_20260906_001125.png'
2026-09-06 00:11:26 - WARNING - Error parsing row: Message: no such element: Unable to locate element: {"method":"css selector","selector":"td:nth-child(2)"}
  (Session info: chrome=152.0.7977.82); For documentation on this error, please visit: https://www.selenium.dev/documentation/webdriver/troubleshooting/errors#nosuchelementexception
Stacktrace:
#0 0x55d0a3b61f5a <unknown>
#1 0x55d0a34ca499 <unknown>
#2 0x55d0a3520222 <unknown>
#3 0x55d0a3520481 <unknown>
#4 0x55d0a3515196 <unknown>
#5 0x55d0a3515077 <unknown>
#6 0x55d0a3568583 <unknown>
#7 0x55d0a351381b <unknown>
#8 0x55d0a3514601 <unknown>
#9 0x55d0a3b26120 <unknown>
#10 0x55d0a3b2479a <unknown>
#11 0x55d0a3b0f4e5 <unknown>
#12 0x55d0a3b2545a <unknown>
#13 0x55d0a3af87d0 <unknown>
#14 0x55d0a3b4d048 <unknown>
#15 0x55d0a3b4d1e5 <unknown>
#16 0x55d0a3b60ae3 <unknown>
#17 0x7f576a29cb84 <unknown>
#18 0x7f576a329d6c <unknown>

2026-09-06 00:11:26 - INFO - Fetching BUY listings for USDT/EUR
2026-09-06 00:11:27 - INFO - Data successfully saved to SQLite database. New listings - Bybit: 3, Binance: 6
2026-09-06 00:11:27 - INFO - Browser session closed
2026-09-06 00:11:27 - INFO - SQLite database connection closed
2026-09-06 04:39:37 - INFO - Logging initialized. Log file: pb2b/logs/bybit_scraper_20260906.log
2026-09-06 04:39:38 - INFO - DataSaver logging initialized. Log file: pb2b/logs/data_saver_20260906.log
2026-09-06 04:39:38 - INFO - Connected to SQLite database: pb2b/p2p_listings.db
2026-09-06 04:39:38 - INFO - Database tables created successfully
2026-09-06 04:39:38 - INFO - Attempt 1/10: Loading https://www.bybit.com/fiat/trade/otc?actionType=1&token=USDT&fiat=NGN
2026-09-06 04:39:47 - INFO - Screenshot saved as 'pb2b/screenshots/bybit_page_20260906_043947.png'
2026-09-06 04:39:47 - WARNING - Error parsing row: Message: no such element: Unable to locate element: {"method":"css selector","selector":"td:nth-child(2)"}
  (Session info: chrome=152.0.7977.82); For documentation on this error, please visit: https://www.selenium.dev/documentation/webdriver/troubleshooting/errors#nosuchelementexception
Stacktrace:
#0 0x56355904af5a <unknown>
#1 0x5635589b3499 <unknown>
#2 0x563558a09222 <unknown>
#3 0x563558a09481 <unknown>
#4 0x5635589fe196 <unknown>
#5 0x5635589fe077 <unknown>
#6 0x563558a51583 <unknown>
#7 0x5635589fc81b <unknown>
#8 0x5635589fd601 <unknown>
#9 0x56355900f120 <unknown>
#10 0x56355900d79a <unknown>
#11 0x563558ff84e5 <unknown>
#12 0x56355900e45a <unknown>
#13 0x563558fe17d0 <unknown>
#14 0x563559036048 <unknown>
#15 0x5635590361e5 <unknown>
#16 0x563559049ae3 <unknown>
#17 0x7ff3b209cb84 <unknown>
#18 0x7ff3b2129d6c <unknown>

2026-09-06 04:39:48 - INFO - Fetching BUY listings for USDT/EUR
2026-09-06 04:39:49 - INFO - Data successfully saved to SQLite database. New listings - Bybit: 3, Binance: 6
2026-09-06 04:39:49 - INFO - Browser session closed
2026-09-06 04:39:49 - INFO - SQLite database connection closed
2026-09-06 08:57:55 - INFO - Logging initialized. Log file: pb2b/logs/bybit_scraper_20260906.log
2026-09-06 08:57:58 - INFO - DataSaver logging initialized. Log file: pb2b/logs/data_saver_20260906.log
2026-09-06 08:57:58 - INFO - Connected to SQLite database: pb2b/p2p_listings.db
2026-09-06 08:57:58 - INFO - Database tables created successfully
2026-09-06 08:57:58 - INFO - Attempt 1/10: Loading https://www.bybit.com/fiat/trade/otc?actionType=1&token=USDT&fiat=NGN
2026-09-06 08:58:06 - INFO - Screenshot saved as 'pb2b/screenshots/bybit_page_20260906_085806.png'
2026-09-06 08:58:06 - WARNING - Error parsing row: Message: no such element: Unable to locate element: {"method":"css selector","selector":"td:nth-child(2)"}
  (Session info: chrome=152.0.7977.82); For documentation on this error, please visit: https://www.selenium.dev/documentation/webdriver/troubleshooting/errors#nosuchelementexception
Stacktrace:
#0 0x556fe4ab0f5a <unknown>
#1 0x556fe4419499 <unknown>
#2 0x556fe446f222 <unknown>
#3 0x556fe446f481 <unknown>
#4 0x556fe4464196 <unknown>
#5 0x556fe4464077 <unknown>
#6 0x556fe44b7583 <unknown>
#7 0x556fe446281b <unknown>
#8 0x556fe4463601 <unknown>
#9 0x556fe4a75120 <unknown>
#10 0x556fe4a7379a <unknown>
#11 0x556fe4a5e4e5 <unknown>
#12 0x556fe4a7445a <unknown>
#13 0x556fe4a477d0 <unknown>
#14 0x556fe4a9c048 <unknown>
#15 0x556fe4a9c1e5 <unknown>
#16 0x556fe4aafae3 <unknown>
#17 0x7f4483c9cb84 <unknown>
#18 0x7f4483d29d6c <unknown>

2026-09-06 08:58:06 - INFO - Fetching BUY listings for USDT/EUR
2026-09-06 08:58:07 - INFO - Data successfully saved to SQLite database. New listings - Bybit: 3, Binance: 6
2026-09-06 08:58:07 - INFO - Browser session closed
2026-09-06 08:58:07 - INFO - SQLite database connection closed
2026-09-06 12:46:18 - INFO - Logging initialized. Log file: pb2b/logs/bybit_scraper_20260906.log
2026-09-06 12:46:20 - INFO - DataSaver logging initialized. Log file: pb2b/logs/data_saver_20260906.log
2026-09-06 12:46:20 - INFO - Connected to SQLite database: pb2b/p2p_listings.db
2026-09-06 12:46:20 - INFO - Database tables created successfully
2026-09-06 12:46:20 - INFO - Attempt 1/10: Loading https://www.bybit.com/fiat/trade/otc?actionType=1&token=USDT&fiat=NGN
2026-09-06 12:46:30 - INFO - Screenshot saved as 'pb2b/screenshots/bybit_page_20260906_124630.png'
2026-09-06 12:46:30 - WARNING - Error parsing row: Message: no such element: Unable to locate element: {"method":"css selector","selector":"td:nth-child(2)"}
  (Session info: chrome=152.0.7977.82); For documentation on this error, please visit: https://www.selenium.dev/documentation/webdriver/troubleshooting/errors#nosuchelementexception
Stacktrace:
#0 0x56477b80bf5a <unknown>
#1 0x56477b174499 <unknown>
#2 0x56477b1ca222 <unknown>
#3 0x56477b1ca481 <unknown>
#4 0x56477b1bf196 <unknown>
#5 0x56477b1bf077 <unknown>
#6 0x56477b212583 <unknown>
#7 0x56477b1bd81b <unknown>
#8 0x56477b1be601 <unknown>
#9 0x56477b7d0120 <unknown>
#10 0x56477b7ce79a <unknown>
#11 0x56477b7b94e5 <unknown>
#12 0x56477b7cf45a <unknown>
#13 0x56477b7a27d0 <unknown>
#14 0x56477b7f7048 <unknown>
#15 0x56477b7f71e5 <unknown>
#16 0x56477b80aae3 <unknown>
#17 0x7f3e15a9cb84 <unknown>
#18 0x7f3e15b29d6c <unknown>

2026-09-06 12:46:31 - INFO - Fetching BUY listings for USDT/EUR
2026-09-06 12:46:32 - INFO - Data successfully saved to SQLite database. New listings - Bybit: 3, Binance: 6
2026-09-06 12:46:32 - INFO - Browser session closed
2026-09-06 12:46:32 - INFO - SQLite database connection closed
2026-09-06 15:55:18 - INFO - Logging initialized. Log file: pb2b/logs/bybit_scraper_20260906.log
2026-09-06 15:55:19 - INFO - DataSaver logging initialized. Log file: pb2b/logs/data_saver_20260906.log
2026-09-06 15:55:19 - INFO - Connected to SQLite database: pb2b/p2p_listings.db
2026-09-06 15:55:19 - INFO - Database tables created successfully
2026-09-06 15:55:19 - INFO - Attempt 1/10: Loading https://www.bybit.com/fiat/trade/otc?actionType=1&token=USDT&fiat=NGN
2026-09-06 15:55:27 - INFO - Screenshot saved as 'pb2b/screenshots/bybit_page_20260906_155527.png'
2026-09-06 15:55:27 - WARNING - Error parsing row: Message: no such element: Unable to locate element: {"method":"css selector","selector":"td:nth-child(2)"}
  (Session info: chrome=152.0.7977.82); For documentation on this error, please visit: https://www.selenium.dev/documentation/webdriver/troubleshooting/errors#nosuchelementexception
Stacktrace:
#0 0x558ffdcd0f5a <unknown>
#1 0x558ffd639499 <unknown>
#2 0x558ffd68f222 <unknown>
#3 0x558ffd68f481 <unknown>
#4 0x558ffd684196 <unknown>
#5 0x558ffd684077 <unknown>
#6 0x558ffd6d7583 <unknown>
#7 0x558ffd68281b <unknown>
#8 0x558ffd683601 <unknown>
#9 0x558ffdc95120 <unknown>
#10 0x558ffdc9379a <unknown>
#11 0x558ffdc7e4e5 <unknown>
#12 0x558ffdc9445a <unknown>
#13 0x558ffdc677d0 <unknown>
#14 0x558ffdcbc048 <unknown>
#15 0x558ffdcbc1e5 <unknown>
#16 0x558ffdccfae3 <unknown>
#17 0x7f21f889cb84 <unknown>
#18 0x7f21f8929d6c <unknown>

2026-09-06 15:55:27 - INFO - Fetching BUY listings for USDT/EUR
2026-09-06 15:55:28 - INFO - Data successfully saved to SQLite database. New listings - Bybit: 3, Binance: 6
2026-09-06 15:55:28 - INFO - Browser session closed
2026-09-06 15:55:28 - INFO - SQLite database connection closed
2026-09-06 17:58:40 - INFO - Logging initialized. Log file: pb2b/logs/bybit_scraper_20260906.log
2026-09-06 17:58:41 - INFO - DataSaver logging initialized. Log file: pb2b/logs/data_saver_20260906.log
2026-09-06 17:58:41 - INFO - Connected to SQLite database: pb2b/p2p_listings.db
2026-09-06 17:58:41 - INFO - Database tables created successfully
2026-09-06 17:58:41 - INFO - Attempt 1/10: Loading https://www.bybit.com/fiat/trade/otc?actionType=1&token=USDT&fiat=NGN
2026-09-06 17:58:50 - INFO - Screenshot saved as 'pb2b/screenshots/bybit_page_20260906_175849.png'
2026-09-06 17:58:50 - WARNING - Error parsing row: Message: no such element: Unable to locate element: {"method":"css selector","selector":"td:nth-child(2)"}
  (Session info: chrome=152.0.7977.82); For documentation on this error, please visit: https://www.selenium.dev/documentation/webdriver/troubleshooting/errors#nosuchelementexception
Stacktrace:
#0 0x555aad955f5a <unknown>
#1 0x555aad2be499 <unknown>
#2 0x555aad314222 <unknown>
#3 0x555aad314481 <unknown>
#4 0x555aad309196 <unknown>
#5 0x555aad309077 <unknown>
#6 0x555aad35c583 <unknown>
#7 0x555aad30781b <unknown>
#8 0x555aad308601 <unknown>
#9 0x555aad91a120 <unknown>
#10 0x555aad91879a <unknown>
#11 0x555aad9034e5 <unknown>
#12 0x555aad91945a <unknown>
#13 0x555aad8ec7d0 <unknown>
#14 0x555aad941048 <unknown>
#15 0x555aad9411e5 <unknown>
#16 0x555aad954ae3 <unknown>
#17 0x7f2cf769cb84 <unknown>
#18 0x7f2cf7729d6c <unknown>

2026-09-06 17:58:50 - INFO - Fetching BUY listings for USDT/EUR
2026-09-06 17:58:50 - INFO - Data successfully saved to SQLite database. New listings - Bybit: 2, Binance: 6
2026-09-06 17:58:51 - INFO - Browser session closed
2026-09-06 17:58:51 - INFO - SQLite database connection closed
