2026-08-11 15:59:09 - INFO - Logging initialized. Log file: pb2b/logs/bybit_scraper_20260811.log
2026-08-11 15:59:17 - INFO - DataSaver logging initialized. Log file: pb2b/logs/data_saver_20260811.log
2026-08-11 15:59:17 - INFO - Connected to SQLite database: pb2b/p2p_listings.db
2026-08-11 15:59:17 - INFO - Database tables created successfully
2026-08-11 15:59:17 - INFO - Attempt 1/10: Loading https://www.bybit.com/fiat/trade/otc?actionType=1&token=USDT&fiat=NGN
2026-08-11 15:59:28 - INFO - Screenshot saved as 'pb2b/screenshots/bybit_page_20260811_155927.png'
2026-08-11 15:59:28 - WARNING - Error parsing row: Message: no such element: Unable to locate element: {"method":"css selector","selector":"td:nth-child(2)"}
  (Session info: chrome=151.0.7922.108); For documentation on this error, please visit: https://www.selenium.dev/documentation/webdriver/troubleshooting/errors#nosuchelementexception
Stacktrace:
#0 0x559a336e082a <unknown>
#1 0x559a33053fc9 <unknown>
#2 0x559a330a98a2 <unknown>
#3 0x559a330a9af1 <unknown>
#4 0x559a3309e746 <unknown>
#5 0x559a3309e627 <unknown>
#6 0x559a330f21a3 <unknown>
#7 0x559a3309cd32 <unknown>
#8 0x559a3309dbb1 <unknown>
#9 0x559a336a5bb0 <unknown>
#10 0x559a336a422a <unknown>
#11 0x559a3368ec55 <unknown>
#12 0x559a336a4eea <unknown>
#13 0x559a33676b50 <unknown>
#14 0x559a336cc208 <unknown>
#15 0x559a336cc3a5 <unknown>
#16 0x559a336df3de <unknown>
#17 0x7fa9e009cb84 <unknown>
#18 0x7fa9e0129d6c <unknown>

2026-08-11 15:59:28 - INFO - Fetching BUY listings for USDT/EUR
2026-08-11 15:59:29 - INFO - Data successfully saved to SQLite database. New listings - Bybit: 2, Binance: 6
2026-08-11 15:59:29 - INFO - Browser session closed
2026-08-11 15:59:29 - INFO - SQLite database connection closed
2026-08-11 16:18:05 - INFO - Logging initialized. Log file: pb2b/logs/bybit_scraper_20260811.log
2026-08-11 16:18:38 - INFO - DataSaver logging initialized. Log file: pb2b/logs/data_saver_20260811.log
2026-08-11 16:18:38 - INFO - Connected to SQLite database: pb2b/p2p_listings.db
2026-08-11 16:18:38 - INFO - Database tables created successfully
2026-08-11 16:18:38 - INFO - Attempt 1/10: Loading https://www.bybit.com/fiat/trade/otc?actionType=1&token=USDT&fiat=NGN
2026-08-11 16:18:54 - INFO - Screenshot saved as 'pb2b/screenshots/bybit_page_20260811_161852.png'
2026-08-11 16:18:54 - WARNING - Error parsing row: Message: no such element: Unable to locate element: {"method":"css selector","selector":"td:nth-child(2)"}
  (Session info: chrome=151.0.7922.108); For documentation on this error, please visit: https://www.selenium.dev/documentation/webdriver/troubleshooting/errors#nosuchelementexception
Stacktrace:
#0 0x564d599aa82a <unknown>
#1 0x564d5931dfc9 <unknown>
#2 0x564d593738a2 <unknown>
#3 0x564d59373af1 <unknown>
#4 0x564d59368746 <unknown>
#5 0x564d59368627 <unknown>
#6 0x564d593bc1a3 <unknown>
#7 0x564d59366d32 <unknown>
#8 0x564d59367bb1 <unknown>
#9 0x564d5996fbb0 <unknown>
#10 0x564d5996e22a <unknown>
#11 0x564d59958c55 <unknown>
#12 0x564d5996eeea <unknown>
#13 0x564d59940b50 <unknown>
#14 0x564d59996208 <unknown>
#15 0x564d599963a5 <unknown>
#16 0x564d599a93de <unknown>
#17 0x7ffb5869cb84 <unknown>
#18 0x7ffb58729d6c <unknown>

2026-08-11 16:18:54 - INFO - Fetching BUY listings for USDT/EUR
2026-08-11 16:18:55 - INFO - Data successfully saved to SQLite database. New listings - Bybit: 3, Binance: 6
2026-08-11 16:18:55 - INFO - Browser session closed
2026-08-11 16:18:55 - INFO - SQLite database connection closed
