2026-10-03 01:21:50 - INFO - Logging initialized. Log file: pb2b/logs/bybit_scraper_20261003.log
2026-10-03 01:21:51 - INFO - DataSaver logging initialized. Log file: pb2b/logs/data_saver_20261003.log
2026-10-03 01:21:51 - INFO - Connected to SQLite database: pb2b/p2p_listings.db
2026-10-03 01:21:51 - INFO - Database tables created successfully
2026-10-03 01:21:51 - INFO - Attempt 1/10: Loading https://www.bybit.com/fiat/trade/otc?actionType=1&token=USDT&fiat=NGN
2026-10-03 01:22:03 - INFO - Screenshot saved as 'pb2b/screenshots/bybit_page_20261003_012203.png'
2026-10-03 01:22:03 - WARNING - Error parsing row: Message: no such element: Unable to locate element: {"method":"css selector","selector":"td:nth-child(2)"}
  (Session info: chrome=154.0.8037.97); For documentation on this error, please visit: https://www.selenium.dev/documentation/webdriver/troubleshooting/errors#nosuchelementexception
Stacktrace:
#0 0x55f3d36aee3a <unknown>
#1 0x55f3d2fd8e69 <unknown>
#2 0x55f3d302f9ec <unknown>
#3 0x55f3d302fc61 <unknown>
#4 0x55f3d30240a6 <unknown>
#5 0x55f3d3023f87 <unknown>
#6 0x55f3d30797af <unknown>
#7 0x55f3d3022748 <unknown>
#8 0x55f3d3023511 <unknown>
#9 0x55f3d36713c5 <unknown>
#10 0x55f3d366fbd5 <unknown>
#11 0x55f3d365ac55 <unknown>
#12 0x55f3d367082a <unknown>
#13 0x55f3d3643329 <unknown>
#14 0x55f3d3699248 <unknown>
#15 0x55f3d36993e5 <unknown>
#16 0x55f3d36ad783 <unknown>
#17 0x7f793c69cb84 <unknown>
#18 0x7f793c729ecc <unknown>

2026-10-03 01:22:03 - INFO - Fetching BUY listings for USDT/EUR
2026-10-03 01:22:04 - INFO - Data successfully saved to SQLite database. New listings - Bybit: 3, Binance: 6
2026-10-03 01:22:04 - INFO - Browser session closed
2026-10-03 01:22:04 - INFO - SQLite database connection closed
2026-10-03 06:44:54 - INFO - Logging initialized. Log file: pb2b/logs/bybit_scraper_20261003.log
2026-10-03 06:44:56 - INFO - DataSaver logging initialized. Log file: pb2b/logs/data_saver_20261003.log
2026-10-03 06:44:56 - INFO - Connected to SQLite database: pb2b/p2p_listings.db
2026-10-03 06:44:56 - INFO - Database tables created successfully
2026-10-03 06:44:56 - INFO - Attempt 1/10: Loading https://www.bybit.com/fiat/trade/otc?actionType=1&token=USDT&fiat=NGN
2026-10-03 06:45:03 - INFO - Screenshot saved as 'pb2b/screenshots/bybit_page_20261003_064503.png'
2026-10-03 06:45:03 - WARNING - Error parsing row: Message: no such element: Unable to locate element: {"method":"css selector","selector":"td:nth-child(2)"}
  (Session info: chrome=154.0.8037.97); For documentation on this error, please visit: https://www.selenium.dev/documentation/webdriver/troubleshooting/errors#nosuchelementexception
Stacktrace:
#0 0x5630cb4f2e3a <unknown>
#1 0x5630cae1ce69 <unknown>
#2 0x5630cae739ec <unknown>
#3 0x5630cae73c61 <unknown>
#4 0x5630cae680a6 <unknown>
#5 0x5630cae67f87 <unknown>
#6 0x5630caebd7af <unknown>
#7 0x5630cae66748 <unknown>
#8 0x5630cae67511 <unknown>
#9 0x5630cb4b53c5 <unknown>
#10 0x5630cb4b3bd5 <unknown>
#11 0x5630cb49ec55 <unknown>
#12 0x5630cb4b482a <unknown>
#13 0x5630cb487329 <unknown>
#14 0x5630cb4dd248 <unknown>
#15 0x5630cb4dd3e5 <unknown>
#16 0x5630cb4f1783 <unknown>
#17 0x7f7f9a09cb84 <unknown>
#18 0x7f7f9a129ecc <unknown>

2026-10-03 06:45:04 - INFO - Fetching BUY listings for USDT/EUR
2026-10-03 06:45:05 - INFO - Data successfully saved to SQLite database. New listings - Bybit: 3, Binance: 6
2026-10-03 06:45:05 - INFO - Browser session closed
2026-10-03 06:45:05 - INFO - SQLite database connection closed
2026-10-03 12:09:56 - INFO - Logging initialized. Log file: pb2b/logs/bybit_scraper_20261003.log
2026-10-03 12:09:56 - INFO - DataSaver logging initialized. Log file: pb2b/logs/data_saver_20261003.log
2026-10-03 12:09:56 - INFO - Connected to SQLite database: pb2b/p2p_listings.db
2026-10-03 12:09:56 - INFO - Database tables created successfully
2026-10-03 12:09:56 - INFO - Attempt 1/10: Loading https://www.bybit.com/fiat/trade/otc?actionType=1&token=USDT&fiat=NGN
2026-10-03 12:10:05 - INFO - Screenshot saved as 'pb2b/screenshots/bybit_page_20261003_121005.png'
2026-10-03 12:10:05 - WARNING - Error parsing row: Message: no such element: Unable to locate element: {"method":"css selector","selector":"td:nth-child(2)"}
  (Session info: chrome=154.0.8037.97); For documentation on this error, please visit: https://www.selenium.dev/documentation/webdriver/troubleshooting/errors#nosuchelementexception
Stacktrace:
#0 0x555d5c2d1e3a <unknown>
#1 0x555d5bbfbe69 <unknown>
#2 0x555d5bc529ec <unknown>
#3 0x555d5bc52c61 <unknown>
#4 0x555d5bc470a6 <unknown>
#5 0x555d5bc46f87 <unknown>
#6 0x555d5bc9c7af <unknown>
#7 0x555d5bc45748 <unknown>
#8 0x555d5bc46511 <unknown>
#9 0x555d5c2943c5 <unknown>
#10 0x555d5c292bd5 <unknown>
#11 0x555d5c27dc55 <unknown>
#12 0x555d5c29382a <unknown>
#13 0x555d5c266329 <unknown>
#14 0x555d5c2bc248 <unknown>
#15 0x555d5c2bc3e5 <unknown>
#16 0x555d5c2d0783 <unknown>
#17 0x7f0b7ce9cb84 <unknown>
#18 0x7f0b7cf29ecc <unknown>

2026-10-03 12:10:05 - INFO - Fetching BUY listings for USDT/EUR
2026-10-03 12:10:06 - INFO - Data successfully saved to SQLite database. New listings - Bybit: 3, Binance: 6
2026-10-03 12:10:06 - INFO - Browser session closed
2026-10-03 12:10:06 - INFO - SQLite database connection closed
